julia version: 1.12.6
EegFun version: 0.3.0
Start time: 15-04-2026 15:50:37
ERP measurement analysis started at 2026-04-15T15:50:38.008
Function call: activate .
Analysis type: mean_amplitude
Found 12 JLD2 files
Processing: example10_erps_good.jld2 (1/12)
Applying baseline correction to 74 channels using interval: (-0.2, 0.0)
Applying baseline correction to 74 channels using interval: (-0.2, 0.0)
  ✓ Extracted 2 measurement(s)
Processing: example11_erps_good.jld2 (2/12)
Applying baseline correction to 74 channels using interval: (-0.2, 0.0)
Applying baseline correction to 74 channels using interval: (-0.2, 0.0)
  ✓ Extracted 2 measurement(s)
Processing: example12_erps_good.jld2 (3/12)
Applying baseline correction to 74 channels using interval: (-0.2, 0.0)
Applying baseline correction to 74 channels using interval: (-0.2, 0.0)
  ✓ Extracted 2 measurement(s)
Processing: example1_erps_good.jld2 (4/12)
Applying baseline correction to 74 channels using interval: (-0.2, 0.0)
Applying baseline correction to 74 channels using interval: (-0.2, 0.0)
  ✓ Extracted 2 measurement(s)
Processing: example2_erps_good.jld2 (5/12)
Applying baseline correction to 74 channels using interval: (-0.2, 0.0)
Applying baseline correction to 74 channels using interval: (-0.2, 0.0)
  ✓ Extracted 2 measurement(s)
Processing: example3_erps_good.jld2 (6/12)
Applying baseline correction to 74 channels using interval: (-0.2, 0.0)
Applying baseline correction to 74 channels using interval: (-0.2, 0.0)
  ✓ Extracted 2 measurement(s)
Processing: example4_erps_good.jld2 (7/12)
Applying baseline correction to 74 channels using interval: (-0.2, 0.0)
Applying baseline correction to 74 channels using interval: (-0.2, 0.0)
  ✓ Extracted 2 measurement(s)
Processing: example5_erps_good.jld2 (8/12)
Applying baseline correction to 74 channels using interval: (-0.2, 0.0)
Applying baseline correction to 74 channels using interval: (-0.2, 0.0)
  ✓ Extracted 2 measurement(s)
Processing: example6_erps_good.jld2 (9/12)
Applying baseline correction to 74 channels using interval: (-0.2, 0.0)
Applying baseline correction to 74 channels using interval: (-0.2, 0.0)
  ✓ Extracted 2 measurement(s)
Processing: example7_erps_good.jld2 (10/12)
Applying baseline correction to 74 channels using interval: (-0.2, 0.0)
Applying baseline correction to 74 channels using interval: (-0.2, 0.0)
  ✓ Extracted 2 measurement(s)
Processing: example8_erps_good.jld2 (11/12)
Applying baseline correction to 74 channels using interval: (-0.2, 0.0)
Applying baseline correction to 74 channels using interval: (-0.2, 0.0)
  ✓ Extracted 2 measurement(s)
Processing: example9_erps_good.jld2 (12/12)
Applying baseline correction to 74 channels using interval: (-0.2, 0.0)
Applying baseline correction to 74 channels using interval: (-0.2, 0.0)
  ✓ Extracted 2 measurement(s)
Saved 24 measurement(s) to: /home/ian/Documents/Julia/EegFun.jl/resources/data/julia/erps/measurements_mean_amplitude/erp_measurements.csv
Analysis complete! Processed 12 files successfully, 0 errors

Global session duration: 4 seconds
