Running EegFun.jl Test Suite
========================================
apply_analysis_settings! - ErpData: Error During Test at /home/ian/Documents/Julia/EegFun.jl/test/automatic/apply.jl:94
  Got exception outside of a @test
  MethodError: no method matching create_test_erp_data(::Int64, ::Int64; fs::Int64, n_channels::Int64)
  The function `create_test_erp_data` exists, but no method is defined for this combination of argument types.
  
  Closest candidates are:
    create_test_erp_data(; participant, condition, fs, n_channels, seed)
     @ Main ~/Documents/Julia/EegFun.jl/test/test_utils.jl:118
  
  Stacktrace:
    [1] macro expansion
      @ ~/Documents/Julia/EegFun.jl/test/automatic/apply.jl:96 [inlined]
    [2] macro expansion
      @ ~/.julia/juliaup/julia-1.12.4+0.x64.linux.gnu/share/julia/stdlib/v1.12/Test/src/Test.jl:1776 [inlined]
    [3] macro expansion
      @ ~/Documents/Julia/EegFun.jl/test/automatic/apply.jl:96 [inlined]
    [4] macro expansion
      @ ~/.julia/juliaup/julia-1.12.4+0.x64.linux.gnu/share/julia/stdlib/v1.12/Test/src/Test.jl:1776 [inlined]
    [5] top-level scope
      @ ~/Documents/Julia/EegFun.jl/test/automatic/apply.jl:9
    [6] include(mapexpr::Function, mod::Module, _path::String)
      @ Base ./Base.jl:307
    [7] top-level scope
      @ ~/Documents/Julia/EegFun.jl/test/runtests.jl:22
    [8] macro expansion
      @ ~/.julia/juliaup/julia-1.12.4+0.x64.linux.gnu/share/julia/stdlib/v1.12/Test/src/Test.jl:1776 [inlined]
    [9] macro expansion
      @ ~/Documents/Julia/EegFun.jl/test/runtests.jl:22 [inlined]
   [10] include(mod::Module, _path::String)
      @ Base ./Base.jl:306
   [11] exec_options(opts::Base.JLOptions)
      @ Base ./client.jl:317
   [12] _start()
      @ Base ./client.jl:550
baseline: Error During Test at /home/ian/Documents/Julia/EegFun.jl/test/automatic/baseline.jl:6
  Got exception outside of a @test
  MethodError: no method matching create_test_erp_data(::Int64, ::Int64; n_channels::Int64)
  The function `create_test_erp_data` exists, but no method is defined for this combination of argument types.
  
  Closest candidates are:
    create_test_erp_data(; participant, condition, fs, n_channels, seed)
     @ Main ~/Documents/Julia/EegFun.jl/test/test_utils.jl:118
  
  Stacktrace:
    [1] top-level scope
      @ ~/Documents/Julia/EegFun.jl/test/automatic/baseline.jl:9
    [2] macro expansion
      @ ~/.julia/juliaup/julia-1.12.4+0.x64.linux.gnu/share/julia/stdlib/v1.12/Test/src/Test.jl:1776 [inlined]
    [3] macro expansion
      @ ~/Documents/Julia/EegFun.jl/test/automatic/baseline.jl:153 [inlined]
    [4] include(mapexpr::Function, mod::Module, _path::String)
      @ Base ./Base.jl:307
    [5] top-level scope
      @ ~/Documents/Julia/EegFun.jl/test/runtests.jl:22
    [6] macro expansion
      @ ~/.julia/juliaup/julia-1.12.4+0.x64.linux.gnu/share/julia/stdlib/v1.12/Test/src/Test.jl:1776 [inlined]
    [7] macro expansion
      @ ~/Documents/Julia/EegFun.jl/test/runtests.jl:24 [inlined]
    [8] include(mod::Module, _path::String)
      @ Base ./Base.jl:306
    [9] exec_options(opts::Base.JLOptions)
      @ Base ./client.jl:317
   [10] _start()
      @ Base ./client.jl:550
channel_average: Error During Test at /home/ian/Documents/Julia/EegFun.jl/test/automatic/channel_average.jl:7
  Got exception outside of a @test
  ArgumentError: Layout must contain :inc and :azi columns
  Stacktrace:
    [1] polar_to_cartesian_xyz!(layout::EegFun.Layout)
      @ EegFun ~/Documents/Julia/EegFun.jl/src/layouts/layout.jl:277
    [2] _ensure_coordinates_3d!(layout::EegFun.Layout)
      @ EegFun ~/Documents/Julia/EegFun.jl/src/layouts/layout.jl:193
    [3] _ensure_all_coordinates!
      @ ~/Documents/Julia/EegFun.jl/src/analysis/processing/channel_average.jl:385 [inlined]
    [4] _layout_from_groups(layout::EegFun.Layout, channel_groups::Vector{Vector{Symbol}}, labels::Vector{Symbol})
      @ EegFun ~/Documents/Julia/EegFun.jl/src/analysis/processing/channel_average.jl:357
    [5] channel_average!(dat::EegFun.ContinuousData; channel_selections::Vector{EegFun.var"#channels##2#channels##3"{Vector{Symbol}}}, output_labels::Nothing, include_extra::Bool, reduce::Bool)
      @ EegFun ~/Documents/Julia/EegFun.jl/src/analysis/processing/channel_average.jl:129
    [6] top-level scope
      @ ~/Documents/Julia/EegFun.jl/test/automatic/channel_average.jl:9
    [7] macro expansion
      @ ~/.julia/juliaup/julia-1.12.4+0.x64.linux.gnu/share/julia/stdlib/v1.12/Test/src/Test.jl:1776 [inlined]
    [8] macro expansion
      @ ~/Documents/Julia/EegFun.jl/test/automatic/channel_average.jl:12 [inlined]
    [9] include(mapexpr::Function, mod::Module, _path::String)
      @ Base ./Base.jl:307
   [10] top-level scope
      @ ~/Documents/Julia/EegFun.jl/test/runtests.jl:22
   [11] macro expansion
      @ ~/.julia/juliaup/julia-1.12.4+0.x64.linux.gnu/share/julia/stdlib/v1.12/Test/src/Test.jl:1776 [inlined]
   [12] macro expansion
      @ ~/Documents/Julia/EegFun.jl/test/runtests.jl:26 [inlined]
   [13] include(mod::Module, _path::String)
      @ Base ./Base.jl:306
   [14] exec_options(opts::Base.JLOptions)
      @ Base ./client.jl:317
   [15] _start()
      @ Base ./client.jl:550
[ Info: Batch channel averaging started at 2026-01-27T08:55:09.957
[ Info: Function call: rand(rng)
[ Info: Found 2 JLD2 files matching pattern 'erps_cleaned'
[ Info: Channel selections: 2 group(s)
[ Info: Output labels: [:avg_1, :avg_2]
[ Info: Reduce mode: false
[ Info: Averaging channels: 1_erps_cleaned.jld2 (1/2)
[ Info: channel_average!: Ch1, Ch2 → :avg_1
[ Info: channel_average!: Ch3, Ch4 → :avg_2
[ Info: Converting polar coordinates to 3D Cartesian coordinates
┌ Error: Error processing 1_erps_cleaned.jld2
│   exception =
│    ArgumentError: Layout must contain :inc and :azi columns
│    Stacktrace:
│      [1] polar_to_cartesian_xyz!(layout::EegFun.Layout)
│        @ EegFun ~/Documents/Julia/EegFun.jl/src/layouts/layout.jl:277
│      [2] _ensure_coordinates_3d!(layout::EegFun.Layout)
│        @ EegFun ~/Documents/Julia/EegFun.jl/src/layouts/layout.jl:193
│      [3] _ensure_all_coordinates!
│        @ ~/Documents/Julia/EegFun.jl/src/analysis/processing/channel_average.jl:385 [inlined]
│      [4] _layout_from_groups(layout::EegFun.Layout, channel_groups::Vector{Vector{Symbol}}, labels::Vector{Symbol})
│        @ EegFun ~/Documents/Julia/EegFun.jl/src/analysis/processing/channel_average.jl:357
│      [5] channel_average!(dat::EegFun.ErpData; channel_selections::Vector{EegFun.var"#channels##2#channels##3"{Vector{Symbol}}}, output_labels::Vector{Symbol}, include_extra::Bool, reduce::Bool)
│        @ EegFun ~/Documents/Julia/EegFun.jl/src/analysis/processing/channel_average.jl:129
│      [6] channel_average!
│        @ ~/Documents/Julia/EegFun.jl/src/analysis/processing/channel_average.jl:39 [inlined]
│      [7] #_process_channel_average_file##0
│        @ ~/Documents/Julia/EegFun.jl/src/analysis/processing/channel_average.jl:194 [inlined]
│      [8] foreach(f::EegFun.var"#_process_channel_average_file##0#_process_channel_average_file##1"{Vector{EegFun.var"#channels##2#channels##3"{Vector{Symbol}}}, Vector{Symbol}, Bool}, itr::Vector{EegFun.ErpData})
│        @ Base ./abstractarray.jl:3188
│      [9] _process_channel_average_file(filepath::String, output_path::String, channel_selections::Vector{EegFun.var"#channels##2#channels##3"{Vector{Symbol}}}, output_labels::Vector{Symbol}, condition_selection::Function, reduce::Bool)
│        @ EegFun ~/Documents/Julia/EegFun.jl/src/analysis/processing/channel_average.jl:193
│     [10] (::EegFun.var"#326#327"{EegFun.var"#conditions##0#conditions##1", Bool, Vector{EegFun.var"#channels##2#channels##3"{Vector{Symbol}}}})(input_path::String, output_path::String)
│        @ EegFun ~/Documents/Julia/EegFun.jl/src/analysis/processing/channel_average.jl:305
│     [11] _run_batch_operation(process_fn::EegFun.var"#326#327"{EegFun.var"#conditions##0#conditions##1", Bool, Vector{EegFun.var"#channels##2#channels##3"{Vector{Symbol}}}}, files::Vector{String}, input_dir::String, output_dir::String; operation_name::String)
│        @ EegFun ~/Documents/Julia/EegFun.jl/src/utils/batch.jl:337
│     [12] channel_average(file_pattern::String, channel_selections::Vector{EegFun.var"#channels##2#channels##3"{Vector{Symbol}}}; output_labels::Nothing, input_dir::String, participant_selection::Function, condition_selection::Function, output_dir::String, reduce::Bool)
│        @ EegFun ~/Documents/Julia/EegFun.jl/src/analysis/processing/channel_average.jl:315
│     [13] top-level scope
│        @ ~/Documents/Julia/EegFun.jl/test/automatic/channel_average.jl:106
│     [14] macro expansion
│        @ ~/.julia/juliaup/julia-1.12.4+0.x64.linux.gnu/share/julia/stdlib/v1.12/Test/src/Test.jl:1776 [inlined]
│     [15] macro expansion
│        @ ~/Documents/Julia/EegFun.jl/test/automatic/channel_average.jl:121 [inlined]
│     [16] macro expansion
│        @ ~/.julia/juliaup/julia-1.12.4+0.x64.linux.gnu/share/julia/stdlib/v1.12/Test/src/Test.jl:1776 [inlined]
│     [17] macro expansion
│        @ ~/Documents/Julia/EegFun.jl/test/automatic/channel_average.jl:124 [inlined]
│     [18] include(mapexpr::Function, mod::Module, _path::String)
│        @ Base ./Base.jl:307
│     [19] top-level scope
│        @ ~/Documents/Julia/EegFun.jl/test/runtests.jl:22
│     [20] macro expansion
│        @ ~/.julia/juliaup/julia-1.12.4+0.x64.linux.gnu/share/julia/stdlib/v1.12/Test/src/Test.jl:1776 [inlined]
│     [21] macro expansion
│        @ ~/Documents/Julia/EegFun.jl/test/runtests.jl:26 [inlined]
│     [22] include(mod::Module, _path::String)
│        @ Base ./Base.jl:306
│     [23] exec_options(opts::Base.JLOptions)
│        @ Base ./client.jl:317
│     [24] _start()
│        @ Base ./client.jl:550
└ @ EegFun ~/Documents/Julia/EegFun.jl/src/utils/batch.jl:339
[ Warning:   ✗ Exception: ArgumentError: Layout must contain :inc and :azi columns
[ Info: Averaging channels: 2_erps_cleaned.jld2 (2/2)
[ Info: channel_average!: Ch1, Ch2 → :avg_1
[ Info: channel_average!: Ch3, Ch4 → :avg_2
[ Info: Converting polar coordinates to 3D Cartesian coordinates
┌ Error: Error processing 2_erps_cleaned.jld2
│   exception =
│    ArgumentError: Layout must contain :inc and :azi columns
│    Stacktrace:
│      [1] polar_to_cartesian_xyz!(layout::EegFun.Layout)
│        @ EegFun ~/Documents/Julia/EegFun.jl/src/layouts/layout.jl:277
│      [2] _ensure_coordinates_3d!(layout::EegFun.Layout)
│        @ EegFun ~/Documents/Julia/EegFun.jl/src/layouts/layout.jl:193
│      [3] _ensure_all_coordinates!
│        @ ~/Documents/Julia/EegFun.jl/src/analysis/processing/channel_average.jl:385 [inlined]
│      [4] _layout_from_groups(layout::EegFun.Layout, channel_groups::Vector{Vector{Symbol}}, labels::Vector{Symbol})
│        @ EegFun ~/Documents/Julia/EegFun.jl/src/analysis/processing/channel_average.jl:357
│      [5] channel_average!(dat::EegFun.ErpData; channel_selections::Vector{EegFun.var"#channels##2#channels##3"{Vector{Symbol}}}, output_labels::Vector{Symbol}, include_extra::Bool, reduce::Bool)
│        @ EegFun ~/Documents/Julia/EegFun.jl/src/analysis/processing/channel_average.jl:129
│      [6] channel_average!
│        @ ~/Documents/Julia/EegFun.jl/src/analysis/processing/channel_average.jl:39 [inlined]
│      [7] #_process_channel_average_file##0
│        @ ~/Documents/Julia/EegFun.jl/src/analysis/processing/channel_average.jl:194 [inlined]
│      [8] foreach(f::EegFun.var"#_process_channel_average_file##0#_process_channel_average_file##1"{Vector{EegFun.var"#channels##2#channels##3"{Vector{Symbol}}}, Vector{Symbol}, Bool}, itr::Vector{EegFun.ErpData})
│        @ Base ./abstractarray.jl:3188
│      [9] _process_channel_average_file(filepath::String, output_path::String, channel_selections::Vector{EegFun.var"#channels##2#channels##3"{Vector{Symbol}}}, output_labels::Vector{Symbol}, condition_selection::Function, reduce::Bool)
│        @ EegFun ~/Documents/Julia/EegFun.jl/src/analysis/processing/channel_average.jl:193
│     [10] (::EegFun.var"#326#327"{EegFun.var"#conditions##0#conditions##1", Bool, Vector{EegFun.var"#channels##2#channels##3"{Vector{Symbol}}}})(input_path::String, output_path::String)
│        @ EegFun ~/Documents/Julia/EegFun.jl/src/analysis/processing/channel_average.jl:305
│     [11] _run_batch_operation(process_fn::EegFun.var"#326#327"{EegFun.var"#conditions##0#conditions##1", Bool, Vector{EegFun.var"#channels##2#channels##3"{Vector{Symbol}}}}, files::Vector{String}, input_dir::String, output_dir::String; operation_name::String)
│        @ EegFun ~/Documents/Julia/EegFun.jl/src/utils/batch.jl:337
│     [12] channel_average(file_pattern::String, channel_selections::Vector{EegFun.var"#channels##2#channels##3"{Vector{Symbol}}}; output_labels::Nothing, input_dir::String, participant_selection::Function, condition_selection::Function, output_dir::String, reduce::Bool)
│        @ EegFun ~/Documents/Julia/EegFun.jl/src/analysis/processing/channel_average.jl:315
│     [13] top-level scope
│        @ ~/Documents/Julia/EegFun.jl/test/automatic/channel_average.jl:106
│     [14] macro expansion
│        @ ~/.julia/juliaup/julia-1.12.4+0.x64.linux.gnu/share/julia/stdlib/v1.12/Test/src/Test.jl:1776 [inlined]
│     [15] macro expansion
│        @ ~/Documents/Julia/EegFun.jl/test/automatic/channel_average.jl:121 [inlined]
│     [16] macro expansion
│        @ ~/.julia/juliaup/julia-1.12.4+0.x64.linux.gnu/share/julia/stdlib/v1.12/Test/src/Test.jl:1776 [inlined]
│     [17] macro expansion
│        @ ~/Documents/Julia/EegFun.jl/test/automatic/channel_average.jl:124 [inlined]
│     [18] include(mapexpr::Function, mod::Module, _path::String)
│        @ Base ./Base.jl:307
│     [19] top-level scope
│        @ ~/Documents/Julia/EegFun.jl/test/runtests.jl:22
│     [20] macro expansion
│        @ ~/.julia/juliaup/julia-1.12.4+0.x64.linux.gnu/share/julia/stdlib/v1.12/Test/src/Test.jl:1776 [inlined]
│     [21] macro expansion
│        @ ~/Documents/Julia/EegFun.jl/test/runtests.jl:26 [inlined]
│     [22] include(mod::Module, _path::String)
│        @ Base ./Base.jl:306
│     [23] exec_options(opts::Base.JLOptions)
│        @ Base ./client.jl:317
│     [24] _start()
│        @ Base ./client.jl:550
└ @ EegFun ~/Documents/Julia/EegFun.jl/src/utils/batch.jl:339
[ Warning:   ✗ Exception: ArgumentError: Layout must contain :inc and :azi columns
[ Info: 
[ Info: Batch operation complete! Processed 0 files successfully, 2 errors
[ Info: Output saved to: /tmp/jl_85Q8oG/combined_output
Basic channel averaging: Test Failed at /home/ian/Documents/Julia/EegFun.jl/test/automatic/channel_average.jl:132
  Expression: result.success == 2
   Evaluated: 0 == 2

Stacktrace:
 [1] top-level scope
   @ ~/Documents/Julia/EegFun.jl/test/automatic/channel_average.jl:106
 [2] macro expansion
   @ ~/.julia/juliaup/julia-1.12.4+0.x64.linux.gnu/share/julia/stdlib/v1.12/Test/src/Test.jl:1776 [inlined]
 [3] macro expansion
   @ ~/Documents/Julia/EegFun.jl/test/automatic/channel_average.jl:121 [inlined]
 [4] macro expansion
   @ ~/.julia/juliaup/julia-1.12.4+0.x64.linux.gnu/share/julia/stdlib/v1.12/Test/src/Test.jl:1776 [inlined]
 [5] macro expansion
   @ ~/Documents/Julia/EegFun.jl/test/automatic/channel_average.jl:132 [inlined]
 [6] macro expansion
   @ ~/.julia/juliaup/julia-1.12.4+0.x64.linux.gnu/share/julia/stdlib/v1.12/Test/src/Test.jl:680 [inlined]
Basic channel averaging: Test Failed at /home/ian/Documents/Julia/EegFun.jl/test/automatic/channel_average.jl:133
  Expression: result.errors == 0
   Evaluated: 2 == 0

Stacktrace:
 [1] top-level scope
   @ ~/Documents/Julia/EegFun.jl/test/automatic/channel_average.jl:106
 [2] macro expansion
   @ ~/.julia/juliaup/julia-1.12.4+0.x64.linux.gnu/share/julia/stdlib/v1.12/Test/src/Test.jl:1776 [inlined]
 [3] macro expansion
   @ ~/Documents/Julia/EegFun.jl/test/automatic/channel_average.jl:121 [inlined]
 [4] macro expansion
   @ ~/.julia/juliaup/julia-1.12.4+0.x64.linux.gnu/share/julia/stdlib/v1.12/Test/src/Test.jl:1776 [inlined]
 [5] macro expansion
   @ ~/Documents/Julia/EegFun.jl/test/automatic/channel_average.jl:133 [inlined]
 [6] macro expansion
   @ ~/.julia/juliaup/julia-1.12.4+0.x64.linux.gnu/share/julia/stdlib/v1.12/Test/src/Test.jl:680 [inlined]
Basic channel averaging: Test Failed at /home/ian/Documents/Julia/EegFun.jl/test/automatic/channel_average.jl:137
  Expression: isfile(joinpath(output_dir, "1_erps_cleaned.jld2"))

Stacktrace:
 [1] top-level scope
   @ ~/Documents/Julia/EegFun.jl/test/automatic/channel_average.jl:106
 [2] macro expansion
   @ ~/.julia/juliaup/julia-1.12.4+0.x64.linux.gnu/share/julia/stdlib/v1.12/Test/src/Test.jl:1776 [inlined]
 [3] macro expansion
   @ ~/Documents/Julia/EegFun.jl/test/automatic/channel_average.jl:121 [inlined]
 [4] macro expansion
   @ ~/.julia/juliaup/julia-1.12.4+0.x64.linux.gnu/share/julia/stdlib/v1.12/Test/src/Test.jl:1776 [inlined]
 [5] macro expansion
   @ ~/Documents/Julia/EegFun.jl/test/automatic/channel_average.jl:137 [inlined]
 [6] macro expansion
   @ ~/.julia/juliaup/julia-1.12.4+0.x64.linux.gnu/share/julia/stdlib/v1.12/Test/src/Test.jl:680 [inlined]
Basic channel averaging: Test Failed at /home/ian/Documents/Julia/EegFun.jl/test/automatic/channel_average.jl:138
  Expression: isfile(joinpath(output_dir, "2_erps_cleaned.jld2"))

Stacktrace:
 [1] top-level scope
   @ ~/Documents/Julia/EegFun.jl/test/automatic/channel_average.jl:106
 [2] macro expansion
   @ ~/.julia/juliaup/julia-1.12.4+0.x64.linux.gnu/share/julia/stdlib/v1.12/Test/src/Test.jl:1776 [inlined]
 [3] macro expansion
   @ ~/Documents/Julia/EegFun.jl/test/automatic/channel_average.jl:121 [inlined]
 [4] macro expansion
   @ ~/.julia/juliaup/julia-1.12.4+0.x64.linux.gnu/share/julia/stdlib/v1.12/Test/src/Test.jl:1776 [inlined]
 [5] macro expansion
   @ ~/Documents/Julia/EegFun.jl/test/automatic/channel_average.jl:138 [inlined]
 [6] macro expansion
   @ ~/.julia/juliaup/julia-1.12.4+0.x64.linux.gnu/share/julia/stdlib/v1.12/Test/src/Test.jl:680 [inlined]
Basic channel averaging: Error During Test at /home/ian/Documents/Julia/EegFun.jl/test/automatic/channel_average.jl:120
  Got exception outside of a @test
  ArgumentError: No file exists at given path: /tmp/jl_85Q8oG/combined_output/1_erps_cleaned.jld2
  Stacktrace:
    [1] checkpath_load
      @ ~/.julia/packages/FileIO/EI2b8/src/loadsave.jl:167 [inlined]
    [2] load(file::String, args::String; options::@Kwargs{})
      @ FileIO ~/.julia/packages/FileIO/EI2b8/src/loadsave.jl:110
    [3] load(file::String, args::String)
      @ FileIO ~/.julia/packages/FileIO/EI2b8/src/loadsave.jl:109
    [4] top-level scope
      @ ~/Documents/Julia/EegFun.jl/test/automatic/channel_average.jl:106
    [5] macro expansion
      @ ~/.julia/juliaup/julia-1.12.4+0.x64.linux.gnu/share/julia/stdlib/v1.12/Test/src/Test.jl:1776 [inlined]
    [6] macro expansion
      @ ~/Documents/Julia/EegFun.jl/test/automatic/channel_average.jl:121 [inlined]
    [7] macro expansion
      @ ~/.julia/juliaup/julia-1.12.4+0.x64.linux.gnu/share/julia/stdlib/v1.12/Test/src/Test.jl:1776 [inlined]
    [8] macro expansion
      @ ~/Documents/Julia/EegFun.jl/test/automatic/channel_average.jl:141 [inlined]
    [9] include(mapexpr::Function, mod::Module, _path::String)
      @ Base ./Base.jl:307
   [10] top-level scope
      @ ~/Documents/Julia/EegFun.jl/test/runtests.jl:22
   [11] macro expansion
      @ ~/.julia/juliaup/julia-1.12.4+0.x64.linux.gnu/share/julia/stdlib/v1.12/Test/src/Test.jl:1776 [inlined]
   [12] macro expansion
      @ ~/Documents/Julia/EegFun.jl/test/runtests.jl:26 [inlined]
   [13] include(mod::Module, _path::String)
      @ Base ./Base.jl:306
   [14] exec_options(opts::Base.JLOptions)
      @ Base ./client.jl:317
   [15] _start()
      @ Base ./client.jl:550
[ Info: Batch channel averaging started at 2026-01-27T08:55:17.511
[ Info: Function call: rand(rng)
[ Info: Found 2 JLD2 files matching pattern 'erps_cleaned'
[ Info: Channel selections: 2 group(s)
[ Info: Output labels: [:Group1, :Group2]
[ Info: Reduce mode: false
[ Info: Averaging channels: 1_erps_cleaned.jld2 (1/2)
[ Info: channel_average!: Ch1, Ch2 → :Group1
[ Info: channel_average!: Ch3, Ch4 → :Group2
[ Info: Converting polar coordinates to 3D Cartesian coordinates
┌ Error: Error processing 1_erps_cleaned.jld2
│   exception =
│    ArgumentError: Layout must contain :inc and :azi columns
│    Stacktrace:
│      [1] polar_to_cartesian_xyz!(layout::EegFun.Layout)
│        @ EegFun ~/Documents/Julia/EegFun.jl/src/layouts/layout.jl:277
│      [2] _ensure_coordinates_3d!(layout::EegFun.Layout)
│        @ EegFun ~/Documents/Julia/EegFun.jl/src/layouts/layout.jl:193
│      [3] _ensure_all_coordinates!
│        @ ~/Documents/Julia/EegFun.jl/src/analysis/processing/channel_average.jl:385 [inlined]
│      [4] _layout_from_groups(layout::EegFun.Layout, channel_groups::Vector{Vector{Symbol}}, labels::Vector{Symbol})
│        @ EegFun ~/Documents/Julia/EegFun.jl/src/analysis/processing/channel_average.jl:357
│      [5] channel_average!(dat::EegFun.ErpData; channel_selections::Vector{EegFun.var"#channels##2#channels##3"{Vector{Symbol}}}, output_labels::Vector{Symbol}, include_extra::Bool, reduce::Bool)
│        @ EegFun ~/Documents/Julia/EegFun.jl/src/analysis/processing/channel_average.jl:129
│      [6] channel_average!
│        @ ~/Documents/Julia/EegFun.jl/src/analysis/processing/channel_average.jl:39 [inlined]
│      [7] #_process_channel_average_file##0
│        @ ~/Documents/Julia/EegFun.jl/src/analysis/processing/channel_average.jl:194 [inlined]
│      [8] foreach(f::EegFun.var"#_process_channel_average_file##0#_process_channel_average_file##1"{Vector{EegFun.var"#channels##2#channels##3"{Vector{Symbol}}}, Vector{Symbol}, Bool}, itr::Vector{EegFun.ErpData})
│        @ Base ./abstractarray.jl:3188
│      [9] _process_channel_average_file(filepath::String, output_path::String, channel_selections::Vector{EegFun.var"#channels##2#channels##3"{Vector{Symbol}}}, output_labels::Vector{Symbol}, condition_selection::Function, reduce::Bool)
│        @ EegFun ~/Documents/Julia/EegFun.jl/src/analysis/processing/channel_average.jl:193
│     [10] (::EegFun.var"#326#327"{EegFun.var"#conditions##0#conditions##1", Bool, Vector{EegFun.var"#channels##2#channels##3"{Vector{Symbol}}}})(input_path::String, output_path::String)
│        @ EegFun ~/Documents/Julia/EegFun.jl/src/analysis/processing/channel_average.jl:305
│     [11] _run_batch_operation(process_fn::EegFun.var"#326#327"{EegFun.var"#conditions##0#conditions##1", Bool, Vector{EegFun.var"#channels##2#channels##3"{Vector{Symbol}}}}, files::Vector{String}, input_dir::String, output_dir::String; operation_name::String)
│        @ EegFun ~/Documents/Julia/EegFun.jl/src/utils/batch.jl:337
│     [12] channel_average(file_pattern::String, channel_selections::Vector{EegFun.var"#channels##2#channels##3"{Vector{Symbol}}}; output_labels::Vector{Symbol}, input_dir::String, participant_selection::Function, condition_selection::Function, output_dir::String, reduce::Bool)
│        @ EegFun ~/Documents/Julia/EegFun.jl/src/analysis/processing/channel_average.jl:315
│     [13] top-level scope
│        @ ~/Documents/Julia/EegFun.jl/test/automatic/channel_average.jl:106
│     [14] macro expansion
│        @ ~/.julia/juliaup/julia-1.12.4+0.x64.linux.gnu/share/julia/stdlib/v1.12/Test/src/Test.jl:1776 [inlined]
│     [15] macro expansion
│        @ ~/Documents/Julia/EegFun.jl/test/automatic/channel_average.jl:158 [inlined]
│     [16] macro expansion
│        @ ~/.julia/juliaup/julia-1.12.4+0.x64.linux.gnu/share/julia/stdlib/v1.12/Test/src/Test.jl:1776 [inlined]
│     [17] macro expansion
│        @ ~/Documents/Julia/EegFun.jl/test/automatic/channel_average.jl:160 [inlined]
│     [18] include(mapexpr::Function, mod::Module, _path::String)
│        @ Base ./Base.jl:307
│     [19] top-level scope
│        @ ~/Documents/Julia/EegFun.jl/test/runtests.jl:22
│     [20] macro expansion
│        @ ~/.julia/juliaup/julia-1.12.4+0.x64.linux.gnu/share/julia/stdlib/v1.12/Test/src/Test.jl:1776 [inlined]
│     [21] macro expansion
│        @ ~/Documents/Julia/EegFun.jl/test/runtests.jl:26 [inlined]
│     [22] include(mod::Module, _path::String)
│        @ Base ./Base.jl:306
│     [23] exec_options(opts::Base.JLOptions)
│        @ Base ./client.jl:317
│     [24] _start()
│        @ Base ./client.jl:550
└ @ EegFun ~/Documents/Julia/EegFun.jl/src/utils/batch.jl:339
[ Warning:   ✗ Exception: ArgumentError: Layout must contain :inc and :azi columns
[ Info: Averaging channels: 2_erps_cleaned.jld2 (2/2)
[ Info: channel_average!: Ch1, Ch2 → :Group1
[ Info: channel_average!: Ch3, Ch4 → :Group2
[ Info: Converting polar coordinates to 3D Cartesian coordinates
┌ Error: Error processing 2_erps_cleaned.jld2
│   exception =
│    ArgumentError: Layout must contain :inc and :azi columns
│    Stacktrace:
│      [1] polar_to_cartesian_xyz!(layout::EegFun.Layout)
│        @ EegFun ~/Documents/Julia/EegFun.jl/src/layouts/layout.jl:277
│      [2] _ensure_coordinates_3d!(layout::EegFun.Layout)
│        @ EegFun ~/Documents/Julia/EegFun.jl/src/layouts/layout.jl:193
│      [3] _ensure_all_coordinates!
│        @ ~/Documents/Julia/EegFun.jl/src/analysis/processing/channel_average.jl:385 [inlined]
│      [4] _layout_from_groups(layout::EegFun.Layout, channel_groups::Vector{Vector{Symbol}}, labels::Vector{Symbol})
│        @ EegFun ~/Documents/Julia/EegFun.jl/src/analysis/processing/channel_average.jl:357
│      [5] channel_average!(dat::EegFun.ErpData; channel_selections::Vector{EegFun.var"#channels##2#channels##3"{Vector{Symbol}}}, output_labels::Vector{Symbol}, include_extra::Bool, reduce::Bool)
│        @ EegFun ~/Documents/Julia/EegFun.jl/src/analysis/processing/channel_average.jl:129
│      [6] channel_average!
│        @ ~/Documents/Julia/EegFun.jl/src/analysis/processing/channel_average.jl:39 [inlined]
│      [7] #_process_channel_average_file##0
│        @ ~/Documents/Julia/EegFun.jl/src/analysis/processing/channel_average.jl:194 [inlined]
│      [8] foreach(f::EegFun.var"#_process_channel_average_file##0#_process_channel_average_file##1"{Vector{EegFun.var"#channels##2#channels##3"{Vector{Symbol}}}, Vector{Symbol}, Bool}, itr::Vector{EegFun.ErpData})
│        @ Base ./abstractarray.jl:3188
│      [9] _process_channel_average_file(filepath::String, output_path::String, channel_selections::Vector{EegFun.var"#channels##2#channels##3"{Vector{Symbol}}}, output_labels::Vector{Symbol}, condition_selection::Function, reduce::Bool)
│        @ EegFun ~/Documents/Julia/EegFun.jl/src/analysis/processing/channel_average.jl:193
│     [10] (::EegFun.var"#326#327"{EegFun.var"#conditions##0#conditions##1", Bool, Vector{EegFun.var"#channels##2#channels##3"{Vector{Symbol}}}})(input_path::String, output_path::String)
│        @ EegFun ~/Documents/Julia/EegFun.jl/src/analysis/processing/channel_average.jl:305
│     [11] _run_batch_operation(process_fn::EegFun.var"#326#327"{EegFun.var"#conditions##0#conditions##1", Bool, Vector{EegFun.var"#channels##2#channels##3"{Vector{Symbol}}}}, files::Vector{String}, input_dir::String, output_dir::String; operation_name::String)
│        @ EegFun ~/Documents/Julia/EegFun.jl/src/utils/batch.jl:337
│     [12] channel_average(file_pattern::String, channel_selections::Vector{EegFun.var"#channels##2#channels##3"{Vector{Symbol}}}; output_labels::Vector{Symbol}, input_dir::String, participant_selection::Function, condition_selection::Function, output_dir::String, reduce::Bool)
│        @ EegFun ~/Documents/Julia/EegFun.jl/src/analysis/processing/channel_average.jl:315
│     [13] top-level scope
│        @ ~/Documents/Julia/EegFun.jl/test/automatic/channel_average.jl:106
│     [14] macro expansion
│        @ ~/.julia/juliaup/julia-1.12.4+0.x64.linux.gnu/share/julia/stdlib/v1.12/Test/src/Test.jl:1776 [inlined]
│     [15] macro expansion
│        @ ~/Documents/Julia/EegFun.jl/test/automatic/channel_average.jl:158 [inlined]
│     [16] macro expansion
│        @ ~/.julia/juliaup/julia-1.12.4+0.x64.linux.gnu/share/julia/stdlib/v1.12/Test/src/Test.jl:1776 [inlined]
│     [17] macro expansion
│        @ ~/Documents/Julia/EegFun.jl/test/automatic/channel_average.jl:160 [inlined]
│     [18] include(mapexpr::Function, mod::Module, _path::String)
│        @ Base ./Base.jl:307
│     [19] top-level scope
│        @ ~/Documents/Julia/EegFun.jl/test/runtests.jl:22
│     [20] macro expansion
│        @ ~/.julia/juliaup/julia-1.12.4+0.x64.linux.gnu/share/julia/stdlib/v1.12/Test/src/Test.jl:1776 [inlined]
│     [21] macro expansion
│        @ ~/Documents/Julia/EegFun.jl/test/runtests.jl:26 [inlined]
│     [22] include(mod::Module, _path::String)
│        @ Base ./Base.jl:306
│     [23] exec_options(opts::Base.JLOptions)
│        @ Base ./client.jl:317
│     [24] _start()
│        @ Base ./client.jl:550
└ @ EegFun ~/Documents/Julia/EegFun.jl/src/utils/batch.jl:339
[ Warning:   ✗ Exception: ArgumentError: Layout must contain :inc and :azi columns
[ Info: 
[ Info: Batch operation complete! Processed 0 files successfully, 2 errors
[ Info: Output saved to: /tmp/jl_85Q8oG/combined_custom_labels
Custom output labels: Test Failed at /home/ian/Documents/Julia/EegFun.jl/test/automatic/channel_average.jl:168
  Expression: result.success == 2
   Evaluated: 0 == 2

Stacktrace:
 [1] top-level scope
   @ ~/Documents/Julia/EegFun.jl/test/automatic/channel_average.jl:106
 [2] macro expansion
   @ ~/.julia/juliaup/julia-1.12.4+0.x64.linux.gnu/share/julia/stdlib/v1.12/Test/src/Test.jl:1776 [inlined]
 [3] macro expansion
   @ ~/Documents/Julia/EegFun.jl/test/automatic/channel_average.jl:158 [inlined]
 [4] macro expansion
   @ ~/.julia/juliaup/julia-1.12.4+0.x64.linux.gnu/share/julia/stdlib/v1.12/Test/src/Test.jl:1776 [inlined]
 [5] macro expansion
   @ ~/Documents/Julia/EegFun.jl/test/automatic/channel_average.jl:168 [inlined]
 [6] macro expansion
   @ ~/.julia/juliaup/julia-1.12.4+0.x64.linux.gnu/share/julia/stdlib/v1.12/Test/src/Test.jl:680 [inlined]
Custom output labels: Error During Test at /home/ian/Documents/Julia/EegFun.jl/test/automatic/channel_average.jl:157
  Got exception outside of a @test
  ArgumentError: No file exists at given path: /tmp/jl_85Q8oG/combined_custom_labels/1_erps_cleaned.jld2
  Stacktrace:
    [1] checkpath_load
      @ ~/.julia/packages/FileIO/EI2b8/src/loadsave.jl:167 [inlined]
    [2] load(file::String, args::String; options::@Kwargs{})
      @ FileIO ~/.julia/packages/FileIO/EI2b8/src/loadsave.jl:110
    [3] load(file::String, args::String)
      @ FileIO ~/.julia/packages/FileIO/EI2b8/src/loadsave.jl:109
    [4] top-level scope
      @ ~/Documents/Julia/EegFun.jl/test/automatic/channel_average.jl:106
    [5] macro expansion
      @ ~/.julia/juliaup/julia-1.12.4+0.x64.linux.gnu/share/julia/stdlib/v1.12/Test/src/Test.jl:1776 [inlined]
    [6] macro expansion
      @ ~/Documents/Julia/EegFun.jl/test/automatic/channel_average.jl:158 [inlined]
    [7] macro expansion
      @ ~/.julia/juliaup/julia-1.12.4+0.x64.linux.gnu/share/julia/stdlib/v1.12/Test/src/Test.jl:1776 [inlined]
    [8] macro expansion
      @ ~/Documents/Julia/EegFun.jl/test/automatic/channel_average.jl:170 [inlined]
    [9] include(mapexpr::Function, mod::Module, _path::String)
      @ Base ./Base.jl:307
   [10] top-level scope
      @ ~/Documents/Julia/EegFun.jl/test/runtests.jl:22
   [11] macro expansion
      @ ~/.julia/juliaup/julia-1.12.4+0.x64.linux.gnu/share/julia/stdlib/v1.12/Test/src/Test.jl:1776 [inlined]
   [12] macro expansion
      @ ~/Documents/Julia/EegFun.jl/test/runtests.jl:26 [inlined]
   [13] include(mod::Module, _path::String)
      @ Base ./Base.jl:306
   [14] exec_options(opts::Base.JLOptions)
      @ Base ./client.jl:317
   [15] _start()
      @ Base ./client.jl:550
[ Info: Batch channel averaging started at 2026-01-27T08:55:17.561
[ Info: Function call: rand(rng)
[ Info: Found 2 JLD2 files matching pattern 'erps_cleaned'
[ Info: Channel selections: 2 group(s)
[ Info: Output labels: [:Group1, :Group2]
[ Info: Reduce mode: true
[ Info: Averaging channels: 1_erps_cleaned.jld2 (1/2)
[ Info: channel_average!: Ch1, Ch2 → :Group1
[ Info: channel_average!: Ch3, Ch4 → :Group2
[ Info: Converting polar coordinates to 3D Cartesian coordinates
┌ Error: Error processing 1_erps_cleaned.jld2
│   exception =
│    ArgumentError: Layout must contain :inc and :azi columns
│    Stacktrace:
│      [1] polar_to_cartesian_xyz!(layout::EegFun.Layout)
│        @ EegFun ~/Documents/Julia/EegFun.jl/src/layouts/layout.jl:277
│      [2] _ensure_coordinates_3d!(layout::EegFun.Layout)
│        @ EegFun ~/Documents/Julia/EegFun.jl/src/layouts/layout.jl:193
│      [3] _ensure_all_coordinates!
│        @ ~/Documents/Julia/EegFun.jl/src/analysis/processing/channel_average.jl:385 [inlined]
│      [4] _layout_from_groups(layout::EegFun.Layout, channel_groups::Vector{Vector{Symbol}}, labels::Vector{Symbol})
│        @ EegFun ~/Documents/Julia/EegFun.jl/src/analysis/processing/channel_average.jl:357
│      [5] channel_average!(dat::EegFun.ErpData; channel_selections::Vector{EegFun.var"#channels##2#channels##3"{Vector{Symbol}}}, output_labels::Vector{Symbol}, include_extra::Bool, reduce::Bool)
│        @ EegFun ~/Documents/Julia/EegFun.jl/src/analysis/processing/channel_average.jl:126
│      [6] channel_average!
│        @ ~/Documents/Julia/EegFun.jl/src/analysis/processing/channel_average.jl:39 [inlined]
│      [7] #_process_channel_average_file##0
│        @ ~/Documents/Julia/EegFun.jl/src/analysis/processing/channel_average.jl:194 [inlined]
│      [8] foreach(f::EegFun.var"#_process_channel_average_file##0#_process_channel_average_file##1"{Vector{EegFun.var"#channels##2#channels##3"{Vector{Symbol}}}, Vector{Symbol}, Bool}, itr::Vector{EegFun.ErpData})
│        @ Base ./abstractarray.jl:3188
│      [9] _process_channel_average_file(filepath::String, output_path::String, channel_selections::Vector{EegFun.var"#channels##2#channels##3"{Vector{Symbol}}}, output_labels::Vector{Symbol}, condition_selection::Function, reduce::Bool)
│        @ EegFun ~/Documents/Julia/EegFun.jl/src/analysis/processing/channel_average.jl:193
│     [10] (::EegFun.var"#326#327"{EegFun.var"#conditions##0#conditions##1", Bool, Vector{EegFun.var"#channels##2#channels##3"{Vector{Symbol}}}})(input_path::String, output_path::String)
│        @ EegFun ~/Documents/Julia/EegFun.jl/src/analysis/processing/channel_average.jl:305
│     [11] _run_batch_operation(process_fn::EegFun.var"#326#327"{EegFun.var"#conditions##0#conditions##1", Bool, Vector{EegFun.var"#channels##2#channels##3"{Vector{Symbol}}}}, files::Vector{String}, input_dir::String, output_dir::String; operation_name::String)
│        @ EegFun ~/Documents/Julia/EegFun.jl/src/utils/batch.jl:337
│     [12] channel_average(file_pattern::String, channel_selections::Vector{EegFun.var"#channels##2#channels##3"{Vector{Symbol}}}; output_labels::Vector{Symbol}, input_dir::String, participant_selection::Function, condition_selection::Function, output_dir::String, reduce::Bool)
│        @ EegFun ~/Documents/Julia/EegFun.jl/src/analysis/processing/channel_average.jl:315
│     [13] top-level scope
│        @ ~/Documents/Julia/EegFun.jl/test/automatic/channel_average.jl:106
│     [14] macro expansion
│        @ ~/.julia/juliaup/julia-1.12.4+0.x64.linux.gnu/share/julia/stdlib/v1.12/Test/src/Test.jl:1776 [inlined]
│     [15] macro expansion
│        @ ~/Documents/Julia/EegFun.jl/test/automatic/channel_average.jl:177 [inlined]
│     [16] macro expansion
│        @ ~/.julia/juliaup/julia-1.12.4+0.x64.linux.gnu/share/julia/stdlib/v1.12/Test/src/Test.jl:1776 [inlined]
│     [17] macro expansion
│        @ ~/Documents/Julia/EegFun.jl/test/automatic/channel_average.jl:180 [inlined]
│     [18] include(mapexpr::Function, mod::Module, _path::String)
│        @ Base ./Base.jl:307
│     [19] top-level scope
│        @ ~/Documents/Julia/EegFun.jl/test/runtests.jl:22
│     [20] macro expansion
│        @ ~/.julia/juliaup/julia-1.12.4+0.x64.linux.gnu/share/julia/stdlib/v1.12/Test/src/Test.jl:1776 [inlined]
│     [21] macro expansion
│        @ ~/Documents/Julia/EegFun.jl/test/runtests.jl:26 [inlined]
│     [22] include(mod::Module, _path::String)
│        @ Base ./Base.jl:306
│     [23] exec_options(opts::Base.JLOptions)
│        @ Base ./client.jl:317
│     [24] _start()
│        @ Base ./client.jl:550
└ @ EegFun ~/Documents/Julia/EegFun.jl/src/utils/batch.jl:339
[ Warning:   ✗ Exception: ArgumentError: Layout must contain :inc and :azi columns
[ Info: Averaging channels: 2_erps_cleaned.jld2 (2/2)
[ Info: channel_average!: Ch1, Ch2 → :Group1
[ Info: channel_average!: Ch3, Ch4 → :Group2
[ Info: Converting polar coordinates to 3D Cartesian coordinates
┌ Error: Error processing 2_erps_cleaned.jld2
│   exception =
│    ArgumentError: Layout must contain :inc and :azi columns
│    Stacktrace:
│      [1] polar_to_cartesian_xyz!(layout::EegFun.Layout)
│        @ EegFun ~/Documents/Julia/EegFun.jl/src/layouts/layout.jl:277
│      [2] _ensure_coordinates_3d!(layout::EegFun.Layout)
│        @ EegFun ~/Documents/Julia/EegFun.jl/src/layouts/layout.jl:193
│      [3] _ensure_all_coordinates!
│        @ ~/Documents/Julia/EegFun.jl/src/analysis/processing/channel_average.jl:385 [inlined]
│      [4] _layout_from_groups(layout::EegFun.Layout, channel_groups::Vector{Vector{Symbol}}, labels::Vector{Symbol})
│        @ EegFun ~/Documents/Julia/EegFun.jl/src/analysis/processing/channel_average.jl:357
│      [5] channel_average!(dat::EegFun.ErpData; channel_selections::Vector{EegFun.var"#channels##2#channels##3"{Vector{Symbol}}}, output_labels::Vector{Symbol}, include_extra::Bool, reduce::Bool)
│        @ EegFun ~/Documents/Julia/EegFun.jl/src/analysis/processing/channel_average.jl:126
│      [6] channel_average!
│        @ ~/Documents/Julia/EegFun.jl/src/analysis/processing/channel_average.jl:39 [inlined]
│      [7] #_process_channel_average_file##0
│        @ ~/Documents/Julia/EegFun.jl/src/analysis/processing/channel_average.jl:194 [inlined]
│      [8] foreach(f::EegFun.var"#_process_channel_average_file##0#_process_channel_average_file##1"{Vector{EegFun.var"#channels##2#channels##3"{Vector{Symbol}}}, Vector{Symbol}, Bool}, itr::Vector{EegFun.ErpData})
│        @ Base ./abstractarray.jl:3188
│      [9] _process_channel_average_file(filepath::String, output_path::String, channel_selections::Vector{EegFun.var"#channels##2#channels##3"{Vector{Symbol}}}, output_labels::Vector{Symbol}, condition_selection::Function, reduce::Bool)
│        @ EegFun ~/Documents/Julia/EegFun.jl/src/analysis/processing/channel_average.jl:193
│     [10] (::EegFun.var"#326#327"{EegFun.var"#conditions##0#conditions##1", Bool, Vector{EegFun.var"#channels##2#channels##3"{Vector{Symbol}}}})(input_path::String, output_path::String)
│        @ EegFun ~/Documents/Julia/EegFun.jl/src/analysis/processing/channel_average.jl:305
│     [11] _run_batch_operation(process_fn::EegFun.var"#326#327"{EegFun.var"#conditions##0#conditions##1", Bool, Vector{EegFun.var"#channels##2#channels##3"{Vector{Symbol}}}}, files::Vector{String}, input_dir::String, output_dir::String; operation_name::String)
│        @ EegFun ~/Documents/Julia/EegFun.jl/src/utils/batch.jl:337
│     [12] channel_average(file_pattern::String, channel_selections::Vector{EegFun.var"#channels##2#channels##3"{Vector{Symbol}}}; output_labels::Vector{Symbol}, input_dir::String, participant_selection::Function, condition_selection::Function, output_dir::String, reduce::Bool)
│        @ EegFun ~/Documents/Julia/EegFun.jl/src/analysis/processing/channel_average.jl:315
│     [13] top-level scope
│        @ ~/Documents/Julia/EegFun.jl/test/automatic/channel_average.jl:106
│     [14] macro expansion
│        @ ~/.julia/juliaup/julia-1.12.4+0.x64.linux.gnu/share/julia/stdlib/v1.12/Test/src/Test.jl:1776 [inlined]
│     [15] macro expansion
│        @ ~/Documents/Julia/EegFun.jl/test/automatic/channel_average.jl:177 [inlined]
│     [16] macro expansion
│        @ ~/.julia/juliaup/julia-1.12.4+0.x64.linux.gnu/share/julia/stdlib/v1.12/Test/src/Test.jl:1776 [inlined]
│     [17] macro expansion
│        @ ~/Documents/Julia/EegFun.jl/test/automatic/channel_average.jl:180 [inlined]
│     [18] include(mapexpr::Function, mod::Module, _path::String)
│        @ Base ./Base.jl:307
│     [19] top-level scope
│        @ ~/Documents/Julia/EegFun.jl/test/runtests.jl:22
│     [20] macro expansion
│        @ ~/.julia/juliaup/julia-1.12.4+0.x64.linux.gnu/share/julia/stdlib/v1.12/Test/src/Test.jl:1776 [inlined]
│     [21] macro expansion
│        @ ~/Documents/Julia/EegFun.jl/test/runtests.jl:26 [inlined]
│     [22] include(mod::Module, _path::String)
│        @ Base ./Base.jl:306
│     [23] exec_options(opts::Base.JLOptions)
│        @ Base ./client.jl:317
│     [24] _start()
│        @ Base ./client.jl:550
└ @ EegFun ~/Documents/Julia/EegFun.jl/src/utils/batch.jl:339
[ Warning:   ✗ Exception: ArgumentError: Layout must contain :inc and :azi columns
[ Info: 
[ Info: Batch operation complete! Processed 0 files successfully, 2 errors
[ Info: Output saved to: /tmp/jl_85Q8oG/combined_reduce
Reduce mode: Test Failed at /home/ian/Documents/Julia/EegFun.jl/test/automatic/channel_average.jl:189
  Expression: result.success == 2
   Evaluated: 0 == 2

Stacktrace:
 [1] top-level scope
   @ ~/Documents/Julia/EegFun.jl/test/automatic/channel_average.jl:106
 [2] macro expansion
   @ ~/.julia/juliaup/julia-1.12.4+0.x64.linux.gnu/share/julia/stdlib/v1.12/Test/src/Test.jl:1776 [inlined]
 [3] macro expansion
   @ ~/Documents/Julia/EegFun.jl/test/automatic/channel_average.jl:177 [inlined]
 [4] macro expansion
   @ ~/.julia/juliaup/julia-1.12.4+0.x64.linux.gnu/share/julia/stdlib/v1.12/Test/src/Test.jl:1776 [inlined]
 [5] macro expansion
   @ ~/Documents/Julia/EegFun.jl/test/automatic/channel_average.jl:189 [inlined]
 [6] macro expansion
   @ ~/.julia/juliaup/julia-1.12.4+0.x64.linux.gnu/share/julia/stdlib/v1.12/Test/src/Test.jl:680 [inlined]
Reduce mode: Error During Test at /home/ian/Documents/Julia/EegFun.jl/test/automatic/channel_average.jl:176
  Got exception outside of a @test
  ArgumentError: No file exists at given path: /tmp/jl_85Q8oG/combined_reduce/1_erps_cleaned.jld2
  Stacktrace:
    [1] checkpath_load
      @ ~/.julia/packages/FileIO/EI2b8/src/loadsave.jl:167 [inlined]
    [2] load(file::String, args::String; options::@Kwargs{})
      @ FileIO ~/.julia/packages/FileIO/EI2b8/src/loadsave.jl:110
    [3] load(file::String, args::String)
      @ FileIO ~/.julia/packages/FileIO/EI2b8/src/loadsave.jl:109
    [4] top-level scope
      @ ~/Documents/Julia/EegFun.jl/test/automatic/channel_average.jl:106
    [5] macro expansion
      @ ~/.julia/juliaup/julia-1.12.4+0.x64.linux.gnu/share/julia/stdlib/v1.12/Test/src/Test.jl:1776 [inlined]
    [6] macro expansion
      @ ~/Documents/Julia/EegFun.jl/test/automatic/channel_average.jl:177 [inlined]
    [7] macro expansion
      @ ~/.julia/juliaup/julia-1.12.4+0.x64.linux.gnu/share/julia/stdlib/v1.12/Test/src/Test.jl:1776 [inlined]
    [8] macro expansion
      @ ~/Documents/Julia/EegFun.jl/test/automatic/channel_average.jl:191 [inlined]
    [9] include(mapexpr::Function, mod::Module, _path::String)
      @ Base ./Base.jl:307
   [10] top-level scope
      @ ~/Documents/Julia/EegFun.jl/test/runtests.jl:22
   [11] macro expansion
      @ ~/.julia/juliaup/julia-1.12.4+0.x64.linux.gnu/share/julia/stdlib/v1.12/Test/src/Test.jl:1776 [inlined]
   [12] macro expansion
      @ ~/Documents/Julia/EegFun.jl/test/runtests.jl:26 [inlined]
   [13] include(mod::Module, _path::String)
      @ Base ./Base.jl:306
   [14] exec_options(opts::Base.JLOptions)
      @ Base ./client.jl:317
   [15] _start()
      @ Base ./client.jl:550
[ Info: Batch channel averaging started at 2026-01-27T08:55:17.675
[ Info: Function call: rand(rng)
[ Info: Found 1 JLD2 files matching pattern 'erps_cleaned'
[ Info: Channel selections: 1 group(s)
[ Info: Output labels: [:avg_1]
[ Info: Reduce mode: false
[ Info: Averaging channels: 1_erps_cleaned.jld2 (1/1)
[ Info: channel_average!: Ch1, Ch2 → :avg_1
[ Info: Converting polar coordinates to 3D Cartesian coordinates
┌ Error: Error processing 1_erps_cleaned.jld2
│   exception =
│    ArgumentError: Layout must contain :inc and :azi columns
│    Stacktrace:
│      [1] polar_to_cartesian_xyz!(layout::EegFun.Layout)
│        @ EegFun ~/Documents/Julia/EegFun.jl/src/layouts/layout.jl:277
│      [2] _ensure_coordinates_3d!(layout::EegFun.Layout)
│        @ EegFun ~/Documents/Julia/EegFun.jl/src/layouts/layout.jl:193
│      [3] _ensure_all_coordinates!
│        @ ~/Documents/Julia/EegFun.jl/src/analysis/processing/channel_average.jl:385 [inlined]
│      [4] _layout_from_groups(layout::EegFun.Layout, channel_groups::Vector{Vector{Symbol}}, labels::Vector{Symbol})
│        @ EegFun ~/Documents/Julia/EegFun.jl/src/analysis/processing/channel_average.jl:357
│      [5] channel_average!(dat::EegFun.ErpData; channel_selections::Vector{EegFun.var"#channels##2#channels##3"{Vector{Symbol}}}, output_labels::Vector{Symbol}, include_extra::Bool, reduce::Bool)
│        @ EegFun ~/Documents/Julia/EegFun.jl/src/analysis/processing/channel_average.jl:129
│      [6] channel_average!
│        @ ~/Documents/Julia/EegFun.jl/src/analysis/processing/channel_average.jl:39 [inlined]
│      [7] #_process_channel_average_file##0
│        @ ~/Documents/Julia/EegFun.jl/src/analysis/processing/channel_average.jl:194 [inlined]
│      [8] foreach(f::EegFun.var"#_process_channel_average_file##0#_process_channel_average_file##1"{Vector{EegFun.var"#channels##2#channels##3"{Vector{Symbol}}}, Vector{Symbol}, Bool}, itr::Vector{EegFun.ErpData})
│        @ Base ./abstractarray.jl:3188
│      [9] _process_channel_average_file(filepath::String, output_path::String, channel_selections::Vector{EegFun.var"#channels##2#channels##3"{Vector{Symbol}}}, output_labels::Vector{Symbol}, condition_selection::Function, reduce::Bool)
│        @ EegFun ~/Documents/Julia/EegFun.jl/src/analysis/processing/channel_average.jl:193
│     [10] (::EegFun.var"#326#327"{EegFun.var"#conditions##0#conditions##1", Bool, Vector{EegFun.var"#channels##2#channels##3"{Vector{Symbol}}}})(input_path::String, output_path::String)
│        @ EegFun ~/Documents/Julia/EegFun.jl/src/analysis/processing/channel_average.jl:305
│     [11] _run_batch_operation(process_fn::EegFun.var"#326#327"{EegFun.var"#conditions##0#conditions##1", Bool, Vector{EegFun.var"#channels##2#channels##3"{Vector{Symbol}}}}, files::Vector{String}, input_dir::String, output_dir::String; operation_name::String)
│        @ EegFun ~/Documents/Julia/EegFun.jl/src/utils/batch.jl:337
│     [12] channel_average(file_pattern::String, channel_selections::Vector{EegFun.var"#channels##2#channels##3"{Vector{Symbol}}}; output_labels::Nothing, input_dir::String, participant_selection::Function, condition_selection::Function, output_dir::String, reduce::Bool)
│        @ EegFun ~/Documents/Julia/EegFun.jl/src/analysis/processing/channel_average.jl:315
│     [13] top-level scope
│        @ ~/Documents/Julia/EegFun.jl/test/automatic/channel_average.jl:106
│     [14] macro expansion
│        @ ~/.julia/juliaup/julia-1.12.4+0.x64.linux.gnu/share/julia/stdlib/v1.12/Test/src/Test.jl:1776 [inlined]
│     [15] macro expansion
│        @ ~/Documents/Julia/EegFun.jl/test/automatic/channel_average.jl:207 [inlined]
│     [16] macro expansion
│        @ ~/.julia/juliaup/julia-1.12.4+0.x64.linux.gnu/share/julia/stdlib/v1.12/Test/src/Test.jl:1776 [inlined]
│     [17] macro expansion
│        @ ~/Documents/Julia/EegFun.jl/test/automatic/channel_average.jl:209 [inlined]
│     [18] include(mapexpr::Function, mod::Module, _path::String)
│        @ Base ./Base.jl:307
│     [19] top-level scope
│        @ ~/Documents/Julia/EegFun.jl/test/runtests.jl:22
│     [20] macro expansion
│        @ ~/.julia/juliaup/julia-1.12.4+0.x64.linux.gnu/share/julia/stdlib/v1.12/Test/src/Test.jl:1776 [inlined]
│     [21] macro expansion
│        @ ~/Documents/Julia/EegFun.jl/test/runtests.jl:26 [inlined]
│     [22] include(mod::Module, _path::String)
│        @ Base ./Base.jl:306
│     [23] exec_options(opts::Base.JLOptions)
│        @ Base ./client.jl:317
│     [24] _start()
│        @ Base ./client.jl:550
└ @ EegFun ~/Documents/Julia/EegFun.jl/src/utils/batch.jl:339
[ Warning:   ✗ Exception: ArgumentError: Layout must contain :inc and :azi columns
[ Info: 
[ Info: Batch operation complete! Processed 0 files successfully, 1 errors
[ Info: Output saved to: /tmp/jl_85Q8oG/combined_participant
Average specific participants: Test Failed at /home/ian/Documents/Julia/EegFun.jl/test/automatic/channel_average.jl:217
  Expression: result.success == 1
   Evaluated: 0 == 1

Stacktrace:
 [1] top-level scope
   @ ~/Documents/Julia/EegFun.jl/test/automatic/channel_average.jl:106
 [2] macro expansion
   @ ~/.julia/juliaup/julia-1.12.4+0.x64.linux.gnu/share/julia/stdlib/v1.12/Test/src/Test.jl:1776 [inlined]
 [3] macro expansion
   @ ~/Documents/Julia/EegFun.jl/test/automatic/channel_average.jl:207 [inlined]
 [4] macro expansion
   @ ~/.julia/juliaup/julia-1.12.4+0.x64.linux.gnu/share/julia/stdlib/v1.12/Test/src/Test.jl:1776 [inlined]
 [5] macro expansion
   @ ~/Documents/Julia/EegFun.jl/test/automatic/channel_average.jl:217 [inlined]
 [6] macro expansion
   @ ~/.julia/juliaup/julia-1.12.4+0.x64.linux.gnu/share/julia/stdlib/v1.12/Test/src/Test.jl:680 [inlined]
Average specific participants: Test Failed at /home/ian/Documents/Julia/EegFun.jl/test/automatic/channel_average.jl:218
  Expression: result.errors == 0
   Evaluated: 1 == 0

Stacktrace:
 [1] top-level scope
   @ ~/Documents/Julia/EegFun.jl/test/automatic/channel_average.jl:106
 [2] macro expansion
   @ ~/.julia/juliaup/julia-1.12.4+0.x64.linux.gnu/share/julia/stdlib/v1.12/Test/src/Test.jl:1776 [inlined]
 [3] macro expansion
   @ ~/Documents/Julia/EegFun.jl/test/automatic/channel_average.jl:207 [inlined]
 [4] macro expansion
   @ ~/.julia/juliaup/julia-1.12.4+0.x64.linux.gnu/share/julia/stdlib/v1.12/Test/src/Test.jl:1776 [inlined]
 [5] macro expansion
   @ ~/Documents/Julia/EegFun.jl/test/automatic/channel_average.jl:218 [inlined]
 [6] macro expansion
   @ ~/.julia/juliaup/julia-1.12.4+0.x64.linux.gnu/share/julia/stdlib/v1.12/Test/src/Test.jl:680 [inlined]
Average specific participants: Test Failed at /home/ian/Documents/Julia/EegFun.jl/test/automatic/channel_average.jl:219
  Expression: isfile(joinpath(output_dir, "1_erps_cleaned.jld2"))

Stacktrace:
 [1] top-level scope
   @ ~/Documents/Julia/EegFun.jl/test/automatic/channel_average.jl:106
 [2] macro expansion
   @ ~/.julia/juliaup/julia-1.12.4+0.x64.linux.gnu/share/julia/stdlib/v1.12/Test/src/Test.jl:1776 [inlined]
 [3] macro expansion
   @ ~/Documents/Julia/EegFun.jl/test/automatic/channel_average.jl:207 [inlined]
 [4] macro expansion
   @ ~/.julia/juliaup/julia-1.12.4+0.x64.linux.gnu/share/julia/stdlib/v1.12/Test/src/Test.jl:1776 [inlined]
 [5] macro expansion
   @ ~/Documents/Julia/EegFun.jl/test/automatic/channel_average.jl:219 [inlined]
 [6] macro expansion
   @ ~/.julia/juliaup/julia-1.12.4+0.x64.linux.gnu/share/julia/stdlib/v1.12/Test/src/Test.jl:680 [inlined]
[ Info: Batch channel averaging started at 2026-01-27T08:55:17.959
[ Info: Function call: rand(rng)
[ Info: Found 2 JLD2 files matching pattern 'erps_cleaned'
[ Info: Channel selections: 1 group(s)
[ Info: Output labels: [:avg_1]
[ Info: Reduce mode: false
[ Info: Averaging channels: 1_erps_cleaned.jld2 (1/2)
[ Info: channel_average!: Ch1, Ch2 → :avg_1
[ Info: Converting polar coordinates to 3D Cartesian coordinates
┌ Error: Error processing 1_erps_cleaned.jld2
│   exception =
│    ArgumentError: Layout must contain :inc and :azi columns
│    Stacktrace:
│      [1] polar_to_cartesian_xyz!(layout::EegFun.Layout)
│        @ EegFun ~/Documents/Julia/EegFun.jl/src/layouts/layout.jl:277
│      [2] _ensure_coordinates_3d!(layout::EegFun.Layout)
│        @ EegFun ~/Documents/Julia/EegFun.jl/src/layouts/layout.jl:193
│      [3] _ensure_all_coordinates!
│        @ ~/Documents/Julia/EegFun.jl/src/analysis/processing/channel_average.jl:385 [inlined]
│      [4] _layout_from_groups(layout::EegFun.Layout, channel_groups::Vector{Vector{Symbol}}, labels::Vector{Symbol})
│        @ EegFun ~/Documents/Julia/EegFun.jl/src/analysis/processing/channel_average.jl:357
│      [5] channel_average!(dat::EegFun.ErpData; channel_selections::Vector{EegFun.var"#channels##2#channels##3"{Vector{Symbol}}}, output_labels::Vector{Symbol}, include_extra::Bool, reduce::Bool)
│        @ EegFun ~/Documents/Julia/EegFun.jl/src/analysis/processing/channel_average.jl:129
│      [6] channel_average!
│        @ ~/Documents/Julia/EegFun.jl/src/analysis/processing/channel_average.jl:39 [inlined]
│      [7] #_process_channel_average_file##0
│        @ ~/Documents/Julia/EegFun.jl/src/analysis/processing/channel_average.jl:194 [inlined]
│      [8] foreach(f::EegFun.var"#_process_channel_average_file##0#_process_channel_average_file##1"{Vector{EegFun.var"#channels##2#channels##3"{Vector{Symbol}}}, Vector{Symbol}, Bool}, itr::Vector{EegFun.ErpData})
│        @ Base ./abstractarray.jl:3188
│      [9] _process_channel_average_file(filepath::String, output_path::String, channel_selections::Vector{EegFun.var"#channels##2#channels##3"{Vector{Symbol}}}, output_labels::Vector{Symbol}, condition_selection::Function, reduce::Bool)
│        @ EegFun ~/Documents/Julia/EegFun.jl/src/analysis/processing/channel_average.jl:193
│     [10] (::EegFun.var"#326#327"{EegFun.var"#conditions##0#conditions##1", Bool, Vector{EegFun.var"#channels##2#channels##3"{Vector{Symbol}}}})(input_path::String, output_path::String)
│        @ EegFun ~/Documents/Julia/EegFun.jl/src/analysis/processing/channel_average.jl:305
│     [11] _run_batch_operation(process_fn::EegFun.var"#326#327"{EegFun.var"#conditions##0#conditions##1", Bool, Vector{EegFun.var"#channels##2#channels##3"{Vector{Symbol}}}}, files::Vector{String}, input_dir::String, output_dir::String; operation_name::String)
│        @ EegFun ~/Documents/Julia/EegFun.jl/src/utils/batch.jl:337
│     [12] channel_average(file_pattern::String, channel_selections::Vector{EegFun.var"#channels##2#channels##3"{Vector{Symbol}}}; output_labels::Nothing, input_dir::String, participant_selection::Function, condition_selection::Function, output_dir::String, reduce::Bool)
│        @ EegFun ~/Documents/Julia/EegFun.jl/src/analysis/processing/channel_average.jl:315
│     [13] top-level scope
│        @ ~/Documents/Julia/EegFun.jl/test/automatic/channel_average.jl:106
│     [14] macro expansion
│        @ ~/.julia/juliaup/julia-1.12.4+0.x64.linux.gnu/share/julia/stdlib/v1.12/Test/src/Test.jl:1776 [inlined]
│     [15] macro expansion
│        @ ~/Documents/Julia/EegFun.jl/test/automatic/channel_average.jl:224 [inlined]
│     [16] macro expansion
│        @ ~/.julia/juliaup/julia-1.12.4+0.x64.linux.gnu/share/julia/stdlib/v1.12/Test/src/Test.jl:1776 [inlined]
│     [17] macro expansion
│        @ ~/Documents/Julia/EegFun.jl/test/automatic/channel_average.jl:226 [inlined]
│     [18] include(mapexpr::Function, mod::Module, _path::String)
│        @ Base ./Base.jl:307
│     [19] top-level scope
│        @ ~/Documents/Julia/EegFun.jl/test/runtests.jl:22
│     [20] macro expansion
│        @ ~/.julia/juliaup/julia-1.12.4+0.x64.linux.gnu/share/julia/stdlib/v1.12/Test/src/Test.jl:1776 [inlined]
│     [21] macro expansion
│        @ ~/Documents/Julia/EegFun.jl/test/runtests.jl:26 [inlined]
│     [22] include(mod::Module, _path::String)
│        @ Base ./Base.jl:306
│     [23] exec_options(opts::Base.JLOptions)
│        @ Base ./client.jl:317
│     [24] _start()
│        @ Base ./client.jl:550
└ @ EegFun ~/Documents/Julia/EegFun.jl/src/utils/batch.jl:339
[ Warning:   ✗ Exception: ArgumentError: Layout must contain :inc and :azi columns
[ Info: Averaging channels: 2_erps_cleaned.jld2 (2/2)
[ Info: channel_average!: Ch1, Ch2 → :avg_1
[ Info: Converting polar coordinates to 3D Cartesian coordinates
┌ Error: Error processing 2_erps_cleaned.jld2
│   exception =
│    ArgumentError: Layout must contain :inc and :azi columns
│    Stacktrace:
│      [1] polar_to_cartesian_xyz!(layout::EegFun.Layout)
│        @ EegFun ~/Documents/Julia/EegFun.jl/src/layouts/layout.jl:277
│      [2] _ensure_coordinates_3d!(layout::EegFun.Layout)
│        @ EegFun ~/Documents/Julia/EegFun.jl/src/layouts/layout.jl:193
│      [3] _ensure_all_coordinates!
│        @ ~/Documents/Julia/EegFun.jl/src/analysis/processing/channel_average.jl:385 [inlined]
│      [4] _layout_from_groups(layout::EegFun.Layout, channel_groups::Vector{Vector{Symbol}}, labels::Vector{Symbol})
│        @ EegFun ~/Documents/Julia/EegFun.jl/src/analysis/processing/channel_average.jl:357
│      [5] channel_average!(dat::EegFun.ErpData; channel_selections::Vector{EegFun.var"#channels##2#channels##3"{Vector{Symbol}}}, output_labels::Vector{Symbol}, include_extra::Bool, reduce::Bool)
│        @ EegFun ~/Documents/Julia/EegFun.jl/src/analysis/processing/channel_average.jl:129
│      [6] channel_average!
│        @ ~/Documents/Julia/EegFun.jl/src/analysis/processing/channel_average.jl:39 [inlined]
│      [7] #_process_channel_average_file##0
│        @ ~/Documents/Julia/EegFun.jl/src/analysis/processing/channel_average.jl:194 [inlined]
│      [8] foreach(f::EegFun.var"#_process_channel_average_file##0#_process_channel_average_file##1"{Vector{EegFun.var"#channels##2#channels##3"{Vector{Symbol}}}, Vector{Symbol}, Bool}, itr::Vector{EegFun.ErpData})
│        @ Base ./abstractarray.jl:3188
│      [9] _process_channel_average_file(filepath::String, output_path::String, channel_selections::Vector{EegFun.var"#channels##2#channels##3"{Vector{Symbol}}}, output_labels::Vector{Symbol}, condition_selection::Function, reduce::Bool)
│        @ EegFun ~/Documents/Julia/EegFun.jl/src/analysis/processing/channel_average.jl:193
│     [10] (::EegFun.var"#326#327"{EegFun.var"#conditions##0#conditions##1", Bool, Vector{EegFun.var"#channels##2#channels##3"{Vector{Symbol}}}})(input_path::String, output_path::String)
│        @ EegFun ~/Documents/Julia/EegFun.jl/src/analysis/processing/channel_average.jl:305
│     [11] _run_batch_operation(process_fn::EegFun.var"#326#327"{EegFun.var"#conditions##0#conditions##1", Bool, Vector{EegFun.var"#channels##2#channels##3"{Vector{Symbol}}}}, files::Vector{String}, input_dir::String, output_dir::String; operation_name::String)
│        @ EegFun ~/Documents/Julia/EegFun.jl/src/utils/batch.jl:337
│     [12] channel_average(file_pattern::String, channel_selections::Vector{EegFun.var"#channels##2#channels##3"{Vector{Symbol}}}; output_labels::Nothing, input_dir::String, participant_selection::Function, condition_selection::Function, output_dir::String, reduce::Bool)
│        @ EegFun ~/Documents/Julia/EegFun.jl/src/analysis/processing/channel_average.jl:315
│     [13] top-level scope
│        @ ~/Documents/Julia/EegFun.jl/test/automatic/channel_average.jl:106
│     [14] macro expansion
│        @ ~/.julia/juliaup/julia-1.12.4+0.x64.linux.gnu/share/julia/stdlib/v1.12/Test/src/Test.jl:1776 [inlined]
│     [15] macro expansion
│        @ ~/Documents/Julia/EegFun.jl/test/automatic/channel_average.jl:224 [inlined]
│     [16] macro expansion
│        @ ~/.julia/juliaup/julia-1.12.4+0.x64.linux.gnu/share/julia/stdlib/v1.12/Test/src/Test.jl:1776 [inlined]
│     [17] macro expansion
│        @ ~/Documents/Julia/EegFun.jl/test/automatic/channel_average.jl:226 [inlined]
│     [18] include(mapexpr::Function, mod::Module, _path::String)
│        @ Base ./Base.jl:307
│     [19] top-level scope
│        @ ~/Documents/Julia/EegFun.jl/test/runtests.jl:22
│     [20] macro expansion
│        @ ~/.julia/juliaup/julia-1.12.4+0.x64.linux.gnu/share/julia/stdlib/v1.12/Test/src/Test.jl:1776 [inlined]
│     [21] macro expansion
│        @ ~/Documents/Julia/EegFun.jl/test/runtests.jl:26 [inlined]
│     [22] include(mod::Module, _path::String)
│        @ Base ./Base.jl:306
│     [23] exec_options(opts::Base.JLOptions)
│        @ Base ./client.jl:317
│     [24] _start()
│        @ Base ./client.jl:550
└ @ EegFun ~/Documents/Julia/EegFun.jl/src/utils/batch.jl:339
[ Warning:   ✗ Exception: ArgumentError: Layout must contain :inc and :azi columns
[ Info: 
[ Info: Batch operation complete! Processed 0 files successfully, 2 errors
[ Info: Output saved to: /tmp/jl_85Q8oG/combined_multi_participants
Average multiple participants: Test Failed at /home/ian/Documents/Julia/EegFun.jl/test/automatic/channel_average.jl:234
  Expression: result.success == 2
   Evaluated: 0 == 2

Stacktrace:
 [1] top-level scope
   @ ~/Documents/Julia/EegFun.jl/test/automatic/channel_average.jl:106
 [2] macro expansion
   @ ~/.julia/juliaup/julia-1.12.4+0.x64.linux.gnu/share/julia/stdlib/v1.12/Test/src/Test.jl:1776 [inlined]
 [3] macro expansion
   @ ~/Documents/Julia/EegFun.jl/test/automatic/channel_average.jl:224 [inlined]
 [4] macro expansion
   @ ~/.julia/juliaup/julia-1.12.4+0.x64.linux.gnu/share/julia/stdlib/v1.12/Test/src/Test.jl:1776 [inlined]
 [5] macro expansion
   @ ~/Documents/Julia/EegFun.jl/test/automatic/channel_average.jl:234 [inlined]
 [6] macro expansion
   @ ~/.julia/juliaup/julia-1.12.4+0.x64.linux.gnu/share/julia/stdlib/v1.12/Test/src/Test.jl:680 [inlined]
Average multiple participants: Test Failed at /home/ian/Documents/Julia/EegFun.jl/test/automatic/channel_average.jl:235
  Expression: result.errors == 0
   Evaluated: 2 == 0

Stacktrace:
 [1] top-level scope
   @ ~/Documents/Julia/EegFun.jl/test/automatic/channel_average.jl:106
 [2] macro expansion
   @ ~/.julia/juliaup/julia-1.12.4+0.x64.linux.gnu/share/julia/stdlib/v1.12/Test/src/Test.jl:1776 [inlined]
 [3] macro expansion
   @ ~/Documents/Julia/EegFun.jl/test/automatic/channel_average.jl:224 [inlined]
 [4] macro expansion
   @ ~/.julia/juliaup/julia-1.12.4+0.x64.linux.gnu/share/julia/stdlib/v1.12/Test/src/Test.jl:1776 [inlined]
 [5] macro expansion
   @ ~/Documents/Julia/EegFun.jl/test/automatic/channel_average.jl:235 [inlined]
 [6] macro expansion
   @ ~/.julia/juliaup/julia-1.12.4+0.x64.linux.gnu/share/julia/stdlib/v1.12/Test/src/Test.jl:680 [inlined]
Average multiple participants: Test Failed at /home/ian/Documents/Julia/EegFun.jl/test/automatic/channel_average.jl:236
  Expression: isfile(joinpath(output_dir, "1_erps_cleaned.jld2"))

Stacktrace:
 [1] top-level scope
   @ ~/Documents/Julia/EegFun.jl/test/automatic/channel_average.jl:106
 [2] macro expansion
   @ ~/.julia/juliaup/julia-1.12.4+0.x64.linux.gnu/share/julia/stdlib/v1.12/Test/src/Test.jl:1776 [inlined]
 [3] macro expansion
   @ ~/Documents/Julia/EegFun.jl/test/automatic/channel_average.jl:224 [inlined]
 [4] macro expansion
   @ ~/.julia/juliaup/julia-1.12.4+0.x64.linux.gnu/share/julia/stdlib/v1.12/Test/src/Test.jl:1776 [inlined]
 [5] macro expansion
   @ ~/Documents/Julia/EegFun.jl/test/automatic/channel_average.jl:236 [inlined]
 [6] macro expansion
   @ ~/.julia/juliaup/julia-1.12.4+0.x64.linux.gnu/share/julia/stdlib/v1.12/Test/src/Test.jl:680 [inlined]
Average multiple participants: Test Failed at /home/ian/Documents/Julia/EegFun.jl/test/automatic/channel_average.jl:237
  Expression: isfile(joinpath(output_dir, "2_erps_cleaned.jld2"))

Stacktrace:
 [1] top-level scope
   @ ~/Documents/Julia/EegFun.jl/test/automatic/channel_average.jl:106
 [2] macro expansion
   @ ~/.julia/juliaup/julia-1.12.4+0.x64.linux.gnu/share/julia/stdlib/v1.12/Test/src/Test.jl:1776 [inlined]
 [3] macro expansion
   @ ~/Documents/Julia/EegFun.jl/test/automatic/channel_average.jl:224 [inlined]
 [4] macro expansion
   @ ~/.julia/juliaup/julia-1.12.4+0.x64.linux.gnu/share/julia/stdlib/v1.12/Test/src/Test.jl:1776 [inlined]
 [5] macro expansion
   @ ~/Documents/Julia/EegFun.jl/test/automatic/channel_average.jl:237 [inlined]
 [6] macro expansion
   @ ~/.julia/juliaup/julia-1.12.4+0.x64.linux.gnu/share/julia/stdlib/v1.12/Test/src/Test.jl:680 [inlined]
[ Info: Batch channel averaging started at 2026-01-27T08:55:18.151
[ Info: Function call: rand(rng)
[ Info: Found 2 JLD2 files matching pattern 'erps_cleaned'
[ Info: Channel selections: 1 group(s)
[ Info: Output labels: [:avg_1]
[ Info: Reduce mode: false
[ Info: Averaging channels: 1_erps_cleaned.jld2 (1/2)
[ Info: channel_average!: Ch1, Ch2 → :avg_1
[ Info: Converting polar coordinates to 3D Cartesian coordinates
┌ Error: Error processing 1_erps_cleaned.jld2
│   exception =
│    ArgumentError: Layout must contain :inc and :azi columns
│    Stacktrace:
│      [1] polar_to_cartesian_xyz!(layout::EegFun.Layout)
│        @ EegFun ~/Documents/Julia/EegFun.jl/src/layouts/layout.jl:277
│      [2] _ensure_coordinates_3d!(layout::EegFun.Layout)
│        @ EegFun ~/Documents/Julia/EegFun.jl/src/layouts/layout.jl:193
│      [3] _ensure_all_coordinates!
│        @ ~/Documents/Julia/EegFun.jl/src/analysis/processing/channel_average.jl:385 [inlined]
│      [4] _layout_from_groups(layout::EegFun.Layout, channel_groups::Vector{Vector{Symbol}}, labels::Vector{Symbol})
│        @ EegFun ~/Documents/Julia/EegFun.jl/src/analysis/processing/channel_average.jl:357
│      [5] channel_average!(dat::EegFun.ErpData; channel_selections::Vector{EegFun.var"#channels##2#channels##3"{Vector{Symbol}}}, output_labels::Vector{Symbol}, include_extra::Bool, reduce::Bool)
│        @ EegFun ~/Documents/Julia/EegFun.jl/src/analysis/processing/channel_average.jl:129
│      [6] channel_average!
│        @ ~/Documents/Julia/EegFun.jl/src/analysis/processing/channel_average.jl:39 [inlined]
│      [7] #_process_channel_average_file##0
│        @ ~/Documents/Julia/EegFun.jl/src/analysis/processing/channel_average.jl:194 [inlined]
│      [8] foreach(f::EegFun.var"#_process_channel_average_file##0#_process_channel_average_file##1"{Vector{EegFun.var"#channels##2#channels##3"{Vector{Symbol}}}, Vector{Symbol}, Bool}, itr::Vector{EegFun.ErpData})
│        @ Base ./abstractarray.jl:3188
│      [9] _process_channel_average_file(filepath::String, output_path::String, channel_selections::Vector{EegFun.var"#channels##2#channels##3"{Vector{Symbol}}}, output_labels::Vector{Symbol}, condition_selection::Function, reduce::Bool)
│        @ EegFun ~/Documents/Julia/EegFun.jl/src/analysis/processing/channel_average.jl:193
│     [10] (::EegFun.var"#326#327"{EegFun.var"#conditions##6#conditions##7"{Int64}, Bool, Vector{EegFun.var"#channels##2#channels##3"{Vector{Symbol}}}})(input_path::String, output_path::String)
│        @ EegFun ~/Documents/Julia/EegFun.jl/src/analysis/processing/channel_average.jl:305
│     [11] _run_batch_operation(process_fn::EegFun.var"#326#327"{EegFun.var"#conditions##6#conditions##7"{Int64}, Bool, Vector{EegFun.var"#channels##2#channels##3"{Vector{Symbol}}}}, files::Vector{String}, input_dir::String, output_dir::String; operation_name::String)
│        @ EegFun ~/Documents/Julia/EegFun.jl/src/utils/batch.jl:337
│     [12] channel_average(file_pattern::String, channel_selections::Vector{EegFun.var"#channels##2#channels##3"{Vector{Symbol}}}; output_labels::Nothing, input_dir::String, participant_selection::Function, condition_selection::Function, output_dir::String, reduce::Bool)
│        @ EegFun ~/Documents/Julia/EegFun.jl/src/analysis/processing/channel_average.jl:315
│     [13] top-level scope
│        @ ~/Documents/Julia/EegFun.jl/test/automatic/channel_average.jl:106
│     [14] macro expansion
│        @ ~/.julia/juliaup/julia-1.12.4+0.x64.linux.gnu/share/julia/stdlib/v1.12/Test/src/Test.jl:1776 [inlined]
│     [15] macro expansion
│        @ ~/Documents/Julia/EegFun.jl/test/automatic/channel_average.jl:241 [inlined]
│     [16] macro expansion
│        @ ~/.julia/juliaup/julia-1.12.4+0.x64.linux.gnu/share/julia/stdlib/v1.12/Test/src/Test.jl:1776 [inlined]
│     [17] macro expansion
│        @ ~/Documents/Julia/EegFun.jl/test/automatic/channel_average.jl:243 [inlined]
│     [18] include(mapexpr::Function, mod::Module, _path::String)
│        @ Base ./Base.jl:307
│     [19] top-level scope
│        @ ~/Documents/Julia/EegFun.jl/test/runtests.jl:22
│     [20] macro expansion
│        @ ~/.julia/juliaup/julia-1.12.4+0.x64.linux.gnu/share/julia/stdlib/v1.12/Test/src/Test.jl:1776 [inlined]
│     [21] macro expansion
│        @ ~/Documents/Julia/EegFun.jl/test/runtests.jl:26 [inlined]
│     [22] include(mod::Module, _path::String)
│        @ Base ./Base.jl:306
│     [23] exec_options(opts::Base.JLOptions)
│        @ Base ./client.jl:317
│     [24] _start()
│        @ Base ./client.jl:550
└ @ EegFun ~/Documents/Julia/EegFun.jl/src/utils/batch.jl:339
[ Warning:   ✗ Exception: ArgumentError: Layout must contain :inc and :azi columns
[ Info: Averaging channels: 2_erps_cleaned.jld2 (2/2)
[ Info: channel_average!: Ch1, Ch2 → :avg_1
[ Info: Converting polar coordinates to 3D Cartesian coordinates
┌ Error: Error processing 2_erps_cleaned.jld2
│   exception =
│    ArgumentError: Layout must contain :inc and :azi columns
│    Stacktrace:
│      [1] polar_to_cartesian_xyz!(layout::EegFun.Layout)
│        @ EegFun ~/Documents/Julia/EegFun.jl/src/layouts/layout.jl:277
│      [2] _ensure_coordinates_3d!(layout::EegFun.Layout)
│        @ EegFun ~/Documents/Julia/EegFun.jl/src/layouts/layout.jl:193
│      [3] _ensure_all_coordinates!
│        @ ~/Documents/Julia/EegFun.jl/src/analysis/processing/channel_average.jl:385 [inlined]
│      [4] _layout_from_groups(layout::EegFun.Layout, channel_groups::Vector{Vector{Symbol}}, labels::Vector{Symbol})
│        @ EegFun ~/Documents/Julia/EegFun.jl/src/analysis/processing/channel_average.jl:357
│      [5] channel_average!(dat::EegFun.ErpData; channel_selections::Vector{EegFun.var"#channels##2#channels##3"{Vector{Symbol}}}, output_labels::Vector{Symbol}, include_extra::Bool, reduce::Bool)
│        @ EegFun ~/Documents/Julia/EegFun.jl/src/analysis/processing/channel_average.jl:129
│      [6] channel_average!
│        @ ~/Documents/Julia/EegFun.jl/src/analysis/processing/channel_average.jl:39 [inlined]
│      [7] #_process_channel_average_file##0
│        @ ~/Documents/Julia/EegFun.jl/src/analysis/processing/channel_average.jl:194 [inlined]
│      [8] foreach(f::EegFun.var"#_process_channel_average_file##0#_process_channel_average_file##1"{Vector{EegFun.var"#channels##2#channels##3"{Vector{Symbol}}}, Vector{Symbol}, Bool}, itr::Vector{EegFun.ErpData})
│        @ Base ./abstractarray.jl:3188
│      [9] _process_channel_average_file(filepath::String, output_path::String, channel_selections::Vector{EegFun.var"#channels##2#channels##3"{Vector{Symbol}}}, output_labels::Vector{Symbol}, condition_selection::Function, reduce::Bool)
│        @ EegFun ~/Documents/Julia/EegFun.jl/src/analysis/processing/channel_average.jl:193
│     [10] (::EegFun.var"#326#327"{EegFun.var"#conditions##6#conditions##7"{Int64}, Bool, Vector{EegFun.var"#channels##2#channels##3"{Vector{Symbol}}}})(input_path::String, output_path::String)
│        @ EegFun ~/Documents/Julia/EegFun.jl/src/analysis/processing/channel_average.jl:305
│     [11] _run_batch_operation(process_fn::EegFun.var"#326#327"{EegFun.var"#conditions##6#conditions##7"{Int64}, Bool, Vector{EegFun.var"#channels##2#channels##3"{Vector{Symbol}}}}, files::Vector{String}, input_dir::String, output_dir::String; operation_name::String)
│        @ EegFun ~/Documents/Julia/EegFun.jl/src/utils/batch.jl:337
│     [12] channel_average(file_pattern::String, channel_selections::Vector{EegFun.var"#channels##2#channels##3"{Vector{Symbol}}}; output_labels::Nothing, input_dir::String, participant_selection::Function, condition_selection::Function, output_dir::String, reduce::Bool)
│        @ EegFun ~/Documents/Julia/EegFun.jl/src/analysis/processing/channel_average.jl:315
│     [13] top-level scope
│        @ ~/Documents/Julia/EegFun.jl/test/automatic/channel_average.jl:106
│     [14] macro expansion
│        @ ~/.julia/juliaup/julia-1.12.4+0.x64.linux.gnu/share/julia/stdlib/v1.12/Test/src/Test.jl:1776 [inlined]
│     [15] macro expansion
│        @ ~/Documents/Julia/EegFun.jl/test/automatic/channel_average.jl:241 [inlined]
│     [16] macro expansion
│        @ ~/.julia/juliaup/julia-1.12.4+0.x64.linux.gnu/share/julia/stdlib/v1.12/Test/src/Test.jl:1776 [inlined]
│     [17] macro expansion
│        @ ~/Documents/Julia/EegFun.jl/test/automatic/channel_average.jl:243 [inlined]
│     [18] include(mapexpr::Function, mod::Module, _path::String)
│        @ Base ./Base.jl:307
│     [19] top-level scope
│        @ ~/Documents/Julia/EegFun.jl/test/runtests.jl:22
│     [20] macro expansion
│        @ ~/.julia/juliaup/julia-1.12.4+0.x64.linux.gnu/share/julia/stdlib/v1.12/Test/src/Test.jl:1776 [inlined]
│     [21] macro expansion
│        @ ~/Documents/Julia/EegFun.jl/test/runtests.jl:26 [inlined]
│     [22] include(mod::Module, _path::String)
│        @ Base ./Base.jl:306
│     [23] exec_options(opts::Base.JLOptions)
│        @ Base ./client.jl:317
│     [24] _start()
│        @ Base ./client.jl:550
└ @ EegFun ~/Documents/Julia/EegFun.jl/src/utils/batch.jl:339
[ Warning:   ✗ Exception: ArgumentError: Layout must contain :inc and :azi columns
[ Info: 
[ Info: Batch operation complete! Processed 0 files successfully, 2 errors
[ Info: Output saved to: /tmp/jl_85Q8oG/combined_condition
Average specific conditions: Test Failed at /home/ian/Documents/Julia/EegFun.jl/test/automatic/channel_average.jl:251
  Expression: result.success == 2
   Evaluated: 0 == 2

Stacktrace:
 [1] top-level scope
   @ ~/Documents/Julia/EegFun.jl/test/automatic/channel_average.jl:106
 [2] macro expansion
   @ ~/.julia/juliaup/julia-1.12.4+0.x64.linux.gnu/share/julia/stdlib/v1.12/Test/src/Test.jl:1776 [inlined]
 [3] macro expansion
   @ ~/Documents/Julia/EegFun.jl/test/automatic/channel_average.jl:241 [inlined]
 [4] macro expansion
   @ ~/.julia/juliaup/julia-1.12.4+0.x64.linux.gnu/share/julia/stdlib/v1.12/Test/src/Test.jl:1776 [inlined]
 [5] macro expansion
   @ ~/Documents/Julia/EegFun.jl/test/automatic/channel_average.jl:251 [inlined]
 [6] macro expansion
   @ ~/.julia/juliaup/julia-1.12.4+0.x64.linux.gnu/share/julia/stdlib/v1.12/Test/src/Test.jl:680 [inlined]
Average specific conditions: Error During Test at /home/ian/Documents/Julia/EegFun.jl/test/automatic/channel_average.jl:240
  Got exception outside of a @test
  ArgumentError: No file exists at given path: /tmp/jl_85Q8oG/combined_condition/1_erps_cleaned.jld2
  Stacktrace:
    [1] checkpath_load
      @ ~/.julia/packages/FileIO/EI2b8/src/loadsave.jl:167 [inlined]
    [2] load(file::String, args::String; options::@Kwargs{})
      @ FileIO ~/.julia/packages/FileIO/EI2b8/src/loadsave.jl:110
    [3] load(file::String, args::String)
      @ FileIO ~/.julia/packages/FileIO/EI2b8/src/loadsave.jl:109
    [4] top-level scope
      @ ~/Documents/Julia/EegFun.jl/test/automatic/channel_average.jl:106
    [5] macro expansion
      @ ~/.julia/juliaup/julia-1.12.4+0.x64.linux.gnu/share/julia/stdlib/v1.12/Test/src/Test.jl:1776 [inlined]
    [6] macro expansion
      @ ~/Documents/Julia/EegFun.jl/test/automatic/channel_average.jl:241 [inlined]
    [7] macro expansion
      @ ~/.julia/juliaup/julia-1.12.4+0.x64.linux.gnu/share/julia/stdlib/v1.12/Test/src/Test.jl:1776 [inlined]
    [8] macro expansion
      @ ~/Documents/Julia/EegFun.jl/test/automatic/channel_average.jl:254 [inlined]
    [9] include(mapexpr::Function, mod::Module, _path::String)
      @ Base ./Base.jl:307
   [10] top-level scope
      @ ~/Documents/Julia/EegFun.jl/test/runtests.jl:22
   [11] macro expansion
      @ ~/.julia/juliaup/julia-1.12.4+0.x64.linux.gnu/share/julia/stdlib/v1.12/Test/src/Test.jl:1776 [inlined]
   [12] macro expansion
      @ ~/Documents/Julia/EegFun.jl/test/runtests.jl:26 [inlined]
   [13] include(mod::Module, _path::String)
      @ Base ./Base.jl:306
   [14] exec_options(opts::Base.JLOptions)
      @ Base ./client.jl:317
   [15] _start()
      @ Base ./client.jl:550
[ Info: Batch channel averaging started at 2026-01-27T08:55:18.305
[ Info: Function call: rand(rng)
[ Info: Found 2 JLD2 files matching pattern 'erps_cleaned'
[ Info: Channel selections: 1 group(s)
[ Info: Output labels: [:avg_1]
[ Info: Reduce mode: false
[ Info: Averaging channels: 1_erps_cleaned.jld2 (1/2)
[ Info: channel_average!: Ch1, Ch2 → :avg_1
[ Info: Converting polar coordinates to 3D Cartesian coordinates
┌ Error: Error processing 1_erps_cleaned.jld2
│   exception =
│    ArgumentError: Layout must contain :inc and :azi columns
│    Stacktrace:
│      [1] polar_to_cartesian_xyz!(layout::EegFun.Layout)
│        @ EegFun ~/Documents/Julia/EegFun.jl/src/layouts/layout.jl:277
│      [2] _ensure_coordinates_3d!(layout::EegFun.Layout)
│        @ EegFun ~/Documents/Julia/EegFun.jl/src/layouts/layout.jl:193
│      [3] _ensure_all_coordinates!
│        @ ~/Documents/Julia/EegFun.jl/src/analysis/processing/channel_average.jl:385 [inlined]
│      [4] _layout_from_groups(layout::EegFun.Layout, channel_groups::Vector{Vector{Symbol}}, labels::Vector{Symbol})
│        @ EegFun ~/Documents/Julia/EegFun.jl/src/analysis/processing/channel_average.jl:357
│      [5] channel_average!(dat::EegFun.ErpData; channel_selections::Vector{EegFun.var"#channels##2#channels##3"{Vector{Symbol}}}, output_labels::Vector{Symbol}, include_extra::Bool, reduce::Bool)
│        @ EegFun ~/Documents/Julia/EegFun.jl/src/analysis/processing/channel_average.jl:129
│      [6] channel_average!
│        @ ~/Documents/Julia/EegFun.jl/src/analysis/processing/channel_average.jl:39 [inlined]
│      [7] #_process_channel_average_file##0
│        @ ~/Documents/Julia/EegFun.jl/src/analysis/processing/channel_average.jl:194 [inlined]
│      [8] foreach(f::EegFun.var"#_process_channel_average_file##0#_process_channel_average_file##1"{Vector{EegFun.var"#channels##2#channels##3"{Vector{Symbol}}}, Vector{Symbol}, Bool}, itr::Vector{EegFun.ErpData})
│        @ Base ./abstractarray.jl:3188
│      [9] _process_channel_average_file(filepath::String, output_path::String, channel_selections::Vector{EegFun.var"#channels##2#channels##3"{Vector{Symbol}}}, output_labels::Vector{Symbol}, condition_selection::Function, reduce::Bool)
│        @ EegFun ~/Documents/Julia/EegFun.jl/src/analysis/processing/channel_average.jl:193
│     [10] (::EegFun.var"#326#327"{EegFun.var"#conditions##2#conditions##3"{Vector{Int64}}, Bool, Vector{EegFun.var"#channels##2#channels##3"{Vector{Symbol}}}})(input_path::String, output_path::String)
│        @ EegFun ~/Documents/Julia/EegFun.jl/src/analysis/processing/channel_average.jl:305
│     [11] _run_batch_operation(process_fn::EegFun.var"#326#327"{EegFun.var"#conditions##2#conditions##3"{Vector{Int64}}, Bool, Vector{EegFun.var"#channels##2#channels##3"{Vector{Symbol}}}}, files::Vector{String}, input_dir::String, output_dir::String; operation_name::String)
│        @ EegFun ~/Documents/Julia/EegFun.jl/src/utils/batch.jl:337
│     [12] channel_average(file_pattern::String, channel_selections::Vector{EegFun.var"#channels##2#channels##3"{Vector{Symbol}}}; output_labels::Nothing, input_dir::String, participant_selection::Function, condition_selection::Function, output_dir::String, reduce::Bool)
│        @ EegFun ~/Documents/Julia/EegFun.jl/src/analysis/processing/channel_average.jl:315
│     [13] top-level scope
│        @ ~/Documents/Julia/EegFun.jl/test/automatic/channel_average.jl:106
│     [14] macro expansion
│        @ ~/.julia/juliaup/julia-1.12.4+0.x64.linux.gnu/share/julia/stdlib/v1.12/Test/src/Test.jl:1776 [inlined]
│     [15] macro expansion
│        @ ~/Documents/Julia/EegFun.jl/test/automatic/channel_average.jl:260 [inlined]
│     [16] macro expansion
│        @ ~/.julia/juliaup/julia-1.12.4+0.x64.linux.gnu/share/julia/stdlib/v1.12/Test/src/Test.jl:1776 [inlined]
│     [17] macro expansion
│        @ ~/Documents/Julia/EegFun.jl/test/automatic/channel_average.jl:262 [inlined]
│     [18] include(mapexpr::Function, mod::Module, _path::String)
│        @ Base ./Base.jl:307
│     [19] top-level scope
│        @ ~/Documents/Julia/EegFun.jl/test/runtests.jl:22
│     [20] macro expansion
│        @ ~/.julia/juliaup/julia-1.12.4+0.x64.linux.gnu/share/julia/stdlib/v1.12/Test/src/Test.jl:1776 [inlined]
│     [21] macro expansion
│        @ ~/Documents/Julia/EegFun.jl/test/runtests.jl:26 [inlined]
│     [22] include(mod::Module, _path::String)
│        @ Base ./Base.jl:306
│     [23] exec_options(opts::Base.JLOptions)
│        @ Base ./client.jl:317
│     [24] _start()
│        @ Base ./client.jl:550
└ @ EegFun ~/Documents/Julia/EegFun.jl/src/utils/batch.jl:339
[ Warning:   ✗ Exception: ArgumentError: Layout must contain :inc and :azi columns
[ Info: Averaging channels: 2_erps_cleaned.jld2 (2/2)
[ Info: channel_average!: Ch1, Ch2 → :avg_1
[ Info: Converting polar coordinates to 3D Cartesian coordinates
┌ Error: Error processing 2_erps_cleaned.jld2
│   exception =
│    ArgumentError: Layout must contain :inc and :azi columns
│    Stacktrace:
│      [1] polar_to_cartesian_xyz!(layout::EegFun.Layout)
│        @ EegFun ~/Documents/Julia/EegFun.jl/src/layouts/layout.jl:277
│      [2] _ensure_coordinates_3d!(layout::EegFun.Layout)
│        @ EegFun ~/Documents/Julia/EegFun.jl/src/layouts/layout.jl:193
│      [3] _ensure_all_coordinates!
│        @ ~/Documents/Julia/EegFun.jl/src/analysis/processing/channel_average.jl:385 [inlined]
│      [4] _layout_from_groups(layout::EegFun.Layout, channel_groups::Vector{Vector{Symbol}}, labels::Vector{Symbol})
│        @ EegFun ~/Documents/Julia/EegFun.jl/src/analysis/processing/channel_average.jl:357
│      [5] channel_average!(dat::EegFun.ErpData; channel_selections::Vector{EegFun.var"#channels##2#channels##3"{Vector{Symbol}}}, output_labels::Vector{Symbol}, include_extra::Bool, reduce::Bool)
│        @ EegFun ~/Documents/Julia/EegFun.jl/src/analysis/processing/channel_average.jl:129
│      [6] channel_average!
│        @ ~/Documents/Julia/EegFun.jl/src/analysis/processing/channel_average.jl:39 [inlined]
│      [7] #_process_channel_average_file##0
│        @ ~/Documents/Julia/EegFun.jl/src/analysis/processing/channel_average.jl:194 [inlined]
│      [8] foreach(f::EegFun.var"#_process_channel_average_file##0#_process_channel_average_file##1"{Vector{EegFun.var"#channels##2#channels##3"{Vector{Symbol}}}, Vector{Symbol}, Bool}, itr::Vector{EegFun.ErpData})
│        @ Base ./abstractarray.jl:3188
│      [9] _process_channel_average_file(filepath::String, output_path::String, channel_selections::Vector{EegFun.var"#channels##2#channels##3"{Vector{Symbol}}}, output_labels::Vector{Symbol}, condition_selection::Function, reduce::Bool)
│        @ EegFun ~/Documents/Julia/EegFun.jl/src/analysis/processing/channel_average.jl:193
│     [10] (::EegFun.var"#326#327"{EegFun.var"#conditions##2#conditions##3"{Vector{Int64}}, Bool, Vector{EegFun.var"#channels##2#channels##3"{Vector{Symbol}}}})(input_path::String, output_path::String)
│        @ EegFun ~/Documents/Julia/EegFun.jl/src/analysis/processing/channel_average.jl:305
│     [11] _run_batch_operation(process_fn::EegFun.var"#326#327"{EegFun.var"#conditions##2#conditions##3"{Vector{Int64}}, Bool, Vector{EegFun.var"#channels##2#channels##3"{Vector{Symbol}}}}, files::Vector{String}, input_dir::String, output_dir::String; operation_name::String)
│        @ EegFun ~/Documents/Julia/EegFun.jl/src/utils/batch.jl:337
│     [12] channel_average(file_pattern::String, channel_selections::Vector{EegFun.var"#channels##2#channels##3"{Vector{Symbol}}}; output_labels::Nothing, input_dir::String, participant_selection::Function, condition_selection::Function, output_dir::String, reduce::Bool)
│        @ EegFun ~/Documents/Julia/EegFun.jl/src/analysis/processing/channel_average.jl:315
│     [13] top-level scope
│        @ ~/Documents/Julia/EegFun.jl/test/automatic/channel_average.jl:106
│     [14] macro expansion
│        @ ~/.julia/juliaup/julia-1.12.4+0.x64.linux.gnu/share/julia/stdlib/v1.12/Test/src/Test.jl:1776 [inlined]
│     [15] macro expansion
│        @ ~/Documents/Julia/EegFun.jl/test/automatic/channel_average.jl:260 [inlined]
│     [16] macro expansion
│        @ ~/.julia/juliaup/julia-1.12.4+0.x64.linux.gnu/share/julia/stdlib/v1.12/Test/src/Test.jl:1776 [inlined]
│     [17] macro expansion
│        @ ~/Documents/Julia/EegFun.jl/test/automatic/channel_average.jl:262 [inlined]
│     [18] include(mapexpr::Function, mod::Module, _path::String)
│        @ Base ./Base.jl:307
│     [19] top-level scope
│        @ ~/Documents/Julia/EegFun.jl/test/runtests.jl:22
│     [20] macro expansion
│        @ ~/.julia/juliaup/julia-1.12.4+0.x64.linux.gnu/share/julia/stdlib/v1.12/Test/src/Test.jl:1776 [inlined]
│     [21] macro expansion
│        @ ~/Documents/Julia/EegFun.jl/test/runtests.jl:26 [inlined]
│     [22] include(mod::Module, _path::String)
│        @ Base ./Base.jl:306
│     [23] exec_options(opts::Base.JLOptions)
│        @ Base ./client.jl:317
│     [24] _start()
│        @ Base ./client.jl:550
└ @ EegFun ~/Documents/Julia/EegFun.jl/src/utils/batch.jl:339
[ Warning:   ✗ Exception: ArgumentError: Layout must contain :inc and :azi columns
[ Info: 
[ Info: Batch operation complete! Processed 0 files successfully, 2 errors
[ Info: Output saved to: /tmp/jl_85Q8oG/combined_multi_conditions
Average multiple conditions: Test Failed at /home/ian/Documents/Julia/EegFun.jl/test/automatic/channel_average.jl:270
  Expression: result.success == 2
   Evaluated: 0 == 2

Stacktrace:
 [1] top-level scope
   @ ~/Documents/Julia/EegFun.jl/test/automatic/channel_average.jl:106
 [2] macro expansion
   @ ~/.julia/juliaup/julia-1.12.4+0.x64.linux.gnu/share/julia/stdlib/v1.12/Test/src/Test.jl:1776 [inlined]
 [3] macro expansion
   @ ~/Documents/Julia/EegFun.jl/test/automatic/channel_average.jl:260 [inlined]
 [4] macro expansion
   @ ~/.julia/juliaup/julia-1.12.4+0.x64.linux.gnu/share/julia/stdlib/v1.12/Test/src/Test.jl:1776 [inlined]
 [5] macro expansion
   @ ~/Documents/Julia/EegFun.jl/test/automatic/channel_average.jl:270 [inlined]
 [6] macro expansion
   @ ~/.julia/juliaup/julia-1.12.4+0.x64.linux.gnu/share/julia/stdlib/v1.12/Test/src/Test.jl:680 [inlined]
Average multiple conditions: Error During Test at /home/ian/Documents/Julia/EegFun.jl/test/automatic/channel_average.jl:259
  Got exception outside of a @test
  ArgumentError: No file exists at given path: /tmp/jl_85Q8oG/combined_multi_conditions/1_erps_cleaned.jld2
  Stacktrace:
    [1] checkpath_load
      @ ~/.julia/packages/FileIO/EI2b8/src/loadsave.jl:167 [inlined]
    [2] load(file::String, args::String; options::@Kwargs{})
      @ FileIO ~/.julia/packages/FileIO/EI2b8/src/loadsave.jl:110
    [3] load(file::String, args::String)
      @ FileIO ~/.julia/packages/FileIO/EI2b8/src/loadsave.jl:109
    [4] top-level scope
      @ ~/Documents/Julia/EegFun.jl/test/automatic/channel_average.jl:106
    [5] macro expansion
      @ ~/.julia/juliaup/julia-1.12.4+0.x64.linux.gnu/share/julia/stdlib/v1.12/Test/src/Test.jl:1776 [inlined]
    [6] macro expansion
      @ ~/Documents/Julia/EegFun.jl/test/automatic/channel_average.jl:260 [inlined]
    [7] macro expansion
      @ ~/.julia/juliaup/julia-1.12.4+0.x64.linux.gnu/share/julia/stdlib/v1.12/Test/src/Test.jl:1776 [inlined]
    [8] macro expansion
      @ ~/Documents/Julia/EegFun.jl/test/automatic/channel_average.jl:272 [inlined]
    [9] include(mapexpr::Function, mod::Module, _path::String)
      @ Base ./Base.jl:307
   [10] top-level scope
      @ ~/Documents/Julia/EegFun.jl/test/runtests.jl:22
   [11] macro expansion
      @ ~/.julia/juliaup/julia-1.12.4+0.x64.linux.gnu/share/julia/stdlib/v1.12/Test/src/Test.jl:1776 [inlined]
   [12] macro expansion
      @ ~/Documents/Julia/EegFun.jl/test/runtests.jl:26 [inlined]
   [13] include(mod::Module, _path::String)
      @ Base ./Base.jl:306
   [14] exec_options(opts::Base.JLOptions)
      @ Base ./client.jl:317
   [15] _start()
      @ Base ./client.jl:550
[ Info: Batch channel averaging started at 2026-01-27T08:55:18.539
[ Info: Function call: rand(rng)
[ Error: Error: Input directory does not exist: /nonexistent/path
[ Info: Batch channel averaging started at 2026-01-27T08:55:18.657
[ Info: Function call: rand(rng)
[ Error: Error: Number of output_labels (1) must match number of channel_selections (2)
[ Info: Batch channel averaging started at 2026-01-27T08:55:18.668
[ Info: Function call: rand(rng)
[ Warning: No JLD2 files found matching pattern 'erps_cleaned' in /tmp/jl_85Q8oG/empty_match
[ Info: Batch channel averaging started at 2026-01-27T08:55:18.671
[ Info: Function call: rand(rng)
[ Info: Found 2 JLD2 files matching pattern 'erps_cleaned'
[ Info: Channel selections: 1 group(s)
[ Info: Output labels: [:avg_1]
[ Info: Reduce mode: false
[ Info: Averaging channels: 1_erps_cleaned.jld2 (1/2)
[ Info: channel_average!: Ch1, Ch2 → :avg_1
[ Info: Converting polar coordinates to 3D Cartesian coordinates
┌ Error: Error processing 1_erps_cleaned.jld2
│   exception =
│    ArgumentError: Layout must contain :inc and :azi columns
│    Stacktrace:
│      [1] polar_to_cartesian_xyz!(layout::EegFun.Layout)
│        @ EegFun ~/Documents/Julia/EegFun.jl/src/layouts/layout.jl:277
│      [2] _ensure_coordinates_3d!(layout::EegFun.Layout)
│        @ EegFun ~/Documents/Julia/EegFun.jl/src/layouts/layout.jl:193
│      [3] _ensure_all_coordinates!
│        @ ~/Documents/Julia/EegFun.jl/src/analysis/processing/channel_average.jl:385 [inlined]
│      [4] _layout_from_groups(layout::EegFun.Layout, channel_groups::Vector{Vector{Symbol}}, labels::Vector{Symbol})
│        @ EegFun ~/Documents/Julia/EegFun.jl/src/analysis/processing/channel_average.jl:357
│      [5] channel_average!(dat::EegFun.ErpData; channel_selections::Vector{EegFun.var"#channels##2#channels##3"{Vector{Symbol}}}, output_labels::Vector{Symbol}, include_extra::Bool, reduce::Bool)
│        @ EegFun ~/Documents/Julia/EegFun.jl/src/analysis/processing/channel_average.jl:129
│      [6] channel_average!
│        @ ~/Documents/Julia/EegFun.jl/src/analysis/processing/channel_average.jl:39 [inlined]
│      [7] #_process_channel_average_file##0
│        @ ~/Documents/Julia/EegFun.jl/src/analysis/processing/channel_average.jl:194 [inlined]
│      [8] foreach(f::EegFun.var"#_process_channel_average_file##0#_process_channel_average_file##1"{Vector{EegFun.var"#channels##2#channels##3"{Vector{Symbol}}}, Vector{Symbol}, Bool}, itr::Vector{EegFun.ErpData})
│        @ Base ./abstractarray.jl:3188
│      [9] _process_channel_average_file(filepath::String, output_path::String, channel_selections::Vector{EegFun.var"#channels##2#channels##3"{Vector{Symbol}}}, output_labels::Vector{Symbol}, condition_selection::Function, reduce::Bool)
│        @ EegFun ~/Documents/Julia/EegFun.jl/src/analysis/processing/channel_average.jl:193
│     [10] (::EegFun.var"#326#327"{EegFun.var"#conditions##0#conditions##1", Bool, Vector{EegFun.var"#channels##2#channels##3"{Vector{Symbol}}}})(input_path::String, output_path::String)
│        @ EegFun ~/Documents/Julia/EegFun.jl/src/analysis/processing/channel_average.jl:305
│     [11] _run_batch_operation(process_fn::EegFun.var"#326#327"{EegFun.var"#conditions##0#conditions##1", Bool, Vector{EegFun.var"#channels##2#channels##3"{Vector{Symbol}}}}, files::Vector{String}, input_dir::String, output_dir::String; operation_name::String)
│        @ EegFun ~/Documents/Julia/EegFun.jl/src/utils/batch.jl:337
│     [12] channel_average(file_pattern::String, channel_selections::Vector{EegFun.var"#channels##2#channels##3"{Vector{Symbol}}}; output_labels::Nothing, input_dir::String, participant_selection::Function, condition_selection::Function, output_dir::String, reduce::Bool)
│        @ EegFun ~/Documents/Julia/EegFun.jl/src/analysis/processing/channel_average.jl:315
│     [13] top-level scope
│        @ ~/Documents/Julia/EegFun.jl/test/automatic/channel_average.jl:106
│     [14] macro expansion
│        @ ~/.julia/juliaup/julia-1.12.4+0.x64.linux.gnu/share/julia/stdlib/v1.12/Test/src/Test.jl:1776 [inlined]
│     [15] macro expansion
│        @ ~/Documents/Julia/EegFun.jl/test/automatic/channel_average.jl:299 [inlined]
│     [16] macro expansion
│        @ ~/.julia/juliaup/julia-1.12.4+0.x64.linux.gnu/share/julia/stdlib/v1.12/Test/src/Test.jl:1776 [inlined]
│     [17] macro expansion
│        @ ~/Documents/Julia/EegFun.jl/test/automatic/channel_average.jl:301 [inlined]
│     [18] include(mapexpr::Function, mod::Module, _path::String)
│        @ Base ./Base.jl:307
│     [19] top-level scope
│        @ ~/Documents/Julia/EegFun.jl/test/runtests.jl:22
│     [20] macro expansion
│        @ ~/.julia/juliaup/julia-1.12.4+0.x64.linux.gnu/share/julia/stdlib/v1.12/Test/src/Test.jl:1776 [inlined]
│     [21] macro expansion
│        @ ~/Documents/Julia/EegFun.jl/test/runtests.jl:26 [inlined]
│     [22] include(mod::Module, _path::String)
│        @ Base ./Base.jl:306
│     [23] exec_options(opts::Base.JLOptions)
│        @ Base ./client.jl:317
│     [24] _start()
│        @ Base ./client.jl:550
└ @ EegFun ~/Documents/Julia/EegFun.jl/src/utils/batch.jl:339
[ Warning:   ✗ Exception: ArgumentError: Layout must contain :inc and :azi columns
[ Info: Averaging channels: 2_erps_cleaned.jld2 (2/2)
[ Info: channel_average!: Ch1, Ch2 → :avg_1
[ Info: Converting polar coordinates to 3D Cartesian coordinates
┌ Error: Error processing 2_erps_cleaned.jld2
│   exception =
│    ArgumentError: Layout must contain :inc and :azi columns
│    Stacktrace:
│      [1] polar_to_cartesian_xyz!(layout::EegFun.Layout)
│        @ EegFun ~/Documents/Julia/EegFun.jl/src/layouts/layout.jl:277
│      [2] _ensure_coordinates_3d!(layout::EegFun.Layout)
│        @ EegFun ~/Documents/Julia/EegFun.jl/src/layouts/layout.jl:193
│      [3] _ensure_all_coordinates!
│        @ ~/Documents/Julia/EegFun.jl/src/analysis/processing/channel_average.jl:385 [inlined]
│      [4] _layout_from_groups(layout::EegFun.Layout, channel_groups::Vector{Vector{Symbol}}, labels::Vector{Symbol})
│        @ EegFun ~/Documents/Julia/EegFun.jl/src/analysis/processing/channel_average.jl:357
│      [5] channel_average!(dat::EegFun.ErpData; channel_selections::Vector{EegFun.var"#channels##2#channels##3"{Vector{Symbol}}}, output_labels::Vector{Symbol}, include_extra::Bool, reduce::Bool)
│        @ EegFun ~/Documents/Julia/EegFun.jl/src/analysis/processing/channel_average.jl:129
│      [6] channel_average!
│        @ ~/Documents/Julia/EegFun.jl/src/analysis/processing/channel_average.jl:39 [inlined]
│      [7] #_process_channel_average_file##0
│        @ ~/Documents/Julia/EegFun.jl/src/analysis/processing/channel_average.jl:194 [inlined]
│      [8] foreach(f::EegFun.var"#_process_channel_average_file##0#_process_channel_average_file##1"{Vector{EegFun.var"#channels##2#channels##3"{Vector{Symbol}}}, Vector{Symbol}, Bool}, itr::Vector{EegFun.ErpData})
│        @ Base ./abstractarray.jl:3188
│      [9] _process_channel_average_file(filepath::String, output_path::String, channel_selections::Vector{EegFun.var"#channels##2#channels##3"{Vector{Symbol}}}, output_labels::Vector{Symbol}, condition_selection::Function, reduce::Bool)
│        @ EegFun ~/Documents/Julia/EegFun.jl/src/analysis/processing/channel_average.jl:193
│     [10] (::EegFun.var"#326#327"{EegFun.var"#conditions##0#conditions##1", Bool, Vector{EegFun.var"#channels##2#channels##3"{Vector{Symbol}}}})(input_path::String, output_path::String)
│        @ EegFun ~/Documents/Julia/EegFun.jl/src/analysis/processing/channel_average.jl:305
│     [11] _run_batch_operation(process_fn::EegFun.var"#326#327"{EegFun.var"#conditions##0#conditions##1", Bool, Vector{EegFun.var"#channels##2#channels##3"{Vector{Symbol}}}}, files::Vector{String}, input_dir::String, output_dir::String; operation_name::String)
│        @ EegFun ~/Documents/Julia/EegFun.jl/src/utils/batch.jl:337
│     [12] channel_average(file_pattern::String, channel_selections::Vector{EegFun.var"#channels##2#channels##3"{Vector{Symbol}}}; output_labels::Nothing, input_dir::String, participant_selection::Function, condition_selection::Function, output_dir::String, reduce::Bool)
│        @ EegFun ~/Documents/Julia/EegFun.jl/src/analysis/processing/channel_average.jl:315
│     [13] top-level scope
│        @ ~/Documents/Julia/EegFun.jl/test/automatic/channel_average.jl:106
│     [14] macro expansion
│        @ ~/.julia/juliaup/julia-1.12.4+0.x64.linux.gnu/share/julia/stdlib/v1.12/Test/src/Test.jl:1776 [inlined]
│     [15] macro expansion
│        @ ~/Documents/Julia/EegFun.jl/test/automatic/channel_average.jl:299 [inlined]
│     [16] macro expansion
│        @ ~/.julia/juliaup/julia-1.12.4+0.x64.linux.gnu/share/julia/stdlib/v1.12/Test/src/Test.jl:1776 [inlined]
│     [17] macro expansion
│        @ ~/Documents/Julia/EegFun.jl/test/automatic/channel_average.jl:301 [inlined]
│     [18] include(mapexpr::Function, mod::Module, _path::String)
│        @ Base ./Base.jl:307
│     [19] top-level scope
│        @ ~/Documents/Julia/EegFun.jl/test/runtests.jl:22
│     [20] macro expansion
│        @ ~/.julia/juliaup/julia-1.12.4+0.x64.linux.gnu/share/julia/stdlib/v1.12/Test/src/Test.jl:1776 [inlined]
│     [21] macro expansion
│        @ ~/Documents/Julia/EegFun.jl/test/runtests.jl:26 [inlined]
│     [22] include(mod::Module, _path::String)
│        @ Base ./Base.jl:306
│     [23] exec_options(opts::Base.JLOptions)
│        @ Base ./client.jl:317
│     [24] _start()
│        @ Base ./client.jl:550
└ @ EegFun ~/Documents/Julia/EegFun.jl/src/utils/batch.jl:339
[ Warning:   ✗ Exception: ArgumentError: Layout must contain :inc and :azi columns
[ Info: 
[ Info: Batch operation complete! Processed 0 files successfully, 2 errors
[ Info: Output saved to: /tmp/jl_85Q8oG/combined_with_log
[ Info: Batch channel averaging started at 2026-01-27T08:55:18.707
[ Info: Function call: rand(rng)
[ Info: Found 2 JLD2 files matching pattern 'erps_cleaned'
[ Info: Channel selections: 1 group(s)
[ Info: Output labels: [:avg_1]
[ Info: Reduce mode: false
[ Info: Averaging channels: 1_erps_cleaned.jld2 (1/2)
[ Info: channel_average!: Ch1, Ch2 → :avg_1
[ Info: Converting polar coordinates to 3D Cartesian coordinates
┌ Error: Error processing 1_erps_cleaned.jld2
│   exception =
│    ArgumentError: Layout must contain :inc and :azi columns
│    Stacktrace:
│      [1] polar_to_cartesian_xyz!(layout::EegFun.Layout)
│        @ EegFun ~/Documents/Julia/EegFun.jl/src/layouts/layout.jl:277
│      [2] _ensure_coordinates_3d!(layout::EegFun.Layout)
│        @ EegFun ~/Documents/Julia/EegFun.jl/src/layouts/layout.jl:193
│      [3] _ensure_all_coordinates!
│        @ ~/Documents/Julia/EegFun.jl/src/analysis/processing/channel_average.jl:385 [inlined]
│      [4] _layout_from_groups(layout::EegFun.Layout, channel_groups::Vector{Vector{Symbol}}, labels::Vector{Symbol})
│        @ EegFun ~/Documents/Julia/EegFun.jl/src/analysis/processing/channel_average.jl:357
│      [5] channel_average!(dat::EegFun.ErpData; channel_selections::Vector{EegFun.var"#channels##2#channels##3"{Vector{Symbol}}}, output_labels::Vector{Symbol}, include_extra::Bool, reduce::Bool)
│        @ EegFun ~/Documents/Julia/EegFun.jl/src/analysis/processing/channel_average.jl:129
│      [6] channel_average!
│        @ ~/Documents/Julia/EegFun.jl/src/analysis/processing/channel_average.jl:39 [inlined]
│      [7] #_process_channel_average_file##0
│        @ ~/Documents/Julia/EegFun.jl/src/analysis/processing/channel_average.jl:194 [inlined]
│      [8] foreach(f::EegFun.var"#_process_channel_average_file##0#_process_channel_average_file##1"{Vector{EegFun.var"#channels##2#channels##3"{Vector{Symbol}}}, Vector{Symbol}, Bool}, itr::Vector{EegFun.ErpData})
│        @ Base ./abstractarray.jl:3188
│      [9] _process_channel_average_file(filepath::String, output_path::String, channel_selections::Vector{EegFun.var"#channels##2#channels##3"{Vector{Symbol}}}, output_labels::Vector{Symbol}, condition_selection::Function, reduce::Bool)
│        @ EegFun ~/Documents/Julia/EegFun.jl/src/analysis/processing/channel_average.jl:193
│     [10] (::EegFun.var"#326#327"{EegFun.var"#conditions##0#conditions##1", Bool, Vector{EegFun.var"#channels##2#channels##3"{Vector{Symbol}}}})(input_path::String, output_path::String)
│        @ EegFun ~/Documents/Julia/EegFun.jl/src/analysis/processing/channel_average.jl:305
│     [11] _run_batch_operation(process_fn::EegFun.var"#326#327"{EegFun.var"#conditions##0#conditions##1", Bool, Vector{EegFun.var"#channels##2#channels##3"{Vector{Symbol}}}}, files::Vector{String}, input_dir::String, output_dir::String; operation_name::String)
│        @ EegFun ~/Documents/Julia/EegFun.jl/src/utils/batch.jl:337
│     [12] channel_average(file_pattern::String, channel_selections::Vector{EegFun.var"#channels##2#channels##3"{Vector{Symbol}}}; output_labels::Nothing, input_dir::String, participant_selection::Function, condition_selection::Function, output_dir::String, reduce::Bool)
│        @ EegFun ~/Documents/Julia/EegFun.jl/src/analysis/processing/channel_average.jl:315
│     [13] top-level scope
│        @ ~/Documents/Julia/EegFun.jl/test/automatic/channel_average.jl:106
│     [14] macro expansion
│        @ ~/.julia/juliaup/julia-1.12.4+0.x64.linux.gnu/share/julia/stdlib/v1.12/Test/src/Test.jl:1776 [inlined]
│     [15] macro expansion
│        @ ~/Documents/Julia/EegFun.jl/test/automatic/channel_average.jl:312 [inlined]
│     [16] macro expansion
│        @ ~/.julia/juliaup/julia-1.12.4+0.x64.linux.gnu/share/julia/stdlib/v1.12/Test/src/Test.jl:1776 [inlined]
│     [17] macro expansion
│        @ ~/Documents/Julia/EegFun.jl/test/automatic/channel_average.jl:318 [inlined]
│     [18] include(mapexpr::Function, mod::Module, _path::String)
│        @ Base ./Base.jl:307
│     [19] top-level scope
│        @ ~/Documents/Julia/EegFun.jl/test/runtests.jl:22
│     [20] macro expansion
│        @ ~/.julia/juliaup/julia-1.12.4+0.x64.linux.gnu/share/julia/stdlib/v1.12/Test/src/Test.jl:1776 [inlined]
│     [21] macro expansion
│        @ ~/Documents/Julia/EegFun.jl/test/runtests.jl:26 [inlined]
│     [22] include(mod::Module, _path::String)
│        @ Base ./Base.jl:306
│     [23] exec_options(opts::Base.JLOptions)
│        @ Base ./client.jl:317
│     [24] _start()
│        @ Base ./client.jl:550
└ @ EegFun ~/Documents/Julia/EegFun.jl/src/utils/batch.jl:339
[ Warning:   ✗ Exception: ArgumentError: Layout must contain :inc and :azi columns
[ Info: Averaging channels: 2_erps_cleaned.jld2 (2/2)
[ Info: channel_average!: Ch1, Ch2 → :avg_1
[ Info: Converting polar coordinates to 3D Cartesian coordinates
┌ Error: Error processing 2_erps_cleaned.jld2
│   exception =
│    ArgumentError: Layout must contain :inc and :azi columns
│    Stacktrace:
│      [1] polar_to_cartesian_xyz!(layout::EegFun.Layout)
│        @ EegFun ~/Documents/Julia/EegFun.jl/src/layouts/layout.jl:277
│      [2] _ensure_coordinates_3d!(layout::EegFun.Layout)
│        @ EegFun ~/Documents/Julia/EegFun.jl/src/layouts/layout.jl:193
│      [3] _ensure_all_coordinates!
│        @ ~/Documents/Julia/EegFun.jl/src/analysis/processing/channel_average.jl:385 [inlined]
│      [4] _layout_from_groups(layout::EegFun.Layout, channel_groups::Vector{Vector{Symbol}}, labels::Vector{Symbol})
│        @ EegFun ~/Documents/Julia/EegFun.jl/src/analysis/processing/channel_average.jl:357
│      [5] channel_average!(dat::EegFun.ErpData; channel_selections::Vector{EegFun.var"#channels##2#channels##3"{Vector{Symbol}}}, output_labels::Vector{Symbol}, include_extra::Bool, reduce::Bool)
│        @ EegFun ~/Documents/Julia/EegFun.jl/src/analysis/processing/channel_average.jl:129
│      [6] channel_average!
│        @ ~/Documents/Julia/EegFun.jl/src/analysis/processing/channel_average.jl:39 [inlined]
│      [7] #_process_channel_average_file##0
│        @ ~/Documents/Julia/EegFun.jl/src/analysis/processing/channel_average.jl:194 [inlined]
│      [8] foreach(f::EegFun.var"#_process_channel_average_file##0#_process_channel_average_file##1"{Vector{EegFun.var"#channels##2#channels##3"{Vector{Symbol}}}, Vector{Symbol}, Bool}, itr::Vector{EegFun.ErpData})
│        @ Base ./abstractarray.jl:3188
│      [9] _process_channel_average_file(filepath::String, output_path::String, channel_selections::Vector{EegFun.var"#channels##2#channels##3"{Vector{Symbol}}}, output_labels::Vector{Symbol}, condition_selection::Function, reduce::Bool)
│        @ EegFun ~/Documents/Julia/EegFun.jl/src/analysis/processing/channel_average.jl:193
│     [10] (::EegFun.var"#326#327"{EegFun.var"#conditions##0#conditions##1", Bool, Vector{EegFun.var"#channels##2#channels##3"{Vector{Symbol}}}})(input_path::String, output_path::String)
│        @ EegFun ~/Documents/Julia/EegFun.jl/src/analysis/processing/channel_average.jl:305
│     [11] _run_batch_operation(process_fn::EegFun.var"#326#327"{EegFun.var"#conditions##0#conditions##1", Bool, Vector{EegFun.var"#channels##2#channels##3"{Vector{Symbol}}}}, files::Vector{String}, input_dir::String, output_dir::String; operation_name::String)
│        @ EegFun ~/Documents/Julia/EegFun.jl/src/utils/batch.jl:337
│     [12] channel_average(file_pattern::String, channel_selections::Vector{EegFun.var"#channels##2#channels##3"{Vector{Symbol}}}; output_labels::Nothing, input_dir::String, participant_selection::Function, condition_selection::Function, output_dir::String, reduce::Bool)
│        @ EegFun ~/Documents/Julia/EegFun.jl/src/analysis/processing/channel_average.jl:315
│     [13] top-level scope
│        @ ~/Documents/Julia/EegFun.jl/test/automatic/channel_average.jl:106
│     [14] macro expansion
│        @ ~/.julia/juliaup/julia-1.12.4+0.x64.linux.gnu/share/julia/stdlib/v1.12/Test/src/Test.jl:1776 [inlined]
│     [15] macro expansion
│        @ ~/Documents/Julia/EegFun.jl/test/automatic/channel_average.jl:312 [inlined]
│     [16] macro expansion
│        @ ~/.julia/juliaup/julia-1.12.4+0.x64.linux.gnu/share/julia/stdlib/v1.12/Test/src/Test.jl:1776 [inlined]
│     [17] macro expansion
│        @ ~/Documents/Julia/EegFun.jl/test/automatic/channel_average.jl:318 [inlined]
│     [18] include(mapexpr::Function, mod::Module, _path::String)
│        @ Base ./Base.jl:307
│     [19] top-level scope
│        @ ~/Documents/Julia/EegFun.jl/test/runtests.jl:22
│     [20] macro expansion
│        @ ~/.julia/juliaup/julia-1.12.4+0.x64.linux.gnu/share/julia/stdlib/v1.12/Test/src/Test.jl:1776 [inlined]
│     [21] macro expansion
│        @ ~/Documents/Julia/EegFun.jl/test/runtests.jl:26 [inlined]
│     [22] include(mod::Module, _path::String)
│        @ Base ./Base.jl:306
│     [23] exec_options(opts::Base.JLOptions)
│        @ Base ./client.jl:317
│     [24] _start()
│        @ Base ./client.jl:550
└ @ EegFun ~/Documents/Julia/EegFun.jl/src/utils/batch.jl:339
[ Warning:   ✗ Exception: ArgumentError: Layout must contain :inc and :azi columns
[ Info: 
[ Info: Batch operation complete! Processed 0 files successfully, 2 errors
[ Info: Output saved to: /tmp/jl_85Q8oG/existing_output_combine
Existing output directory: Test Failed at /home/ian/Documents/Julia/EegFun.jl/test/automatic/channel_average.jl:321
  Expression: isfile(joinpath(output_dir, "1_erps_cleaned.jld2"))

Stacktrace:
 [1] top-level scope
   @ ~/Documents/Julia/EegFun.jl/test/automatic/channel_average.jl:106
 [2] macro expansion
   @ ~/.julia/juliaup/julia-1.12.4+0.x64.linux.gnu/share/julia/stdlib/v1.12/Test/src/Test.jl:1776 [inlined]
 [3] macro expansion
   @ ~/Documents/Julia/EegFun.jl/test/automatic/channel_average.jl:312 [inlined]
 [4] macro expansion
   @ ~/.julia/juliaup/julia-1.12.4+0.x64.linux.gnu/share/julia/stdlib/v1.12/Test/src/Test.jl:1776 [inlined]
 [5] macro expansion
   @ ~/Documents/Julia/EegFun.jl/test/automatic/channel_average.jl:321 [inlined]
 [6] macro expansion
   @ ~/.julia/juliaup/julia-1.12.4+0.x64.linux.gnu/share/julia/stdlib/v1.12/Test/src/Test.jl:680 [inlined]
Partial failures: Error During Test at /home/ian/Documents/Julia/EegFun.jl/test/automatic/channel_average.jl:324
  Got exception outside of a @test
  MethodError: no method matching create_batch_test_erp_data(::Int64; n_channels::Int64)
  The function `create_batch_test_erp_data` exists, but no method is defined for this combination of argument types.
  
  Closest candidates are:
    create_batch_test_erp_data(; n_conditions, fs, n_channels, seed)
     @ Main ~/Documents/Julia/EegFun.jl/test/test_utils.jl:143
  
  Stacktrace:
    [1] top-level scope
      @ ~/Documents/Julia/EegFun.jl/test/automatic/channel_average.jl:106
    [2] macro expansion
      @ ~/.julia/juliaup/julia-1.12.4+0.x64.linux.gnu/share/julia/stdlib/v1.12/Test/src/Test.jl:1776 [inlined]
    [3] macro expansion
      @ ~/Documents/Julia/EegFun.jl/test/automatic/channel_average.jl:325 [inlined]
    [4] macro expansion
      @ ~/.julia/juliaup/julia-1.12.4+0.x64.linux.gnu/share/julia/stdlib/v1.12/Test/src/Test.jl:1776 [inlined]
    [5] macro expansion
      @ ~/Documents/Julia/EegFun.jl/test/automatic/channel_average.jl:329 [inlined]
    [6] include(mapexpr::Function, mod::Module, _path::String)
      @ Base ./Base.jl:307
    [7] top-level scope
      @ ~/Documents/Julia/EegFun.jl/test/runtests.jl:22
    [8] macro expansion
      @ ~/.julia/juliaup/julia-1.12.4+0.x64.linux.gnu/share/julia/stdlib/v1.12/Test/src/Test.jl:1776 [inlined]
    [9] macro expansion
      @ ~/Documents/Julia/EegFun.jl/test/runtests.jl:26 [inlined]
   [10] include(mod::Module, _path::String)
      @ Base ./Base.jl:306
   [11] exec_options(opts::Base.JLOptions)
      @ Base ./client.jl:317
   [12] _start()
      @ Base ./client.jl:550
[ Info: Batch channel averaging started at 2026-01-27T08:55:18.783
[ Info: Function call: rand(rng)
[ Info: Found 2 JLD2 files matching pattern 'erps_cleaned'
[ Info: Channel selections: 1 group(s)
[ Info: Output labels: [:avg_1]
[ Info: Reduce mode: false
[ Info: Averaging channels: 1_erps_cleaned.jld2 (1/2)
[ Info: channel_average!: Ch1, Ch2 → :avg_1
[ Info: Converting polar coordinates to 3D Cartesian coordinates
┌ Error: Error processing 1_erps_cleaned.jld2
│   exception =
│    ArgumentError: Layout must contain :inc and :azi columns
│    Stacktrace:
│      [1] polar_to_cartesian_xyz!(layout::EegFun.Layout)
│        @ EegFun ~/Documents/Julia/EegFun.jl/src/layouts/layout.jl:277
│      [2] _ensure_coordinates_3d!(layout::EegFun.Layout)
│        @ EegFun ~/Documents/Julia/EegFun.jl/src/layouts/layout.jl:193
│      [3] _ensure_all_coordinates!
│        @ ~/Documents/Julia/EegFun.jl/src/analysis/processing/channel_average.jl:385 [inlined]
│      [4] _layout_from_groups(layout::EegFun.Layout, channel_groups::Vector{Vector{Symbol}}, labels::Vector{Symbol})
│        @ EegFun ~/Documents/Julia/EegFun.jl/src/analysis/processing/channel_average.jl:357
│      [5] channel_average!(dat::EegFun.ErpData; channel_selections::Vector{EegFun.var"#channels##2#channels##3"{Vector{Symbol}}}, output_labels::Vector{Symbol}, include_extra::Bool, reduce::Bool)
│        @ EegFun ~/Documents/Julia/EegFun.jl/src/analysis/processing/channel_average.jl:129
│      [6] channel_average!
│        @ ~/Documents/Julia/EegFun.jl/src/analysis/processing/channel_average.jl:39 [inlined]
│      [7] #_process_channel_average_file##0
│        @ ~/Documents/Julia/EegFun.jl/src/analysis/processing/channel_average.jl:194 [inlined]
│      [8] foreach(f::EegFun.var"#_process_channel_average_file##0#_process_channel_average_file##1"{Vector{EegFun.var"#channels##2#channels##3"{Vector{Symbol}}}, Vector{Symbol}, Bool}, itr::Vector{EegFun.ErpData})
│        @ Base ./abstractarray.jl:3188
│      [9] _process_channel_average_file(filepath::String, output_path::String, channel_selections::Vector{EegFun.var"#channels##2#channels##3"{Vector{Symbol}}}, output_labels::Vector{Symbol}, condition_selection::Function, reduce::Bool)
│        @ EegFun ~/Documents/Julia/EegFun.jl/src/analysis/processing/channel_average.jl:193
│     [10] (::EegFun.var"#326#327"{EegFun.var"#conditions##0#conditions##1", Bool, Vector{EegFun.var"#channels##2#channels##3"{Vector{Symbol}}}})(input_path::String, output_path::String)
│        @ EegFun ~/Documents/Julia/EegFun.jl/src/analysis/processing/channel_average.jl:305
│     [11] _run_batch_operation(process_fn::EegFun.var"#326#327"{EegFun.var"#conditions##0#conditions##1", Bool, Vector{EegFun.var"#channels##2#channels##3"{Vector{Symbol}}}}, files::Vector{String}, input_dir::String, output_dir::String; operation_name::String)
│        @ EegFun ~/Documents/Julia/EegFun.jl/src/utils/batch.jl:337
│     [12] channel_average(file_pattern::String, channel_selections::Vector{EegFun.var"#channels##2#channels##3"{Vector{Symbol}}}; output_labels::Nothing, input_dir::String, participant_selection::Function, condition_selection::Function, output_dir::String, reduce::Bool)
│        @ EegFun ~/Documents/Julia/EegFun.jl/src/analysis/processing/channel_average.jl:315
│     [13] top-level scope
│        @ ~/Documents/Julia/EegFun.jl/test/automatic/channel_average.jl:106
│     [14] macro expansion
│        @ ~/.julia/juliaup/julia-1.12.4+0.x64.linux.gnu/share/julia/stdlib/v1.12/Test/src/Test.jl:1776 [inlined]
│     [15] macro expansion
│        @ ~/Documents/Julia/EegFun.jl/test/automatic/channel_average.jl:346 [inlined]
│     [16] macro expansion
│        @ ~/.julia/juliaup/julia-1.12.4+0.x64.linux.gnu/share/julia/stdlib/v1.12/Test/src/Test.jl:1776 [inlined]
│     [17] macro expansion
│        @ ~/Documents/Julia/EegFun.jl/test/automatic/channel_average.jl:348 [inlined]
│     [18] include(mapexpr::Function, mod::Module, _path::String)
│        @ Base ./Base.jl:307
│     [19] top-level scope
│        @ ~/Documents/Julia/EegFun.jl/test/runtests.jl:22
│     [20] macro expansion
│        @ ~/.julia/juliaup/julia-1.12.4+0.x64.linux.gnu/share/julia/stdlib/v1.12/Test/src/Test.jl:1776 [inlined]
│     [21] macro expansion
│        @ ~/Documents/Julia/EegFun.jl/test/runtests.jl:26 [inlined]
│     [22] include(mod::Module, _path::String)
│        @ Base ./Base.jl:306
│     [23] exec_options(opts::Base.JLOptions)
│        @ Base ./client.jl:317
│     [24] _start()
│        @ Base ./client.jl:550
└ @ EegFun ~/Documents/Julia/EegFun.jl/src/utils/batch.jl:339
[ Warning:   ✗ Exception: ArgumentError: Layout must contain :inc and :azi columns
[ Info: Averaging channels: 2_erps_cleaned.jld2 (2/2)
[ Info: channel_average!: Ch1, Ch2 → :avg_1
[ Info: Converting polar coordinates to 3D Cartesian coordinates
┌ Error: Error processing 2_erps_cleaned.jld2
│   exception =
│    ArgumentError: Layout must contain :inc and :azi columns
│    Stacktrace:
│      [1] polar_to_cartesian_xyz!(layout::EegFun.Layout)
│        @ EegFun ~/Documents/Julia/EegFun.jl/src/layouts/layout.jl:277
│      [2] _ensure_coordinates_3d!(layout::EegFun.Layout)
│        @ EegFun ~/Documents/Julia/EegFun.jl/src/layouts/layout.jl:193
│      [3] _ensure_all_coordinates!
│        @ ~/Documents/Julia/EegFun.jl/src/analysis/processing/channel_average.jl:385 [inlined]
│      [4] _layout_from_groups(layout::EegFun.Layout, channel_groups::Vector{Vector{Symbol}}, labels::Vector{Symbol})
│        @ EegFun ~/Documents/Julia/EegFun.jl/src/analysis/processing/channel_average.jl:357
│      [5] channel_average!(dat::EegFun.ErpData; channel_selections::Vector{EegFun.var"#channels##2#channels##3"{Vector{Symbol}}}, output_labels::Vector{Symbol}, include_extra::Bool, reduce::Bool)
│        @ EegFun ~/Documents/Julia/EegFun.jl/src/analysis/processing/channel_average.jl:129
│      [6] channel_average!
│        @ ~/Documents/Julia/EegFun.jl/src/analysis/processing/channel_average.jl:39 [inlined]
│      [7] #_process_channel_average_file##0
│        @ ~/Documents/Julia/EegFun.jl/src/analysis/processing/channel_average.jl:194 [inlined]
│      [8] foreach(f::EegFun.var"#_process_channel_average_file##0#_process_channel_average_file##1"{Vector{EegFun.var"#channels##2#channels##3"{Vector{Symbol}}}, Vector{Symbol}, Bool}, itr::Vector{EegFun.ErpData})
│        @ Base ./abstractarray.jl:3188
│      [9] _process_channel_average_file(filepath::String, output_path::String, channel_selections::Vector{EegFun.var"#channels##2#channels##3"{Vector{Symbol}}}, output_labels::Vector{Symbol}, condition_selection::Function, reduce::Bool)
│        @ EegFun ~/Documents/Julia/EegFun.jl/src/analysis/processing/channel_average.jl:193
│     [10] (::EegFun.var"#326#327"{EegFun.var"#conditions##0#conditions##1", Bool, Vector{EegFun.var"#channels##2#channels##3"{Vector{Symbol}}}})(input_path::String, output_path::String)
│        @ EegFun ~/Documents/Julia/EegFun.jl/src/analysis/processing/channel_average.jl:305
│     [11] _run_batch_operation(process_fn::EegFun.var"#326#327"{EegFun.var"#conditions##0#conditions##1", Bool, Vector{EegFun.var"#channels##2#channels##3"{Vector{Symbol}}}}, files::Vector{String}, input_dir::String, output_dir::String; operation_name::String)
│        @ EegFun ~/Documents/Julia/EegFun.jl/src/utils/batch.jl:337
│     [12] channel_average(file_pattern::String, channel_selections::Vector{EegFun.var"#channels##2#channels##3"{Vector{Symbol}}}; output_labels::Nothing, input_dir::String, participant_selection::Function, condition_selection::Function, output_dir::String, reduce::Bool)
│        @ EegFun ~/Documents/Julia/EegFun.jl/src/analysis/processing/channel_average.jl:315
│     [13] top-level scope
│        @ ~/Documents/Julia/EegFun.jl/test/automatic/channel_average.jl:106
│     [14] macro expansion
│        @ ~/.julia/juliaup/julia-1.12.4+0.x64.linux.gnu/share/julia/stdlib/v1.12/Test/src/Test.jl:1776 [inlined]
│     [15] macro expansion
│        @ ~/Documents/Julia/EegFun.jl/test/automatic/channel_average.jl:346 [inlined]
│     [16] macro expansion
│        @ ~/.julia/juliaup/julia-1.12.4+0.x64.linux.gnu/share/julia/stdlib/v1.12/Test/src/Test.jl:1776 [inlined]
│     [17] macro expansion
│        @ ~/Documents/Julia/EegFun.jl/test/automatic/channel_average.jl:348 [inlined]
│     [18] include(mapexpr::Function, mod::Module, _path::String)
│        @ Base ./Base.jl:307
│     [19] top-level scope
│        @ ~/Documents/Julia/EegFun.jl/test/runtests.jl:22
│     [20] macro expansion
│        @ ~/.julia/juliaup/julia-1.12.4+0.x64.linux.gnu/share/julia/stdlib/v1.12/Test/src/Test.jl:1776 [inlined]
│     [21] macro expansion
│        @ ~/Documents/Julia/EegFun.jl/test/runtests.jl:26 [inlined]
│     [22] include(mod::Module, _path::String)
│        @ Base ./Base.jl:306
│     [23] exec_options(opts::Base.JLOptions)
│        @ Base ./client.jl:317
│     [24] _start()
│        @ Base ./client.jl:550
└ @ EegFun ~/Documents/Julia/EegFun.jl/src/utils/batch.jl:339
[ Warning:   ✗ Exception: ArgumentError: Layout must contain :inc and :azi columns
[ Info: 
[ Info: Batch operation complete! Processed 0 files successfully, 2 errors
[ Info: Output saved to: /tmp/jl_85Q8oG/combined_return_check
[ Info: Batch channel averaging started at 2026-01-27T08:55:18.885
[ Info: Function call: rand(rng)
[ Info: Found 1 JLD2 files matching pattern 'erps_math'
[ Info: Channel selections: 1 group(s)
[ Info: Output labels: [:avg]
[ Info: Reduce mode: false
[ Info: Averaging channels: 1_erps_math.jld2 (1/1)
[ Info: channel_average!: Ch1, Ch2 → :avg
[ Info: Converting polar coordinates to 3D Cartesian coordinates
[ Info: Converting polar coordinates to 2D Cartesian coordinates
[ Info: Converting polar coordinates to 3D Cartesian coordinates
[ Info: Converting polar coordinates to 2D Cartesian coordinates
[ Info: Converting polar coordinates to 3D Cartesian coordinates
[ Info: Converting polar coordinates to 2D Cartesian coordinates
[ Info:   ✓ Averaged 1 channel group(s)
[ Info: 
[ Info: Batch operation complete! Processed 1 files successfully, 0 errors
[ Info: Output saved to: /tmp/jl_85Q8oG/combined_math
[ Info: Batch channel averaging started at 2026-01-27T08:55:23.261
[ Info: Function call: rand(rng)
[ Info: Found 2 JLD2 files matching pattern 'erps_cleaned'
[ Info: Channel selections: 1 group(s)
[ Info: Output labels: [:avg_1]
[ Info: Reduce mode: false
[ Info: Averaging channels: 1_erps_cleaned.jld2 (1/2)
[ Info: channel_average!: Ch1, Ch2 → :avg_1
[ Info: Converting polar coordinates to 3D Cartesian coordinates
┌ Error: Error processing 1_erps_cleaned.jld2
│   exception =
│    ArgumentError: Layout must contain :inc and :azi columns
│    Stacktrace:
│      [1] polar_to_cartesian_xyz!(layout::EegFun.Layout)
│        @ EegFun ~/Documents/Julia/EegFun.jl/src/layouts/layout.jl:277
│      [2] _ensure_coordinates_3d!(layout::EegFun.Layout)
│        @ EegFun ~/Documents/Julia/EegFun.jl/src/layouts/layout.jl:193
│      [3] _ensure_all_coordinates!
│        @ ~/Documents/Julia/EegFun.jl/src/analysis/processing/channel_average.jl:385 [inlined]
│      [4] _layout_from_groups(layout::EegFun.Layout, channel_groups::Vector{Vector{Symbol}}, labels::Vector{Symbol})
│        @ EegFun ~/Documents/Julia/EegFun.jl/src/analysis/processing/channel_average.jl:357
│      [5] channel_average!(dat::EegFun.ErpData; channel_selections::Vector{EegFun.var"#channels##2#channels##3"{Vector{Symbol}}}, output_labels::Vector{Symbol}, include_extra::Bool, reduce::Bool)
│        @ EegFun ~/Documents/Julia/EegFun.jl/src/analysis/processing/channel_average.jl:129
│      [6] channel_average!
│        @ ~/Documents/Julia/EegFun.jl/src/analysis/processing/channel_average.jl:39 [inlined]
│      [7] #_process_channel_average_file##0
│        @ ~/Documents/Julia/EegFun.jl/src/analysis/processing/channel_average.jl:194 [inlined]
│      [8] foreach(f::EegFun.var"#_process_channel_average_file##0#_process_channel_average_file##1"{Vector{EegFun.var"#channels##2#channels##3"{Vector{Symbol}}}, Vector{Symbol}, Bool}, itr::Vector{EegFun.ErpData})
│        @ Base ./abstractarray.jl:3188
│      [9] _process_channel_average_file(filepath::String, output_path::String, channel_selections::Vector{EegFun.var"#channels##2#channels##3"{Vector{Symbol}}}, output_labels::Vector{Symbol}, condition_selection::Function, reduce::Bool)
│        @ EegFun ~/Documents/Julia/EegFun.jl/src/analysis/processing/channel_average.jl:193
│     [10] (::EegFun.var"#326#327"{EegFun.var"#conditions##0#conditions##1", Bool, Vector{EegFun.var"#channels##2#channels##3"{Vector{Symbol}}}})(input_path::String, output_path::String)
│        @ EegFun ~/Documents/Julia/EegFun.jl/src/analysis/processing/channel_average.jl:305
│     [11] _run_batch_operation(process_fn::EegFun.var"#326#327"{EegFun.var"#conditions##0#conditions##1", Bool, Vector{EegFun.var"#channels##2#channels##3"{Vector{Symbol}}}}, files::Vector{String}, input_dir::String, output_dir::String; operation_name::String)
│        @ EegFun ~/Documents/Julia/EegFun.jl/src/utils/batch.jl:337
│     [12] channel_average(file_pattern::String, channel_selections::Vector{EegFun.var"#channels##2#channels##3"{Vector{Symbol}}}; output_labels::Nothing, input_dir::String, participant_selection::Function, condition_selection::Function, output_dir::String, reduce::Bool)
│        @ EegFun ~/Documents/Julia/EegFun.jl/src/analysis/processing/channel_average.jl:315
│     [13] top-level scope
│        @ ~/Documents/Julia/EegFun.jl/test/automatic/channel_average.jl:106
│     [14] macro expansion
│        @ ~/.julia/juliaup/julia-1.12.4+0.x64.linux.gnu/share/julia/stdlib/v1.12/Test/src/Test.jl:1776 [inlined]
│     [15] macro expansion
│        @ ~/Documents/Julia/EegFun.jl/test/automatic/channel_average.jl:397 [inlined]
│     [16] macro expansion
│        @ ~/.julia/juliaup/julia-1.12.4+0.x64.linux.gnu/share/julia/stdlib/v1.12/Test/src/Test.jl:1776 [inlined]
│     [17] macro expansion
│        @ ~/Documents/Julia/EegFun.jl/test/automatic/channel_average.jl:404 [inlined]
│     [18] include(mapexpr::Function, mod::Module, _path::String)
│        @ Base ./Base.jl:307
│     [19] top-level scope
│        @ ~/Documents/Julia/EegFun.jl/test/runtests.jl:22
│     [20] macro expansion
│        @ ~/.julia/juliaup/julia-1.12.4+0.x64.linux.gnu/share/julia/stdlib/v1.12/Test/src/Test.jl:1776 [inlined]
│     [21] macro expansion
│        @ ~/Documents/Julia/EegFun.jl/test/runtests.jl:26 [inlined]
│     [22] include(mod::Module, _path::String)
│        @ Base ./Base.jl:306
│     [23] exec_options(opts::Base.JLOptions)
│        @ Base ./client.jl:317
│     [24] _start()
│        @ Base ./client.jl:550
└ @ EegFun ~/Documents/Julia/EegFun.jl/src/utils/batch.jl:339
[ Warning:   ✗ Exception: ArgumentError: Layout must contain :inc and :azi columns
[ Info: Averaging channels: 2_erps_cleaned.jld2 (2/2)
[ Info: channel_average!: Ch1, Ch2 → :avg_1
[ Info: Converting polar coordinates to 3D Cartesian coordinates
┌ Error: Error processing 2_erps_cleaned.jld2
│   exception =
│    ArgumentError: Layout must contain :inc and :azi columns
│    Stacktrace:
│      [1] polar_to_cartesian_xyz!(layout::EegFun.Layout)
│        @ EegFun ~/Documents/Julia/EegFun.jl/src/layouts/layout.jl:277
│      [2] _ensure_coordinates_3d!(layout::EegFun.Layout)
│        @ EegFun ~/Documents/Julia/EegFun.jl/src/layouts/layout.jl:193
│      [3] _ensure_all_coordinates!
│        @ ~/Documents/Julia/EegFun.jl/src/analysis/processing/channel_average.jl:385 [inlined]
│      [4] _layout_from_groups(layout::EegFun.Layout, channel_groups::Vector{Vector{Symbol}}, labels::Vector{Symbol})
│        @ EegFun ~/Documents/Julia/EegFun.jl/src/analysis/processing/channel_average.jl:357
│      [5] channel_average!(dat::EegFun.ErpData; channel_selections::Vector{EegFun.var"#channels##2#channels##3"{Vector{Symbol}}}, output_labels::Vector{Symbol}, include_extra::Bool, reduce::Bool)
│        @ EegFun ~/Documents/Julia/EegFun.jl/src/analysis/processing/channel_average.jl:129
│      [6] channel_average!
│        @ ~/Documents/Julia/EegFun.jl/src/analysis/processing/channel_average.jl:39 [inlined]
│      [7] #_process_channel_average_file##0
│        @ ~/Documents/Julia/EegFun.jl/src/analysis/processing/channel_average.jl:194 [inlined]
│      [8] foreach(f::EegFun.var"#_process_channel_average_file##0#_process_channel_average_file##1"{Vector{EegFun.var"#channels##2#channels##3"{Vector{Symbol}}}, Vector{Symbol}, Bool}, itr::Vector{EegFun.ErpData})
│        @ Base ./abstractarray.jl:3188
│      [9] _process_channel_average_file(filepath::String, output_path::String, channel_selections::Vector{EegFun.var"#channels##2#channels##3"{Vector{Symbol}}}, output_labels::Vector{Symbol}, condition_selection::Function, reduce::Bool)
│        @ EegFun ~/Documents/Julia/EegFun.jl/src/analysis/processing/channel_average.jl:193
│     [10] (::EegFun.var"#326#327"{EegFun.var"#conditions##0#conditions##1", Bool, Vector{EegFun.var"#channels##2#channels##3"{Vector{Symbol}}}})(input_path::String, output_path::String)
│        @ EegFun ~/Documents/Julia/EegFun.jl/src/analysis/processing/channel_average.jl:305
│     [11] _run_batch_operation(process_fn::EegFun.var"#326#327"{EegFun.var"#conditions##0#conditions##1", Bool, Vector{EegFun.var"#channels##2#channels##3"{Vector{Symbol}}}}, files::Vector{String}, input_dir::String, output_dir::String; operation_name::String)
│        @ EegFun ~/Documents/Julia/EegFun.jl/src/utils/batch.jl:337
│     [12] channel_average(file_pattern::String, channel_selections::Vector{EegFun.var"#channels##2#channels##3"{Vector{Symbol}}}; output_labels::Nothing, input_dir::String, participant_selection::Function, condition_selection::Function, output_dir::String, reduce::Bool)
│        @ EegFun ~/Documents/Julia/EegFun.jl/src/analysis/processing/channel_average.jl:315
│     [13] top-level scope
│        @ ~/Documents/Julia/EegFun.jl/test/automatic/channel_average.jl:106
│     [14] macro expansion
│        @ ~/.julia/juliaup/julia-1.12.4+0.x64.linux.gnu/share/julia/stdlib/v1.12/Test/src/Test.jl:1776 [inlined]
│     [15] macro expansion
│        @ ~/Documents/Julia/EegFun.jl/test/automatic/channel_average.jl:397 [inlined]
│     [16] macro expansion
│        @ ~/.julia/juliaup/julia-1.12.4+0.x64.linux.gnu/share/julia/stdlib/v1.12/Test/src/Test.jl:1776 [inlined]
│     [17] macro expansion
│        @ ~/Documents/Julia/EegFun.jl/test/automatic/channel_average.jl:404 [inlined]
│     [18] include(mapexpr::Function, mod::Module, _path::String)
│        @ Base ./Base.jl:307
│     [19] top-level scope
│        @ ~/Documents/Julia/EegFun.jl/test/runtests.jl:22
│     [20] macro expansion
│        @ ~/.julia/juliaup/julia-1.12.4+0.x64.linux.gnu/share/julia/stdlib/v1.12/Test/src/Test.jl:1776 [inlined]
│     [21] macro expansion
│        @ ~/Documents/Julia/EegFun.jl/test/runtests.jl:26 [inlined]
│     [22] include(mod::Module, _path::String)
│        @ Base ./Base.jl:306
│     [23] exec_options(opts::Base.JLOptions)
│        @ Base ./client.jl:317
│     [24] _start()
│        @ Base ./client.jl:550
└ @ EegFun ~/Documents/Julia/EegFun.jl/src/utils/batch.jl:339
[ Warning:   ✗ Exception: ArgumentError: Layout must contain :inc and :azi columns
[ Info: 
[ Info: Batch operation complete! Processed 0 files successfully, 2 errors
[ Info: Output saved to: /tmp/jl_85Q8oG/combined_layout
Layout preservation: Error During Test at /home/ian/Documents/Julia/EegFun.jl/test/automatic/channel_average.jl:396
  Got exception outside of a @test
  ArgumentError: No file exists at given path: /tmp/jl_85Q8oG/combined_layout/1_erps_cleaned.jld2
  Stacktrace:
    [1] checkpath_load
      @ ~/.julia/packages/FileIO/EI2b8/src/loadsave.jl:167 [inlined]
    [2] load(file::String, args::String; options::@Kwargs{})
      @ FileIO ~/.julia/packages/FileIO/EI2b8/src/loadsave.jl:110
    [3] load(file::String, args::String)
      @ FileIO ~/.julia/packages/FileIO/EI2b8/src/loadsave.jl:109
    [4] top-level scope
      @ ~/Documents/Julia/EegFun.jl/test/automatic/channel_average.jl:106
    [5] macro expansion
      @ ~/.julia/juliaup/julia-1.12.4+0.x64.linux.gnu/share/julia/stdlib/v1.12/Test/src/Test.jl:1776 [inlined]
    [6] macro expansion
      @ ~/Documents/Julia/EegFun.jl/test/automatic/channel_average.jl:397 [inlined]
    [7] macro expansion
      @ ~/.julia/juliaup/julia-1.12.4+0.x64.linux.gnu/share/julia/stdlib/v1.12/Test/src/Test.jl:1776 [inlined]
    [8] macro expansion
      @ ~/Documents/Julia/EegFun.jl/test/automatic/channel_average.jl:412 [inlined]
    [9] include(mapexpr::Function, mod::Module, _path::String)
      @ Base ./Base.jl:307
   [10] top-level scope
      @ ~/Documents/Julia/EegFun.jl/test/runtests.jl:22
   [11] macro expansion
      @ ~/.julia/juliaup/julia-1.12.4+0.x64.linux.gnu/share/julia/stdlib/v1.12/Test/src/Test.jl:1776 [inlined]
   [12] macro expansion
      @ ~/Documents/Julia/EegFun.jl/test/runtests.jl:26 [inlined]
   [13] include(mod::Module, _path::String)
      @ Base ./Base.jl:306
   [14] exec_options(opts::Base.JLOptions)
      @ Base ./client.jl:317
   [15] _start()
      @ Base ./client.jl:550
[ Info: Batch channel averaging started at 2026-01-27T08:55:23.291
[ Info: Function call: rand(rng)
[ Info: Found 2 JLD2 files matching pattern 'erps_cleaned'
[ Info: Channel selections: 2 group(s)
[ Info: Output labels: [:Group1, :Group2]
[ Info: Reduce mode: true
[ Info: Averaging channels: 1_erps_cleaned.jld2 (1/2)
[ Info: channel_average!: Ch1, Ch2 → :Group1
[ Info: channel_average!: Ch3, Ch4 → :Group2
[ Info: Converting polar coordinates to 3D Cartesian coordinates
┌ Error: Error processing 1_erps_cleaned.jld2
│   exception =
│    ArgumentError: Layout must contain :inc and :azi columns
│    Stacktrace:
│      [1] polar_to_cartesian_xyz!(layout::EegFun.Layout)
│        @ EegFun ~/Documents/Julia/EegFun.jl/src/layouts/layout.jl:277
│      [2] _ensure_coordinates_3d!(layout::EegFun.Layout)
│        @ EegFun ~/Documents/Julia/EegFun.jl/src/layouts/layout.jl:193
│      [3] _ensure_all_coordinates!
│        @ ~/Documents/Julia/EegFun.jl/src/analysis/processing/channel_average.jl:385 [inlined]
│      [4] _layout_from_groups(layout::EegFun.Layout, channel_groups::Vector{Vector{Symbol}}, labels::Vector{Symbol})
│        @ EegFun ~/Documents/Julia/EegFun.jl/src/analysis/processing/channel_average.jl:357
│      [5] channel_average!(dat::EegFun.ErpData; channel_selections::Vector{EegFun.var"#channels##2#channels##3"{Vector{Symbol}}}, output_labels::Vector{Symbol}, include_extra::Bool, reduce::Bool)
│        @ EegFun ~/Documents/Julia/EegFun.jl/src/analysis/processing/channel_average.jl:126
│      [6] channel_average!
│        @ ~/Documents/Julia/EegFun.jl/src/analysis/processing/channel_average.jl:39 [inlined]
│      [7] #_process_channel_average_file##0
│        @ ~/Documents/Julia/EegFun.jl/src/analysis/processing/channel_average.jl:194 [inlined]
│      [8] foreach(f::EegFun.var"#_process_channel_average_file##0#_process_channel_average_file##1"{Vector{EegFun.var"#channels##2#channels##3"{Vector{Symbol}}}, Vector{Symbol}, Bool}, itr::Vector{EegFun.ErpData})
│        @ Base ./abstractarray.jl:3188
│      [9] _process_channel_average_file(filepath::String, output_path::String, channel_selections::Vector{EegFun.var"#channels##2#channels##3"{Vector{Symbol}}}, output_labels::Vector{Symbol}, condition_selection::Function, reduce::Bool)
│        @ EegFun ~/Documents/Julia/EegFun.jl/src/analysis/processing/channel_average.jl:193
│     [10] (::EegFun.var"#326#327"{EegFun.var"#conditions##0#conditions##1", Bool, Vector{EegFun.var"#channels##2#channels##3"{Vector{Symbol}}}})(input_path::String, output_path::String)
│        @ EegFun ~/Documents/Julia/EegFun.jl/src/analysis/processing/channel_average.jl:305
│     [11] _run_batch_operation(process_fn::EegFun.var"#326#327"{EegFun.var"#conditions##0#conditions##1", Bool, Vector{EegFun.var"#channels##2#channels##3"{Vector{Symbol}}}}, files::Vector{String}, input_dir::String, output_dir::String; operation_name::String)
│        @ EegFun ~/Documents/Julia/EegFun.jl/src/utils/batch.jl:337
│     [12] channel_average(file_pattern::String, channel_selections::Vector{EegFun.var"#channels##2#channels##3"{Vector{Symbol}}}; output_labels::Vector{Symbol}, input_dir::String, participant_selection::Function, condition_selection::Function, output_dir::String, reduce::Bool)
│        @ EegFun ~/Documents/Julia/EegFun.jl/src/analysis/processing/channel_average.jl:315
│     [13] top-level scope
│        @ ~/Documents/Julia/EegFun.jl/test/automatic/channel_average.jl:106
│     [14] macro expansion
│        @ ~/.julia/juliaup/julia-1.12.4+0.x64.linux.gnu/share/julia/stdlib/v1.12/Test/src/Test.jl:1776 [inlined]
│     [15] macro expansion
│        @ ~/Documents/Julia/EegFun.jl/test/automatic/channel_average.jl:422 [inlined]
│     [16] macro expansion
│        @ ~/.julia/juliaup/julia-1.12.4+0.x64.linux.gnu/share/julia/stdlib/v1.12/Test/src/Test.jl:1776 [inlined]
│     [17] macro expansion
│        @ ~/Documents/Julia/EegFun.jl/test/automatic/channel_average.jl:425 [inlined]
│     [18] include(mapexpr::Function, mod::Module, _path::String)
│        @ Base ./Base.jl:307
│     [19] top-level scope
│        @ ~/Documents/Julia/EegFun.jl/test/runtests.jl:22
│     [20] macro expansion
│        @ ~/.julia/juliaup/julia-1.12.4+0.x64.linux.gnu/share/julia/stdlib/v1.12/Test/src/Test.jl:1776 [inlined]
│     [21] macro expansion
│        @ ~/Documents/Julia/EegFun.jl/test/runtests.jl:26 [inlined]
│     [22] include(mod::Module, _path::String)
│        @ Base ./Base.jl:306
│     [23] exec_options(opts::Base.JLOptions)
│        @ Base ./client.jl:317
│     [24] _start()
│        @ Base ./client.jl:550
└ @ EegFun ~/Documents/Julia/EegFun.jl/src/utils/batch.jl:339
[ Warning:   ✗ Exception: ArgumentError: Layout must contain :inc and :azi columns
[ Info: Averaging channels: 2_erps_cleaned.jld2 (2/2)
[ Info: channel_average!: Ch1, Ch2 → :Group1
[ Info: channel_average!: Ch3, Ch4 → :Group2
[ Info: Converting polar coordinates to 3D Cartesian coordinates
┌ Error: Error processing 2_erps_cleaned.jld2
│   exception =
│    ArgumentError: Layout must contain :inc and :azi columns
│    Stacktrace:
│      [1] polar_to_cartesian_xyz!(layout::EegFun.Layout)
│        @ EegFun ~/Documents/Julia/EegFun.jl/src/layouts/layout.jl:277
│      [2] _ensure_coordinates_3d!(layout::EegFun.Layout)
│        @ EegFun ~/Documents/Julia/EegFun.jl/src/layouts/layout.jl:193
│      [3] _ensure_all_coordinates!
│        @ ~/Documents/Julia/EegFun.jl/src/analysis/processing/channel_average.jl:385 [inlined]
│      [4] _layout_from_groups(layout::EegFun.Layout, channel_groups::Vector{Vector{Symbol}}, labels::Vector{Symbol})
│        @ EegFun ~/Documents/Julia/EegFun.jl/src/analysis/processing/channel_average.jl:357
│      [5] channel_average!(dat::EegFun.ErpData; channel_selections::Vector{EegFun.var"#channels##2#channels##3"{Vector{Symbol}}}, output_labels::Vector{Symbol}, include_extra::Bool, reduce::Bool)
│        @ EegFun ~/Documents/Julia/EegFun.jl/src/analysis/processing/channel_average.jl:126
│      [6] channel_average!
│        @ ~/Documents/Julia/EegFun.jl/src/analysis/processing/channel_average.jl:39 [inlined]
│      [7] #_process_channel_average_file##0
│        @ ~/Documents/Julia/EegFun.jl/src/analysis/processing/channel_average.jl:194 [inlined]
│      [8] foreach(f::EegFun.var"#_process_channel_average_file##0#_process_channel_average_file##1"{Vector{EegFun.var"#channels##2#channels##3"{Vector{Symbol}}}, Vector{Symbol}, Bool}, itr::Vector{EegFun.ErpData})
│        @ Base ./abstractarray.jl:3188
│      [9] _process_channel_average_file(filepath::String, output_path::String, channel_selections::Vector{EegFun.var"#channels##2#channels##3"{Vector{Symbol}}}, output_labels::Vector{Symbol}, condition_selection::Function, reduce::Bool)
│        @ EegFun ~/Documents/Julia/EegFun.jl/src/analysis/processing/channel_average.jl:193
│     [10] (::EegFun.var"#326#327"{EegFun.var"#conditions##0#conditions##1", Bool, Vector{EegFun.var"#channels##2#channels##3"{Vector{Symbol}}}})(input_path::String, output_path::String)
│        @ EegFun ~/Documents/Julia/EegFun.jl/src/analysis/processing/channel_average.jl:305
│     [11] _run_batch_operation(process_fn::EegFun.var"#326#327"{EegFun.var"#conditions##0#conditions##1", Bool, Vector{EegFun.var"#channels##2#channels##3"{Vector{Symbol}}}}, files::Vector{String}, input_dir::String, output_dir::String; operation_name::String)
│        @ EegFun ~/Documents/Julia/EegFun.jl/src/utils/batch.jl:337
│     [12] channel_average(file_pattern::String, channel_selections::Vector{EegFun.var"#channels##2#channels##3"{Vector{Symbol}}}; output_labels::Vector{Symbol}, input_dir::String, participant_selection::Function, condition_selection::Function, output_dir::String, reduce::Bool)
│        @ EegFun ~/Documents/Julia/EegFun.jl/src/analysis/processing/channel_average.jl:315
│     [13] top-level scope
│        @ ~/Documents/Julia/EegFun.jl/test/automatic/channel_average.jl:106
│     [14] macro expansion
│        @ ~/.julia/juliaup/julia-1.12.4+0.x64.linux.gnu/share/julia/stdlib/v1.12/Test/src/Test.jl:1776 [inlined]
│     [15] macro expansion
│        @ ~/Documents/Julia/EegFun.jl/test/automatic/channel_average.jl:422 [inlined]
│     [16] macro expansion
│        @ ~/.julia/juliaup/julia-1.12.4+0.x64.linux.gnu/share/julia/stdlib/v1.12/Test/src/Test.jl:1776 [inlined]
│     [17] macro expansion
│        @ ~/Documents/Julia/EegFun.jl/test/automatic/channel_average.jl:425 [inlined]
│     [18] include(mapexpr::Function, mod::Module, _path::String)
│        @ Base ./Base.jl:307
│     [19] top-level scope
│        @ ~/Documents/Julia/EegFun.jl/test/runtests.jl:22
│     [20] macro expansion
│        @ ~/.julia/juliaup/julia-1.12.4+0.x64.linux.gnu/share/julia/stdlib/v1.12/Test/src/Test.jl:1776 [inlined]
│     [21] macro expansion
│        @ ~/Documents/Julia/EegFun.jl/test/runtests.jl:26 [inlined]
│     [22] include(mod::Module, _path::String)
│        @ Base ./Base.jl:306
│     [23] exec_options(opts::Base.JLOptions)
│        @ Base ./client.jl:317
│     [24] _start()
│        @ Base ./client.jl:550
└ @ EegFun ~/Documents/Julia/EegFun.jl/src/utils/batch.jl:339
[ Warning:   ✗ Exception: ArgumentError: Layout must contain :inc and :azi columns
[ Info: 
[ Info: Batch operation complete! Processed 0 files successfully, 2 errors
[ Info: Output saved to: /tmp/jl_85Q8oG/combined_layout_reduce
Layout in reduce mode: Error During Test at /home/ian/Documents/Julia/EegFun.jl/test/automatic/channel_average.jl:421
  Got exception outside of a @test
  ArgumentError: No file exists at given path: /tmp/jl_85Q8oG/combined_layout_reduce/1_erps_cleaned.jld2
  Stacktrace:
    [1] checkpath_load
      @ ~/.julia/packages/FileIO/EI2b8/src/loadsave.jl:167 [inlined]
    [2] load(file::String, args::String; options::@Kwargs{})
      @ FileIO ~/.julia/packages/FileIO/EI2b8/src/loadsave.jl:110
    [3] load(file::String, args::String)
      @ FileIO ~/.julia/packages/FileIO/EI2b8/src/loadsave.jl:109
    [4] top-level scope
      @ ~/Documents/Julia/EegFun.jl/test/automatic/channel_average.jl:106
    [5] macro expansion
      @ ~/.julia/juliaup/julia-1.12.4+0.x64.linux.gnu/share/julia/stdlib/v1.12/Test/src/Test.jl:1776 [inlined]
    [6] macro expansion
      @ ~/Documents/Julia/EegFun.jl/test/automatic/channel_average.jl:422 [inlined]
    [7] macro expansion
      @ ~/.julia/juliaup/julia-1.12.4+0.x64.linux.gnu/share/julia/stdlib/v1.12/Test/src/Test.jl:1776 [inlined]
    [8] macro expansion
      @ ~/Documents/Julia/EegFun.jl/test/automatic/channel_average.jl:434 [inlined]
    [9] include(mapexpr::Function, mod::Module, _path::String)
      @ Base ./Base.jl:307
   [10] top-level scope
      @ ~/Documents/Julia/EegFun.jl/test/runtests.jl:22
   [11] macro expansion
      @ ~/.julia/juliaup/julia-1.12.4+0.x64.linux.gnu/share/julia/stdlib/v1.12/Test/src/Test.jl:1776 [inlined]
   [12] macro expansion
      @ ~/Documents/Julia/EegFun.jl/test/runtests.jl:26 [inlined]
   [13] include(mod::Module, _path::String)
      @ Base ./Base.jl:306
   [14] exec_options(opts::Base.JLOptions)
      @ Base ./client.jl:317
   [15] _start()
      @ Base ./client.jl:550
[ Info: Batch channel averaging started at 2026-01-27T08:55:23.321
[ Info: Function call: rand(rng)
[ Info: Found 2 JLD2 files matching pattern 'erps_cleaned'
[ Info: Channel selections: 3 group(s)
[ Info: Output labels: [:Group1, :Group2, :Group3]
[ Info: Reduce mode: false
[ Info: Averaging channels: 1_erps_cleaned.jld2 (1/2)
[ Info: channel_average!: Ch1, Ch2 → :Group1
[ Info: channel_average!: Ch3, Ch4 → :Group2
[ Info: channel_average!: Ch5, Ch6, Ch7 → :Group3
[ Info: Converting polar coordinates to 3D Cartesian coordinates
┌ Error: Error processing 1_erps_cleaned.jld2
│   exception =
│    ArgumentError: Layout must contain :inc and :azi columns
│    Stacktrace:
│      [1] polar_to_cartesian_xyz!(layout::EegFun.Layout)
│        @ EegFun ~/Documents/Julia/EegFun.jl/src/layouts/layout.jl:277
│      [2] _ensure_coordinates_3d!(layout::EegFun.Layout)
│        @ EegFun ~/Documents/Julia/EegFun.jl/src/layouts/layout.jl:193
│      [3] _ensure_all_coordinates!
│        @ ~/Documents/Julia/EegFun.jl/src/analysis/processing/channel_average.jl:385 [inlined]
│      [4] _layout_from_groups(layout::EegFun.Layout, channel_groups::Vector{Vector{Symbol}}, labels::Vector{Symbol})
│        @ EegFun ~/Documents/Julia/EegFun.jl/src/analysis/processing/channel_average.jl:357
│      [5] channel_average!(dat::EegFun.ErpData; channel_selections::Vector{EegFun.var"#channels##2#channels##3"{Vector{Symbol}}}, output_labels::Vector{Symbol}, include_extra::Bool, reduce::Bool)
│        @ EegFun ~/Documents/Julia/EegFun.jl/src/analysis/processing/channel_average.jl:129
│      [6] channel_average!
│        @ ~/Documents/Julia/EegFun.jl/src/analysis/processing/channel_average.jl:39 [inlined]
│      [7] #_process_channel_average_file##0
│        @ ~/Documents/Julia/EegFun.jl/src/analysis/processing/channel_average.jl:194 [inlined]
│      [8] foreach(f::EegFun.var"#_process_channel_average_file##0#_process_channel_average_file##1"{Vector{EegFun.var"#channels##2#channels##3"{Vector{Symbol}}}, Vector{Symbol}, Bool}, itr::Vector{EegFun.ErpData})
│        @ Base ./abstractarray.jl:3188
│      [9] _process_channel_average_file(filepath::String, output_path::String, channel_selections::Vector{EegFun.var"#channels##2#channels##3"{Vector{Symbol}}}, output_labels::Vector{Symbol}, condition_selection::Function, reduce::Bool)
│        @ EegFun ~/Documents/Julia/EegFun.jl/src/analysis/processing/channel_average.jl:193
│     [10] (::EegFun.var"#326#327"{EegFun.var"#conditions##0#conditions##1", Bool, Vector{EegFun.var"#channels##2#channels##3"{Vector{Symbol}}}})(input_path::String, output_path::String)
│        @ EegFun ~/Documents/Julia/EegFun.jl/src/analysis/processing/channel_average.jl:305
│     [11] _run_batch_operation(process_fn::EegFun.var"#326#327"{EegFun.var"#conditions##0#conditions##1", Bool, Vector{EegFun.var"#channels##2#channels##3"{Vector{Symbol}}}}, files::Vector{String}, input_dir::String, output_dir::String; operation_name::String)
│        @ EegFun ~/Documents/Julia/EegFun.jl/src/utils/batch.jl:337
│     [12] channel_average(file_pattern::String, channel_selections::Vector{EegFun.var"#channels##2#channels##3"{Vector{Symbol}}}; output_labels::Vector{Symbol}, input_dir::String, participant_selection::Function, condition_selection::Function, output_dir::String, reduce::Bool)
│        @ EegFun ~/Documents/Julia/EegFun.jl/src/analysis/processing/channel_average.jl:315
│     [13] top-level scope
│        @ ~/Documents/Julia/EegFun.jl/test/automatic/channel_average.jl:106
│     [14] macro expansion
│        @ ~/.julia/juliaup/julia-1.12.4+0.x64.linux.gnu/share/julia/stdlib/v1.12/Test/src/Test.jl:1776 [inlined]
│     [15] macro expansion
│        @ ~/Documents/Julia/EegFun.jl/test/automatic/channel_average.jl:444 [inlined]
│     [16] macro expansion
│        @ ~/.julia/juliaup/julia-1.12.4+0.x64.linux.gnu/share/julia/stdlib/v1.12/Test/src/Test.jl:1776 [inlined]
│     [17] macro expansion
│        @ ~/Documents/Julia/EegFun.jl/test/automatic/channel_average.jl:447 [inlined]
│     [18] include(mapexpr::Function, mod::Module, _path::String)
│        @ Base ./Base.jl:307
│     [19] top-level scope
│        @ ~/Documents/Julia/EegFun.jl/test/runtests.jl:22
│     [20] macro expansion
│        @ ~/.julia/juliaup/julia-1.12.4+0.x64.linux.gnu/share/julia/stdlib/v1.12/Test/src/Test.jl:1776 [inlined]
│     [21] macro expansion
│        @ ~/Documents/Julia/EegFun.jl/test/runtests.jl:26 [inlined]
│     [22] include(mod::Module, _path::String)
│        @ Base ./Base.jl:306
│     [23] exec_options(opts::Base.JLOptions)
│        @ Base ./client.jl:317
│     [24] _start()
│        @ Base ./client.jl:550
└ @ EegFun ~/Documents/Julia/EegFun.jl/src/utils/batch.jl:339
[ Warning:   ✗ Exception: ArgumentError: Layout must contain :inc and :azi columns
[ Info: Averaging channels: 2_erps_cleaned.jld2 (2/2)
[ Info: channel_average!: Ch1, Ch2 → :Group1
[ Info: channel_average!: Ch3, Ch4 → :Group2
[ Info: channel_average!: Ch5, Ch6, Ch7 → :Group3
[ Info: Converting polar coordinates to 3D Cartesian coordinates
┌ Error: Error processing 2_erps_cleaned.jld2
│   exception =
│    ArgumentError: Layout must contain :inc and :azi columns
│    Stacktrace:
│      [1] polar_to_cartesian_xyz!(layout::EegFun.Layout)
│        @ EegFun ~/Documents/Julia/EegFun.jl/src/layouts/layout.jl:277
│      [2] _ensure_coordinates_3d!(layout::EegFun.Layout)
│        @ EegFun ~/Documents/Julia/EegFun.jl/src/layouts/layout.jl:193
│      [3] _ensure_all_coordinates!
│        @ ~/Documents/Julia/EegFun.jl/src/analysis/processing/channel_average.jl:385 [inlined]
│      [4] _layout_from_groups(layout::EegFun.Layout, channel_groups::Vector{Vector{Symbol}}, labels::Vector{Symbol})
│        @ EegFun ~/Documents/Julia/EegFun.jl/src/analysis/processing/channel_average.jl:357
│      [5] channel_average!(dat::EegFun.ErpData; channel_selections::Vector{EegFun.var"#channels##2#channels##3"{Vector{Symbol}}}, output_labels::Vector{Symbol}, include_extra::Bool, reduce::Bool)
│        @ EegFun ~/Documents/Julia/EegFun.jl/src/analysis/processing/channel_average.jl:129
│      [6] channel_average!
│        @ ~/Documents/Julia/EegFun.jl/src/analysis/processing/channel_average.jl:39 [inlined]
│      [7] #_process_channel_average_file##0
│        @ ~/Documents/Julia/EegFun.jl/src/analysis/processing/channel_average.jl:194 [inlined]
│      [8] foreach(f::EegFun.var"#_process_channel_average_file##0#_process_channel_average_file##1"{Vector{EegFun.var"#channels##2#channels##3"{Vector{Symbol}}}, Vector{Symbol}, Bool}, itr::Vector{EegFun.ErpData})
│        @ Base ./abstractarray.jl:3188
│      [9] _process_channel_average_file(filepath::String, output_path::String, channel_selections::Vector{EegFun.var"#channels##2#channels##3"{Vector{Symbol}}}, output_labels::Vector{Symbol}, condition_selection::Function, reduce::Bool)
│        @ EegFun ~/Documents/Julia/EegFun.jl/src/analysis/processing/channel_average.jl:193
│     [10] (::EegFun.var"#326#327"{EegFun.var"#conditions##0#conditions##1", Bool, Vector{EegFun.var"#channels##2#channels##3"{Vector{Symbol}}}})(input_path::String, output_path::String)
│        @ EegFun ~/Documents/Julia/EegFun.jl/src/analysis/processing/channel_average.jl:305
│     [11] _run_batch_operation(process_fn::EegFun.var"#326#327"{EegFun.var"#conditions##0#conditions##1", Bool, Vector{EegFun.var"#channels##2#channels##3"{Vector{Symbol}}}}, files::Vector{String}, input_dir::String, output_dir::String; operation_name::String)
│        @ EegFun ~/Documents/Julia/EegFun.jl/src/utils/batch.jl:337
│     [12] channel_average(file_pattern::String, channel_selections::Vector{EegFun.var"#channels##2#channels##3"{Vector{Symbol}}}; output_labels::Vector{Symbol}, input_dir::String, participant_selection::Function, condition_selection::Function, output_dir::String, reduce::Bool)
│        @ EegFun ~/Documents/Julia/EegFun.jl/src/analysis/processing/channel_average.jl:315
│     [13] top-level scope
│        @ ~/Documents/Julia/EegFun.jl/test/automatic/channel_average.jl:106
│     [14] macro expansion
│        @ ~/.julia/juliaup/julia-1.12.4+0.x64.linux.gnu/share/julia/stdlib/v1.12/Test/src/Test.jl:1776 [inlined]
│     [15] macro expansion
│        @ ~/Documents/Julia/EegFun.jl/test/automatic/channel_average.jl:444 [inlined]
│     [16] macro expansion
│        @ ~/.julia/juliaup/julia-1.12.4+0.x64.linux.gnu/share/julia/stdlib/v1.12/Test/src/Test.jl:1776 [inlined]
│     [17] macro expansion
│        @ ~/Documents/Julia/EegFun.jl/test/automatic/channel_average.jl:447 [inlined]
│     [18] include(mapexpr::Function, mod::Module, _path::String)
│        @ Base ./Base.jl:307
│     [19] top-level scope
│        @ ~/Documents/Julia/EegFun.jl/test/runtests.jl:22
│     [20] macro expansion
│        @ ~/.julia/juliaup/julia-1.12.4+0.x64.linux.gnu/share/julia/stdlib/v1.12/Test/src/Test.jl:1776 [inlined]
│     [21] macro expansion
│        @ ~/Documents/Julia/EegFun.jl/test/runtests.jl:26 [inlined]
│     [22] include(mod::Module, _path::String)
│        @ Base ./Base.jl:306
│     [23] exec_options(opts::Base.JLOptions)
│        @ Base ./client.jl:317
│     [24] _start()
│        @ Base ./client.jl:550
└ @ EegFun ~/Documents/Julia/EegFun.jl/src/utils/batch.jl:339
[ Warning:   ✗ Exception: ArgumentError: Layout must contain :inc and :azi columns
[ Info: 
[ Info: Batch operation complete! Processed 0 files successfully, 2 errors
[ Info: Output saved to: /tmp/jl_85Q8oG/combined_multiple_groups
Multiple channel groups: Test Failed at /home/ian/Documents/Julia/EegFun.jl/test/automatic/channel_average.jl:455
  Expression: result.success == 2
   Evaluated: 0 == 2

Stacktrace:
 [1] top-level scope
   @ ~/Documents/Julia/EegFun.jl/test/automatic/channel_average.jl:106
 [2] macro expansion
   @ ~/.julia/juliaup/julia-1.12.4+0.x64.linux.gnu/share/julia/stdlib/v1.12/Test/src/Test.jl:1776 [inlined]
 [3] macro expansion
   @ ~/Documents/Julia/EegFun.jl/test/automatic/channel_average.jl:444 [inlined]
 [4] macro expansion
   @ ~/.julia/juliaup/julia-1.12.4+0.x64.linux.gnu/share/julia/stdlib/v1.12/Test/src/Test.jl:1776 [inlined]
 [5] macro expansion
   @ ~/Documents/Julia/EegFun.jl/test/automatic/channel_average.jl:455 [inlined]
 [6] macro expansion
   @ ~/.julia/juliaup/julia-1.12.4+0.x64.linux.gnu/share/julia/stdlib/v1.12/Test/src/Test.jl:680 [inlined]
Multiple channel groups: Error During Test at /home/ian/Documents/Julia/EegFun.jl/test/automatic/channel_average.jl:443
  Got exception outside of a @test
  ArgumentError: No file exists at given path: /tmp/jl_85Q8oG/combined_multiple_groups/1_erps_cleaned.jld2
  Stacktrace:
    [1] checkpath_load
      @ ~/.julia/packages/FileIO/EI2b8/src/loadsave.jl:167 [inlined]
    [2] load(file::String, args::String; options::@Kwargs{})
      @ FileIO ~/.julia/packages/FileIO/EI2b8/src/loadsave.jl:110
    [3] load(file::String, args::String)
      @ FileIO ~/.julia/packages/FileIO/EI2b8/src/loadsave.jl:109
    [4] top-level scope
      @ ~/Documents/Julia/EegFun.jl/test/automatic/channel_average.jl:106
    [5] macro expansion
      @ ~/.julia/juliaup/julia-1.12.4+0.x64.linux.gnu/share/julia/stdlib/v1.12/Test/src/Test.jl:1776 [inlined]
    [6] macro expansion
      @ ~/Documents/Julia/EegFun.jl/test/automatic/channel_average.jl:444 [inlined]
    [7] macro expansion
      @ ~/.julia/juliaup/julia-1.12.4+0.x64.linux.gnu/share/julia/stdlib/v1.12/Test/src/Test.jl:1776 [inlined]
    [8] macro expansion
      @ ~/Documents/Julia/EegFun.jl/test/automatic/channel_average.jl:457 [inlined]
    [9] include(mapexpr::Function, mod::Module, _path::String)
      @ Base ./Base.jl:307
   [10] top-level scope
      @ ~/Documents/Julia/EegFun.jl/test/runtests.jl:22
   [11] macro expansion
      @ ~/.julia/juliaup/julia-1.12.4+0.x64.linux.gnu/share/julia/stdlib/v1.12/Test/src/Test.jl:1776 [inlined]
   [12] macro expansion
      @ ~/Documents/Julia/EegFun.jl/test/runtests.jl:26 [inlined]
   [13] include(mod::Module, _path::String)
      @ Base ./Base.jl:306
   [14] exec_options(opts::Base.JLOptions)
      @ Base ./client.jl:317
   [15] _start()
      @ Base ./client.jl:550
[ Info: Batch channel averaging started at 2026-01-27T08:55:23.351
[ Info: Function call: rand(rng)
[ Info: Found 2 JLD2 files matching pattern 'erps_cleaned'
[ Info: Channel selections: 1 group(s)
[ Info: Output labels: [:Group1]
[ Info: Reduce mode: false
[ Info: Averaging channels: 1_erps_cleaned.jld2 (1/2)
[ Info: channel_average!: Ch1, Ch2 → :Group1
[ Info: Converting polar coordinates to 3D Cartesian coordinates
┌ Error: Error processing 1_erps_cleaned.jld2
│   exception =
│    ArgumentError: Layout must contain :inc and :azi columns
│    Stacktrace:
│      [1] polar_to_cartesian_xyz!(layout::EegFun.Layout)
│        @ EegFun ~/Documents/Julia/EegFun.jl/src/layouts/layout.jl:277
│      [2] _ensure_coordinates_3d!(layout::EegFun.Layout)
│        @ EegFun ~/Documents/Julia/EegFun.jl/src/layouts/layout.jl:193
│      [3] _ensure_all_coordinates!
│        @ ~/Documents/Julia/EegFun.jl/src/analysis/processing/channel_average.jl:385 [inlined]
│      [4] _layout_from_groups(layout::EegFun.Layout, channel_groups::Vector{Vector{Symbol}}, labels::Vector{Symbol})
│        @ EegFun ~/Documents/Julia/EegFun.jl/src/analysis/processing/channel_average.jl:357
│      [5] channel_average!(dat::EegFun.ErpData; channel_selections::Vector{EegFun.var"#channels##2#channels##3"{Vector{Symbol}}}, output_labels::Vector{Symbol}, include_extra::Bool, reduce::Bool)
│        @ EegFun ~/Documents/Julia/EegFun.jl/src/analysis/processing/channel_average.jl:129
│      [6] channel_average!
│        @ ~/Documents/Julia/EegFun.jl/src/analysis/processing/channel_average.jl:39 [inlined]
│      [7] #_process_channel_average_file##0
│        @ ~/Documents/Julia/EegFun.jl/src/analysis/processing/channel_average.jl:194 [inlined]
│      [8] foreach(f::EegFun.var"#_process_channel_average_file##0#_process_channel_average_file##1"{Vector{EegFun.var"#channels##2#channels##3"{Vector{Symbol}}}, Vector{Symbol}, Bool}, itr::Vector{EegFun.ErpData})
│        @ Base ./abstractarray.jl:3188
│      [9] _process_channel_average_file(filepath::String, output_path::String, channel_selections::Vector{EegFun.var"#channels##2#channels##3"{Vector{Symbol}}}, output_labels::Vector{Symbol}, condition_selection::Function, reduce::Bool)
│        @ EegFun ~/Documents/Julia/EegFun.jl/src/analysis/processing/channel_average.jl:193
│     [10] (::EegFun.var"#326#327"{EegFun.var"#conditions##0#conditions##1", Bool, Vector{EegFun.var"#channels##2#channels##3"{Vector{Symbol}}}})(input_path::String, output_path::String)
│        @ EegFun ~/Documents/Julia/EegFun.jl/src/analysis/processing/channel_average.jl:305
│     [11] _run_batch_operation(process_fn::EegFun.var"#326#327"{EegFun.var"#conditions##0#conditions##1", Bool, Vector{EegFun.var"#channels##2#channels##3"{Vector{Symbol}}}}, files::Vector{String}, input_dir::String, output_dir::String; operation_name::String)
│        @ EegFun ~/Documents/Julia/EegFun.jl/src/utils/batch.jl:337
│     [12] channel_average(file_pattern::String, channel_selections::Vector{EegFun.var"#channels##2#channels##3"{Vector{Symbol}}}; output_labels::Vector{Symbol}, input_dir::String, participant_selection::Function, condition_selection::Function, output_dir::String, reduce::Bool)
│        @ EegFun ~/Documents/Julia/EegFun.jl/src/analysis/processing/channel_average.jl:315
│     [13] top-level scope
│        @ ~/Documents/Julia/EegFun.jl/test/automatic/channel_average.jl:106
│     [14] macro expansion
│        @ ~/.julia/juliaup/julia-1.12.4+0.x64.linux.gnu/share/julia/stdlib/v1.12/Test/src/Test.jl:1776 [inlined]
│     [15] macro expansion
│        @ ~/Documents/Julia/EegFun.jl/test/automatic/channel_average.jl:467 [inlined]
│     [16] macro expansion
│        @ ~/.julia/juliaup/julia-1.12.4+0.x64.linux.gnu/share/julia/stdlib/v1.12/Test/src/Test.jl:1776 [inlined]
│     [17] macro expansion
│        @ ~/Documents/Julia/EegFun.jl/test/automatic/channel_average.jl:470 [inlined]
│     [18] include(mapexpr::Function, mod::Module, _path::String)
│        @ Base ./Base.jl:307
│     [19] top-level scope
│        @ ~/Documents/Julia/EegFun.jl/test/runtests.jl:22
│     [20] macro expansion
│        @ ~/.julia/juliaup/julia-1.12.4+0.x64.linux.gnu/share/julia/stdlib/v1.12/Test/src/Test.jl:1776 [inlined]
│     [21] macro expansion
│        @ ~/Documents/Julia/EegFun.jl/test/runtests.jl:26 [inlined]
│     [22] include(mod::Module, _path::String)
│        @ Base ./Base.jl:306
│     [23] exec_options(opts::Base.JLOptions)
│        @ Base ./client.jl:317
│     [24] _start()
│        @ Base ./client.jl:550
└ @ EegFun ~/Documents/Julia/EegFun.jl/src/utils/batch.jl:339
[ Warning:   ✗ Exception: ArgumentError: Layout must contain :inc and :azi columns
[ Info: Averaging channels: 2_erps_cleaned.jld2 (2/2)
[ Info: channel_average!: Ch1, Ch2 → :Group1
[ Info: Converting polar coordinates to 3D Cartesian coordinates
┌ Error: Error processing 2_erps_cleaned.jld2
│   exception =
│    ArgumentError: Layout must contain :inc and :azi columns
│    Stacktrace:
│      [1] polar_to_cartesian_xyz!(layout::EegFun.Layout)
│        @ EegFun ~/Documents/Julia/EegFun.jl/src/layouts/layout.jl:277
│      [2] _ensure_coordinates_3d!(layout::EegFun.Layout)
│        @ EegFun ~/Documents/Julia/EegFun.jl/src/layouts/layout.jl:193
│      [3] _ensure_all_coordinates!
│        @ ~/Documents/Julia/EegFun.jl/src/analysis/processing/channel_average.jl:385 [inlined]
│      [4] _layout_from_groups(layout::EegFun.Layout, channel_groups::Vector{Vector{Symbol}}, labels::Vector{Symbol})
│        @ EegFun ~/Documents/Julia/EegFun.jl/src/analysis/processing/channel_average.jl:357
│      [5] channel_average!(dat::EegFun.ErpData; channel_selections::Vector{EegFun.var"#channels##2#channels##3"{Vector{Symbol}}}, output_labels::Vector{Symbol}, include_extra::Bool, reduce::Bool)
│        @ EegFun ~/Documents/Julia/EegFun.jl/src/analysis/processing/channel_average.jl:129
│      [6] channel_average!
│        @ ~/Documents/Julia/EegFun.jl/src/analysis/processing/channel_average.jl:39 [inlined]
│      [7] #_process_channel_average_file##0
│        @ ~/Documents/Julia/EegFun.jl/src/analysis/processing/channel_average.jl:194 [inlined]
│      [8] foreach(f::EegFun.var"#_process_channel_average_file##0#_process_channel_average_file##1"{Vector{EegFun.var"#channels##2#channels##3"{Vector{Symbol}}}, Vector{Symbol}, Bool}, itr::Vector{EegFun.ErpData})
│        @ Base ./abstractarray.jl:3188
│      [9] _process_channel_average_file(filepath::String, output_path::String, channel_selections::Vector{EegFun.var"#channels##2#channels##3"{Vector{Symbol}}}, output_labels::Vector{Symbol}, condition_selection::Function, reduce::Bool)
│        @ EegFun ~/Documents/Julia/EegFun.jl/src/analysis/processing/channel_average.jl:193
│     [10] (::EegFun.var"#326#327"{EegFun.var"#conditions##0#conditions##1", Bool, Vector{EegFun.var"#channels##2#channels##3"{Vector{Symbol}}}})(input_path::String, output_path::String)
│        @ EegFun ~/Documents/Julia/EegFun.jl/src/analysis/processing/channel_average.jl:305
│     [11] _run_batch_operation(process_fn::EegFun.var"#326#327"{EegFun.var"#conditions##0#conditions##1", Bool, Vector{EegFun.var"#channels##2#channels##3"{Vector{Symbol}}}}, files::Vector{String}, input_dir::String, output_dir::String; operation_name::String)
│        @ EegFun ~/Documents/Julia/EegFun.jl/src/utils/batch.jl:337
│     [12] channel_average(file_pattern::String, channel_selections::Vector{EegFun.var"#channels##2#channels##3"{Vector{Symbol}}}; output_labels::Vector{Symbol}, input_dir::String, participant_selection::Function, condition_selection::Function, output_dir::String, reduce::Bool)
│        @ EegFun ~/Documents/Julia/EegFun.jl/src/analysis/processing/channel_average.jl:315
│     [13] top-level scope
│        @ ~/Documents/Julia/EegFun.jl/test/automatic/channel_average.jl:106
│     [14] macro expansion
│        @ ~/.julia/juliaup/julia-1.12.4+0.x64.linux.gnu/share/julia/stdlib/v1.12/Test/src/Test.jl:1776 [inlined]
│     [15] macro expansion
│        @ ~/Documents/Julia/EegFun.jl/test/automatic/channel_average.jl:467 [inlined]
│     [16] macro expansion
│        @ ~/.julia/juliaup/julia-1.12.4+0.x64.linux.gnu/share/julia/stdlib/v1.12/Test/src/Test.jl:1776 [inlined]
│     [17] macro expansion
│        @ ~/Documents/Julia/EegFun.jl/test/automatic/channel_average.jl:470 [inlined]
│     [18] include(mapexpr::Function, mod::Module, _path::String)
│        @ Base ./Base.jl:307
│     [19] top-level scope
│        @ ~/Documents/Julia/EegFun.jl/test/runtests.jl:22
│     [20] macro expansion
│        @ ~/.julia/juliaup/julia-1.12.4+0.x64.linux.gnu/share/julia/stdlib/v1.12/Test/src/Test.jl:1776 [inlined]
│     [21] macro expansion
│        @ ~/Documents/Julia/EegFun.jl/test/runtests.jl:26 [inlined]
│     [22] include(mod::Module, _path::String)
│        @ Base ./Base.jl:306
│     [23] exec_options(opts::Base.JLOptions)
│        @ Base ./client.jl:317
│     [24] _start()
│        @ Base ./client.jl:550
└ @ EegFun ~/Documents/Julia/EegFun.jl/src/utils/batch.jl:339
[ Warning:   ✗ Exception: ArgumentError: Layout must contain :inc and :azi columns
[ Info: 
[ Info: Batch operation complete! Processed 0 files successfully, 2 errors
[ Info: Output saved to: /tmp/jl_85Q8oG/combined_single_group
Single channel group: Test Failed at /home/ian/Documents/Julia/EegFun.jl/test/automatic/channel_average.jl:478
  Expression: result.success == 2
   Evaluated: 0 == 2

Stacktrace:
 [1] top-level scope
   @ ~/Documents/Julia/EegFun.jl/test/automatic/channel_average.jl:106
 [2] macro expansion
   @ ~/.julia/juliaup/julia-1.12.4+0.x64.linux.gnu/share/julia/stdlib/v1.12/Test/src/Test.jl:1776 [inlined]
 [3] macro expansion
   @ ~/Documents/Julia/EegFun.jl/test/automatic/channel_average.jl:467 [inlined]
 [4] macro expansion
   @ ~/.julia/juliaup/julia-1.12.4+0.x64.linux.gnu/share/julia/stdlib/v1.12/Test/src/Test.jl:1776 [inlined]
 [5] macro expansion
   @ ~/Documents/Julia/EegFun.jl/test/automatic/channel_average.jl:478 [inlined]
 [6] macro expansion
   @ ~/.julia/juliaup/julia-1.12.4+0.x64.linux.gnu/share/julia/stdlib/v1.12/Test/src/Test.jl:680 [inlined]
Single channel group: Error During Test at /home/ian/Documents/Julia/EegFun.jl/test/automatic/channel_average.jl:466
  Got exception outside of a @test
  ArgumentError: No file exists at given path: /tmp/jl_85Q8oG/combined_single_group/1_erps_cleaned.jld2
  Stacktrace:
    [1] checkpath_load
      @ ~/.julia/packages/FileIO/EI2b8/src/loadsave.jl:167 [inlined]
    [2] load(file::String, args::String; options::@Kwargs{})
      @ FileIO ~/.julia/packages/FileIO/EI2b8/src/loadsave.jl:110
    [3] load(file::String, args::String)
      @ FileIO ~/.julia/packages/FileIO/EI2b8/src/loadsave.jl:109
    [4] top-level scope
      @ ~/Documents/Julia/EegFun.jl/test/automatic/channel_average.jl:106
    [5] macro expansion
      @ ~/.julia/juliaup/julia-1.12.4+0.x64.linux.gnu/share/julia/stdlib/v1.12/Test/src/Test.jl:1776 [inlined]
    [6] macro expansion
      @ ~/Documents/Julia/EegFun.jl/test/automatic/channel_average.jl:467 [inlined]
    [7] macro expansion
      @ ~/.julia/juliaup/julia-1.12.4+0.x64.linux.gnu/share/julia/stdlib/v1.12/Test/src/Test.jl:1776 [inlined]
    [8] macro expansion
      @ ~/Documents/Julia/EegFun.jl/test/automatic/channel_average.jl:480 [inlined]
    [9] include(mapexpr::Function, mod::Module, _path::String)
      @ Base ./Base.jl:307
   [10] top-level scope
      @ ~/Documents/Julia/EegFun.jl/test/runtests.jl:22
   [11] macro expansion
      @ ~/.julia/juliaup/julia-1.12.4+0.x64.linux.gnu/share/julia/stdlib/v1.12/Test/src/Test.jl:1776 [inlined]
   [12] macro expansion
      @ ~/Documents/Julia/EegFun.jl/test/runtests.jl:26 [inlined]
   [13] include(mod::Module, _path::String)
      @ Base ./Base.jl:306
   [14] exec_options(opts::Base.JLOptions)
      @ Base ./client.jl:317
   [15] _start()
      @ Base ./client.jl:550
[ Info: Batch channel averaging started at 2026-01-27T08:55:23.404
[ Info: Function call: rand(rng)
[ Info: Found 1 JLD2 files matching pattern 'erps_cleaned'
[ Info: Channel selections: 1 group(s)
[ Info: Output labels: [:avg_1]
[ Info: Reduce mode: false
[ Info: Averaging channels: 1_erps_cleaned.jld2 (1/1)
[ Info: channel_average!: Ch1, Ch2 → :avg_1
[ Info: Converting polar coordinates to 3D Cartesian coordinates
┌ Error: Error processing 1_erps_cleaned.jld2
│   exception =
│    ArgumentError: Layout must contain :inc and :azi columns
│    Stacktrace:
│      [1] polar_to_cartesian_xyz!(layout::EegFun.Layout)
│        @ EegFun ~/Documents/Julia/EegFun.jl/src/layouts/layout.jl:277
│      [2] _ensure_coordinates_3d!(layout::EegFun.Layout)
│        @ EegFun ~/Documents/Julia/EegFun.jl/src/layouts/layout.jl:193
│      [3] _ensure_all_coordinates!
│        @ ~/Documents/Julia/EegFun.jl/src/analysis/processing/channel_average.jl:385 [inlined]
│      [4] _layout_from_groups(layout::EegFun.Layout, channel_groups::Vector{Vector{Symbol}}, labels::Vector{Symbol})
│        @ EegFun ~/Documents/Julia/EegFun.jl/src/analysis/processing/channel_average.jl:357
│      [5] channel_average!(dat::EegFun.ErpData; channel_selections::Vector{EegFun.var"#channels##2#channels##3"{Vector{Symbol}}}, output_labels::Vector{Symbol}, include_extra::Bool, reduce::Bool)
│        @ EegFun ~/Documents/Julia/EegFun.jl/src/analysis/processing/channel_average.jl:129
│      [6] channel_average!
│        @ ~/Documents/Julia/EegFun.jl/src/analysis/processing/channel_average.jl:39 [inlined]
│      [7] #_process_channel_average_file##0
│        @ ~/Documents/Julia/EegFun.jl/src/analysis/processing/channel_average.jl:194 [inlined]
│      [8] foreach(f::EegFun.var"#_process_channel_average_file##0#_process_channel_average_file##1"{Vector{EegFun.var"#channels##2#channels##3"{Vector{Symbol}}}, Vector{Symbol}, Bool}, itr::Vector{EegFun.ErpData})
│        @ Base ./abstractarray.jl:3188
│      [9] _process_channel_average_file(filepath::String, output_path::String, channel_selections::Vector{EegFun.var"#channels##2#channels##3"{Vector{Symbol}}}, output_labels::Vector{Symbol}, condition_selection::Function, reduce::Bool)
│        @ EegFun ~/Documents/Julia/EegFun.jl/src/analysis/processing/channel_average.jl:193
│     [10] (::EegFun.var"#326#327"{EegFun.var"#conditions##6#conditions##7"{Int64}, Bool, Vector{EegFun.var"#channels##2#channels##3"{Vector{Symbol}}}})(input_path::String, output_path::String)
│        @ EegFun ~/Documents/Julia/EegFun.jl/src/analysis/processing/channel_average.jl:305
│     [11] _run_batch_operation(process_fn::EegFun.var"#326#327"{EegFun.var"#conditions##6#conditions##7"{Int64}, Bool, Vector{EegFun.var"#channels##2#channels##3"{Vector{Symbol}}}}, files::Vector{String}, input_dir::String, output_dir::String; operation_name::String)
│        @ EegFun ~/Documents/Julia/EegFun.jl/src/utils/batch.jl:337
│     [12] channel_average(file_pattern::String, channel_selections::Vector{EegFun.var"#channels##2#channels##3"{Vector{Symbol}}}; output_labels::Nothing, input_dir::String, participant_selection::Function, condition_selection::Function, output_dir::String, reduce::Bool)
│        @ EegFun ~/Documents/Julia/EegFun.jl/src/analysis/processing/channel_average.jl:315
│     [13] top-level scope
│        @ ~/Documents/Julia/EegFun.jl/test/automatic/channel_average.jl:106
│     [14] macro expansion
│        @ ~/.julia/juliaup/julia-1.12.4+0.x64.linux.gnu/share/julia/stdlib/v1.12/Test/src/Test.jl:1776 [inlined]
│     [15] macro expansion
│        @ ~/Documents/Julia/EegFun.jl/test/automatic/channel_average.jl:485 [inlined]
│     [16] macro expansion
│        @ ~/.julia/juliaup/julia-1.12.4+0.x64.linux.gnu/share/julia/stdlib/v1.12/Test/src/Test.jl:1776 [inlined]
│     [17] macro expansion
│        @ ~/Documents/Julia/EegFun.jl/test/automatic/channel_average.jl:488 [inlined]
│     [18] include(mapexpr::Function, mod::Module, _path::String)
│        @ Base ./Base.jl:307
│     [19] top-level scope
│        @ ~/Documents/Julia/EegFun.jl/test/runtests.jl:22
│     [20] macro expansion
│        @ ~/.julia/juliaup/julia-1.12.4+0.x64.linux.gnu/share/julia/stdlib/v1.12/Test/src/Test.jl:1776 [inlined]
│     [21] macro expansion
│        @ ~/Documents/Julia/EegFun.jl/test/runtests.jl:26 [inlined]
│     [22] include(mod::Module, _path::String)
│        @ Base ./Base.jl:306
│     [23] exec_options(opts::Base.JLOptions)
│        @ Base ./client.jl:317
│     [24] _start()
│        @ Base ./client.jl:550
└ @ EegFun ~/Documents/Julia/EegFun.jl/src/utils/batch.jl:339
[ Warning:   ✗ Exception: ArgumentError: Layout must contain :inc and :azi columns
[ Info: 
[ Info: Batch operation complete! Processed 0 files successfully, 1 errors
[ Info: Output saved to: /tmp/jl_85Q8oG/combined_filters
Combined filters: Test Failed at /home/ian/Documents/Julia/EegFun.jl/test/automatic/channel_average.jl:497
  Expression: result.success == 1
   Evaluated: 0 == 1

Stacktrace:
 [1] top-level scope
   @ ~/Documents/Julia/EegFun.jl/test/automatic/channel_average.jl:106
 [2] macro expansion
   @ ~/.julia/juliaup/julia-1.12.4+0.x64.linux.gnu/share/julia/stdlib/v1.12/Test/src/Test.jl:1776 [inlined]
 [3] macro expansion
   @ ~/Documents/Julia/EegFun.jl/test/automatic/channel_average.jl:485 [inlined]
 [4] macro expansion
   @ ~/.julia/juliaup/julia-1.12.4+0.x64.linux.gnu/share/julia/stdlib/v1.12/Test/src/Test.jl:1776 [inlined]
 [5] macro expansion
   @ ~/Documents/Julia/EegFun.jl/test/automatic/channel_average.jl:497 [inlined]
 [6] macro expansion
   @ ~/.julia/juliaup/julia-1.12.4+0.x64.linux.gnu/share/julia/stdlib/v1.12/Test/src/Test.jl:680 [inlined]
Combined filters: Error During Test at /home/ian/Documents/Julia/EegFun.jl/test/automatic/channel_average.jl:484
  Got exception outside of a @test
  ArgumentError: No file exists at given path: /tmp/jl_85Q8oG/combined_filters/1_erps_cleaned.jld2
  Stacktrace:
    [1] checkpath_load
      @ ~/.julia/packages/FileIO/EI2b8/src/loadsave.jl:167 [inlined]
    [2] load(file::String, args::String; options::@Kwargs{})
      @ FileIO ~/.julia/packages/FileIO/EI2b8/src/loadsave.jl:110
    [3] load(file::String, args::String)
      @ FileIO ~/.julia/packages/FileIO/EI2b8/src/loadsave.jl:109
    [4] top-level scope
      @ ~/Documents/Julia/EegFun.jl/test/automatic/channel_average.jl:106
    [5] macro expansion
      @ ~/.julia/juliaup/julia-1.12.4+0.x64.linux.gnu/share/julia/stdlib/v1.12/Test/src/Test.jl:1776 [inlined]
    [6] macro expansion
      @ ~/Documents/Julia/EegFun.jl/test/automatic/channel_average.jl:485 [inlined]
    [7] macro expansion
      @ ~/.julia/juliaup/julia-1.12.4+0.x64.linux.gnu/share/julia/stdlib/v1.12/Test/src/Test.jl:1776 [inlined]
    [8] macro expansion
      @ ~/Documents/Julia/EegFun.jl/test/automatic/channel_average.jl:499 [inlined]
    [9] include(mapexpr::Function, mod::Module, _path::String)
      @ Base ./Base.jl:307
   [10] top-level scope
      @ ~/Documents/Julia/EegFun.jl/test/runtests.jl:22
   [11] macro expansion
      @ ~/.julia/juliaup/julia-1.12.4+0.x64.linux.gnu/share/julia/stdlib/v1.12/Test/src/Test.jl:1776 [inlined]
   [12] macro expansion
      @ ~/Documents/Julia/EegFun.jl/test/runtests.jl:26 [inlined]
   [13] include(mod::Module, _path::String)
      @ Base ./Base.jl:306
   [14] exec_options(opts::Base.JLOptions)
      @ Base ./client.jl:317
   [15] _start()
      @ Base ./client.jl:550
Pattern matching variants: Error During Test at /home/ian/Documents/Julia/EegFun.jl/test/automatic/channel_average.jl:504
  Got exception outside of a @test
  MethodError: no method matching create_batch_test_erp_data(::Int64; n_channels::Int64)
  The function `create_batch_test_erp_data` exists, but no method is defined for this combination of argument types.
  
  Closest candidates are:
    create_batch_test_erp_data(; n_conditions, fs, n_channels, seed)
     @ Main ~/Documents/Julia/EegFun.jl/test/test_utils.jl:143
  
  Stacktrace:
    [1] top-level scope
      @ ~/Documents/Julia/EegFun.jl/test/automatic/channel_average.jl:106
    [2] macro expansion
      @ ~/.julia/juliaup/julia-1.12.4+0.x64.linux.gnu/share/julia/stdlib/v1.12/Test/src/Test.jl:1776 [inlined]
    [3] macro expansion
      @ ~/Documents/Julia/EegFun.jl/test/automatic/channel_average.jl:505 [inlined]
    [4] macro expansion
      @ ~/.julia/juliaup/julia-1.12.4+0.x64.linux.gnu/share/julia/stdlib/v1.12/Test/src/Test.jl:1776 [inlined]
    [5] macro expansion
      @ ~/Documents/Julia/EegFun.jl/test/automatic/channel_average.jl:508 [inlined]
    [6] include(mapexpr::Function, mod::Module, _path::String)
      @ Base ./Base.jl:307
    [7] top-level scope
      @ ~/Documents/Julia/EegFun.jl/test/runtests.jl:22
    [8] macro expansion
      @ ~/.julia/juliaup/julia-1.12.4+0.x64.linux.gnu/share/julia/stdlib/v1.12/Test/src/Test.jl:1776 [inlined]
    [9] macro expansion
      @ ~/Documents/Julia/EegFun.jl/test/runtests.jl:26 [inlined]
   [10] include(mod::Module, _path::String)
      @ Base ./Base.jl:306
   [11] exec_options(opts::Base.JLOptions)
      @ Base ./client.jl:317
   [12] _start()
      @ Base ./client.jl:550
[ Info: Batch channel averaging started at 2026-01-27T08:55:23.424
[ Info: Function call: rand(rng)
[ Info: Found 2 JLD2 files matching pattern 'erps_cleaned'
[ Info: Channel selections: 1 group(s)
[ Info: Output labels: [:avg_1]
[ Info: Reduce mode: false
[ Info: Averaging channels: 1_erps_cleaned.jld2 (1/2)
[ Info: channel_average!: Ch1, Ch2 → :avg_1
[ Info: Converting polar coordinates to 3D Cartesian coordinates
┌ Error: Error processing 1_erps_cleaned.jld2
│   exception =
│    ArgumentError: Layout must contain :inc and :azi columns
│    Stacktrace:
│      [1] polar_to_cartesian_xyz!(layout::EegFun.Layout)
│        @ EegFun ~/Documents/Julia/EegFun.jl/src/layouts/layout.jl:277
│      [2] _ensure_coordinates_3d!(layout::EegFun.Layout)
│        @ EegFun ~/Documents/Julia/EegFun.jl/src/layouts/layout.jl:193
│      [3] _ensure_all_coordinates!
│        @ ~/Documents/Julia/EegFun.jl/src/analysis/processing/channel_average.jl:385 [inlined]
│      [4] _layout_from_groups(layout::EegFun.Layout, channel_groups::Vector{Vector{Symbol}}, labels::Vector{Symbol})
│        @ EegFun ~/Documents/Julia/EegFun.jl/src/analysis/processing/channel_average.jl:357
│      [5] channel_average!(dat::EegFun.ErpData; channel_selections::Vector{EegFun.var"#channels##2#channels##3"{Vector{Symbol}}}, output_labels::Vector{Symbol}, include_extra::Bool, reduce::Bool)
│        @ EegFun ~/Documents/Julia/EegFun.jl/src/analysis/processing/channel_average.jl:129
│      [6] channel_average!
│        @ ~/Documents/Julia/EegFun.jl/src/analysis/processing/channel_average.jl:39 [inlined]
│      [7] #_process_channel_average_file##0
│        @ ~/Documents/Julia/EegFun.jl/src/analysis/processing/channel_average.jl:194 [inlined]
│      [8] foreach(f::EegFun.var"#_process_channel_average_file##0#_process_channel_average_file##1"{Vector{EegFun.var"#channels##2#channels##3"{Vector{Symbol}}}, Vector{Symbol}, Bool}, itr::Vector{EegFun.ErpData})
│        @ Base ./abstractarray.jl:3188
│      [9] _process_channel_average_file(filepath::String, output_path::String, channel_selections::Vector{EegFun.var"#channels##2#channels##3"{Vector{Symbol}}}, output_labels::Vector{Symbol}, condition_selection::Function, reduce::Bool)
│        @ EegFun ~/Documents/Julia/EegFun.jl/src/analysis/processing/channel_average.jl:193
│     [10] (::EegFun.var"#326#327"{EegFun.var"#conditions##0#conditions##1", Bool, Vector{EegFun.var"#channels##2#channels##3"{Vector{Symbol}}}})(input_path::String, output_path::String)
│        @ EegFun ~/Documents/Julia/EegFun.jl/src/analysis/processing/channel_average.jl:305
│     [11] _run_batch_operation(process_fn::EegFun.var"#326#327"{EegFun.var"#conditions##0#conditions##1", Bool, Vector{EegFun.var"#channels##2#channels##3"{Vector{Symbol}}}}, files::Vector{String}, input_dir::String, output_dir::String; operation_name::String)
│        @ EegFun ~/Documents/Julia/EegFun.jl/src/utils/batch.jl:337
│     [12] channel_average(file_pattern::String, channel_selections::Vector{EegFun.var"#channels##2#channels##3"{Vector{Symbol}}}; output_labels::Nothing, input_dir::String, participant_selection::Function, condition_selection::Function, output_dir::String, reduce::Bool)
│        @ EegFun ~/Documents/Julia/EegFun.jl/src/analysis/processing/channel_average.jl:315
│     [13] top-level scope
│        @ ~/Documents/Julia/EegFun.jl/test/automatic/channel_average.jl:106
│     [14] macro expansion
│        @ ~/.julia/juliaup/julia-1.12.4+0.x64.linux.gnu/share/julia/stdlib/v1.12/Test/src/Test.jl:1776 [inlined]
│     [15] macro expansion
│        @ ~/Documents/Julia/EegFun.jl/test/automatic/channel_average.jl:526 [inlined]
│     [16] macro expansion
│        @ ~/.julia/juliaup/julia-1.12.4+0.x64.linux.gnu/share/julia/stdlib/v1.12/Test/src/Test.jl:1776 [inlined]
│     [17] macro expansion
│        @ ~/Documents/Julia/EegFun.jl/test/automatic/channel_average.jl:529 [inlined]
│     [18] include(mapexpr::Function, mod::Module, _path::String)
│        @ Base ./Base.jl:307
│     [19] top-level scope
│        @ ~/Documents/Julia/EegFun.jl/test/runtests.jl:22
│     [20] macro expansion
│        @ ~/.julia/juliaup/julia-1.12.4+0.x64.linux.gnu/share/julia/stdlib/v1.12/Test/src/Test.jl:1776 [inlined]
│     [21] macro expansion
│        @ ~/Documents/Julia/EegFun.jl/test/runtests.jl:26 [inlined]
│     [22] include(mod::Module, _path::String)
│        @ Base ./Base.jl:306
│     [23] exec_options(opts::Base.JLOptions)
│        @ Base ./client.jl:317
│     [24] _start()
│        @ Base ./client.jl:550
└ @ EegFun ~/Documents/Julia/EegFun.jl/src/utils/batch.jl:339
[ Warning:   ✗ Exception: ArgumentError: Layout must contain :inc and :azi columns
[ Info: Averaging channels: 2_erps_cleaned.jld2 (2/2)
[ Info: channel_average!: Ch1, Ch2 → :avg_1
[ Info: Converting polar coordinates to 3D Cartesian coordinates
┌ Error: Error processing 2_erps_cleaned.jld2
│   exception =
│    ArgumentError: Layout must contain :inc and :azi columns
│    Stacktrace:
│      [1] polar_to_cartesian_xyz!(layout::EegFun.Layout)
│        @ EegFun ~/Documents/Julia/EegFun.jl/src/layouts/layout.jl:277
│      [2] _ensure_coordinates_3d!(layout::EegFun.Layout)
│        @ EegFun ~/Documents/Julia/EegFun.jl/src/layouts/layout.jl:193
│      [3] _ensure_all_coordinates!
│        @ ~/Documents/Julia/EegFun.jl/src/analysis/processing/channel_average.jl:385 [inlined]
│      [4] _layout_from_groups(layout::EegFun.Layout, channel_groups::Vector{Vector{Symbol}}, labels::Vector{Symbol})
│        @ EegFun ~/Documents/Julia/EegFun.jl/src/analysis/processing/channel_average.jl:357
│      [5] channel_average!(dat::EegFun.ErpData; channel_selections::Vector{EegFun.var"#channels##2#channels##3"{Vector{Symbol}}}, output_labels::Vector{Symbol}, include_extra::Bool, reduce::Bool)
│        @ EegFun ~/Documents/Julia/EegFun.jl/src/analysis/processing/channel_average.jl:129
│      [6] channel_average!
│        @ ~/Documents/Julia/EegFun.jl/src/analysis/processing/channel_average.jl:39 [inlined]
│      [7] #_process_channel_average_file##0
│        @ ~/Documents/Julia/EegFun.jl/src/analysis/processing/channel_average.jl:194 [inlined]
│      [8] foreach(f::EegFun.var"#_process_channel_average_file##0#_process_channel_average_file##1"{Vector{EegFun.var"#channels##2#channels##3"{Vector{Symbol}}}, Vector{Symbol}, Bool}, itr::Vector{EegFun.ErpData})
│        @ Base ./abstractarray.jl:3188
│      [9] _process_channel_average_file(filepath::String, output_path::String, channel_selections::Vector{EegFun.var"#channels##2#channels##3"{Vector{Symbol}}}, output_labels::Vector{Symbol}, condition_selection::Function, reduce::Bool)
│        @ EegFun ~/Documents/Julia/EegFun.jl/src/analysis/processing/channel_average.jl:193
│     [10] (::EegFun.var"#326#327"{EegFun.var"#conditions##0#conditions##1", Bool, Vector{EegFun.var"#channels##2#channels##3"{Vector{Symbol}}}})(input_path::String, output_path::String)
│        @ EegFun ~/Documents/Julia/EegFun.jl/src/analysis/processing/channel_average.jl:305
│     [11] _run_batch_operation(process_fn::EegFun.var"#326#327"{EegFun.var"#conditions##0#conditions##1", Bool, Vector{EegFun.var"#channels##2#channels##3"{Vector{Symbol}}}}, files::Vector{String}, input_dir::String, output_dir::String; operation_name::String)
│        @ EegFun ~/Documents/Julia/EegFun.jl/src/utils/batch.jl:337
│     [12] channel_average(file_pattern::String, channel_selections::Vector{EegFun.var"#channels##2#channels##3"{Vector{Symbol}}}; output_labels::Nothing, input_dir::String, participant_selection::Function, condition_selection::Function, output_dir::String, reduce::Bool)
│        @ EegFun ~/Documents/Julia/EegFun.jl/src/analysis/processing/channel_average.jl:315
│     [13] top-level scope
│        @ ~/Documents/Julia/EegFun.jl/test/automatic/channel_average.jl:106
│     [14] macro expansion
│        @ ~/.julia/juliaup/julia-1.12.4+0.x64.linux.gnu/share/julia/stdlib/v1.12/Test/src/Test.jl:1776 [inlined]
│     [15] macro expansion
│        @ ~/Documents/Julia/EegFun.jl/test/automatic/channel_average.jl:526 [inlined]
│     [16] macro expansion
│        @ ~/.julia/juliaup/julia-1.12.4+0.x64.linux.gnu/share/julia/stdlib/v1.12/Test/src/Test.jl:1776 [inlined]
│     [17] macro expansion
│        @ ~/Documents/Julia/EegFun.jl/test/automatic/channel_average.jl:529 [inlined]
│     [18] include(mapexpr::Function, mod::Module, _path::String)
│        @ Base ./Base.jl:307
│     [19] top-level scope
│        @ ~/Documents/Julia/EegFun.jl/test/runtests.jl:22
│     [20] macro expansion
│        @ ~/.julia/juliaup/julia-1.12.4+0.x64.linux.gnu/share/julia/stdlib/v1.12/Test/src/Test.jl:1776 [inlined]
│     [21] macro expansion
│        @ ~/Documents/Julia/EegFun.jl/test/runtests.jl:26 [inlined]
│     [22] include(mod::Module, _path::String)
│        @ Base ./Base.jl:306
│     [23] exec_options(opts::Base.JLOptions)
│        @ Base ./client.jl:317
│     [24] _start()
│        @ Base ./client.jl:550
└ @ EegFun ~/Documents/Julia/EegFun.jl/src/utils/batch.jl:339
[ Warning:   ✗ Exception: ArgumentError: Layout must contain :inc and :azi columns
[ Info: 
[ Info: Batch operation complete! Processed 0 files successfully, 2 errors
[ Info: Output saved to: /tmp/jl_85Q8oG/combined_overwrite
[ Info: Batch channel averaging started at 2026-01-27T08:55:23.570
[ Info: Function call: rand(rng)
[ Info: Found 2 JLD2 files matching pattern 'erps_cleaned'
[ Info: Channel selections: 1 group(s)
[ Info: Output labels: [:avg_1]
[ Info: Reduce mode: false
[ Info: Averaging channels: 1_erps_cleaned.jld2 (1/2)
[ Info: channel_average!: Ch1, Ch2 → :avg_1
[ Info: Converting polar coordinates to 3D Cartesian coordinates
┌ Error: Error processing 1_erps_cleaned.jld2
│   exception =
│    ArgumentError: Layout must contain :inc and :azi columns
│    Stacktrace:
│      [1] polar_to_cartesian_xyz!(layout::EegFun.Layout)
│        @ EegFun ~/Documents/Julia/EegFun.jl/src/layouts/layout.jl:277
│      [2] _ensure_coordinates_3d!(layout::EegFun.Layout)
│        @ EegFun ~/Documents/Julia/EegFun.jl/src/layouts/layout.jl:193
│      [3] _ensure_all_coordinates!
│        @ ~/Documents/Julia/EegFun.jl/src/analysis/processing/channel_average.jl:385 [inlined]
│      [4] _layout_from_groups(layout::EegFun.Layout, channel_groups::Vector{Vector{Symbol}}, labels::Vector{Symbol})
│        @ EegFun ~/Documents/Julia/EegFun.jl/src/analysis/processing/channel_average.jl:357
│      [5] channel_average!(dat::EegFun.ErpData; channel_selections::Vector{EegFun.var"#channels##2#channels##3"{Vector{Symbol}}}, output_labels::Vector{Symbol}, include_extra::Bool, reduce::Bool)
│        @ EegFun ~/Documents/Julia/EegFun.jl/src/analysis/processing/channel_average.jl:129
│      [6] channel_average!
│        @ ~/Documents/Julia/EegFun.jl/src/analysis/processing/channel_average.jl:39 [inlined]
│      [7] #_process_channel_average_file##0
│        @ ~/Documents/Julia/EegFun.jl/src/analysis/processing/channel_average.jl:194 [inlined]
│      [8] foreach(f::EegFun.var"#_process_channel_average_file##0#_process_channel_average_file##1"{Vector{EegFun.var"#channels##2#channels##3"{Vector{Symbol}}}, Vector{Symbol}, Bool}, itr::Vector{EegFun.ErpData})
│        @ Base ./abstractarray.jl:3188
│      [9] _process_channel_average_file(filepath::String, output_path::String, channel_selections::Vector{EegFun.var"#channels##2#channels##3"{Vector{Symbol}}}, output_labels::Vector{Symbol}, condition_selection::Function, reduce::Bool)
│        @ EegFun ~/Documents/Julia/EegFun.jl/src/analysis/processing/channel_average.jl:193
│     [10] (::EegFun.var"#326#327"{EegFun.var"#conditions##0#conditions##1", Bool, Vector{EegFun.var"#channels##2#channels##3"{Vector{Symbol}}}})(input_path::String, output_path::String)
│        @ EegFun ~/Documents/Julia/EegFun.jl/src/analysis/processing/channel_average.jl:305
│     [11] _run_batch_operation(process_fn::EegFun.var"#326#327"{EegFun.var"#conditions##0#conditions##1", Bool, Vector{EegFun.var"#channels##2#channels##3"{Vector{Symbol}}}}, files::Vector{String}, input_dir::String, output_dir::String; operation_name::String)
│        @ EegFun ~/Documents/Julia/EegFun.jl/src/utils/batch.jl:337
│     [12] channel_average(file_pattern::String, channel_selections::Vector{EegFun.var"#channels##2#channels##3"{Vector{Symbol}}}; output_labels::Nothing, input_dir::String, participant_selection::Function, condition_selection::Function, output_dir::String, reduce::Bool)
│        @ EegFun ~/Documents/Julia/EegFun.jl/src/analysis/processing/channel_average.jl:315
│     [13] top-level scope
│        @ ~/Documents/Julia/EegFun.jl/test/automatic/channel_average.jl:106
│     [14] macro expansion
│        @ ~/.julia/juliaup/julia-1.12.4+0.x64.linux.gnu/share/julia/stdlib/v1.12/Test/src/Test.jl:1776 [inlined]
│     [15] macro expansion
│        @ ~/Documents/Julia/EegFun.jl/test/automatic/channel_average.jl:526 [inlined]
│     [16] macro expansion
│        @ ~/.julia/juliaup/julia-1.12.4+0.x64.linux.gnu/share/julia/stdlib/v1.12/Test/src/Test.jl:1776 [inlined]
│     [17] macro expansion
│        @ ~/Documents/Julia/EegFun.jl/test/automatic/channel_average.jl:537 [inlined]
│     [18] include(mapexpr::Function, mod::Module, _path::String)
│        @ Base ./Base.jl:307
│     [19] top-level scope
│        @ ~/Documents/Julia/EegFun.jl/test/runtests.jl:22
│     [20] macro expansion
│        @ ~/.julia/juliaup/julia-1.12.4+0.x64.linux.gnu/share/julia/stdlib/v1.12/Test/src/Test.jl:1776 [inlined]
│     [21] macro expansion
│        @ ~/Documents/Julia/EegFun.jl/test/runtests.jl:26 [inlined]
│     [22] include(mod::Module, _path::String)
│        @ Base ./Base.jl:306
│     [23] exec_options(opts::Base.JLOptions)
│        @ Base ./client.jl:317
│     [24] _start()
│        @ Base ./client.jl:550
└ @ EegFun ~/Documents/Julia/EegFun.jl/src/utils/batch.jl:339
[ Warning:   ✗ Exception: ArgumentError: Layout must contain :inc and :azi columns
[ Info: Averaging channels: 2_erps_cleaned.jld2 (2/2)
[ Info: channel_average!: Ch1, Ch2 → :avg_1
[ Info: Converting polar coordinates to 3D Cartesian coordinates
┌ Error: Error processing 2_erps_cleaned.jld2
│   exception =
│    ArgumentError: Layout must contain :inc and :azi columns
│    Stacktrace:
│      [1] polar_to_cartesian_xyz!(layout::EegFun.Layout)
│        @ EegFun ~/Documents/Julia/EegFun.jl/src/layouts/layout.jl:277
│      [2] _ensure_coordinates_3d!(layout::EegFun.Layout)
│        @ EegFun ~/Documents/Julia/EegFun.jl/src/layouts/layout.jl:193
│      [3] _ensure_all_coordinates!
│        @ ~/Documents/Julia/EegFun.jl/src/analysis/processing/channel_average.jl:385 [inlined]
│      [4] _layout_from_groups(layout::EegFun.Layout, channel_groups::Vector{Vector{Symbol}}, labels::Vector{Symbol})
│        @ EegFun ~/Documents/Julia/EegFun.jl/src/analysis/processing/channel_average.jl:357
│      [5] channel_average!(dat::EegFun.ErpData; channel_selections::Vector{EegFun.var"#channels##2#channels##3"{Vector{Symbol}}}, output_labels::Vector{Symbol}, include_extra::Bool, reduce::Bool)
│        @ EegFun ~/Documents/Julia/EegFun.jl/src/analysis/processing/channel_average.jl:129
│      [6] channel_average!
│        @ ~/Documents/Julia/EegFun.jl/src/analysis/processing/channel_average.jl:39 [inlined]
│      [7] #_process_channel_average_file##0
│        @ ~/Documents/Julia/EegFun.jl/src/analysis/processing/channel_average.jl:194 [inlined]
│      [8] foreach(f::EegFun.var"#_process_channel_average_file##0#_process_channel_average_file##1"{Vector{EegFun.var"#channels##2#channels##3"{Vector{Symbol}}}, Vector{Symbol}, Bool}, itr::Vector{EegFun.ErpData})
│        @ Base ./abstractarray.jl:3188
│      [9] _process_channel_average_file(filepath::String, output_path::String, channel_selections::Vector{EegFun.var"#channels##2#channels##3"{Vector{Symbol}}}, output_labels::Vector{Symbol}, condition_selection::Function, reduce::Bool)
│        @ EegFun ~/Documents/Julia/EegFun.jl/src/analysis/processing/channel_average.jl:193
│     [10] (::EegFun.var"#326#327"{EegFun.var"#conditions##0#conditions##1", Bool, Vector{EegFun.var"#channels##2#channels##3"{Vector{Symbol}}}})(input_path::String, output_path::String)
│        @ EegFun ~/Documents/Julia/EegFun.jl/src/analysis/processing/channel_average.jl:305
│     [11] _run_batch_operation(process_fn::EegFun.var"#326#327"{EegFun.var"#conditions##0#conditions##1", Bool, Vector{EegFun.var"#channels##2#channels##3"{Vector{Symbol}}}}, files::Vector{String}, input_dir::String, output_dir::String; operation_name::String)
│        @ EegFun ~/Documents/Julia/EegFun.jl/src/utils/batch.jl:337
│     [12] channel_average(file_pattern::String, channel_selections::Vector{EegFun.var"#channels##2#channels##3"{Vector{Symbol}}}; output_labels::Nothing, input_dir::String, participant_selection::Function, condition_selection::Function, output_dir::String, reduce::Bool)
│        @ EegFun ~/Documents/Julia/EegFun.jl/src/analysis/processing/channel_average.jl:315
│     [13] top-level scope
│        @ ~/Documents/Julia/EegFun.jl/test/automatic/channel_average.jl:106
│     [14] macro expansion
│        @ ~/.julia/juliaup/julia-1.12.4+0.x64.linux.gnu/share/julia/stdlib/v1.12/Test/src/Test.jl:1776 [inlined]
│     [15] macro expansion
│        @ ~/Documents/Julia/EegFun.jl/test/automatic/channel_average.jl:526 [inlined]
│     [16] macro expansion
│        @ ~/.julia/juliaup/julia-1.12.4+0.x64.linux.gnu/share/julia/stdlib/v1.12/Test/src/Test.jl:1776 [inlined]
│     [17] macro expansion
│        @ ~/Documents/Julia/EegFun.jl/test/automatic/channel_average.jl:537 [inlined]
│     [18] include(mapexpr::Function, mod::Module, _path::String)
│        @ Base ./Base.jl:307
│     [19] top-level scope
│        @ ~/Documents/Julia/EegFun.jl/test/runtests.jl:22
│     [20] macro expansion
│        @ ~/.julia/juliaup/julia-1.12.4+0.x64.linux.gnu/share/julia/stdlib/v1.12/Test/src/Test.jl:1776 [inlined]
│     [21] macro expansion
│        @ ~/Documents/Julia/EegFun.jl/test/runtests.jl:26 [inlined]
│     [22] include(mod::Module, _path::String)
│        @ Base ./Base.jl:306
│     [23] exec_options(opts::Base.JLOptions)
│        @ Base ./client.jl:317
│     [24] _start()
│        @ Base ./client.jl:550
└ @ EegFun ~/Documents/Julia/EegFun.jl/src/utils/batch.jl:339
[ Warning:   ✗ Exception: ArgumentError: Layout must contain :inc and :azi columns
[ Info: 
[ Info: Batch operation complete! Processed 0 files successfully, 2 errors
[ Info: Output saved to: /tmp/jl_85Q8oG/combined_overwrite
Output file overwriting: Test Failed at /home/ian/Documents/Julia/EegFun.jl/test/automatic/channel_average.jl:540
  Expression: mtime2 > mtime1
   Evaluated: 0.0 > 0.0

Stacktrace:
 [1] top-level scope
   @ ~/Documents/Julia/EegFun.jl/test/automatic/channel_average.jl:106
 [2] macro expansion
   @ ~/.julia/juliaup/julia-1.12.4+0.x64.linux.gnu/share/julia/stdlib/v1.12/Test/src/Test.jl:1776 [inlined]
 [3] macro expansion
   @ ~/Documents/Julia/EegFun.jl/test/automatic/channel_average.jl:526 [inlined]
 [4] macro expansion
   @ ~/.julia/juliaup/julia-1.12.4+0.x64.linux.gnu/share/julia/stdlib/v1.12/Test/src/Test.jl:1776 [inlined]
 [5] macro expansion
   @ ~/Documents/Julia/EegFun.jl/test/automatic/channel_average.jl:540 [inlined]
 [6] macro expansion
   @ ~/.julia/juliaup/julia-1.12.4+0.x64.linux.gnu/share/julia/stdlib/v1.12/Test/src/Test.jl:680 [inlined]
[ Info: Batch channel averaging started at 2026-01-27T08:55:23.840
[ Info: Function call: rand(rng)
[ Info: Found 2 JLD2 files matching pattern 'erps_cleaned'
[ Info: Channel selections: 1 group(s)
[ Info: Output labels: [:not_Ch5]
[ Info: Reduce mode: true
[ Info: Averaging channels: 1_erps_cleaned.jld2 (1/2)
[ Info: channel_average!: Ch1, Ch2, Ch3, Ch4, Ch6, Ch7 → :not_Ch5
[ Info: Converting polar coordinates to 3D Cartesian coordinates
┌ Error: Error processing 1_erps_cleaned.jld2
│   exception =
│    ArgumentError: Layout must contain :inc and :azi columns
│    Stacktrace:
│      [1] polar_to_cartesian_xyz!(layout::EegFun.Layout)
│        @ EegFun ~/Documents/Julia/EegFun.jl/src/layouts/layout.jl:277
│      [2] _ensure_coordinates_3d!(layout::EegFun.Layout)
│        @ EegFun ~/Documents/Julia/EegFun.jl/src/layouts/layout.jl:193
│      [3] _ensure_all_coordinates!
│        @ ~/Documents/Julia/EegFun.jl/src/analysis/processing/channel_average.jl:385 [inlined]
│      [4] _layout_from_groups(layout::EegFun.Layout, channel_groups::Vector{Vector{Symbol}}, labels::Vector{Symbol})
│        @ EegFun ~/Documents/Julia/EegFun.jl/src/analysis/processing/channel_average.jl:357
│      [5] channel_average!(dat::EegFun.ErpData; channel_selections::Vector{EegFun.var"#channels_not##0#channels_not##1"{Vector{Symbol}}}, output_labels::Vector{Symbol}, include_extra::Bool, reduce::Bool)
│        @ EegFun ~/Documents/Julia/EegFun.jl/src/analysis/processing/channel_average.jl:126
│      [6] channel_average!
│        @ ~/Documents/Julia/EegFun.jl/src/analysis/processing/channel_average.jl:39 [inlined]
│      [7] #_process_channel_average_file##0
│        @ ~/Documents/Julia/EegFun.jl/src/analysis/processing/channel_average.jl:194 [inlined]
│      [8] foreach(f::EegFun.var"#_process_channel_average_file##0#_process_channel_average_file##1"{Vector{EegFun.var"#channels_not##0#channels_not##1"{Vector{Symbol}}}, Vector{Symbol}, Bool}, itr::Vector{EegFun.ErpData})
│        @ Base ./abstractarray.jl:3188
│      [9] _process_channel_average_file(filepath::String, output_path::String, channel_selections::Vector{EegFun.var"#channels_not##0#channels_not##1"{Vector{Symbol}}}, output_labels::Vector{Symbol}, condition_selection::Function, reduce::Bool)
│        @ EegFun ~/Documents/Julia/EegFun.jl/src/analysis/processing/channel_average.jl:193
│     [10] (::EegFun.var"#326#327"{EegFun.var"#conditions##0#conditions##1", Bool, Vector{EegFun.var"#channels_not##0#channels_not##1"{Vector{Symbol}}}})(input_path::String, output_path::String)
│        @ EegFun ~/Documents/Julia/EegFun.jl/src/analysis/processing/channel_average.jl:305
│     [11] _run_batch_operation(process_fn::EegFun.var"#326#327"{EegFun.var"#conditions##0#conditions##1", Bool, Vector{EegFun.var"#channels_not##0#channels_not##1"{Vector{Symbol}}}}, files::Vector{String}, input_dir::String, output_dir::String; operation_name::String)
│        @ EegFun ~/Documents/Julia/EegFun.jl/src/utils/batch.jl:337
│     [12] channel_average(file_pattern::String, channel_selections::Vector{EegFun.var"#channels_not##0#channels_not##1"{Vector{Symbol}}}; output_labels::Vector{Symbol}, input_dir::String, participant_selection::Function, condition_selection::Function, output_dir::String, reduce::Bool)
│        @ EegFun ~/Documents/Julia/EegFun.jl/src/analysis/processing/channel_average.jl:315
│     [13] top-level scope
│        @ ~/Documents/Julia/EegFun.jl/test/automatic/channel_average.jl:106
│     [14] macro expansion
│        @ ~/.julia/juliaup/julia-1.12.4+0.x64.linux.gnu/share/julia/stdlib/v1.12/Test/src/Test.jl:1776 [inlined]
│     [15] macro expansion
│        @ ~/Documents/Julia/EegFun.jl/test/automatic/channel_average.jl:544 [inlined]
│     [16] macro expansion
│        @ ~/.julia/juliaup/julia-1.12.4+0.x64.linux.gnu/share/julia/stdlib/v1.12/Test/src/Test.jl:1776 [inlined]
│     [17] macro expansion
│        @ ~/Documents/Julia/EegFun.jl/test/automatic/channel_average.jl:547 [inlined]
│     [18] include(mapexpr::Function, mod::Module, _path::String)
│        @ Base ./Base.jl:307
│     [19] top-level scope
│        @ ~/Documents/Julia/EegFun.jl/test/runtests.jl:22
│     [20] macro expansion
│        @ ~/.julia/juliaup/julia-1.12.4+0.x64.linux.gnu/share/julia/stdlib/v1.12/Test/src/Test.jl:1776 [inlined]
│     [21] macro expansion
│        @ ~/Documents/Julia/EegFun.jl/test/runtests.jl:26 [inlined]
│     [22] include(mod::Module, _path::String)
│        @ Base ./Base.jl:306
│     [23] exec_options(opts::Base.JLOptions)
│        @ Base ./client.jl:317
│     [24] _start()
│        @ Base ./client.jl:550
└ @ EegFun ~/Documents/Julia/EegFun.jl/src/utils/batch.jl:339
[ Warning:   ✗ Exception: ArgumentError: Layout must contain :inc and :azi columns
[ Info: Averaging channels: 2_erps_cleaned.jld2 (2/2)
[ Info: channel_average!: Ch1, Ch2, Ch3, Ch4, Ch6, Ch7 → :not_Ch5
[ Info: Converting polar coordinates to 3D Cartesian coordinates
┌ Error: Error processing 2_erps_cleaned.jld2
│   exception =
│    ArgumentError: Layout must contain :inc and :azi columns
│    Stacktrace:
│      [1] polar_to_cartesian_xyz!(layout::EegFun.Layout)
│        @ EegFun ~/Documents/Julia/EegFun.jl/src/layouts/layout.jl:277
│      [2] _ensure_coordinates_3d!(layout::EegFun.Layout)
│        @ EegFun ~/Documents/Julia/EegFun.jl/src/layouts/layout.jl:193
│      [3] _ensure_all_coordinates!
│        @ ~/Documents/Julia/EegFun.jl/src/analysis/processing/channel_average.jl:385 [inlined]
│      [4] _layout_from_groups(layout::EegFun.Layout, channel_groups::Vector{Vector{Symbol}}, labels::Vector{Symbol})
│        @ EegFun ~/Documents/Julia/EegFun.jl/src/analysis/processing/channel_average.jl:357
│      [5] channel_average!(dat::EegFun.ErpData; channel_selections::Vector{EegFun.var"#channels_not##0#channels_not##1"{Vector{Symbol}}}, output_labels::Vector{Symbol}, include_extra::Bool, reduce::Bool)
│        @ EegFun ~/Documents/Julia/EegFun.jl/src/analysis/processing/channel_average.jl:126
│      [6] channel_average!
│        @ ~/Documents/Julia/EegFun.jl/src/analysis/processing/channel_average.jl:39 [inlined]
│      [7] #_process_channel_average_file##0
│        @ ~/Documents/Julia/EegFun.jl/src/analysis/processing/channel_average.jl:194 [inlined]
│      [8] foreach(f::EegFun.var"#_process_channel_average_file##0#_process_channel_average_file##1"{Vector{EegFun.var"#channels_not##0#channels_not##1"{Vector{Symbol}}}, Vector{Symbol}, Bool}, itr::Vector{EegFun.ErpData})
│        @ Base ./abstractarray.jl:3188
│      [9] _process_channel_average_file(filepath::String, output_path::String, channel_selections::Vector{EegFun.var"#channels_not##0#channels_not##1"{Vector{Symbol}}}, output_labels::Vector{Symbol}, condition_selection::Function, reduce::Bool)
│        @ EegFun ~/Documents/Julia/EegFun.jl/src/analysis/processing/channel_average.jl:193
│     [10] (::EegFun.var"#326#327"{EegFun.var"#conditions##0#conditions##1", Bool, Vector{EegFun.var"#channels_not##0#channels_not##1"{Vector{Symbol}}}})(input_path::String, output_path::String)
│        @ EegFun ~/Documents/Julia/EegFun.jl/src/analysis/processing/channel_average.jl:305
│     [11] _run_batch_operation(process_fn::EegFun.var"#326#327"{EegFun.var"#conditions##0#conditions##1", Bool, Vector{EegFun.var"#channels_not##0#channels_not##1"{Vector{Symbol}}}}, files::Vector{String}, input_dir::String, output_dir::String; operation_name::String)
│        @ EegFun ~/Documents/Julia/EegFun.jl/src/utils/batch.jl:337
│     [12] channel_average(file_pattern::String, channel_selections::Vector{EegFun.var"#channels_not##0#channels_not##1"{Vector{Symbol}}}; output_labels::Vector{Symbol}, input_dir::String, participant_selection::Function, condition_selection::Function, output_dir::String, reduce::Bool)
│        @ EegFun ~/Documents/Julia/EegFun.jl/src/analysis/processing/channel_average.jl:315
│     [13] top-level scope
│        @ ~/Documents/Julia/EegFun.jl/test/automatic/channel_average.jl:106
│     [14] macro expansion
│        @ ~/.julia/juliaup/julia-1.12.4+0.x64.linux.gnu/share/julia/stdlib/v1.12/Test/src/Test.jl:1776 [inlined]
│     [15] macro expansion
│        @ ~/Documents/Julia/EegFun.jl/test/automatic/channel_average.jl:544 [inlined]
│     [16] macro expansion
│        @ ~/.julia/juliaup/julia-1.12.4+0.x64.linux.gnu/share/julia/stdlib/v1.12/Test/src/Test.jl:1776 [inlined]
│     [17] macro expansion
│        @ ~/Documents/Julia/EegFun.jl/test/automatic/channel_average.jl:547 [inlined]
│     [18] include(mapexpr::Function, mod::Module, _path::String)
│        @ Base ./Base.jl:307
│     [19] top-level scope
│        @ ~/Documents/Julia/EegFun.jl/test/runtests.jl:22
│     [20] macro expansion
│        @ ~/.julia/juliaup/julia-1.12.4+0.x64.linux.gnu/share/julia/stdlib/v1.12/Test/src/Test.jl:1776 [inlined]
│     [21] macro expansion
│        @ ~/Documents/Julia/EegFun.jl/test/runtests.jl:26 [inlined]
│     [22] include(mod::Module, _path::String)
│        @ Base ./Base.jl:306
│     [23] exec_options(opts::Base.JLOptions)
│        @ Base ./client.jl:317
│     [24] _start()
│        @ Base ./client.jl:550
└ @ EegFun ~/Documents/Julia/EegFun.jl/src/utils/batch.jl:339
[ Warning:   ✗ Exception: ArgumentError: Layout must contain :inc and :azi columns
[ Info: 
[ Info: Batch operation complete! Processed 0 files successfully, 2 errors
[ Info: Output saved to: /tmp/jl_85Q8oG/combined_exclusion
Channel exclusion predicate: Test Failed at /home/ian/Documents/Julia/EegFun.jl/test/automatic/channel_average.jl:556
  Expression: result.success == 2
   Evaluated: 0 == 2

Stacktrace:
 [1] top-level scope
   @ ~/Documents/Julia/EegFun.jl/test/automatic/channel_average.jl:106
 [2] macro expansion
   @ ~/.julia/juliaup/julia-1.12.4+0.x64.linux.gnu/share/julia/stdlib/v1.12/Test/src/Test.jl:1776 [inlined]
 [3] macro expansion
   @ ~/Documents/Julia/EegFun.jl/test/automatic/channel_average.jl:544 [inlined]
 [4] macro expansion
   @ ~/.julia/juliaup/julia-1.12.4+0.x64.linux.gnu/share/julia/stdlib/v1.12/Test/src/Test.jl:1776 [inlined]
 [5] macro expansion
   @ ~/Documents/Julia/EegFun.jl/test/automatic/channel_average.jl:556 [inlined]
 [6] macro expansion
   @ ~/.julia/juliaup/julia-1.12.4+0.x64.linux.gnu/share/julia/stdlib/v1.12/Test/src/Test.jl:680 [inlined]
Channel exclusion predicate: Error During Test at /home/ian/Documents/Julia/EegFun.jl/test/automatic/channel_average.jl:543
  Got exception outside of a @test
  ArgumentError: No file exists at given path: /tmp/jl_85Q8oG/combined_exclusion/1_erps_cleaned.jld2
  Stacktrace:
    [1] checkpath_load
      @ ~/.julia/packages/FileIO/EI2b8/src/loadsave.jl:167 [inlined]
    [2] load(file::String, args::String; options::@Kwargs{})
      @ FileIO ~/.julia/packages/FileIO/EI2b8/src/loadsave.jl:110
    [3] load(file::String, args::String)
      @ FileIO ~/.julia/packages/FileIO/EI2b8/src/loadsave.jl:109
    [4] top-level scope
      @ ~/Documents/Julia/EegFun.jl/test/automatic/channel_average.jl:106
    [5] macro expansion
      @ ~/.julia/juliaup/julia-1.12.4+0.x64.linux.gnu/share/julia/stdlib/v1.12/Test/src/Test.jl:1776 [inlined]
    [6] macro expansion
      @ ~/Documents/Julia/EegFun.jl/test/automatic/channel_average.jl:544 [inlined]
    [7] macro expansion
      @ ~/.julia/juliaup/julia-1.12.4+0.x64.linux.gnu/share/julia/stdlib/v1.12/Test/src/Test.jl:1776 [inlined]
    [8] macro expansion
      @ ~/Documents/Julia/EegFun.jl/test/automatic/channel_average.jl:558 [inlined]
    [9] include(mapexpr::Function, mod::Module, _path::String)
      @ Base ./Base.jl:307
   [10] top-level scope
      @ ~/Documents/Julia/EegFun.jl/test/runtests.jl:22
   [11] macro expansion
      @ ~/.julia/juliaup/julia-1.12.4+0.x64.linux.gnu/share/julia/stdlib/v1.12/Test/src/Test.jl:1776 [inlined]
   [12] macro expansion
      @ ~/Documents/Julia/EegFun.jl/test/runtests.jl:26 [inlined]
   [13] include(mod::Module, _path::String)
      @ Base ./Base.jl:306
   [14] exec_options(opts::Base.JLOptions)
      @ Base ./client.jl:317
   [15] _start()
      @ Base ./client.jl:550
[ Info: Batch channel averaging started at 2026-01-27T08:55:24.489
[ Info: Function call: rand(rng)
[ Info: Found 1 JLD2 files matching pattern 'epochs'
[ Info: Channel selections: 1 group(s)
[ Info: Output labels: [:Group1]
[ Info: Reduce mode: false
[ Info: Averaging channels: 1_epochs.jld2 (1/1)
[ Info: channel_average!: Ch1, Ch2 → :Group1
[ Info: Converting polar coordinates to 3D Cartesian coordinates
┌ Error: Error processing 1_epochs.jld2
│   exception =
│    ArgumentError: Layout must contain :inc and :azi columns
│    Stacktrace:
│      [1] polar_to_cartesian_xyz!(layout::EegFun.Layout)
│        @ EegFun ~/Documents/Julia/EegFun.jl/src/layouts/layout.jl:277
│      [2] _ensure_coordinates_3d!(layout::EegFun.Layout)
│        @ EegFun ~/Documents/Julia/EegFun.jl/src/layouts/layout.jl:193
│      [3] _ensure_all_coordinates!
│        @ ~/Documents/Julia/EegFun.jl/src/analysis/processing/channel_average.jl:385 [inlined]
│      [4] _layout_from_groups(layout::EegFun.Layout, channel_groups::Vector{Vector{Symbol}}, labels::Vector{Symbol})
│        @ EegFun ~/Documents/Julia/EegFun.jl/src/analysis/processing/channel_average.jl:357
│      [5] channel_average!(dat::EegFun.EpochData; channel_selections::Vector{EegFun.var"#channels##2#channels##3"{Vector{Symbol}}}, output_labels::Vector{Symbol}, include_extra::Bool, reduce::Bool)
│        @ EegFun ~/Documents/Julia/EegFun.jl/src/analysis/processing/channel_average.jl:129
│      [6] channel_average!
│        @ ~/Documents/Julia/EegFun.jl/src/analysis/processing/channel_average.jl:39 [inlined]
│      [7] #_process_channel_average_file##0
│        @ ~/Documents/Julia/EegFun.jl/src/analysis/processing/channel_average.jl:194 [inlined]
│      [8] foreach(f::EegFun.var"#_process_channel_average_file##0#_process_channel_average_file##1"{Vector{EegFun.var"#channels##2#channels##3"{Vector{Symbol}}}, Vector{Symbol}, Bool}, itr::Vector{EegFun.EpochData})
│        @ Base ./abstractarray.jl:3188
│      [9] _process_channel_average_file(filepath::String, output_path::String, channel_selections::Vector{EegFun.var"#channels##2#channels##3"{Vector{Symbol}}}, output_labels::Vector{Symbol}, condition_selection::Function, reduce::Bool)
│        @ EegFun ~/Documents/Julia/EegFun.jl/src/analysis/processing/channel_average.jl:193
│     [10] (::EegFun.var"#326#327"{EegFun.var"#conditions##0#conditions##1", Bool, Vector{EegFun.var"#channels##2#channels##3"{Vector{Symbol}}}})(input_path::String, output_path::String)
│        @ EegFun ~/Documents/Julia/EegFun.jl/src/analysis/processing/channel_average.jl:305
│     [11] _run_batch_operation(process_fn::EegFun.var"#326#327"{EegFun.var"#conditions##0#conditions##1", Bool, Vector{EegFun.var"#channels##2#channels##3"{Vector{Symbol}}}}, files::Vector{String}, input_dir::String, output_dir::String; operation_name::String)
│        @ EegFun ~/Documents/Julia/EegFun.jl/src/utils/batch.jl:337
│     [12] channel_average(file_pattern::String, channel_selections::Vector{EegFun.var"#channels##2#channels##3"{Vector{Symbol}}}; output_labels::Vector{Symbol}, input_dir::String, participant_selection::Function, condition_selection::Function, output_dir::String, reduce::Bool)
│        @ EegFun ~/Documents/Julia/EegFun.jl/src/analysis/processing/channel_average.jl:315
│     [13] top-level scope
│        @ ~/Documents/Julia/EegFun.jl/test/automatic/channel_average.jl:106
│     [14] macro expansion
│        @ ~/.julia/juliaup/julia-1.12.4+0.x64.linux.gnu/share/julia/stdlib/v1.12/Test/src/Test.jl:1776 [inlined]
│     [15] macro expansion
│        @ ~/Documents/Julia/EegFun.jl/test/automatic/channel_average.jl:566 [inlined]
│     [16] macro expansion
│        @ ~/.julia/juliaup/julia-1.12.4+0.x64.linux.gnu/share/julia/stdlib/v1.12/Test/src/Test.jl:1776 [inlined]
│     [17] macro expansion
│        @ ~/Documents/Julia/EegFun.jl/test/automatic/channel_average.jl:574 [inlined]
│     [18] include(mapexpr::Function, mod::Module, _path::String)
│        @ Base ./Base.jl:307
│     [19] top-level scope
│        @ ~/Documents/Julia/EegFun.jl/test/runtests.jl:22
│     [20] macro expansion
│        @ ~/.julia/juliaup/julia-1.12.4+0.x64.linux.gnu/share/julia/stdlib/v1.12/Test/src/Test.jl:1776 [inlined]
│     [21] macro expansion
│        @ ~/Documents/Julia/EegFun.jl/test/runtests.jl:26 [inlined]
│     [22] include(mod::Module, _path::String)
│        @ Base ./Base.jl:306
│     [23] exec_options(opts::Base.JLOptions)
│        @ Base ./client.jl:317
│     [24] _start()
│        @ Base ./client.jl:550
└ @ EegFun ~/Documents/Julia/EegFun.jl/src/utils/batch.jl:339
[ Warning:   ✗ Exception: ArgumentError: Layout must contain :inc and :azi columns
[ Info: 
[ Info: Batch operation complete! Processed 0 files successfully, 1 errors
[ Info: Output saved to: /tmp/jl_85Q8oG/combined_epochs
EpochData support: Test Failed at /home/ian/Documents/Julia/EegFun.jl/test/automatic/channel_average.jl:582
  Expression: result.success == 1
   Evaluated: 0 == 1

Stacktrace:
 [1] top-level scope
   @ ~/Documents/Julia/EegFun.jl/test/automatic/channel_average.jl:106
 [2] macro expansion
   @ ~/.julia/juliaup/julia-1.12.4+0.x64.linux.gnu/share/julia/stdlib/v1.12/Test/src/Test.jl:1776 [inlined]
 [3] macro expansion
   @ ~/Documents/Julia/EegFun.jl/test/automatic/channel_average.jl:566 [inlined]
 [4] macro expansion
   @ ~/.julia/juliaup/julia-1.12.4+0.x64.linux.gnu/share/julia/stdlib/v1.12/Test/src/Test.jl:1776 [inlined]
 [5] macro expansion
   @ ~/Documents/Julia/EegFun.jl/test/automatic/channel_average.jl:582 [inlined]
 [6] macro expansion
   @ ~/.julia/juliaup/julia-1.12.4+0.x64.linux.gnu/share/julia/stdlib/v1.12/Test/src/Test.jl:680 [inlined]
EpochData support: Error During Test at /home/ian/Documents/Julia/EegFun.jl/test/automatic/channel_average.jl:564
  Got exception outside of a @test
  ArgumentError: No file exists at given path: /tmp/jl_85Q8oG/combined_epochs/1_epochs.jld2
  Stacktrace:
    [1] checkpath_load
      @ ~/.julia/packages/FileIO/EI2b8/src/loadsave.jl:167 [inlined]
    [2] load(file::String, args::String; options::@Kwargs{})
      @ FileIO ~/.julia/packages/FileIO/EI2b8/src/loadsave.jl:110
    [3] load(file::String, args::String)
      @ FileIO ~/.julia/packages/FileIO/EI2b8/src/loadsave.jl:109
    [4] top-level scope
      @ ~/Documents/Julia/EegFun.jl/test/automatic/channel_average.jl:106
    [5] macro expansion
      @ ~/.julia/juliaup/julia-1.12.4+0.x64.linux.gnu/share/julia/stdlib/v1.12/Test/src/Test.jl:1776 [inlined]
    [6] macro expansion
      @ ~/Documents/Julia/EegFun.jl/test/automatic/channel_average.jl:566 [inlined]
    [7] macro expansion
      @ ~/.julia/juliaup/julia-1.12.4+0.x64.linux.gnu/share/julia/stdlib/v1.12/Test/src/Test.jl:1776 [inlined]
    [8] macro expansion
      @ ~/Documents/Julia/EegFun.jl/test/automatic/channel_average.jl:584 [inlined]
    [9] include(mapexpr::Function, mod::Module, _path::String)
      @ Base ./Base.jl:307
   [10] top-level scope
      @ ~/Documents/Julia/EegFun.jl/test/runtests.jl:22
   [11] macro expansion
      @ ~/.julia/juliaup/julia-1.12.4+0.x64.linux.gnu/share/julia/stdlib/v1.12/Test/src/Test.jl:1776 [inlined]
   [12] macro expansion
      @ ~/Documents/Julia/EegFun.jl/test/runtests.jl:26 [inlined]
   [13] include(mod::Module, _path::String)
      @ Base ./Base.jl:306
   [14] exec_options(opts::Base.JLOptions)
      @ Base ./client.jl:317
   [15] _start()
      @ Base ./client.jl:550
Invalid channel selection: Error During Test at /home/ian/Documents/Julia/EegFun.jl/test/automatic/channel_average.jl:590
  Got exception outside of a @test
  MethodError: no method matching create_batch_test_erp_data(::Int64; n_channels::Int64)
  The function `create_batch_test_erp_data` exists, but no method is defined for this combination of argument types.
  
  Closest candidates are:
    create_batch_test_erp_data(; n_conditions, fs, n_channels, seed)
     @ Main ~/Documents/Julia/EegFun.jl/test/test_utils.jl:143
  
  Stacktrace:
    [1] top-level scope
      @ ~/Documents/Julia/EegFun.jl/test/automatic/channel_average.jl:106
    [2] macro expansion
      @ ~/.julia/juliaup/julia-1.12.4+0.x64.linux.gnu/share/julia/stdlib/v1.12/Test/src/Test.jl:1776 [inlined]
    [3] macro expansion
      @ ~/Documents/Julia/EegFun.jl/test/automatic/channel_average.jl:592 [inlined]
    [4] macro expansion
      @ ~/.julia/juliaup/julia-1.12.4+0.x64.linux.gnu/share/julia/stdlib/v1.12/Test/src/Test.jl:1776 [inlined]
    [5] macro expansion
      @ ~/Documents/Julia/EegFun.jl/test/automatic/channel_average.jl:595 [inlined]
    [6] include(mapexpr::Function, mod::Module, _path::String)
      @ Base ./Base.jl:307
    [7] top-level scope
      @ ~/Documents/Julia/EegFun.jl/test/runtests.jl:22
    [8] macro expansion
      @ ~/.julia/juliaup/julia-1.12.4+0.x64.linux.gnu/share/julia/stdlib/v1.12/Test/src/Test.jl:1776 [inlined]
    [9] macro expansion
      @ ~/Documents/Julia/EegFun.jl/test/runtests.jl:26 [inlined]
   [10] include(mod::Module, _path::String)
      @ Base ./Base.jl:306
   [11] exec_options(opts::Base.JLOptions)
      @ Base ./client.jl:317
   [12] _start()
      @ Base ./client.jl:550
[ Info: Batch channel averaging started at 2026-01-27T08:55:25.017
[ Info: Function call: rand(rng)
[ Info: Found 2 JLD2 files matching pattern 'erps_cleaned'
[ Info: Channel selections: 1 group(s)
[ Info: Output labels: [:Ch5_avg]
[ Info: Reduce mode: false
[ Info: Averaging channels: 1_erps_cleaned.jld2 (1/2)
[ Info: channel_average!: Ch5 → :Ch5_avg
[ Info: Converting polar coordinates to 3D Cartesian coordinates
┌ Error: Error processing 1_erps_cleaned.jld2
│   exception =
│    ArgumentError: Layout must contain :inc and :azi columns
│    Stacktrace:
│      [1] polar_to_cartesian_xyz!(layout::EegFun.Layout)
│        @ EegFun ~/Documents/Julia/EegFun.jl/src/layouts/layout.jl:277
│      [2] _ensure_coordinates_3d!(layout::EegFun.Layout)
│        @ EegFun ~/Documents/Julia/EegFun.jl/src/layouts/layout.jl:193
│      [3] _ensure_all_coordinates!
│        @ ~/Documents/Julia/EegFun.jl/src/analysis/processing/channel_average.jl:385 [inlined]
│      [4] _layout_from_groups(layout::EegFun.Layout, channel_groups::Vector{Vector{Symbol}}, labels::Vector{Symbol})
│        @ EegFun ~/Documents/Julia/EegFun.jl/src/analysis/processing/channel_average.jl:357
│      [5] channel_average!(dat::EegFun.ErpData; channel_selections::Vector{EegFun.var"#channels##2#channels##3"{Vector{Symbol}}}, output_labels::Vector{Symbol}, include_extra::Bool, reduce::Bool)
│        @ EegFun ~/Documents/Julia/EegFun.jl/src/analysis/processing/channel_average.jl:129
│      [6] channel_average!
│        @ ~/Documents/Julia/EegFun.jl/src/analysis/processing/channel_average.jl:39 [inlined]
│      [7] #_process_channel_average_file##0
│        @ ~/Documents/Julia/EegFun.jl/src/analysis/processing/channel_average.jl:194 [inlined]
│      [8] foreach(f::EegFun.var"#_process_channel_average_file##0#_process_channel_average_file##1"{Vector{EegFun.var"#channels##2#channels##3"{Vector{Symbol}}}, Vector{Symbol}, Bool}, itr::Vector{EegFun.ErpData})
│        @ Base ./abstractarray.jl:3188
│      [9] _process_channel_average_file(filepath::String, output_path::String, channel_selections::Vector{EegFun.var"#channels##2#channels##3"{Vector{Symbol}}}, output_labels::Vector{Symbol}, condition_selection::Function, reduce::Bool)
│        @ EegFun ~/Documents/Julia/EegFun.jl/src/analysis/processing/channel_average.jl:193
│     [10] (::EegFun.var"#326#327"{EegFun.var"#conditions##0#conditions##1", Bool, Vector{EegFun.var"#channels##2#channels##3"{Vector{Symbol}}}})(input_path::String, output_path::String)
│        @ EegFun ~/Documents/Julia/EegFun.jl/src/analysis/processing/channel_average.jl:305
│     [11] _run_batch_operation(process_fn::EegFun.var"#326#327"{EegFun.var"#conditions##0#conditions##1", Bool, Vector{EegFun.var"#channels##2#channels##3"{Vector{Symbol}}}}, files::Vector{String}, input_dir::String, output_dir::String; operation_name::String)
│        @ EegFun ~/Documents/Julia/EegFun.jl/src/utils/batch.jl:337
│     [12] channel_average(file_pattern::String, channel_selections::Vector{EegFun.var"#channels##2#channels##3"{Vector{Symbol}}}; output_labels::Vector{Symbol}, input_dir::String, participant_selection::Function, condition_selection::Function, output_dir::String, reduce::Bool)
│        @ EegFun ~/Documents/Julia/EegFun.jl/src/analysis/processing/channel_average.jl:315
│     [13] top-level scope
│        @ ~/Documents/Julia/EegFun.jl/test/automatic/channel_average.jl:106
│     [14] macro expansion
│        @ ~/.julia/juliaup/julia-1.12.4+0.x64.linux.gnu/share/julia/stdlib/v1.12/Test/src/Test.jl:1776 [inlined]
│     [15] macro expansion
│        @ ~/Documents/Julia/EegFun.jl/test/automatic/channel_average.jl:614 [inlined]
│     [16] macro expansion
│        @ ~/.julia/juliaup/julia-1.12.4+0.x64.linux.gnu/share/julia/stdlib/v1.12/Test/src/Test.jl:1776 [inlined]
│     [17] macro expansion
│        @ ~/Documents/Julia/EegFun.jl/test/automatic/channel_average.jl:617 [inlined]
│     [18] include(mapexpr::Function, mod::Module, _path::String)
│        @ Base ./Base.jl:307
│     [19] top-level scope
│        @ ~/Documents/Julia/EegFun.jl/test/runtests.jl:22
│     [20] macro expansion
│        @ ~/.julia/juliaup/julia-1.12.4+0.x64.linux.gnu/share/julia/stdlib/v1.12/Test/src/Test.jl:1776 [inlined]
│     [21] macro expansion
│        @ ~/Documents/Julia/EegFun.jl/test/runtests.jl:26 [inlined]
│     [22] include(mod::Module, _path::String)
│        @ Base ./Base.jl:306
│     [23] exec_options(opts::Base.JLOptions)
│        @ Base ./client.jl:317
│     [24] _start()
│        @ Base ./client.jl:550
└ @ EegFun ~/Documents/Julia/EegFun.jl/src/utils/batch.jl:339
[ Warning:   ✗ Exception: ArgumentError: Layout must contain :inc and :azi columns
[ Info: Averaging channels: 2_erps_cleaned.jld2 (2/2)
[ Info: channel_average!: Ch5 → :Ch5_avg
[ Info: Converting polar coordinates to 3D Cartesian coordinates
┌ Error: Error processing 2_erps_cleaned.jld2
│   exception =
│    ArgumentError: Layout must contain :inc and :azi columns
│    Stacktrace:
│      [1] polar_to_cartesian_xyz!(layout::EegFun.Layout)
│        @ EegFun ~/Documents/Julia/EegFun.jl/src/layouts/layout.jl:277
│      [2] _ensure_coordinates_3d!(layout::EegFun.Layout)
│        @ EegFun ~/Documents/Julia/EegFun.jl/src/layouts/layout.jl:193
│      [3] _ensure_all_coordinates!
│        @ ~/Documents/Julia/EegFun.jl/src/analysis/processing/channel_average.jl:385 [inlined]
│      [4] _layout_from_groups(layout::EegFun.Layout, channel_groups::Vector{Vector{Symbol}}, labels::Vector{Symbol})
│        @ EegFun ~/Documents/Julia/EegFun.jl/src/analysis/processing/channel_average.jl:357
│      [5] channel_average!(dat::EegFun.ErpData; channel_selections::Vector{EegFun.var"#channels##2#channels##3"{Vector{Symbol}}}, output_labels::Vector{Symbol}, include_extra::Bool, reduce::Bool)
│        @ EegFun ~/Documents/Julia/EegFun.jl/src/analysis/processing/channel_average.jl:129
│      [6] channel_average!
│        @ ~/Documents/Julia/EegFun.jl/src/analysis/processing/channel_average.jl:39 [inlined]
│      [7] #_process_channel_average_file##0
│        @ ~/Documents/Julia/EegFun.jl/src/analysis/processing/channel_average.jl:194 [inlined]
│      [8] foreach(f::EegFun.var"#_process_channel_average_file##0#_process_channel_average_file##1"{Vector{EegFun.var"#channels##2#channels##3"{Vector{Symbol}}}, Vector{Symbol}, Bool}, itr::Vector{EegFun.ErpData})
│        @ Base ./abstractarray.jl:3188
│      [9] _process_channel_average_file(filepath::String, output_path::String, channel_selections::Vector{EegFun.var"#channels##2#channels##3"{Vector{Symbol}}}, output_labels::Vector{Symbol}, condition_selection::Function, reduce::Bool)
│        @ EegFun ~/Documents/Julia/EegFun.jl/src/analysis/processing/channel_average.jl:193
│     [10] (::EegFun.var"#326#327"{EegFun.var"#conditions##0#conditions##1", Bool, Vector{EegFun.var"#channels##2#channels##3"{Vector{Symbol}}}})(input_path::String, output_path::String)
│        @ EegFun ~/Documents/Julia/EegFun.jl/src/analysis/processing/channel_average.jl:305
│     [11] _run_batch_operation(process_fn::EegFun.var"#326#327"{EegFun.var"#conditions##0#conditions##1", Bool, Vector{EegFun.var"#channels##2#channels##3"{Vector{Symbol}}}}, files::Vector{String}, input_dir::String, output_dir::String; operation_name::String)
│        @ EegFun ~/Documents/Julia/EegFun.jl/src/utils/batch.jl:337
│     [12] channel_average(file_pattern::String, channel_selections::Vector{EegFun.var"#channels##2#channels##3"{Vector{Symbol}}}; output_labels::Vector{Symbol}, input_dir::String, participant_selection::Function, condition_selection::Function, output_dir::String, reduce::Bool)
│        @ EegFun ~/Documents/Julia/EegFun.jl/src/analysis/processing/channel_average.jl:315
│     [13] top-level scope
│        @ ~/Documents/Julia/EegFun.jl/test/automatic/channel_average.jl:106
│     [14] macro expansion
│        @ ~/.julia/juliaup/julia-1.12.4+0.x64.linux.gnu/share/julia/stdlib/v1.12/Test/src/Test.jl:1776 [inlined]
│     [15] macro expansion
│        @ ~/Documents/Julia/EegFun.jl/test/automatic/channel_average.jl:614 [inlined]
│     [16] macro expansion
│        @ ~/.julia/juliaup/julia-1.12.4+0.x64.linux.gnu/share/julia/stdlib/v1.12/Test/src/Test.jl:1776 [inlined]
│     [17] macro expansion
│        @ ~/Documents/Julia/EegFun.jl/test/automatic/channel_average.jl:617 [inlined]
│     [18] include(mapexpr::Function, mod::Module, _path::String)
│        @ Base ./Base.jl:307
│     [19] top-level scope
│        @ ~/Documents/Julia/EegFun.jl/test/runtests.jl:22
│     [20] macro expansion
│        @ ~/.julia/juliaup/julia-1.12.4+0.x64.linux.gnu/share/julia/stdlib/v1.12/Test/src/Test.jl:1776 [inlined]
│     [21] macro expansion
│        @ ~/Documents/Julia/EegFun.jl/test/runtests.jl:26 [inlined]
│     [22] include(mod::Module, _path::String)
│        @ Base ./Base.jl:306
│     [23] exec_options(opts::Base.JLOptions)
│        @ Base ./client.jl:317
│     [24] _start()
│        @ Base ./client.jl:550
└ @ EegFun ~/Documents/Julia/EegFun.jl/src/utils/batch.jl:339
[ Warning:   ✗ Exception: ArgumentError: Layout must contain :inc and :azi columns
[ Info: 
[ Info: Batch operation complete! Processed 0 files successfully, 2 errors
[ Info: Output saved to: /tmp/jl_85Q8oG/combined_single_channel
Single channel in group: Test Failed at /home/ian/Documents/Julia/EegFun.jl/test/automatic/channel_average.jl:625
  Expression: result.success == 2
   Evaluated: 0 == 2

Stacktrace:
 [1] top-level scope
   @ ~/Documents/Julia/EegFun.jl/test/automatic/channel_average.jl:106
 [2] macro expansion
   @ ~/.julia/juliaup/julia-1.12.4+0.x64.linux.gnu/share/julia/stdlib/v1.12/Test/src/Test.jl:1776 [inlined]
 [3] macro expansion
   @ ~/Documents/Julia/EegFun.jl/test/automatic/channel_average.jl:614 [inlined]
 [4] macro expansion
   @ ~/.julia/juliaup/julia-1.12.4+0.x64.linux.gnu/share/julia/stdlib/v1.12/Test/src/Test.jl:1776 [inlined]
 [5] macro expansion
   @ ~/Documents/Julia/EegFun.jl/test/automatic/channel_average.jl:625 [inlined]
 [6] macro expansion
   @ ~/.julia/juliaup/julia-1.12.4+0.x64.linux.gnu/share/julia/stdlib/v1.12/Test/src/Test.jl:680 [inlined]
Single channel in group: Error During Test at /home/ian/Documents/Julia/EegFun.jl/test/automatic/channel_average.jl:613
  Got exception outside of a @test
  ArgumentError: No file exists at given path: /tmp/jl_85Q8oG/combined_single_channel/1_erps_cleaned.jld2
  Stacktrace:
    [1] checkpath_load
      @ ~/.julia/packages/FileIO/EI2b8/src/loadsave.jl:167 [inlined]
    [2] load(file::String, args::String; options::@Kwargs{})
      @ FileIO ~/.julia/packages/FileIO/EI2b8/src/loadsave.jl:110
    [3] load(file::String, args::String)
      @ FileIO ~/.julia/packages/FileIO/EI2b8/src/loadsave.jl:109
    [4] top-level scope
      @ ~/Documents/Julia/EegFun.jl/test/automatic/channel_average.jl:106
    [5] macro expansion
      @ ~/.julia/juliaup/julia-1.12.4+0.x64.linux.gnu/share/julia/stdlib/v1.12/Test/src/Test.jl:1776 [inlined]
    [6] macro expansion
      @ ~/Documents/Julia/EegFun.jl/test/automatic/channel_average.jl:614 [inlined]
    [7] macro expansion
      @ ~/.julia/juliaup/julia-1.12.4+0.x64.linux.gnu/share/julia/stdlib/v1.12/Test/src/Test.jl:1776 [inlined]
    [8] macro expansion
      @ ~/Documents/Julia/EegFun.jl/test/automatic/channel_average.jl:627 [inlined]
    [9] include(mapexpr::Function, mod::Module, _path::String)
      @ Base ./Base.jl:307
   [10] top-level scope
      @ ~/Documents/Julia/EegFun.jl/test/runtests.jl:22
   [11] macro expansion
      @ ~/.julia/juliaup/julia-1.12.4+0.x64.linux.gnu/share/julia/stdlib/v1.12/Test/src/Test.jl:1776 [inlined]
   [12] macro expansion
      @ ~/Documents/Julia/EegFun.jl/test/runtests.jl:26 [inlined]
   [13] include(mod::Module, _path::String)
      @ Base ./Base.jl:306
   [14] exec_options(opts::Base.JLOptions)
      @ Base ./client.jl:317
   [15] _start()
      @ Base ./client.jl:550
[ Info: Batch channel averaging started at 2026-01-27T08:55:25.249
[ Info: Function call: rand(rng)
[ Info: Found 2 JLD2 files matching pattern 'erps_cleaned'
[ Info: Channel selections: 1 group(s)
[ Info: Output labels: [:global_avg]
[ Info: Reduce mode: true
[ Info: Averaging channels: 1_erps_cleaned.jld2 (1/2)
[ Info: channel_average!: Ch1, Ch2, Ch3, Ch4, Ch5, Ch6, Ch7 → :global_avg
[ Info: Converting polar coordinates to 3D Cartesian coordinates
┌ Error: Error processing 1_erps_cleaned.jld2
│   exception =
│    ArgumentError: Layout must contain :inc and :azi columns
│    Stacktrace:
│      [1] polar_to_cartesian_xyz!(layout::EegFun.Layout)
│        @ EegFun ~/Documents/Julia/EegFun.jl/src/layouts/layout.jl:277
│      [2] _ensure_coordinates_3d!(layout::EegFun.Layout)
│        @ EegFun ~/Documents/Julia/EegFun.jl/src/layouts/layout.jl:193
│      [3] _ensure_all_coordinates!
│        @ ~/Documents/Julia/EegFun.jl/src/analysis/processing/channel_average.jl:385 [inlined]
│      [4] _layout_from_groups(layout::EegFun.Layout, channel_groups::Vector{Vector{Symbol}}, labels::Vector{Symbol})
│        @ EegFun ~/Documents/Julia/EegFun.jl/src/analysis/processing/channel_average.jl:357
│      [5] channel_average!(dat::EegFun.ErpData; channel_selections::Vector{EegFun.var"#channels##0#channels##1"}, output_labels::Vector{Symbol}, include_extra::Bool, reduce::Bool)
│        @ EegFun ~/Documents/Julia/EegFun.jl/src/analysis/processing/channel_average.jl:126
│      [6] channel_average!
│        @ ~/Documents/Julia/EegFun.jl/src/analysis/processing/channel_average.jl:39 [inlined]
│      [7] #_process_channel_average_file##0
│        @ ~/Documents/Julia/EegFun.jl/src/analysis/processing/channel_average.jl:194 [inlined]
│      [8] foreach(f::EegFun.var"#_process_channel_average_file##0#_process_channel_average_file##1"{Vector{EegFun.var"#channels##0#channels##1"}, Vector{Symbol}, Bool}, itr::Vector{EegFun.ErpData})
│        @ Base ./abstractarray.jl:3188
│      [9] _process_channel_average_file(filepath::String, output_path::String, channel_selections::Vector{EegFun.var"#channels##0#channels##1"}, output_labels::Vector{Symbol}, condition_selection::Function, reduce::Bool)
│        @ EegFun ~/Documents/Julia/EegFun.jl/src/analysis/processing/channel_average.jl:193
│     [10] (::EegFun.var"#326#327"{EegFun.var"#conditions##0#conditions##1", Bool, Vector{EegFun.var"#channels##0#channels##1"}})(input_path::String, output_path::String)
│        @ EegFun ~/Documents/Julia/EegFun.jl/src/analysis/processing/channel_average.jl:305
│     [11] _run_batch_operation(process_fn::EegFun.var"#326#327"{EegFun.var"#conditions##0#conditions##1", Bool, Vector{EegFun.var"#channels##0#channels##1"}}, files::Vector{String}, input_dir::String, output_dir::String; operation_name::String)
│        @ EegFun ~/Documents/Julia/EegFun.jl/src/utils/batch.jl:337
│     [12] channel_average(file_pattern::String, channel_selections::Vector{EegFun.var"#channels##0#channels##1"}; output_labels::Vector{Symbol}, input_dir::String, participant_selection::Function, condition_selection::Function, output_dir::String, reduce::Bool)
│        @ EegFun ~/Documents/Julia/EegFun.jl/src/analysis/processing/channel_average.jl:315
│     [13] top-level scope
│        @ ~/Documents/Julia/EegFun.jl/test/automatic/channel_average.jl:106
│     [14] macro expansion
│        @ ~/.julia/juliaup/julia-1.12.4+0.x64.linux.gnu/share/julia/stdlib/v1.12/Test/src/Test.jl:1776 [inlined]
│     [15] macro expansion
│        @ ~/Documents/Julia/EegFun.jl/test/automatic/channel_average.jl:635 [inlined]
│     [16] macro expansion
│        @ ~/.julia/juliaup/julia-1.12.4+0.x64.linux.gnu/share/julia/stdlib/v1.12/Test/src/Test.jl:1776 [inlined]
│     [17] macro expansion
│        @ ~/Documents/Julia/EegFun.jl/test/automatic/channel_average.jl:638 [inlined]
│     [18] include(mapexpr::Function, mod::Module, _path::String)
│        @ Base ./Base.jl:307
│     [19] top-level scope
│        @ ~/Documents/Julia/EegFun.jl/test/runtests.jl:22
│     [20] macro expansion
│        @ ~/.julia/juliaup/julia-1.12.4+0.x64.linux.gnu/share/julia/stdlib/v1.12/Test/src/Test.jl:1776 [inlined]
│     [21] macro expansion
│        @ ~/Documents/Julia/EegFun.jl/test/runtests.jl:26 [inlined]
│     [22] include(mod::Module, _path::String)
│        @ Base ./Base.jl:306
│     [23] exec_options(opts::Base.JLOptions)
│        @ Base ./client.jl:317
│     [24] _start()
│        @ Base ./client.jl:550
└ @ EegFun ~/Documents/Julia/EegFun.jl/src/utils/batch.jl:339
[ Warning:   ✗ Exception: ArgumentError: Layout must contain :inc and :azi columns
[ Info: Averaging channels: 2_erps_cleaned.jld2 (2/2)
[ Info: channel_average!: Ch1, Ch2, Ch3, Ch4, Ch5, Ch6, Ch7 → :global_avg
[ Info: Converting polar coordinates to 3D Cartesian coordinates
┌ Error: Error processing 2_erps_cleaned.jld2
│   exception =
│    ArgumentError: Layout must contain :inc and :azi columns
│    Stacktrace:
│      [1] polar_to_cartesian_xyz!(layout::EegFun.Layout)
│        @ EegFun ~/Documents/Julia/EegFun.jl/src/layouts/layout.jl:277
│      [2] _ensure_coordinates_3d!(layout::EegFun.Layout)
│        @ EegFun ~/Documents/Julia/EegFun.jl/src/layouts/layout.jl:193
│      [3] _ensure_all_coordinates!
│        @ ~/Documents/Julia/EegFun.jl/src/analysis/processing/channel_average.jl:385 [inlined]
│      [4] _layout_from_groups(layout::EegFun.Layout, channel_groups::Vector{Vector{Symbol}}, labels::Vector{Symbol})
│        @ EegFun ~/Documents/Julia/EegFun.jl/src/analysis/processing/channel_average.jl:357
│      [5] channel_average!(dat::EegFun.ErpData; channel_selections::Vector{EegFun.var"#channels##0#channels##1"}, output_labels::Vector{Symbol}, include_extra::Bool, reduce::Bool)
│        @ EegFun ~/Documents/Julia/EegFun.jl/src/analysis/processing/channel_average.jl:126
│      [6] channel_average!
│        @ ~/Documents/Julia/EegFun.jl/src/analysis/processing/channel_average.jl:39 [inlined]
│      [7] #_process_channel_average_file##0
│        @ ~/Documents/Julia/EegFun.jl/src/analysis/processing/channel_average.jl:194 [inlined]
│      [8] foreach(f::EegFun.var"#_process_channel_average_file##0#_process_channel_average_file##1"{Vector{EegFun.var"#channels##0#channels##1"}, Vector{Symbol}, Bool}, itr::Vector{EegFun.ErpData})
│        @ Base ./abstractarray.jl:3188
│      [9] _process_channel_average_file(filepath::String, output_path::String, channel_selections::Vector{EegFun.var"#channels##0#channels##1"}, output_labels::Vector{Symbol}, condition_selection::Function, reduce::Bool)
│        @ EegFun ~/Documents/Julia/EegFun.jl/src/analysis/processing/channel_average.jl:193
│     [10] (::EegFun.var"#326#327"{EegFun.var"#conditions##0#conditions##1", Bool, Vector{EegFun.var"#channels##0#channels##1"}})(input_path::String, output_path::String)
│        @ EegFun ~/Documents/Julia/EegFun.jl/src/analysis/processing/channel_average.jl:305
│     [11] _run_batch_operation(process_fn::EegFun.var"#326#327"{EegFun.var"#conditions##0#conditions##1", Bool, Vector{EegFun.var"#channels##0#channels##1"}}, files::Vector{String}, input_dir::String, output_dir::String; operation_name::String)
│        @ EegFun ~/Documents/Julia/EegFun.jl/src/utils/batch.jl:337
│     [12] channel_average(file_pattern::String, channel_selections::Vector{EegFun.var"#channels##0#channels##1"}; output_labels::Vector{Symbol}, input_dir::String, participant_selection::Function, condition_selection::Function, output_dir::String, reduce::Bool)
│        @ EegFun ~/Documents/Julia/EegFun.jl/src/analysis/processing/channel_average.jl:315
│     [13] top-level scope
│        @ ~/Documents/Julia/EegFun.jl/test/automatic/channel_average.jl:106
│     [14] macro expansion
│        @ ~/.julia/juliaup/julia-1.12.4+0.x64.linux.gnu/share/julia/stdlib/v1.12/Test/src/Test.jl:1776 [inlined]
│     [15] macro expansion
│        @ ~/Documents/Julia/EegFun.jl/test/automatic/channel_average.jl:635 [inlined]
│     [16] macro expansion
│        @ ~/.julia/juliaup/julia-1.12.4+0.x64.linux.gnu/share/julia/stdlib/v1.12/Test/src/Test.jl:1776 [inlined]
│     [17] macro expansion
│        @ ~/Documents/Julia/EegFun.jl/test/automatic/channel_average.jl:638 [inlined]
│     [18] include(mapexpr::Function, mod::Module, _path::String)
│        @ Base ./Base.jl:307
│     [19] top-level scope
│        @ ~/Documents/Julia/EegFun.jl/test/runtests.jl:22
│     [20] macro expansion
│        @ ~/.julia/juliaup/julia-1.12.4+0.x64.linux.gnu/share/julia/stdlib/v1.12/Test/src/Test.jl:1776 [inlined]
│     [21] macro expansion
│        @ ~/Documents/Julia/EegFun.jl/test/runtests.jl:26 [inlined]
│     [22] include(mod::Module, _path::String)
│        @ Base ./Base.jl:306
│     [23] exec_options(opts::Base.JLOptions)
│        @ Base ./client.jl:317
│     [24] _start()
│        @ Base ./client.jl:550
└ @ EegFun ~/Documents/Julia/EegFun.jl/src/utils/batch.jl:339
[ Warning:   ✗ Exception: ArgumentError: Layout must contain :inc and :azi columns
[ Info: 
[ Info: Batch operation complete! Processed 0 files successfully, 2 errors
[ Info: Output saved to: /tmp/jl_85Q8oG/combined_all_channels
All channels combined: Test Failed at /home/ian/Documents/Julia/EegFun.jl/test/automatic/channel_average.jl:647
  Expression: result.success == 2
   Evaluated: 0 == 2

Stacktrace:
 [1] top-level scope
   @ ~/Documents/Julia/EegFun.jl/test/automatic/channel_average.jl:106
 [2] macro expansion
   @ ~/.julia/juliaup/julia-1.12.4+0.x64.linux.gnu/share/julia/stdlib/v1.12/Test/src/Test.jl:1776 [inlined]
 [3] macro expansion
   @ ~/Documents/Julia/EegFun.jl/test/automatic/channel_average.jl:635 [inlined]
 [4] macro expansion
   @ ~/.julia/juliaup/julia-1.12.4+0.x64.linux.gnu/share/julia/stdlib/v1.12/Test/src/Test.jl:1776 [inlined]
 [5] macro expansion
   @ ~/Documents/Julia/EegFun.jl/test/automatic/channel_average.jl:647 [inlined]
 [6] macro expansion
   @ ~/.julia/juliaup/julia-1.12.4+0.x64.linux.gnu/share/julia/stdlib/v1.12/Test/src/Test.jl:680 [inlined]
All channels combined: Error During Test at /home/ian/Documents/Julia/EegFun.jl/test/automatic/channel_average.jl:634
  Got exception outside of a @test
  ArgumentError: No file exists at given path: /tmp/jl_85Q8oG/combined_all_channels/1_erps_cleaned.jld2
  Stacktrace:
    [1] checkpath_load
      @ ~/.julia/packages/FileIO/EI2b8/src/loadsave.jl:167 [inlined]
    [2] load(file::String, args::String; options::@Kwargs{})
      @ FileIO ~/.julia/packages/FileIO/EI2b8/src/loadsave.jl:110
    [3] load(file::String, args::String)
      @ FileIO ~/.julia/packages/FileIO/EI2b8/src/loadsave.jl:109
    [4] top-level scope
      @ ~/Documents/Julia/EegFun.jl/test/automatic/channel_average.jl:106
    [5] macro expansion
      @ ~/.julia/juliaup/julia-1.12.4+0.x64.linux.gnu/share/julia/stdlib/v1.12/Test/src/Test.jl:1776 [inlined]
    [6] macro expansion
      @ ~/Documents/Julia/EegFun.jl/test/automatic/channel_average.jl:635 [inlined]
    [7] macro expansion
      @ ~/.julia/juliaup/julia-1.12.4+0.x64.linux.gnu/share/julia/stdlib/v1.12/Test/src/Test.jl:1776 [inlined]
    [8] macro expansion
      @ ~/Documents/Julia/EegFun.jl/test/automatic/channel_average.jl:649 [inlined]
    [9] include(mapexpr::Function, mod::Module, _path::String)
      @ Base ./Base.jl:307
   [10] top-level scope
      @ ~/Documents/Julia/EegFun.jl/test/runtests.jl:22
   [11] macro expansion
      @ ~/.julia/juliaup/julia-1.12.4+0.x64.linux.gnu/share/julia/stdlib/v1.12/Test/src/Test.jl:1776 [inlined]
   [12] macro expansion
      @ ~/Documents/Julia/EegFun.jl/test/runtests.jl:26 [inlined]
   [13] include(mod::Module, _path::String)
      @ Base ./Base.jl:306
   [14] exec_options(opts::Base.JLOptions)
      @ Base ./client.jl:317
   [15] _start()
      @ Base ./client.jl:550
[ Info: Batch channel averaging started at 2026-01-27T08:55:25.465
[ Info: Function call: rand(rng)
[ Info: Found 2 JLD2 files matching pattern 'erps_cleaned'
[ Info: Channel selections: 2 group(s)
[ Info: Output labels: [:Group1, :Group2]
[ Info: Reduce mode: false
[ Info: Averaging channels: 1_erps_cleaned.jld2 (1/2)
[ Info: channel_average!: Ch1, Ch2, Ch5 → :Group1
[ Info: channel_average!: Ch5, Ch6, Ch7 → :Group2
[ Info: Converting polar coordinates to 3D Cartesian coordinates
┌ Error: Error processing 1_erps_cleaned.jld2
│   exception =
│    ArgumentError: Layout must contain :inc and :azi columns
│    Stacktrace:
│      [1] polar_to_cartesian_xyz!(layout::EegFun.Layout)
│        @ EegFun ~/Documents/Julia/EegFun.jl/src/layouts/layout.jl:277
│      [2] _ensure_coordinates_3d!(layout::EegFun.Layout)
│        @ EegFun ~/Documents/Julia/EegFun.jl/src/layouts/layout.jl:193
│      [3] _ensure_all_coordinates!
│        @ ~/Documents/Julia/EegFun.jl/src/analysis/processing/channel_average.jl:385 [inlined]
│      [4] _layout_from_groups(layout::EegFun.Layout, channel_groups::Vector{Vector{Symbol}}, labels::Vector{Symbol})
│        @ EegFun ~/Documents/Julia/EegFun.jl/src/analysis/processing/channel_average.jl:357
│      [5] channel_average!(dat::EegFun.ErpData; channel_selections::Vector{EegFun.var"#channels##2#channels##3"{Vector{Symbol}}}, output_labels::Vector{Symbol}, include_extra::Bool, reduce::Bool)
│        @ EegFun ~/Documents/Julia/EegFun.jl/src/analysis/processing/channel_average.jl:129
│      [6] channel_average!
│        @ ~/Documents/Julia/EegFun.jl/src/analysis/processing/channel_average.jl:39 [inlined]
│      [7] #_process_channel_average_file##0
│        @ ~/Documents/Julia/EegFun.jl/src/analysis/processing/channel_average.jl:194 [inlined]
│      [8] foreach(f::EegFun.var"#_process_channel_average_file##0#_process_channel_average_file##1"{Vector{EegFun.var"#channels##2#channels##3"{Vector{Symbol}}}, Vector{Symbol}, Bool}, itr::Vector{EegFun.ErpData})
│        @ Base ./abstractarray.jl:3188
│      [9] _process_channel_average_file(filepath::String, output_path::String, channel_selections::Vector{EegFun.var"#channels##2#channels##3"{Vector{Symbol}}}, output_labels::Vector{Symbol}, condition_selection::Function, reduce::Bool)
│        @ EegFun ~/Documents/Julia/EegFun.jl/src/analysis/processing/channel_average.jl:193
│     [10] (::EegFun.var"#326#327"{EegFun.var"#conditions##0#conditions##1", Bool, Vector{EegFun.var"#channels##2#channels##3"{Vector{Symbol}}}})(input_path::String, output_path::String)
│        @ EegFun ~/Documents/Julia/EegFun.jl/src/analysis/processing/channel_average.jl:305
│     [11] _run_batch_operation(process_fn::EegFun.var"#326#327"{EegFun.var"#conditions##0#conditions##1", Bool, Vector{EegFun.var"#channels##2#channels##3"{Vector{Symbol}}}}, files::Vector{String}, input_dir::String, output_dir::String; operation_name::String)
│        @ EegFun ~/Documents/Julia/EegFun.jl/src/utils/batch.jl:337
│     [12] channel_average(file_pattern::String, channel_selections::Vector{EegFun.var"#channels##2#channels##3"{Vector{Symbol}}}; output_labels::Vector{Symbol}, input_dir::String, participant_selection::Function, condition_selection::Function, output_dir::String, reduce::Bool)
│        @ EegFun ~/Documents/Julia/EegFun.jl/src/analysis/processing/channel_average.jl:315
│     [13] top-level scope
│        @ ~/Documents/Julia/EegFun.jl/test/automatic/channel_average.jl:106
│     [14] macro expansion
│        @ ~/.julia/juliaup/julia-1.12.4+0.x64.linux.gnu/share/julia/stdlib/v1.12/Test/src/Test.jl:1776 [inlined]
│     [15] macro expansion
│        @ ~/Documents/Julia/EegFun.jl/test/automatic/channel_average.jl:671 [inlined]
│     [16] macro expansion
│        @ ~/.julia/juliaup/julia-1.12.4+0.x64.linux.gnu/share/julia/stdlib/v1.12/Test/src/Test.jl:1776 [inlined]
│     [17] macro expansion
│        @ ~/Documents/Julia/EegFun.jl/test/automatic/channel_average.jl:674 [inlined]
│     [18] include(mapexpr::Function, mod::Module, _path::String)
│        @ Base ./Base.jl:307
│     [19] top-level scope
│        @ ~/Documents/Julia/EegFun.jl/test/runtests.jl:22
│     [20] macro expansion
│        @ ~/.julia/juliaup/julia-1.12.4+0.x64.linux.gnu/share/julia/stdlib/v1.12/Test/src/Test.jl:1776 [inlined]
│     [21] macro expansion
│        @ ~/Documents/Julia/EegFun.jl/test/runtests.jl:26 [inlined]
│     [22] include(mod::Module, _path::String)
│        @ Base ./Base.jl:306
│     [23] exec_options(opts::Base.JLOptions)
│        @ Base ./client.jl:317
│     [24] _start()
│        @ Base ./client.jl:550
└ @ EegFun ~/Documents/Julia/EegFun.jl/src/utils/batch.jl:339
[ Warning:   ✗ Exception: ArgumentError: Layout must contain :inc and :azi columns
[ Info: Averaging channels: 2_erps_cleaned.jld2 (2/2)
[ Info: channel_average!: Ch1, Ch2, Ch5 → :Group1
[ Info: channel_average!: Ch5, Ch6, Ch7 → :Group2
[ Info: Converting polar coordinates to 3D Cartesian coordinates
┌ Error: Error processing 2_erps_cleaned.jld2
│   exception =
│    ArgumentError: Layout must contain :inc and :azi columns
│    Stacktrace:
│      [1] polar_to_cartesian_xyz!(layout::EegFun.Layout)
│        @ EegFun ~/Documents/Julia/EegFun.jl/src/layouts/layout.jl:277
│      [2] _ensure_coordinates_3d!(layout::EegFun.Layout)
│        @ EegFun ~/Documents/Julia/EegFun.jl/src/layouts/layout.jl:193
│      [3] _ensure_all_coordinates!
│        @ ~/Documents/Julia/EegFun.jl/src/analysis/processing/channel_average.jl:385 [inlined]
│      [4] _layout_from_groups(layout::EegFun.Layout, channel_groups::Vector{Vector{Symbol}}, labels::Vector{Symbol})
│        @ EegFun ~/Documents/Julia/EegFun.jl/src/analysis/processing/channel_average.jl:357
│      [5] channel_average!(dat::EegFun.ErpData; channel_selections::Vector{EegFun.var"#channels##2#channels##3"{Vector{Symbol}}}, output_labels::Vector{Symbol}, include_extra::Bool, reduce::Bool)
│        @ EegFun ~/Documents/Julia/EegFun.jl/src/analysis/processing/channel_average.jl:129
│      [6] channel_average!
│        @ ~/Documents/Julia/EegFun.jl/src/analysis/processing/channel_average.jl:39 [inlined]
│      [7] #_process_channel_average_file##0
│        @ ~/Documents/Julia/EegFun.jl/src/analysis/processing/channel_average.jl:194 [inlined]
│      [8] foreach(f::EegFun.var"#_process_channel_average_file##0#_process_channel_average_file##1"{Vector{EegFun.var"#channels##2#channels##3"{Vector{Symbol}}}, Vector{Symbol}, Bool}, itr::Vector{EegFun.ErpData})
│        @ Base ./abstractarray.jl:3188
│      [9] _process_channel_average_file(filepath::String, output_path::String, channel_selections::Vector{EegFun.var"#channels##2#channels##3"{Vector{Symbol}}}, output_labels::Vector{Symbol}, condition_selection::Function, reduce::Bool)
│        @ EegFun ~/Documents/Julia/EegFun.jl/src/analysis/processing/channel_average.jl:193
│     [10] (::EegFun.var"#326#327"{EegFun.var"#conditions##0#conditions##1", Bool, Vector{EegFun.var"#channels##2#channels##3"{Vector{Symbol}}}})(input_path::String, output_path::String)
│        @ EegFun ~/Documents/Julia/EegFun.jl/src/analysis/processing/channel_average.jl:305
│     [11] _run_batch_operation(process_fn::EegFun.var"#326#327"{EegFun.var"#conditions##0#conditions##1", Bool, Vector{EegFun.var"#channels##2#channels##3"{Vector{Symbol}}}}, files::Vector{String}, input_dir::String, output_dir::String; operation_name::String)
│        @ EegFun ~/Documents/Julia/EegFun.jl/src/utils/batch.jl:337
│     [12] channel_average(file_pattern::String, channel_selections::Vector{EegFun.var"#channels##2#channels##3"{Vector{Symbol}}}; output_labels::Vector{Symbol}, input_dir::String, participant_selection::Function, condition_selection::Function, output_dir::String, reduce::Bool)
│        @ EegFun ~/Documents/Julia/EegFun.jl/src/analysis/processing/channel_average.jl:315
│     [13] top-level scope
│        @ ~/Documents/Julia/EegFun.jl/test/automatic/channel_average.jl:106
│     [14] macro expansion
│        @ ~/.julia/juliaup/julia-1.12.4+0.x64.linux.gnu/share/julia/stdlib/v1.12/Test/src/Test.jl:1776 [inlined]
│     [15] macro expansion
│        @ ~/Documents/Julia/EegFun.jl/test/automatic/channel_average.jl:671 [inlined]
│     [16] macro expansion
│        @ ~/.julia/juliaup/julia-1.12.4+0.x64.linux.gnu/share/julia/stdlib/v1.12/Test/src/Test.jl:1776 [inlined]
│     [17] macro expansion
│        @ ~/Documents/Julia/EegFun.jl/test/automatic/channel_average.jl:674 [inlined]
│     [18] include(mapexpr::Function, mod::Module, _path::String)
│        @ Base ./Base.jl:307
│     [19] top-level scope
│        @ ~/Documents/Julia/EegFun.jl/test/runtests.jl:22
│     [20] macro expansion
│        @ ~/.julia/juliaup/julia-1.12.4+0.x64.linux.gnu/share/julia/stdlib/v1.12/Test/src/Test.jl:1776 [inlined]
│     [21] macro expansion
│        @ ~/Documents/Julia/EegFun.jl/test/runtests.jl:26 [inlined]
│     [22] include(mod::Module, _path::String)
│        @ Base ./Base.jl:306
│     [23] exec_options(opts::Base.JLOptions)
│        @ Base ./client.jl:317
│     [24] _start()
│        @ Base ./client.jl:550
└ @ EegFun ~/Documents/Julia/EegFun.jl/src/utils/batch.jl:339
[ Warning:   ✗ Exception: ArgumentError: Layout must contain :inc and :azi columns
[ Info: 
[ Info: Batch operation complete! Processed 0 files successfully, 2 errors
[ Info: Output saved to: /tmp/jl_85Q8oG/combined_overlapping
Overlapping channel groups: Test Failed at /home/ian/Documents/Julia/EegFun.jl/test/automatic/channel_average.jl:682
  Expression: result.success == 2
   Evaluated: 0 == 2

Stacktrace:
 [1] top-level scope
   @ ~/Documents/Julia/EegFun.jl/test/automatic/channel_average.jl:106
 [2] macro expansion
   @ ~/.julia/juliaup/julia-1.12.4+0.x64.linux.gnu/share/julia/stdlib/v1.12/Test/src/Test.jl:1776 [inlined]
 [3] macro expansion
   @ ~/Documents/Julia/EegFun.jl/test/automatic/channel_average.jl:671 [inlined]
 [4] macro expansion
   @ ~/.julia/juliaup/julia-1.12.4+0.x64.linux.gnu/share/julia/stdlib/v1.12/Test/src/Test.jl:1776 [inlined]
 [5] macro expansion
   @ ~/Documents/Julia/EegFun.jl/test/automatic/channel_average.jl:682 [inlined]
 [6] macro expansion
   @ ~/.julia/juliaup/julia-1.12.4+0.x64.linux.gnu/share/julia/stdlib/v1.12/Test/src/Test.jl:680 [inlined]
Overlapping channel groups: Error During Test at /home/ian/Documents/Julia/EegFun.jl/test/automatic/channel_average.jl:670
  Got exception outside of a @test
  ArgumentError: No file exists at given path: /tmp/jl_85Q8oG/combined_overlapping/1_erps_cleaned.jld2
  Stacktrace:
    [1] checkpath_load
      @ ~/.julia/packages/FileIO/EI2b8/src/loadsave.jl:167 [inlined]
    [2] load(file::String, args::String; options::@Kwargs{})
      @ FileIO ~/.julia/packages/FileIO/EI2b8/src/loadsave.jl:110
    [3] load(file::String, args::String)
      @ FileIO ~/.julia/packages/FileIO/EI2b8/src/loadsave.jl:109
    [4] top-level scope
      @ ~/Documents/Julia/EegFun.jl/test/automatic/channel_average.jl:106
    [5] macro expansion
      @ ~/.julia/juliaup/julia-1.12.4+0.x64.linux.gnu/share/julia/stdlib/v1.12/Test/src/Test.jl:1776 [inlined]
    [6] macro expansion
      @ ~/Documents/Julia/EegFun.jl/test/automatic/channel_average.jl:671 [inlined]
    [7] macro expansion
      @ ~/.julia/juliaup/julia-1.12.4+0.x64.linux.gnu/share/julia/stdlib/v1.12/Test/src/Test.jl:1776 [inlined]
    [8] macro expansion
      @ ~/Documents/Julia/EegFun.jl/test/automatic/channel_average.jl:684 [inlined]
    [9] include(mapexpr::Function, mod::Module, _path::String)
      @ Base ./Base.jl:307
   [10] top-level scope
      @ ~/Documents/Julia/EegFun.jl/test/runtests.jl:22
   [11] macro expansion
      @ ~/.julia/juliaup/julia-1.12.4+0.x64.linux.gnu/share/julia/stdlib/v1.12/Test/src/Test.jl:1776 [inlined]
   [12] macro expansion
      @ ~/Documents/Julia/EegFun.jl/test/runtests.jl:26 [inlined]
   [13] include(mod::Module, _path::String)
      @ Base ./Base.jl:306
   [14] exec_options(opts::Base.JLOptions)
      @ Base ./client.jl:317
   [15] _start()
      @ Base ./client.jl:550
[ Info: Batch channel averaging started at 2026-01-27T08:55:25.498
[ Info: Function call: rand(rng)
[ Info: Found 2 JLD2 files matching pattern 'erps_cleaned'
[ Info: Channel selections: 1 group(s)
[ Info: Output labels: [:avg_1]
[ Info: Reduce mode: false
[ Info: Averaging channels: 1_erps_cleaned.jld2 (1/2)
[ Info: channel_average!: Ch1, Ch2 → :avg_1
[ Info: Converting polar coordinates to 3D Cartesian coordinates
┌ Error: Error processing 1_erps_cleaned.jld2
│   exception =
│    ArgumentError: Layout must contain :inc and :azi columns
│    Stacktrace:
│      [1] polar_to_cartesian_xyz!(layout::EegFun.Layout)
│        @ EegFun ~/Documents/Julia/EegFun.jl/src/layouts/layout.jl:277
│      [2] _ensure_coordinates_3d!(layout::EegFun.Layout)
│        @ EegFun ~/Documents/Julia/EegFun.jl/src/layouts/layout.jl:193
│      [3] _ensure_all_coordinates!
│        @ ~/Documents/Julia/EegFun.jl/src/analysis/processing/channel_average.jl:385 [inlined]
│      [4] _layout_from_groups(layout::EegFun.Layout, channel_groups::Vector{Vector{Symbol}}, labels::Vector{Symbol})
│        @ EegFun ~/Documents/Julia/EegFun.jl/src/analysis/processing/channel_average.jl:357
│      [5] channel_average!(dat::EegFun.ErpData; channel_selections::Vector{EegFun.var"#channels##2#channels##3"{Vector{Symbol}}}, output_labels::Vector{Symbol}, include_extra::Bool, reduce::Bool)
│        @ EegFun ~/Documents/Julia/EegFun.jl/src/analysis/processing/channel_average.jl:129
│      [6] channel_average!
│        @ ~/Documents/Julia/EegFun.jl/src/analysis/processing/channel_average.jl:39 [inlined]
│      [7] #_process_channel_average_file##0
│        @ ~/Documents/Julia/EegFun.jl/src/analysis/processing/channel_average.jl:194 [inlined]
│      [8] foreach(f::EegFun.var"#_process_channel_average_file##0#_process_channel_average_file##1"{Vector{EegFun.var"#channels##2#channels##3"{Vector{Symbol}}}, Vector{Symbol}, Bool}, itr::Vector{EegFun.ErpData})
│        @ Base ./abstractarray.jl:3188
│      [9] _process_channel_average_file(filepath::String, output_path::String, channel_selections::Vector{EegFun.var"#channels##2#channels##3"{Vector{Symbol}}}, output_labels::Vector{Symbol}, condition_selection::Function, reduce::Bool)
│        @ EegFun ~/Documents/Julia/EegFun.jl/src/analysis/processing/channel_average.jl:193
│     [10] (::EegFun.var"#326#327"{EegFun.var"#conditions##0#conditions##1", Bool, Vector{EegFun.var"#channels##2#channels##3"{Vector{Symbol}}}})(input_path::String, output_path::String)
│        @ EegFun ~/Documents/Julia/EegFun.jl/src/analysis/processing/channel_average.jl:305
│     [11] _run_batch_operation(process_fn::EegFun.var"#326#327"{EegFun.var"#conditions##0#conditions##1", Bool, Vector{EegFun.var"#channels##2#channels##3"{Vector{Symbol}}}}, files::Vector{String}, input_dir::String, output_dir::String; operation_name::String)
│        @ EegFun ~/Documents/Julia/EegFun.jl/src/utils/batch.jl:337
│     [12] channel_average(file_pattern::String, channel_selections::Vector{EegFun.var"#channels##2#channels##3"{Vector{Symbol}}}; output_labels::Nothing, input_dir::String, participant_selection::Function, condition_selection::Function, output_dir::String, reduce::Bool)
│        @ EegFun ~/Documents/Julia/EegFun.jl/src/analysis/processing/channel_average.jl:315
│     [13] top-level scope
│        @ ~/Documents/Julia/EegFun.jl/test/automatic/channel_average.jl:106
│     [14] macro expansion
│        @ ~/.julia/juliaup/julia-1.12.4+0.x64.linux.gnu/share/julia/stdlib/v1.12/Test/src/Test.jl:1776 [inlined]
│     [15] macro expansion
│        @ ~/Documents/Julia/EegFun.jl/test/automatic/channel_average.jl:696 [inlined]
│     [16] macro expansion
│        @ ~/.julia/juliaup/julia-1.12.4+0.x64.linux.gnu/share/julia/stdlib/v1.12/Test/src/Test.jl:1776 [inlined]
│     [17] macro expansion
│        @ ~/Documents/Julia/EegFun.jl/test/automatic/channel_average.jl:702 [inlined]
│     [18] include(mapexpr::Function, mod::Module, _path::String)
│        @ Base ./Base.jl:307
│     [19] top-level scope
│        @ ~/Documents/Julia/EegFun.jl/test/runtests.jl:22
│     [20] macro expansion
│        @ ~/.julia/juliaup/julia-1.12.4+0.x64.linux.gnu/share/julia/stdlib/v1.12/Test/src/Test.jl:1776 [inlined]
│     [21] macro expansion
│        @ ~/Documents/Julia/EegFun.jl/test/runtests.jl:26 [inlined]
│     [22] include(mod::Module, _path::String)
│        @ Base ./Base.jl:306
│     [23] exec_options(opts::Base.JLOptions)
│        @ Base ./client.jl:317
│     [24] _start()
│        @ Base ./client.jl:550
└ @ EegFun ~/Documents/Julia/EegFun.jl/src/utils/batch.jl:339
[ Warning:   ✗ Exception: ArgumentError: Layout must contain :inc and :azi columns
[ Info: Averaging channels: 2_erps_cleaned.jld2 (2/2)
[ Info: channel_average!: Ch1, Ch2 → :avg_1
[ Info: Converting polar coordinates to 3D Cartesian coordinates
┌ Error: Error processing 2_erps_cleaned.jld2
│   exception =
│    ArgumentError: Layout must contain :inc and :azi columns
│    Stacktrace:
│      [1] polar_to_cartesian_xyz!(layout::EegFun.Layout)
│        @ EegFun ~/Documents/Julia/EegFun.jl/src/layouts/layout.jl:277
│      [2] _ensure_coordinates_3d!(layout::EegFun.Layout)
│        @ EegFun ~/Documents/Julia/EegFun.jl/src/layouts/layout.jl:193
│      [3] _ensure_all_coordinates!
│        @ ~/Documents/Julia/EegFun.jl/src/analysis/processing/channel_average.jl:385 [inlined]
│      [4] _layout_from_groups(layout::EegFun.Layout, channel_groups::Vector{Vector{Symbol}}, labels::Vector{Symbol})
│        @ EegFun ~/Documents/Julia/EegFun.jl/src/analysis/processing/channel_average.jl:357
│      [5] channel_average!(dat::EegFun.ErpData; channel_selections::Vector{EegFun.var"#channels##2#channels##3"{Vector{Symbol}}}, output_labels::Vector{Symbol}, include_extra::Bool, reduce::Bool)
│        @ EegFun ~/Documents/Julia/EegFun.jl/src/analysis/processing/channel_average.jl:129
│      [6] channel_average!
│        @ ~/Documents/Julia/EegFun.jl/src/analysis/processing/channel_average.jl:39 [inlined]
│      [7] #_process_channel_average_file##0
│        @ ~/Documents/Julia/EegFun.jl/src/analysis/processing/channel_average.jl:194 [inlined]
│      [8] foreach(f::EegFun.var"#_process_channel_average_file##0#_process_channel_average_file##1"{Vector{EegFun.var"#channels##2#channels##3"{Vector{Symbol}}}, Vector{Symbol}, Bool}, itr::Vector{EegFun.ErpData})
│        @ Base ./abstractarray.jl:3188
│      [9] _process_channel_average_file(filepath::String, output_path::String, channel_selections::Vector{EegFun.var"#channels##2#channels##3"{Vector{Symbol}}}, output_labels::Vector{Symbol}, condition_selection::Function, reduce::Bool)
│        @ EegFun ~/Documents/Julia/EegFun.jl/src/analysis/processing/channel_average.jl:193
│     [10] (::EegFun.var"#326#327"{EegFun.var"#conditions##0#conditions##1", Bool, Vector{EegFun.var"#channels##2#channels##3"{Vector{Symbol}}}})(input_path::String, output_path::String)
│        @ EegFun ~/Documents/Julia/EegFun.jl/src/analysis/processing/channel_average.jl:305
│     [11] _run_batch_operation(process_fn::EegFun.var"#326#327"{EegFun.var"#conditions##0#conditions##1", Bool, Vector{EegFun.var"#channels##2#channels##3"{Vector{Symbol}}}}, files::Vector{String}, input_dir::String, output_dir::String; operation_name::String)
│        @ EegFun ~/Documents/Julia/EegFun.jl/src/utils/batch.jl:337
│     [12] channel_average(file_pattern::String, channel_selections::Vector{EegFun.var"#channels##2#channels##3"{Vector{Symbol}}}; output_labels::Nothing, input_dir::String, participant_selection::Function, condition_selection::Function, output_dir::String, reduce::Bool)
│        @ EegFun ~/Documents/Julia/EegFun.jl/src/analysis/processing/channel_average.jl:315
│     [13] top-level scope
│        @ ~/Documents/Julia/EegFun.jl/test/automatic/channel_average.jl:106
│     [14] macro expansion
│        @ ~/.julia/juliaup/julia-1.12.4+0.x64.linux.gnu/share/julia/stdlib/v1.12/Test/src/Test.jl:1776 [inlined]
│     [15] macro expansion
│        @ ~/Documents/Julia/EegFun.jl/test/automatic/channel_average.jl:696 [inlined]
│     [16] macro expansion
│        @ ~/.julia/juliaup/julia-1.12.4+0.x64.linux.gnu/share/julia/stdlib/v1.12/Test/src/Test.jl:1776 [inlined]
│     [17] macro expansion
│        @ ~/Documents/Julia/EegFun.jl/test/automatic/channel_average.jl:702 [inlined]
│     [18] include(mapexpr::Function, mod::Module, _path::String)
│        @ Base ./Base.jl:307
│     [19] top-level scope
│        @ ~/Documents/Julia/EegFun.jl/test/runtests.jl:22
│     [20] macro expansion
│        @ ~/.julia/juliaup/julia-1.12.4+0.x64.linux.gnu/share/julia/stdlib/v1.12/Test/src/Test.jl:1776 [inlined]
│     [21] macro expansion
│        @ ~/Documents/Julia/EegFun.jl/test/runtests.jl:26 [inlined]
│     [22] include(mod::Module, _path::String)
│        @ Base ./Base.jl:306
│     [23] exec_options(opts::Base.JLOptions)
│        @ Base ./client.jl:317
│     [24] _start()
│        @ Base ./client.jl:550
└ @ EegFun ~/Documents/Julia/EegFun.jl/src/utils/batch.jl:339
[ Warning:   ✗ Exception: ArgumentError: Layout must contain :inc and :azi columns
[ Info: 
[ Info: Batch operation complete! Processed 0 files successfully, 2 errors
[ Info: Output saved to: /tmp/jl_85Q8oG/combined_metadata_preserve
Sample rate and analysis info preservation: Error During Test at /home/ian/Documents/Julia/EegFun.jl/test/automatic/channel_average.jl:695
  Got exception outside of a @test
  ArgumentError: No file exists at given path: /tmp/jl_85Q8oG/combined_metadata_preserve/1_erps_cleaned.jld2
  Stacktrace:
    [1] checkpath_load
      @ ~/.julia/packages/FileIO/EI2b8/src/loadsave.jl:167 [inlined]
    [2] load(file::String, args::String; options::@Kwargs{})
      @ FileIO ~/.julia/packages/FileIO/EI2b8/src/loadsave.jl:110
    [3] load(file::String, args::String)
      @ FileIO ~/.julia/packages/FileIO/EI2b8/src/loadsave.jl:109
    [4] top-level scope
      @ ~/Documents/Julia/EegFun.jl/test/automatic/channel_average.jl:106
    [5] macro expansion
      @ ~/.julia/juliaup/julia-1.12.4+0.x64.linux.gnu/share/julia/stdlib/v1.12/Test/src/Test.jl:1776 [inlined]
    [6] macro expansion
      @ ~/Documents/Julia/EegFun.jl/test/automatic/channel_average.jl:696 [inlined]
    [7] macro expansion
      @ ~/.julia/juliaup/julia-1.12.4+0.x64.linux.gnu/share/julia/stdlib/v1.12/Test/src/Test.jl:1776 [inlined]
    [8] macro expansion
      @ ~/Documents/Julia/EegFun.jl/test/automatic/channel_average.jl:704 [inlined]
    [9] include(mapexpr::Function, mod::Module, _path::String)
      @ Base ./Base.jl:307
   [10] top-level scope
      @ ~/Documents/Julia/EegFun.jl/test/runtests.jl:22
   [11] macro expansion
      @ ~/.julia/juliaup/julia-1.12.4+0.x64.linux.gnu/share/julia/stdlib/v1.12/Test/src/Test.jl:1776 [inlined]
   [12] macro expansion
      @ ~/Documents/Julia/EegFun.jl/test/runtests.jl:26 [inlined]
   [13] include(mod::Module, _path::String)
      @ Base ./Base.jl:306
   [14] exec_options(opts::Base.JLOptions)
      @ Base ./client.jl:317
   [15] _start()
      @ Base ./client.jl:550
[ Info: Batch channel averaging started at 2026-01-27T08:55:25.527
[ Info: Function call: rand(rng)
[ Info: Found 2 JLD2 files matching pattern 'erps_cleaned'
[ Info: Channel selections: 1 group(s)
[ Info: Output labels: [:avg_1]
[ Info: Reduce mode: false
[ Info: Averaging channels: 1_erps_cleaned.jld2 (1/2)
[ Info:   ✓ Averaged 1 channel group(s)
[ Info: Averaging channels: 2_erps_cleaned.jld2 (2/2)
[ Info:   ✓ Averaged 1 channel group(s)
[ Info: 
[ Info: Batch operation complete! Processed 2 files successfully, 0 errors
[ Info: Output saved to: /tmp/jl_85Q8oG/combined_invalid_condition
[ Info: Batch channel averaging started at 2026-01-27T08:55:25.639
[ Info: Function call: rand(rng)
[ Info: Found 1 JLD2 files matching pattern 'erps_many'
[ Info: Channel selections: 4 group(s)
[ Info: Output labels: [:Group1, :Group2, :Group3, :Group4]
[ Info: Reduce mode: false
[ Info: Averaging channels: 1_erps_many.jld2 (1/1)
[ Info: channel_average!: Ch1, Ch2, Ch3, Ch4, Ch5 → :Group1
[ Info: channel_average!: Ch6, Ch7, Ch8, Ch9, Ch10 → :Group2
[ Info: channel_average!: Ch11, Ch12, Ch13, Ch14, Ch15 → :Group3
[ Info: channel_average!: Ch16, Ch17, Ch18, Ch19, Ch20 → :Group4
[ Info: Converting polar coordinates to 3D Cartesian coordinates
[ Info: Converting polar coordinates to 2D Cartesian coordinates
[ Info: Converting polar coordinates to 3D Cartesian coordinates
[ Info: Converting polar coordinates to 2D Cartesian coordinates
[ Info: Converting polar coordinates to 3D Cartesian coordinates
[ Info: Converting polar coordinates to 2D Cartesian coordinates
[ Info:   ✓ Averaged 4 channel group(s)
[ Info: 
[ Info: Batch operation complete! Processed 1 files successfully, 0 errors
[ Info: Output saved to: /tmp/jl_85Q8oG/combined_many_ch
[ Info: Batch channel averaging started at 2026-01-27T08:55:25.644
[ Info: Function call: rand(rng)
[ Info: Found 2 JLD2 files matching pattern 'erps_cleaned'
[ Info: Channel selections: 1 group(s)
[ Info: Output labels: [:avg_1]
[ Info: Reduce mode: false
[ Info: Averaging channels: 1_erps_cleaned.jld2 (1/2)
[ Info: channel_average!: Ch1, Ch2 → :avg_1
[ Info: Converting polar coordinates to 3D Cartesian coordinates
┌ Error: Error processing 1_erps_cleaned.jld2
│   exception =
│    ArgumentError: Layout must contain :inc and :azi columns
│    Stacktrace:
│      [1] polar_to_cartesian_xyz!(layout::EegFun.Layout)
│        @ EegFun ~/Documents/Julia/EegFun.jl/src/layouts/layout.jl:277
│      [2] _ensure_coordinates_3d!(layout::EegFun.Layout)
│        @ EegFun ~/Documents/Julia/EegFun.jl/src/layouts/layout.jl:193
│      [3] _ensure_all_coordinates!
│        @ ~/Documents/Julia/EegFun.jl/src/analysis/processing/channel_average.jl:385 [inlined]
│      [4] _layout_from_groups(layout::EegFun.Layout, channel_groups::Vector{Vector{Symbol}}, labels::Vector{Symbol})
│        @ EegFun ~/Documents/Julia/EegFun.jl/src/analysis/processing/channel_average.jl:357
│      [5] channel_average!(dat::EegFun.ErpData; channel_selections::Vector{EegFun.var"#channels##2#channels##3"{Vector{Symbol}}}, output_labels::Vector{Symbol}, include_extra::Bool, reduce::Bool)
│        @ EegFun ~/Documents/Julia/EegFun.jl/src/analysis/processing/channel_average.jl:129
│      [6] channel_average!
│        @ ~/Documents/Julia/EegFun.jl/src/analysis/processing/channel_average.jl:39 [inlined]
│      [7] #_process_channel_average_file##0
│        @ ~/Documents/Julia/EegFun.jl/src/analysis/processing/channel_average.jl:194 [inlined]
│      [8] foreach(f::EegFun.var"#_process_channel_average_file##0#_process_channel_average_file##1"{Vector{EegFun.var"#channels##2#channels##3"{Vector{Symbol}}}, Vector{Symbol}, Bool}, itr::Vector{EegFun.ErpData})
│        @ Base ./abstractarray.jl:3188
│      [9] _process_channel_average_file(filepath::String, output_path::String, channel_selections::Vector{EegFun.var"#channels##2#channels##3"{Vector{Symbol}}}, output_labels::Vector{Symbol}, condition_selection::Function, reduce::Bool)
│        @ EegFun ~/Documents/Julia/EegFun.jl/src/analysis/processing/channel_average.jl:193
│     [10] (::EegFun.var"#326#327"{EegFun.var"#conditions##0#conditions##1", Bool, Vector{EegFun.var"#channels##2#channels##3"{Vector{Symbol}}}})(input_path::String, output_path::String)
│        @ EegFun ~/Documents/Julia/EegFun.jl/src/analysis/processing/channel_average.jl:305
│     [11] _run_batch_operation(process_fn::EegFun.var"#326#327"{EegFun.var"#conditions##0#conditions##1", Bool, Vector{EegFun.var"#channels##2#channels##3"{Vector{Symbol}}}}, files::Vector{String}, input_dir::String, output_dir::String; operation_name::String)
│        @ EegFun ~/Documents/Julia/EegFun.jl/src/utils/batch.jl:337
│     [12] channel_average(file_pattern::String, channel_selections::Vector{EegFun.var"#channels##2#channels##3"{Vector{Symbol}}}; output_labels::Nothing, input_dir::String, participant_selection::Function, condition_selection::Function, output_dir::String, reduce::Bool)
│        @ EegFun ~/Documents/Julia/EegFun.jl/src/analysis/processing/channel_average.jl:315
│     [13] top-level scope
│        @ ~/Documents/Julia/EegFun.jl/test/automatic/channel_average.jl:106
│     [14] macro expansion
│        @ ~/.julia/juliaup/julia-1.12.4+0.x64.linux.gnu/share/julia/stdlib/v1.12/Test/src/Test.jl:1776 [inlined]
│     [15] macro expansion
│        @ ~/Documents/Julia/EegFun.jl/test/automatic/channel_average.jl:778 [inlined]
│     [16] macro expansion
│        @ ~/.julia/juliaup/julia-1.12.4+0.x64.linux.gnu/share/julia/stdlib/v1.12/Test/src/Test.jl:1776 [inlined]
│     [17] macro expansion
│        @ ~/Documents/Julia/EegFun.jl/test/automatic/channel_average.jl:780 [inlined]
│     [18] include(mapexpr::Function, mod::Module, _path::String)
│        @ Base ./Base.jl:307
│     [19] top-level scope
│        @ ~/Documents/Julia/EegFun.jl/test/runtests.jl:22
│     [20] macro expansion
│        @ ~/.julia/juliaup/julia-1.12.4+0.x64.linux.gnu/share/julia/stdlib/v1.12/Test/src/Test.jl:1776 [inlined]
│     [21] macro expansion
│        @ ~/Documents/Julia/EegFun.jl/test/runtests.jl:26 [inlined]
│     [22] include(mod::Module, _path::String)
│        @ Base ./Base.jl:306
│     [23] exec_options(opts::Base.JLOptions)
│        @ Base ./client.jl:317
│     [24] _start()
│        @ Base ./client.jl:550
└ @ EegFun ~/Documents/Julia/EegFun.jl/src/utils/batch.jl:339
[ Warning:   ✗ Exception: ArgumentError: Layout must contain :inc and :azi columns
[ Info: Averaging channels: 2_erps_cleaned.jld2 (2/2)
[ Info: channel_average!: Ch1, Ch2 → :avg_1
[ Info: Converting polar coordinates to 3D Cartesian coordinates
┌ Error: Error processing 2_erps_cleaned.jld2
│   exception =
│    ArgumentError: Layout must contain :inc and :azi columns
│    Stacktrace:
│      [1] polar_to_cartesian_xyz!(layout::EegFun.Layout)
│        @ EegFun ~/Documents/Julia/EegFun.jl/src/layouts/layout.jl:277
│      [2] _ensure_coordinates_3d!(layout::EegFun.Layout)
│        @ EegFun ~/Documents/Julia/EegFun.jl/src/layouts/layout.jl:193
│      [3] _ensure_all_coordinates!
│        @ ~/Documents/Julia/EegFun.jl/src/analysis/processing/channel_average.jl:385 [inlined]
│      [4] _layout_from_groups(layout::EegFun.Layout, channel_groups::Vector{Vector{Symbol}}, labels::Vector{Symbol})
│        @ EegFun ~/Documents/Julia/EegFun.jl/src/analysis/processing/channel_average.jl:357
│      [5] channel_average!(dat::EegFun.ErpData; channel_selections::Vector{EegFun.var"#channels##2#channels##3"{Vector{Symbol}}}, output_labels::Vector{Symbol}, include_extra::Bool, reduce::Bool)
│        @ EegFun ~/Documents/Julia/EegFun.jl/src/analysis/processing/channel_average.jl:129
│      [6] channel_average!
│        @ ~/Documents/Julia/EegFun.jl/src/analysis/processing/channel_average.jl:39 [inlined]
│      [7] #_process_channel_average_file##0
│        @ ~/Documents/Julia/EegFun.jl/src/analysis/processing/channel_average.jl:194 [inlined]
│      [8] foreach(f::EegFun.var"#_process_channel_average_file##0#_process_channel_average_file##1"{Vector{EegFun.var"#channels##2#channels##3"{Vector{Symbol}}}, Vector{Symbol}, Bool}, itr::Vector{EegFun.ErpData})
│        @ Base ./abstractarray.jl:3188
│      [9] _process_channel_average_file(filepath::String, output_path::String, channel_selections::Vector{EegFun.var"#channels##2#channels##3"{Vector{Symbol}}}, output_labels::Vector{Symbol}, condition_selection::Function, reduce::Bool)
│        @ EegFun ~/Documents/Julia/EegFun.jl/src/analysis/processing/channel_average.jl:193
│     [10] (::EegFun.var"#326#327"{EegFun.var"#conditions##0#conditions##1", Bool, Vector{EegFun.var"#channels##2#channels##3"{Vector{Symbol}}}})(input_path::String, output_path::String)
│        @ EegFun ~/Documents/Julia/EegFun.jl/src/analysis/processing/channel_average.jl:305
│     [11] _run_batch_operation(process_fn::EegFun.var"#326#327"{EegFun.var"#conditions##0#conditions##1", Bool, Vector{EegFun.var"#channels##2#channels##3"{Vector{Symbol}}}}, files::Vector{String}, input_dir::String, output_dir::String; operation_name::String)
│        @ EegFun ~/Documents/Julia/EegFun.jl/src/utils/batch.jl:337
│     [12] channel_average(file_pattern::String, channel_selections::Vector{EegFun.var"#channels##2#channels##3"{Vector{Symbol}}}; output_labels::Nothing, input_dir::String, participant_selection::Function, condition_selection::Function, output_dir::String, reduce::Bool)
│        @ EegFun ~/Documents/Julia/EegFun.jl/src/analysis/processing/channel_average.jl:315
│     [13] top-level scope
│        @ ~/Documents/Julia/EegFun.jl/test/automatic/channel_average.jl:106
│     [14] macro expansion
│        @ ~/.julia/juliaup/julia-1.12.4+0.x64.linux.gnu/share/julia/stdlib/v1.12/Test/src/Test.jl:1776 [inlined]
│     [15] macro expansion
│        @ ~/Documents/Julia/EegFun.jl/test/automatic/channel_average.jl:778 [inlined]
│     [16] macro expansion
│        @ ~/.julia/juliaup/julia-1.12.4+0.x64.linux.gnu/share/julia/stdlib/v1.12/Test/src/Test.jl:1776 [inlined]
│     [17] macro expansion
│        @ ~/Documents/Julia/EegFun.jl/test/automatic/channel_average.jl:780 [inlined]
│     [18] include(mapexpr::Function, mod::Module, _path::String)
│        @ Base ./Base.jl:307
│     [19] top-level scope
│        @ ~/Documents/Julia/EegFun.jl/test/runtests.jl:22
│     [20] macro expansion
│        @ ~/.julia/juliaup/julia-1.12.4+0.x64.linux.gnu/share/julia/stdlib/v1.12/Test/src/Test.jl:1776 [inlined]
│     [21] macro expansion
│        @ ~/Documents/Julia/EegFun.jl/test/runtests.jl:26 [inlined]
│     [22] include(mod::Module, _path::String)
│        @ Base ./Base.jl:306
│     [23] exec_options(opts::Base.JLOptions)
│        @ Base ./client.jl:317
│     [24] _start()
│        @ Base ./client.jl:550
└ @ EegFun ~/Documents/Julia/EegFun.jl/src/utils/batch.jl:339
[ Warning:   ✗ Exception: ArgumentError: Layout must contain :inc and :azi columns
[ Info: 
[ Info: Batch operation complete! Processed 0 files successfully, 2 errors
[ Info: Output saved to: /tmp/jl_85Q8oG/combined_metadata_cols
Metadata columns preserved: Error During Test at /home/ian/Documents/Julia/EegFun.jl/test/automatic/channel_average.jl:777
  Got exception outside of a @test
  ArgumentError: No file exists at given path: /tmp/jl_85Q8oG/combined_metadata_cols/1_erps_cleaned.jld2
  Stacktrace:
    [1] checkpath_load
      @ ~/.julia/packages/FileIO/EI2b8/src/loadsave.jl:167 [inlined]
    [2] load(file::String, args::String; options::@Kwargs{})
      @ FileIO ~/.julia/packages/FileIO/EI2b8/src/loadsave.jl:110
    [3] load(file::String, args::String)
      @ FileIO ~/.julia/packages/FileIO/EI2b8/src/loadsave.jl:109
    [4] top-level scope
      @ ~/Documents/Julia/EegFun.jl/test/automatic/channel_average.jl:106
    [5] macro expansion
      @ ~/.julia/juliaup/julia-1.12.4+0.x64.linux.gnu/share/julia/stdlib/v1.12/Test/src/Test.jl:1776 [inlined]
    [6] macro expansion
      @ ~/Documents/Julia/EegFun.jl/test/automatic/channel_average.jl:778 [inlined]
    [7] macro expansion
      @ ~/.julia/juliaup/julia-1.12.4+0.x64.linux.gnu/share/julia/stdlib/v1.12/Test/src/Test.jl:1776 [inlined]
    [8] macro expansion
      @ ~/Documents/Julia/EegFun.jl/test/automatic/channel_average.jl:788 [inlined]
    [9] include(mapexpr::Function, mod::Module, _path::String)
      @ Base ./Base.jl:307
   [10] top-level scope
      @ ~/Documents/Julia/EegFun.jl/test/runtests.jl:22
   [11] macro expansion
      @ ~/.julia/juliaup/julia-1.12.4+0.x64.linux.gnu/share/julia/stdlib/v1.12/Test/src/Test.jl:1776 [inlined]
   [12] macro expansion
      @ ~/Documents/Julia/EegFun.jl/test/runtests.jl:26 [inlined]
   [13] include(mod::Module, _path::String)
      @ Base ./Base.jl:306
   [14] exec_options(opts::Base.JLOptions)
      @ Base ./client.jl:317
   [15] _start()
      @ Base ./client.jl:550
[ Info: Batch channel averaging started at 2026-01-27T08:55:25.673
[ Info: Function call: rand(rng)
[ Info: Found 2 JLD2 files matching pattern 'erps_cleaned'
[ Info: Channel selections: 1 group(s)
[ Info: Output labels: [:Group1]
[ Info: Reduce mode: true
[ Info: Averaging channels: 1_erps_cleaned.jld2 (1/2)
[ Info: channel_average!: Ch1, Ch2 → :Group1
[ Info: Converting polar coordinates to 3D Cartesian coordinates
┌ Error: Error processing 1_erps_cleaned.jld2
│   exception =
│    ArgumentError: Layout must contain :inc and :azi columns
│    Stacktrace:
│      [1] polar_to_cartesian_xyz!(layout::EegFun.Layout)
│        @ EegFun ~/Documents/Julia/EegFun.jl/src/layouts/layout.jl:277
│      [2] _ensure_coordinates_3d!(layout::EegFun.Layout)
│        @ EegFun ~/Documents/Julia/EegFun.jl/src/layouts/layout.jl:193
│      [3] _ensure_all_coordinates!
│        @ ~/Documents/Julia/EegFun.jl/src/analysis/processing/channel_average.jl:385 [inlined]
│      [4] _layout_from_groups(layout::EegFun.Layout, channel_groups::Vector{Vector{Symbol}}, labels::Vector{Symbol})
│        @ EegFun ~/Documents/Julia/EegFun.jl/src/analysis/processing/channel_average.jl:357
│      [5] channel_average!(dat::EegFun.ErpData; channel_selections::Vector{EegFun.var"#channels##2#channels##3"{Vector{Symbol}}}, output_labels::Vector{Symbol}, include_extra::Bool, reduce::Bool)
│        @ EegFun ~/Documents/Julia/EegFun.jl/src/analysis/processing/channel_average.jl:126
│      [6] channel_average!
│        @ ~/Documents/Julia/EegFun.jl/src/analysis/processing/channel_average.jl:39 [inlined]
│      [7] #_process_channel_average_file##0
│        @ ~/Documents/Julia/EegFun.jl/src/analysis/processing/channel_average.jl:194 [inlined]
│      [8] foreach(f::EegFun.var"#_process_channel_average_file##0#_process_channel_average_file##1"{Vector{EegFun.var"#channels##2#channels##3"{Vector{Symbol}}}, Vector{Symbol}, Bool}, itr::Vector{EegFun.ErpData})
│        @ Base ./abstractarray.jl:3188
│      [9] _process_channel_average_file(filepath::String, output_path::String, channel_selections::Vector{EegFun.var"#channels##2#channels##3"{Vector{Symbol}}}, output_labels::Vector{Symbol}, condition_selection::Function, reduce::Bool)
│        @ EegFun ~/Documents/Julia/EegFun.jl/src/analysis/processing/channel_average.jl:193
│     [10] (::EegFun.var"#326#327"{EegFun.var"#conditions##0#conditions##1", Bool, Vector{EegFun.var"#channels##2#channels##3"{Vector{Symbol}}}})(input_path::String, output_path::String)
│        @ EegFun ~/Documents/Julia/EegFun.jl/src/analysis/processing/channel_average.jl:305
│     [11] _run_batch_operation(process_fn::EegFun.var"#326#327"{EegFun.var"#conditions##0#conditions##1", Bool, Vector{EegFun.var"#channels##2#channels##3"{Vector{Symbol}}}}, files::Vector{String}, input_dir::String, output_dir::String; operation_name::String)
│        @ EegFun ~/Documents/Julia/EegFun.jl/src/utils/batch.jl:337
│     [12] channel_average(file_pattern::String, channel_selections::Vector{EegFun.var"#channels##2#channels##3"{Vector{Symbol}}}; output_labels::Vector{Symbol}, input_dir::String, participant_selection::Function, condition_selection::Function, output_dir::String, reduce::Bool)
│        @ EegFun ~/Documents/Julia/EegFun.jl/src/analysis/processing/channel_average.jl:315
│     [13] top-level scope
│        @ ~/Documents/Julia/EegFun.jl/test/automatic/channel_average.jl:106
│     [14] macro expansion
│        @ ~/.julia/juliaup/julia-1.12.4+0.x64.linux.gnu/share/julia/stdlib/v1.12/Test/src/Test.jl:1776 [inlined]
│     [15] macro expansion
│        @ ~/Documents/Julia/EegFun.jl/test/automatic/channel_average.jl:798 [inlined]
│     [16] macro expansion
│        @ ~/.julia/juliaup/julia-1.12.4+0.x64.linux.gnu/share/julia/stdlib/v1.12/Test/src/Test.jl:1776 [inlined]
│     [17] macro expansion
│        @ ~/Documents/Julia/EegFun.jl/test/automatic/channel_average.jl:800 [inlined]
│     [18] include(mapexpr::Function, mod::Module, _path::String)
│        @ Base ./Base.jl:307
│     [19] top-level scope
│        @ ~/Documents/Julia/EegFun.jl/test/runtests.jl:22
│     [20] macro expansion
│        @ ~/.julia/juliaup/julia-1.12.4+0.x64.linux.gnu/share/julia/stdlib/v1.12/Test/src/Test.jl:1776 [inlined]
│     [21] macro expansion
│        @ ~/Documents/Julia/EegFun.jl/test/runtests.jl:26 [inlined]
│     [22] include(mod::Module, _path::String)
│        @ Base ./Base.jl:306
│     [23] exec_options(opts::Base.JLOptions)
│        @ Base ./client.jl:317
│     [24] _start()
│        @ Base ./client.jl:550
└ @ EegFun ~/Documents/Julia/EegFun.jl/src/utils/batch.jl:339
[ Warning:   ✗ Exception: ArgumentError: Layout must contain :inc and :azi columns
[ Info: Averaging channels: 2_erps_cleaned.jld2 (2/2)
[ Info: channel_average!: Ch1, Ch2 → :Group1
[ Info: Converting polar coordinates to 3D Cartesian coordinates
┌ Error: Error processing 2_erps_cleaned.jld2
│   exception =
│    ArgumentError: Layout must contain :inc and :azi columns
│    Stacktrace:
│      [1] polar_to_cartesian_xyz!(layout::EegFun.Layout)
│        @ EegFun ~/Documents/Julia/EegFun.jl/src/layouts/layout.jl:277
│      [2] _ensure_coordinates_3d!(layout::EegFun.Layout)
│        @ EegFun ~/Documents/Julia/EegFun.jl/src/layouts/layout.jl:193
│      [3] _ensure_all_coordinates!
│        @ ~/Documents/Julia/EegFun.jl/src/analysis/processing/channel_average.jl:385 [inlined]
│      [4] _layout_from_groups(layout::EegFun.Layout, channel_groups::Vector{Vector{Symbol}}, labels::Vector{Symbol})
│        @ EegFun ~/Documents/Julia/EegFun.jl/src/analysis/processing/channel_average.jl:357
│      [5] channel_average!(dat::EegFun.ErpData; channel_selections::Vector{EegFun.var"#channels##2#channels##3"{Vector{Symbol}}}, output_labels::Vector{Symbol}, include_extra::Bool, reduce::Bool)
│        @ EegFun ~/Documents/Julia/EegFun.jl/src/analysis/processing/channel_average.jl:126
│      [6] channel_average!
│        @ ~/Documents/Julia/EegFun.jl/src/analysis/processing/channel_average.jl:39 [inlined]
│      [7] #_process_channel_average_file##0
│        @ ~/Documents/Julia/EegFun.jl/src/analysis/processing/channel_average.jl:194 [inlined]
│      [8] foreach(f::EegFun.var"#_process_channel_average_file##0#_process_channel_average_file##1"{Vector{EegFun.var"#channels##2#channels##3"{Vector{Symbol}}}, Vector{Symbol}, Bool}, itr::Vector{EegFun.ErpData})
│        @ Base ./abstractarray.jl:3188
│      [9] _process_channel_average_file(filepath::String, output_path::String, channel_selections::Vector{EegFun.var"#channels##2#channels##3"{Vector{Symbol}}}, output_labels::Vector{Symbol}, condition_selection::Function, reduce::Bool)
│        @ EegFun ~/Documents/Julia/EegFun.jl/src/analysis/processing/channel_average.jl:193
│     [10] (::EegFun.var"#326#327"{EegFun.var"#conditions##0#conditions##1", Bool, Vector{EegFun.var"#channels##2#channels##3"{Vector{Symbol}}}})(input_path::String, output_path::String)
│        @ EegFun ~/Documents/Julia/EegFun.jl/src/analysis/processing/channel_average.jl:305
│     [11] _run_batch_operation(process_fn::EegFun.var"#326#327"{EegFun.var"#conditions##0#conditions##1", Bool, Vector{EegFun.var"#channels##2#channels##3"{Vector{Symbol}}}}, files::Vector{String}, input_dir::String, output_dir::String; operation_name::String)
│        @ EegFun ~/Documents/Julia/EegFun.jl/src/utils/batch.jl:337
│     [12] channel_average(file_pattern::String, channel_selections::Vector{EegFun.var"#channels##2#channels##3"{Vector{Symbol}}}; output_labels::Vector{Symbol}, input_dir::String, participant_selection::Function, condition_selection::Function, output_dir::String, reduce::Bool)
│        @ EegFun ~/Documents/Julia/EegFun.jl/src/analysis/processing/channel_average.jl:315
│     [13] top-level scope
│        @ ~/Documents/Julia/EegFun.jl/test/automatic/channel_average.jl:106
│     [14] macro expansion
│        @ ~/.julia/juliaup/julia-1.12.4+0.x64.linux.gnu/share/julia/stdlib/v1.12/Test/src/Test.jl:1776 [inlined]
│     [15] macro expansion
│        @ ~/Documents/Julia/EegFun.jl/test/automatic/channel_average.jl:798 [inlined]
│     [16] macro expansion
│        @ ~/.julia/juliaup/julia-1.12.4+0.x64.linux.gnu/share/julia/stdlib/v1.12/Test/src/Test.jl:1776 [inlined]
│     [17] macro expansion
│        @ ~/Documents/Julia/EegFun.jl/test/automatic/channel_average.jl:800 [inlined]
│     [18] include(mapexpr::Function, mod::Module, _path::String)
│        @ Base ./Base.jl:307
│     [19] top-level scope
│        @ ~/Documents/Julia/EegFun.jl/test/runtests.jl:22
│     [20] macro expansion
│        @ ~/.julia/juliaup/julia-1.12.4+0.x64.linux.gnu/share/julia/stdlib/v1.12/Test/src/Test.jl:1776 [inlined]
│     [21] macro expansion
│        @ ~/Documents/Julia/EegFun.jl/test/runtests.jl:26 [inlined]
│     [22] include(mod::Module, _path::String)
│        @ Base ./Base.jl:306
│     [23] exec_options(opts::Base.JLOptions)
│        @ Base ./client.jl:317
│     [24] _start()
│        @ Base ./client.jl:550
└ @ EegFun ~/Documents/Julia/EegFun.jl/src/utils/batch.jl:339
[ Warning:   ✗ Exception: ArgumentError: Layout must contain :inc and :azi columns
[ Info: 
[ Info: Batch operation complete! Processed 0 files successfully, 2 errors
[ Info: Output saved to: /tmp/jl_85Q8oG/combined_metadata_reduce
Metadata columns in reduce mode: Error During Test at /home/ian/Documents/Julia/EegFun.jl/test/automatic/channel_average.jl:797
  Got exception outside of a @test
  ArgumentError: No file exists at given path: /tmp/jl_85Q8oG/combined_metadata_reduce/1_erps_cleaned.jld2
  Stacktrace:
    [1] checkpath_load
      @ ~/.julia/packages/FileIO/EI2b8/src/loadsave.jl:167 [inlined]
    [2] load(file::String, args::String; options::@Kwargs{})
      @ FileIO ~/.julia/packages/FileIO/EI2b8/src/loadsave.jl:110
    [3] load(file::String, args::String)
      @ FileIO ~/.julia/packages/FileIO/EI2b8/src/loadsave.jl:109
    [4] top-level scope
      @ ~/Documents/Julia/EegFun.jl/test/automatic/channel_average.jl:106
    [5] macro expansion
      @ ~/.julia/juliaup/julia-1.12.4+0.x64.linux.gnu/share/julia/stdlib/v1.12/Test/src/Test.jl:1776 [inlined]
    [6] macro expansion
      @ ~/Documents/Julia/EegFun.jl/test/automatic/channel_average.jl:798 [inlined]
    [7] macro expansion
      @ ~/.julia/juliaup/julia-1.12.4+0.x64.linux.gnu/share/julia/stdlib/v1.12/Test/src/Test.jl:1776 [inlined]
    [8] macro expansion
      @ ~/Documents/Julia/EegFun.jl/test/automatic/channel_average.jl:809 [inlined]
    [9] include(mapexpr::Function, mod::Module, _path::String)
      @ Base ./Base.jl:307
   [10] top-level scope
      @ ~/Documents/Julia/EegFun.jl/test/runtests.jl:22
   [11] macro expansion
      @ ~/.julia/juliaup/julia-1.12.4+0.x64.linux.gnu/share/julia/stdlib/v1.12/Test/src/Test.jl:1776 [inlined]
   [12] macro expansion
      @ ~/Documents/Julia/EegFun.jl/test/runtests.jl:26 [inlined]
   [13] include(mod::Module, _path::String)
      @ Base ./Base.jl:306
   [14] exec_options(opts::Base.JLOptions)
      @ Base ./client.jl:317
   [15] _start()
      @ Base ./client.jl:550
Empty result handling: Error During Test at /home/ian/Documents/Julia/EegFun.jl/test/automatic/channel_average.jl:821
  Got exception outside of a @test
  MethodError: no method matching create_batch_test_erp_data(::Int64; n_channels::Int64)
  The function `create_batch_test_erp_data` exists, but no method is defined for this combination of argument types.
  
  Closest candidates are:
    create_batch_test_erp_data(; n_conditions, fs, n_channels, seed)
     @ Main ~/Documents/Julia/EegFun.jl/test/test_utils.jl:143
  
  Stacktrace:
    [1] top-level scope
      @ ~/Documents/Julia/EegFun.jl/test/automatic/channel_average.jl:106
    [2] macro expansion
      @ ~/.julia/juliaup/julia-1.12.4+0.x64.linux.gnu/share/julia/stdlib/v1.12/Test/src/Test.jl:1776 [inlined]
    [3] macro expansion
      @ ~/Documents/Julia/EegFun.jl/test/automatic/channel_average.jl:822 [inlined]
    [4] macro expansion
      @ ~/.julia/juliaup/julia-1.12.4+0.x64.linux.gnu/share/julia/stdlib/v1.12/Test/src/Test.jl:1776 [inlined]
    [5] macro expansion
      @ ~/Documents/Julia/EegFun.jl/test/automatic/channel_average.jl:826 [inlined]
    [6] include(mapexpr::Function, mod::Module, _path::String)
      @ Base ./Base.jl:307
    [7] top-level scope
      @ ~/Documents/Julia/EegFun.jl/test/runtests.jl:22
    [8] macro expansion
      @ ~/.julia/juliaup/julia-1.12.4+0.x64.linux.gnu/share/julia/stdlib/v1.12/Test/src/Test.jl:1776 [inlined]
    [9] macro expansion
      @ ~/Documents/Julia/EegFun.jl/test/runtests.jl:26 [inlined]
   [10] include(mod::Module, _path::String)
      @ Base ./Base.jl:306
   [11] exec_options(opts::Base.JLOptions)
      @ Base ./client.jl:317
   [12] _start()
      @ Base ./client.jl:550
channel_difference: Error During Test at /home/ian/Documents/Julia/EegFun.jl/test/automatic/channel_difference.jl:5
  Got exception outside of a @test
  MethodError: no method matching create_test_erp_data(::Int64, ::Int64; n_channels::Int64)
  The function `create_test_erp_data` exists, but no method is defined for this combination of argument types.
  
  Closest candidates are:
    create_test_erp_data(; participant, condition, fs, n_channels, seed)
     @ Main ~/Documents/Julia/EegFun.jl/test/test_utils.jl:118
  
  Stacktrace:
    [1] macro expansion
      @ ~/Documents/Julia/EegFun.jl/test/automatic/channel_difference.jl:113 [inlined]
    [2] macro expansion
      @ ~/.julia/juliaup/julia-1.12.4+0.x64.linux.gnu/share/julia/stdlib/v1.12/Test/src/Test.jl:1776 [inlined]
    [3] top-level scope
      @ ~/Documents/Julia/EegFun.jl/test/automatic/channel_difference.jl:8
    [4] include(mapexpr::Function, mod::Module, _path::String)
      @ Base ./Base.jl:307
    [5] top-level scope
      @ ~/Documents/Julia/EegFun.jl/test/runtests.jl:22
    [6] macro expansion
      @ ~/.julia/juliaup/julia-1.12.4+0.x64.linux.gnu/share/julia/stdlib/v1.12/Test/src/Test.jl:1776 [inlined]
    [7] macro expansion
      @ ~/Documents/Julia/EegFun.jl/test/runtests.jl:27 [inlined]
    [8] include(mod::Module, _path::String)
      @ Base ./Base.jl:306
    [9] exec_options(opts::Base.JLOptions)
      @ Base ./client.jl:317
   [10] _start()
      @ Base ./client.jl:550
[ Info: Batch channel summary started at 2026-01-27T08:55:38.033
[ Info: Function call: rand(rng)
[ Info: Found 2 JLD2 files to process
[ Info: Channel summary: 1_erps_cleaned.jld2 (1/2)
[ Info:   ✓ Processed 2 condition(s)
[ Info: Channel summary: 2_erps_cleaned.jld2 (2/2)
[ Info:   ✓ Processed 2 condition(s)
[ Info: Combined results saved to: /tmp/jl_5Qq3Ew/summary_output/channel_summary.csv
[ Info: Batch operation complete! Processed 2 files successfully, 0 errors
[ Info: Output saved to: /tmp/jl_5Qq3Ew/summary_output
[ Info: Batch channel summary started at 2026-01-27T08:55:41.317
[ Info: Function call: rand(rng)
[ Info: Found 1 JLD2 files to process
[ Info: Channel summary: 1_erps_cleaned.jld2 (1/1)
[ Info:   ✓ Processed 2 condition(s)
[ Info: Combined results saved to: /tmp/jl_5Qq3Ew/summary_participant/channel_summary.csv
[ Info: Batch operation complete! Processed 1 files successfully, 0 errors
[ Info: Output saved to: /tmp/jl_5Qq3Ew/summary_participant
[ Info: Batch channel summary started at 2026-01-27T08:55:41.539
[ Info: Function call: rand(rng)
[ Info: Found 2 JLD2 files to process
[ Info: Channel summary: 1_erps_cleaned.jld2 (1/2)
[ Info:   ✓ Processed 2 condition(s)
[ Info: Channel summary: 2_erps_cleaned.jld2 (2/2)
[ Info:   ✓ Processed 2 condition(s)
[ Info: Combined results saved to: /tmp/jl_5Qq3Ew/summary_multi_participants/channel_summary.csv
[ Info: Batch operation complete! Processed 2 files successfully, 0 errors
[ Info: Output saved to: /tmp/jl_5Qq3Ew/summary_multi_participants
[ Info: Batch channel summary started at 2026-01-27T08:55:41.599
[ Info: Function call: rand(rng)
[ Info: Found 2 JLD2 files to process
[ Info: Channel summary: 1_erps_cleaned.jld2 (1/2)
[ Info:   ✓ Processed 1 condition(s)
[ Info: Channel summary: 2_erps_cleaned.jld2 (2/2)
[ Info:   ✓ Processed 1 condition(s)
[ Info: Combined results saved to: /tmp/jl_5Qq3Ew/summary_condition/channel_summary.csv
[ Info: Batch operation complete! Processed 2 files successfully, 0 errors
[ Info: Output saved to: /tmp/jl_5Qq3Ew/summary_condition
[ Info: Batch channel summary started at 2026-01-27T08:55:41.675
[ Info: Function call: rand(rng)
[ Info: Found 2 JLD2 files to process
[ Info: Channel summary: 1_erps_cleaned.jld2 (1/2)
[ Info:   ✓ Processed 2 condition(s)
[ Info: Channel summary: 2_erps_cleaned.jld2 (2/2)
[ Info:   ✓ Processed 2 condition(s)
[ Info: Combined results saved to: /tmp/jl_5Qq3Ew/summary_multi_conditions/channel_summary.csv
[ Info: Batch operation complete! Processed 2 files successfully, 0 errors
[ Info: Output saved to: /tmp/jl_5Qq3Ew/summary_multi_conditions
[ Info: Batch channel summary started at 2026-01-27T08:55:41.722
[ Info: Function call: rand(rng)
[ Info: Found 2 JLD2 files to process
[ Info: Channel summary: 1_erps_cleaned.jld2 (1/2)
[ Info:   ✓ Processed 2 condition(s)
[ Info: Channel summary: 2_erps_cleaned.jld2 (2/2)
[ Info:   ✓ Processed 2 condition(s)
[ Info: Combined results saved to: /tmp/jl_5Qq3Ew/summary_channel_select/channel_summary.csv
[ Info: Batch operation complete! Processed 2 files successfully, 0 errors
[ Info: Output saved to: /tmp/jl_5Qq3Ew/summary_channel_select
[ Info: Batch channel summary started at 2026-01-27T08:55:41.770
[ Info: Function call: rand(rng)
[ Info: Found 2 JLD2 files to process
[ Info: Channel summary: 1_erps_cleaned.jld2 (1/2)
[ Info:   ✓ Processed 2 condition(s)
[ Info: Channel summary: 2_erps_cleaned.jld2 (2/2)
[ Info:   ✓ Processed 2 condition(s)
[ Info: Combined results saved to: /tmp/jl_5Qq3Ew/summary_channel_exclude/channel_summary.csv
[ Info: Batch operation complete! Processed 2 files successfully, 0 errors
[ Info: Output saved to: /tmp/jl_5Qq3Ew/summary_channel_exclude
[ Info: Batch channel summary started at 2026-01-27T08:55:41.802
[ Info: Function call: rand(rng)
[ Info: Found 2 JLD2 files to process
[ Info: Channel summary: 1_erps_cleaned.jld2 (1/2)
[ Info:   ✓ Processed 2 condition(s)
[ Info: Channel summary: 2_erps_cleaned.jld2 (2/2)
[ Info:   ✓ Processed 2 condition(s)
[ Info: Combined results saved to: /tmp/jl_5Qq3Ew/summary_custom_name/my_custom_summary.csv
[ Info: Batch operation complete! Processed 2 files successfully, 0 errors
[ Info: Output saved to: /tmp/jl_5Qq3Ew/summary_custom_name
[ Info: Batch channel summary started at 2026-01-27T08:55:42.007
[ Info: Function call: rand(rng)
[ Error: Error: Input directory does not exist: /nonexistent/path
[ Info: Batch channel summary started at 2026-01-27T08:55:42.009
[ Info: Function call: rand(rng)
[ Warning: No JLD2 files found matching pattern 'erps_cleaned' in /tmp/jl_5Qq3Ew/empty_match
[ Info: Batch channel summary started at 2026-01-27T08:55:42.019
[ Info: Function call: rand(rng)
[ Info: Found 2 JLD2 files to process
[ Info: Channel summary: 1_erps_cleaned.jld2 (1/2)
[ Info:   ✓ Processed 2 condition(s)
[ Info: Channel summary: 2_erps_cleaned.jld2 (2/2)
[ Info:   ✓ Processed 2 condition(s)
[ Info: Combined results saved to: /tmp/jl_5Qq3Ew/summary_with_log/channel_summary.csv
[ Info: Batch operation complete! Processed 2 files successfully, 0 errors
[ Info: Output saved to: /tmp/jl_5Qq3Ew/summary_with_log
[ Info: Batch channel summary started at 2026-01-27T08:55:42.026
[ Info: Function call: rand(rng)
[ Info: Found 2 JLD2 files to process
[ Info: Channel summary: 1_erps_cleaned.jld2 (1/2)
[ Info:   ✓ Processed 2 condition(s)
[ Info: Channel summary: 2_erps_cleaned.jld2 (2/2)
[ Info:   ✓ Processed 2 condition(s)
[ Info: Combined results saved to: /tmp/jl_5Qq3Ew/existing_output_summary/channel_summary.csv
[ Info: Batch operation complete! Processed 2 files successfully, 0 errors
[ Info: Output saved to: /tmp/jl_5Qq3Ew/existing_output_summary
[ Info: Batch channel summary started at 2026-01-27T08:55:42.123
[ Info: Function call: rand(rng)
[ Info: Found 2 JLD2 files to process
[ Info: Channel summary: 1_erps_cleaned.jld2 (1/2)
[ Info:   ✓ Processed 2 condition(s)
[ Info: Channel summary: 2_erps_cleaned.jld2 (2/2)
[ Warning:   ✗ No recognized data variable
[ Info: Combined results saved to: /tmp/jl_5Qq3Ew/summary_partial/channel_summary.csv
[ Info: Batch operation complete! Processed 1 files successfully, 1 errors
[ Info: Output saved to: /tmp/jl_5Qq3Ew/summary_partial
[ Info: Batch channel summary started at 2026-01-27T08:55:42.127
[ Info: Function call: rand(rng)
[ Info: Found 2 JLD2 files to process
[ Info: Channel summary: 1_erps_cleaned.jld2 (1/2)
[ Info:   ✓ Processed 0 condition(s)
[ Info: Channel summary: 2_erps_cleaned.jld2 (2/2)
[ Info:   ✓ Processed 0 condition(s)
[ Warning: No results to save
[ Info: Batch operation complete! Processed 2 files successfully, 0 errors
[ Info: Output saved to: /tmp/jl_5Qq3Ew/summary_invalid_condition
[ Info: Batch channel summary started at 2026-01-27T08:55:42.170
[ Info: Function call: rand(rng)
[ Info: Found 1 JLD2 files to process
[ Info: Channel summary: 1_erps_stats.jld2 (1/1)
[ Info:   ✓ Processed 1 condition(s)
[ Info: Combined results saved to: /tmp/jl_5Qq3Ew/summary_stats/channel_summary.csv
[ Info: Batch operation complete! Processed 1 files successfully, 0 errors
[ Info: Output saved to: /tmp/jl_5Qq3Ew/summary_stats
[ Info: Batch channel summary started at 2026-01-27T08:55:42.397
[ Info: Function call: rand(rng)
[ Info: Found 1 JLD2 files to process
[ Info: Channel summary: 1_erps_cleaned.jld2 (1/1)
[ Info:   ✓ Processed 1 condition(s)
[ Info: Combined results saved to: /tmp/jl_5Qq3Ew/summary_combined/channel_summary.csv
[ Info: Batch operation complete! Processed 1 files successfully, 0 errors
[ Info: Output saved to: /tmp/jl_5Qq3Ew/summary_combined
[ Info: Batch channel summary started at 2026-01-27T08:55:42.421
[ Info: Function call: rand(rng)
[ Info: Found 1 JLD2 files to process
[ Info: Channel summary: 1_erps_original.jld2 (1/1)
[ Info:   ✓ Processed 2 condition(s)
[ Info: Combined results saved to: /tmp/jl_5Qq3Ew/summary_original/channel_summary.csv
[ Info: Batch operation complete! Processed 1 files successfully, 0 errors
[ Info: Output saved to: /tmp/jl_5Qq3Ew/summary_original
[ Info: Batch channel summary started at 2026-01-27T08:55:42.428
[ Info: Function call: rand(rng)
[ Info: Found 3 JLD2 files to process
[ Info: Channel summary: 1_erps_original.jld2 (1/3)
[ Info:   ✓ Processed 2 condition(s)
[ Info: Channel summary: 2_erps_cleaned.jld2 (2/3)
[ Info:   ✓ Processed 2 condition(s)
[ Info: Channel summary: 3_custom_erps.jld2 (3/3)
[ Info:   ✓ Processed 2 condition(s)
[ Info: Combined results saved to: /tmp/jl_5Qq3Ew/summary_all_erps/channel_summary.csv
[ Info: Batch operation complete! Processed 3 files successfully, 0 errors
[ Info: Output saved to: /tmp/jl_5Qq3Ew/summary_all_erps
[ Info: Batch channel summary started at 2026-01-27T08:55:42.489
[ Info: Function call: rand(rng)
[ Info: Found 2 JLD2 files to process
[ Info: Channel summary: 1_erps_cleaned.jld2 (1/2)
[ Info:   ✓ Processed 2 condition(s)
[ Info: Channel summary: 2_erps_cleaned.jld2 (2/2)
[ Info:   ✓ Processed 2 condition(s)
[ Info: Combined results saved to: /tmp/jl_5Qq3Ew/summary_metadata/channel_summary.csv
[ Info: Batch operation complete! Processed 2 files successfully, 0 errors
[ Info: Output saved to: /tmp/jl_5Qq3Ew/summary_metadata
[ Info: Batch channel summary started at 2026-01-27T08:55:42.732
[ Info: Function call: rand(rng)
[ Info: Found 2 JLD2 files to process
[ Info: Channel summary: 1_erps_cleaned.jld2 (1/2)
[ Info:   ✓ Processed 2 condition(s)
[ Info: Channel summary: 2_erps_cleaned.jld2 (2/2)
[ Info:   ✓ Processed 2 condition(s)
[ Info: Combined results saved to: /tmp/jl_5Qq3Ew/summary_overwrite/channel_summary.csv
[ Info: Batch operation complete! Processed 2 files successfully, 0 errors
[ Info: Output saved to: /tmp/jl_5Qq3Ew/summary_overwrite
[ Info: Batch channel summary started at 2026-01-27T08:55:42.839
[ Info: Function call: rand(rng)
[ Info: Found 2 JLD2 files to process
[ Info: Channel summary: 1_erps_cleaned.jld2 (1/2)
[ Info:   ✓ Processed 2 condition(s)
[ Info: Channel summary: 2_erps_cleaned.jld2 (2/2)
[ Info:   ✓ Processed 2 condition(s)
[ Info: Combined results saved to: /tmp/jl_5Qq3Ew/summary_overwrite/channel_summary.csv
[ Info: Batch operation complete! Processed 2 files successfully, 0 errors
[ Info: Output saved to: /tmp/jl_5Qq3Ew/summary_overwrite
[ Info: Batch channel summary started at 2026-01-27T08:55:42.899
[ Info: Function call: rand(rng)
[ Info: Found 1 JLD2 files to process
[ Info: Channel summary: 1_erps_many.jld2 (1/1)
[ Info:   ✓ Processed 1 condition(s)
[ Info: Combined results saved to: /tmp/jl_5Qq3Ew/summary_many_ch/channel_summary.csv
[ Info: Batch operation complete! Processed 1 files successfully, 0 errors
[ Info: Output saved to: /tmp/jl_5Qq3Ew/summary_many_ch
[ Info: Batch channel summary started at 2026-01-27T08:55:42.941
[ Info: Function call: rand(rng)
[ Info: Found 2 JLD2 files to process
[ Info: Channel summary: 1_erps_cleaned.jld2 (1/2)
[ Info:   ✓ Processed 2 condition(s)
[ Info: Channel summary: 2_erps_cleaned.jld2 (2/2)
[ Info:   ✓ Processed 2 condition(s)
[ Info: Combined results saved to: /tmp/jl_5Qq3Ew/summary_zvar/channel_summary.csv
[ Info: Batch operation complete! Processed 2 files successfully, 0 errors
[ Info: Output saved to: /tmp/jl_5Qq3Ew/summary_zvar
Setup test files: Error During Test at /home/ian/Documents/Julia/EegFun.jl/test/automatic/condition_combine.jl:15
  Got exception outside of a @test
  MethodError: no method matching create_test_epoch_data(; conditions::Int64)
  This method does not support all of the given keyword arguments (and may not support any).
  
  Closest candidates are:
    create_test_epoch_data(; n, fs, condition, n_epochs, n_channels, seed) got unsupported keyword argument "conditions"
     @ Main ~/Documents/Julia/EegFun.jl/test/test_utils.jl:77
  
  Stacktrace:
    [1] kwerr(kw::@NamedTuple{conditions::Int64}, args::Function)
      @ Base ./error.jl:175
    [2] top-level scope
      @ ~/Documents/Julia/EegFun.jl/test/automatic/condition_combine.jl:10
    [3] macro expansion
      @ ~/.julia/juliaup/julia-1.12.4+0.x64.linux.gnu/share/julia/stdlib/v1.12/Test/src/Test.jl:1776 [inlined]
    [4] macro expansion
      @ ~/Documents/Julia/EegFun.jl/test/automatic/condition_combine.jl:16 [inlined]
    [5] macro expansion
      @ ~/.julia/juliaup/julia-1.12.4+0.x64.linux.gnu/share/julia/stdlib/v1.12/Test/src/Test.jl:1776 [inlined]
    [6] macro expansion
      @ ~/Documents/Julia/EegFun.jl/test/automatic/condition_combine.jl:17 [inlined]
    [7] include(mapexpr::Function, mod::Module, _path::String)
      @ Base ./Base.jl:307
    [8] top-level scope
      @ ~/Documents/Julia/EegFun.jl/test/runtests.jl:22
    [9] macro expansion
      @ ~/.julia/juliaup/julia-1.12.4+0.x64.linux.gnu/share/julia/stdlib/v1.12/Test/src/Test.jl:1776 [inlined]
   [10] macro expansion
      @ ~/Documents/Julia/EegFun.jl/test/runtests.jl:31 [inlined]
   [11] include(mod::Module, _path::String)
      @ Base ./Base.jl:306
   [12] exec_options(opts::Base.JLOptions)
      @ Base ./client.jl:317
   [13] _start()
      @ Base ./client.jl:550
[ Info: 
[ Info: Batch condition_combine started at 2026-01-27T08:55:43.713
[ Info: Function call: rand(rng)
[ Warning: No JLD2 files found matching pattern 'epochs_cleaned' in /tmp/jl_Q6zISc
Basic condition combining: Test Failed at /home/ian/Documents/Julia/EegFun.jl/test/automatic/condition_combine.jl:35
  Expression: result !== nothing
   Evaluated: nothing !== nothing

Stacktrace:
 [1] top-level scope
   @ ~/Documents/Julia/EegFun.jl/test/automatic/condition_combine.jl:10
 [2] macro expansion
   @ ~/.julia/juliaup/julia-1.12.4+0.x64.linux.gnu/share/julia/stdlib/v1.12/Test/src/Test.jl:1776 [inlined]
 [3] macro expansion
   @ ~/Documents/Julia/EegFun.jl/test/automatic/condition_combine.jl:25 [inlined]
 [4] macro expansion
   @ ~/.julia/juliaup/julia-1.12.4+0.x64.linux.gnu/share/julia/stdlib/v1.12/Test/src/Test.jl:1776 [inlined]
 [5] macro expansion
   @ ~/Documents/Julia/EegFun.jl/test/automatic/condition_combine.jl:35 [inlined]
 [6] macro expansion
   @ ~/.julia/juliaup/julia-1.12.4+0.x64.linux.gnu/share/julia/stdlib/v1.12/Test/src/Test.jl:680 [inlined]
Basic condition combining: Error During Test at /home/ian/Documents/Julia/EegFun.jl/test/automatic/condition_combine.jl:36
  Test threw exception
  Expression: result.success == 3
  FieldError: type Nothing has no field `success`; Nothing has no fields at all.
  Stacktrace:
   [1] getproperty(x::Nothing, f::Symbol)
     @ Base ./Base_compiler.jl:54
   [2] top-level scope
     @ ~/Documents/Julia/EegFun.jl/test/automatic/condition_combine.jl:10
   [3] macro expansion
     @ ~/.julia/juliaup/julia-1.12.4+0.x64.linux.gnu/share/julia/stdlib/v1.12/Test/src/Test.jl:1776 [inlined]
   [4] macro expansion
     @ ~/Documents/Julia/EegFun.jl/test/automatic/condition_combine.jl:25 [inlined]
   [5] macro expansion
     @ ~/.julia/juliaup/julia-1.12.4+0.x64.linux.gnu/share/julia/stdlib/v1.12/Test/src/Test.jl:1776 [inlined]
   [6] macro expansion
     @ ~/Documents/Julia/EegFun.jl/test/automatic/condition_combine.jl:36 [inlined]
   [7] macro expansion
     @ ~/.julia/juliaup/julia-1.12.4+0.x64.linux.gnu/share/julia/stdlib/v1.12/Test/src/Test.jl:677 [inlined]
Basic condition combining: Error During Test at /home/ian/Documents/Julia/EegFun.jl/test/automatic/condition_combine.jl:37
  Test threw exception
  Expression: result.errors == 0
  FieldError: type Nothing has no field `errors`; Nothing has no fields at all.
  Stacktrace:
   [1] getproperty(x::Nothing, f::Symbol)
     @ Base ./Base_compiler.jl:54
   [2] top-level scope
     @ ~/Documents/Julia/EegFun.jl/test/automatic/condition_combine.jl:10
   [3] macro expansion
     @ ~/.julia/juliaup/julia-1.12.4+0.x64.linux.gnu/share/julia/stdlib/v1.12/Test/src/Test.jl:1776 [inlined]
   [4] macro expansion
     @ ~/Documents/Julia/EegFun.jl/test/automatic/condition_combine.jl:25 [inlined]
   [5] macro expansion
     @ ~/.julia/juliaup/julia-1.12.4+0.x64.linux.gnu/share/julia/stdlib/v1.12/Test/src/Test.jl:1776 [inlined]
   [6] macro expansion
     @ ~/Documents/Julia/EegFun.jl/test/automatic/condition_combine.jl:37 [inlined]
   [7] macro expansion
     @ ~/.julia/juliaup/julia-1.12.4+0.x64.linux.gnu/share/julia/stdlib/v1.12/Test/src/Test.jl:677 [inlined]
Basic condition combining: Test Failed at /home/ian/Documents/Julia/EegFun.jl/test/automatic/condition_combine.jl:41
  Expression: isfile(joinpath(output_dir, "1_epochs_cleaned.jld2"))

Stacktrace:
 [1] top-level scope
   @ ~/Documents/Julia/EegFun.jl/test/automatic/condition_combine.jl:10
 [2] macro expansion
   @ ~/.julia/juliaup/julia-1.12.4+0.x64.linux.gnu/share/julia/stdlib/v1.12/Test/src/Test.jl:1776 [inlined]
 [3] macro expansion
   @ ~/Documents/Julia/EegFun.jl/test/automatic/condition_combine.jl:25 [inlined]
 [4] macro expansion
   @ ~/.julia/juliaup/julia-1.12.4+0.x64.linux.gnu/share/julia/stdlib/v1.12/Test/src/Test.jl:1776 [inlined]
 [5] macro expansion
   @ ~/Documents/Julia/EegFun.jl/test/automatic/condition_combine.jl:41 [inlined]
 [6] macro expansion
   @ ~/.julia/juliaup/julia-1.12.4+0.x64.linux.gnu/share/julia/stdlib/v1.12/Test/src/Test.jl:680 [inlined]
Basic condition combining: Test Failed at /home/ian/Documents/Julia/EegFun.jl/test/automatic/condition_combine.jl:42
  Expression: isfile(joinpath(output_dir, "2_epochs_cleaned.jld2"))

Stacktrace:
 [1] top-level scope
   @ ~/Documents/Julia/EegFun.jl/test/automatic/condition_combine.jl:10
 [2] macro expansion
   @ ~/.julia/juliaup/julia-1.12.4+0.x64.linux.gnu/share/julia/stdlib/v1.12/Test/src/Test.jl:1776 [inlined]
 [3] macro expansion
   @ ~/Documents/Julia/EegFun.jl/test/automatic/condition_combine.jl:25 [inlined]
 [4] macro expansion
   @ ~/.julia/juliaup/julia-1.12.4+0.x64.linux.gnu/share/julia/stdlib/v1.12/Test/src/Test.jl:1776 [inlined]
 [5] macro expansion
   @ ~/Documents/Julia/EegFun.jl/test/automatic/condition_combine.jl:42 [inlined]
 [6] macro expansion
   @ ~/.julia/juliaup/julia-1.12.4+0.x64.linux.gnu/share/julia/stdlib/v1.12/Test/src/Test.jl:680 [inlined]
Basic condition combining: Test Failed at /home/ian/Documents/Julia/EegFun.jl/test/automatic/condition_combine.jl:43
  Expression: isfile(joinpath(output_dir, "3_epochs_cleaned.jld2"))

Stacktrace:
 [1] top-level scope
   @ ~/Documents/Julia/EegFun.jl/test/automatic/condition_combine.jl:10
 [2] macro expansion
   @ ~/.julia/juliaup/julia-1.12.4+0.x64.linux.gnu/share/julia/stdlib/v1.12/Test/src/Test.jl:1776 [inlined]
 [3] macro expansion
   @ ~/Documents/Julia/EegFun.jl/test/automatic/condition_combine.jl:25 [inlined]
 [4] macro expansion
   @ ~/.julia/juliaup/julia-1.12.4+0.x64.linux.gnu/share/julia/stdlib/v1.12/Test/src/Test.jl:1776 [inlined]
 [5] macro expansion
   @ ~/Documents/Julia/EegFun.jl/test/automatic/condition_combine.jl:43 [inlined]
 [6] macro expansion
   @ ~/.julia/juliaup/julia-1.12.4+0.x64.linux.gnu/share/julia/stdlib/v1.12/Test/src/Test.jl:680 [inlined]
Basic condition combining: Error During Test at /home/ian/Documents/Julia/EegFun.jl/test/automatic/condition_combine.jl:24
  Got exception outside of a @test
  ArgumentError: No file exists at given path: /tmp/jl_Q6zISc/combined_basic/1_epochs_cleaned.jld2
  Stacktrace:
    [1] checkpath_load
      @ ~/.julia/packages/FileIO/EI2b8/src/loadsave.jl:167 [inlined]
    [2] load(file::String, args::String; options::@Kwargs{})
      @ FileIO ~/.julia/packages/FileIO/EI2b8/src/loadsave.jl:110
    [3] load(file::String, args::String)
      @ FileIO ~/.julia/packages/FileIO/EI2b8/src/loadsave.jl:109
    [4] top-level scope
      @ ~/Documents/Julia/EegFun.jl/test/automatic/condition_combine.jl:10
    [5] macro expansion
      @ ~/.julia/juliaup/julia-1.12.4+0.x64.linux.gnu/share/julia/stdlib/v1.12/Test/src/Test.jl:1776 [inlined]
    [6] macro expansion
      @ ~/Documents/Julia/EegFun.jl/test/automatic/condition_combine.jl:25 [inlined]
    [7] macro expansion
      @ ~/.julia/juliaup/julia-1.12.4+0.x64.linux.gnu/share/julia/stdlib/v1.12/Test/src/Test.jl:1776 [inlined]
    [8] macro expansion
      @ ~/Documents/Julia/EegFun.jl/test/automatic/condition_combine.jl:46 [inlined]
    [9] include(mapexpr::Function, mod::Module, _path::String)
      @ Base ./Base.jl:307
   [10] top-level scope
      @ ~/Documents/Julia/EegFun.jl/test/runtests.jl:22
   [11] macro expansion
      @ ~/.julia/juliaup/julia-1.12.4+0.x64.linux.gnu/share/julia/stdlib/v1.12/Test/src/Test.jl:1776 [inlined]
   [12] macro expansion
      @ ~/Documents/Julia/EegFun.jl/test/runtests.jl:31 [inlined]
   [13] include(mod::Module, _path::String)
      @ Base ./Base.jl:306
   [14] exec_options(opts::Base.JLOptions)
      @ Base ./client.jl:317
   [15] _start()
      @ Base ./client.jl:550
[ Info: 
[ Info: Batch condition_combine started at 2026-01-27T08:55:44.121
[ Info: Function call: rand(rng)
[ Warning: No JLD2 files found matching pattern 'epochs_cleaned' in /tmp/jl_Q6zISc
Combine specific participants: Error During Test at /home/ian/Documents/Julia/EegFun.jl/test/automatic/condition_combine.jl:72
  Test threw exception
  Expression: result.success == 1
  FieldError: type Nothing has no field `success`; Nothing has no fields at all.
  Stacktrace:
   [1] getproperty(x::Nothing, f::Symbol)
     @ Base ./Base_compiler.jl:54
   [2] top-level scope
     @ ~/Documents/Julia/EegFun.jl/test/automatic/condition_combine.jl:10
   [3] macro expansion
     @ ~/.julia/juliaup/julia-1.12.4+0.x64.linux.gnu/share/julia/stdlib/v1.12/Test/src/Test.jl:1776 [inlined]
   [4] macro expansion
     @ ~/Documents/Julia/EegFun.jl/test/automatic/condition_combine.jl:62 [inlined]
   [5] macro expansion
     @ ~/.julia/juliaup/julia-1.12.4+0.x64.linux.gnu/share/julia/stdlib/v1.12/Test/src/Test.jl:1776 [inlined]
   [6] macro expansion
     @ ~/Documents/Julia/EegFun.jl/test/automatic/condition_combine.jl:72 [inlined]
   [7] macro expansion
     @ ~/.julia/juliaup/julia-1.12.4+0.x64.linux.gnu/share/julia/stdlib/v1.12/Test/src/Test.jl:677 [inlined]
Combine specific participants: Error During Test at /home/ian/Documents/Julia/EegFun.jl/test/automatic/condition_combine.jl:73
  Test threw exception
  Expression: result.errors == 0
  FieldError: type Nothing has no field `errors`; Nothing has no fields at all.
  Stacktrace:
   [1] getproperty(x::Nothing, f::Symbol)
     @ Base ./Base_compiler.jl:54
   [2] top-level scope
     @ ~/Documents/Julia/EegFun.jl/test/automatic/condition_combine.jl:10
   [3] macro expansion
     @ ~/.julia/juliaup/julia-1.12.4+0.x64.linux.gnu/share/julia/stdlib/v1.12/Test/src/Test.jl:1776 [inlined]
   [4] macro expansion
     @ ~/Documents/Julia/EegFun.jl/test/automatic/condition_combine.jl:62 [inlined]
   [5] macro expansion
     @ ~/.julia/juliaup/julia-1.12.4+0.x64.linux.gnu/share/julia/stdlib/v1.12/Test/src/Test.jl:1776 [inlined]
   [6] macro expansion
     @ ~/Documents/Julia/EegFun.jl/test/automatic/condition_combine.jl:73 [inlined]
   [7] macro expansion
     @ ~/.julia/juliaup/julia-1.12.4+0.x64.linux.gnu/share/julia/stdlib/v1.12/Test/src/Test.jl:677 [inlined]
Combine specific participants: Test Failed at /home/ian/Documents/Julia/EegFun.jl/test/automatic/condition_combine.jl:74
  Expression: isfile(joinpath(output_dir, "2_epochs_cleaned.jld2"))

Stacktrace:
 [1] top-level scope
   @ ~/Documents/Julia/EegFun.jl/test/automatic/condition_combine.jl:10
 [2] macro expansion
   @ ~/.julia/juliaup/julia-1.12.4+0.x64.linux.gnu/share/julia/stdlib/v1.12/Test/src/Test.jl:1776 [inlined]
 [3] macro expansion
   @ ~/Documents/Julia/EegFun.jl/test/automatic/condition_combine.jl:62 [inlined]
 [4] macro expansion
   @ ~/.julia/juliaup/julia-1.12.4+0.x64.linux.gnu/share/julia/stdlib/v1.12/Test/src/Test.jl:1776 [inlined]
 [5] macro expansion
   @ ~/Documents/Julia/EegFun.jl/test/automatic/condition_combine.jl:74 [inlined]
 [6] macro expansion
   @ ~/.julia/juliaup/julia-1.12.4+0.x64.linux.gnu/share/julia/stdlib/v1.12/Test/src/Test.jl:680 [inlined]
[ Info: 
[ Info: Batch condition_combine started at 2026-01-27T08:55:44.170
[ Info: Function call: rand(rng)
[ Warning: No JLD2 files found matching pattern 'epochs_cleaned' in /tmp/jl_Q6zISc
Combine multiple participants: Error During Test at /home/ian/Documents/Julia/EegFun.jl/test/automatic/condition_combine.jl:90
  Test threw exception
  Expression: result.success == 2
  FieldError: type Nothing has no field `success`; Nothing has no fields at all.
  Stacktrace:
   [1] getproperty(x::Nothing, f::Symbol)
     @ Base ./Base_compiler.jl:54
   [2] top-level scope
     @ ~/Documents/Julia/EegFun.jl/test/automatic/condition_combine.jl:10
   [3] macro expansion
     @ ~/.julia/juliaup/julia-1.12.4+0.x64.linux.gnu/share/julia/stdlib/v1.12/Test/src/Test.jl:1776 [inlined]
   [4] macro expansion
     @ ~/Documents/Julia/EegFun.jl/test/automatic/condition_combine.jl:80 [inlined]
   [5] macro expansion
     @ ~/.julia/juliaup/julia-1.12.4+0.x64.linux.gnu/share/julia/stdlib/v1.12/Test/src/Test.jl:1776 [inlined]
   [6] macro expansion
     @ ~/Documents/Julia/EegFun.jl/test/automatic/condition_combine.jl:90 [inlined]
   [7] macro expansion
     @ ~/.julia/juliaup/julia-1.12.4+0.x64.linux.gnu/share/julia/stdlib/v1.12/Test/src/Test.jl:677 [inlined]
Combine multiple participants: Error During Test at /home/ian/Documents/Julia/EegFun.jl/test/automatic/condition_combine.jl:91
  Test threw exception
  Expression: result.errors == 0
  FieldError: type Nothing has no field `errors`; Nothing has no fields at all.
  Stacktrace:
   [1] getproperty(x::Nothing, f::Symbol)
     @ Base ./Base_compiler.jl:54
   [2] top-level scope
     @ ~/Documents/Julia/EegFun.jl/test/automatic/condition_combine.jl:10
   [3] macro expansion
     @ ~/.julia/juliaup/julia-1.12.4+0.x64.linux.gnu/share/julia/stdlib/v1.12/Test/src/Test.jl:1776 [inlined]
   [4] macro expansion
     @ ~/Documents/Julia/EegFun.jl/test/automatic/condition_combine.jl:80 [inlined]
   [5] macro expansion
     @ ~/.julia/juliaup/julia-1.12.4+0.x64.linux.gnu/share/julia/stdlib/v1.12/Test/src/Test.jl:1776 [inlined]
   [6] macro expansion
     @ ~/Documents/Julia/EegFun.jl/test/automatic/condition_combine.jl:91 [inlined]
   [7] macro expansion
     @ ~/.julia/juliaup/julia-1.12.4+0.x64.linux.gnu/share/julia/stdlib/v1.12/Test/src/Test.jl:677 [inlined]
Combine multiple participants: Test Failed at /home/ian/Documents/Julia/EegFun.jl/test/automatic/condition_combine.jl:92
  Expression: isfile(joinpath(output_dir, "1_epochs_cleaned.jld2"))

Stacktrace:
 [1] top-level scope
   @ ~/Documents/Julia/EegFun.jl/test/automatic/condition_combine.jl:10
 [2] macro expansion
   @ ~/.julia/juliaup/julia-1.12.4+0.x64.linux.gnu/share/julia/stdlib/v1.12/Test/src/Test.jl:1776 [inlined]
 [3] macro expansion
   @ ~/Documents/Julia/EegFun.jl/test/automatic/condition_combine.jl:80 [inlined]
 [4] macro expansion
   @ ~/.julia/juliaup/julia-1.12.4+0.x64.linux.gnu/share/julia/stdlib/v1.12/Test/src/Test.jl:1776 [inlined]
 [5] macro expansion
   @ ~/Documents/Julia/EegFun.jl/test/automatic/condition_combine.jl:92 [inlined]
 [6] macro expansion
   @ ~/.julia/juliaup/julia-1.12.4+0.x64.linux.gnu/share/julia/stdlib/v1.12/Test/src/Test.jl:680 [inlined]
Combine multiple participants: Test Failed at /home/ian/Documents/Julia/EegFun.jl/test/automatic/condition_combine.jl:94
  Expression: isfile(joinpath(output_dir, "3_epochs_cleaned.jld2"))

Stacktrace:
 [1] top-level scope
   @ ~/Documents/Julia/EegFun.jl/test/automatic/condition_combine.jl:10
 [2] macro expansion
   @ ~/.julia/juliaup/julia-1.12.4+0.x64.linux.gnu/share/julia/stdlib/v1.12/Test/src/Test.jl:1776 [inlined]
 [3] macro expansion
   @ ~/Documents/Julia/EegFun.jl/test/automatic/condition_combine.jl:80 [inlined]
 [4] macro expansion
   @ ~/.julia/juliaup/julia-1.12.4+0.x64.linux.gnu/share/julia/stdlib/v1.12/Test/src/Test.jl:1776 [inlined]
 [5] macro expansion
   @ ~/Documents/Julia/EegFun.jl/test/automatic/condition_combine.jl:94 [inlined]
 [6] macro expansion
   @ ~/.julia/juliaup/julia-1.12.4+0.x64.linux.gnu/share/julia/stdlib/v1.12/Test/src/Test.jl:680 [inlined]
[ Info: 
[ Info: Batch condition_combine started at 2026-01-27T08:55:44.179
[ Info: Function call: rand(rng)
[ Warning: No JLD2 files found matching pattern 'epochs_cleaned' in /tmp/jl_Q6zISc
Single condition groups: Error During Test at /home/ian/Documents/Julia/EegFun.jl/test/automatic/condition_combine.jl:108
  Test threw exception
  Expression: result.success == 3
  FieldError: type Nothing has no field `success`; Nothing has no fields at all.
  Stacktrace:
   [1] getproperty(x::Nothing, f::Symbol)
     @ Base ./Base_compiler.jl:54
   [2] top-level scope
     @ ~/Documents/Julia/EegFun.jl/test/automatic/condition_combine.jl:10
   [3] macro expansion
     @ ~/.julia/juliaup/julia-1.12.4+0.x64.linux.gnu/share/julia/stdlib/v1.12/Test/src/Test.jl:1776 [inlined]
   [4] macro expansion
     @ ~/Documents/Julia/EegFun.jl/test/automatic/condition_combine.jl:98 [inlined]
   [5] macro expansion
     @ ~/.julia/juliaup/julia-1.12.4+0.x64.linux.gnu/share/julia/stdlib/v1.12/Test/src/Test.jl:1776 [inlined]
   [6] macro expansion
     @ ~/Documents/Julia/EegFun.jl/test/automatic/condition_combine.jl:108 [inlined]
   [7] macro expansion
     @ ~/.julia/juliaup/julia-1.12.4+0.x64.linux.gnu/share/julia/stdlib/v1.12/Test/src/Test.jl:677 [inlined]
Single condition groups: Error During Test at /home/ian/Documents/Julia/EegFun.jl/test/automatic/condition_combine.jl:97
  Got exception outside of a @test
  ArgumentError: No file exists at given path: /tmp/jl_Q6zISc/combined_single/1_epochs_cleaned.jld2
  Stacktrace:
    [1] checkpath_load
      @ ~/.julia/packages/FileIO/EI2b8/src/loadsave.jl:167 [inlined]
    [2] load(file::String, args::String; options::@Kwargs{})
      @ FileIO ~/.julia/packages/FileIO/EI2b8/src/loadsave.jl:110
    [3] load(file::String, args::String)
      @ FileIO ~/.julia/packages/FileIO/EI2b8/src/loadsave.jl:109
    [4] top-level scope
      @ ~/Documents/Julia/EegFun.jl/test/automatic/condition_combine.jl:10
    [5] macro expansion
      @ ~/.julia/juliaup/julia-1.12.4+0.x64.linux.gnu/share/julia/stdlib/v1.12/Test/src/Test.jl:1776 [inlined]
    [6] macro expansion
      @ ~/Documents/Julia/EegFun.jl/test/automatic/condition_combine.jl:98 [inlined]
    [7] macro expansion
      @ ~/.julia/juliaup/julia-1.12.4+0.x64.linux.gnu/share/julia/stdlib/v1.12/Test/src/Test.jl:1776 [inlined]
    [8] macro expansion
      @ ~/Documents/Julia/EegFun.jl/test/automatic/condition_combine.jl:111 [inlined]
    [9] include(mapexpr::Function, mod::Module, _path::String)
      @ Base ./Base.jl:307
   [10] top-level scope
      @ ~/Documents/Julia/EegFun.jl/test/runtests.jl:22
   [11] macro expansion
      @ ~/.julia/juliaup/julia-1.12.4+0.x64.linux.gnu/share/julia/stdlib/v1.12/Test/src/Test.jl:1776 [inlined]
   [12] macro expansion
      @ ~/Documents/Julia/EegFun.jl/test/runtests.jl:31 [inlined]
   [13] include(mod::Module, _path::String)
      @ Base ./Base.jl:306
   [14] exec_options(opts::Base.JLOptions)
      @ Base ./client.jl:317
   [15] _start()
      @ Base ./client.jl:550
[ Info: 
[ Info: Batch condition_combine started at 2026-01-27T08:55:44.186
[ Info: Function call: rand(rng)
[ Warning: Condition(s) [2] appear in multiple groups. This may not be intended.
[ Warning: Condition(s) [3] appear in multiple groups. This may not be intended.
[ Warning: No JLD2 files found matching pattern 'epochs_cleaned' in /tmp/jl_Q6zISc
Overlapping condition groups: Error During Test at /home/ian/Documents/Julia/EegFun.jl/test/automatic/condition_combine.jl:132
  Test threw exception
  Expression: result.success == 3
  FieldError: type Nothing has no field `success`; Nothing has no fields at all.
  Stacktrace:
   [1] getproperty(x::Nothing, f::Symbol)
     @ Base ./Base_compiler.jl:54
   [2] top-level scope
     @ ~/Documents/Julia/EegFun.jl/test/automatic/condition_combine.jl:10
   [3] macro expansion
     @ ~/.julia/juliaup/julia-1.12.4+0.x64.linux.gnu/share/julia/stdlib/v1.12/Test/src/Test.jl:1776 [inlined]
   [4] macro expansion
     @ ~/Documents/Julia/EegFun.jl/test/automatic/condition_combine.jl:122 [inlined]
   [5] macro expansion
     @ ~/.julia/juliaup/julia-1.12.4+0.x64.linux.gnu/share/julia/stdlib/v1.12/Test/src/Test.jl:1776 [inlined]
   [6] macro expansion
     @ ~/Documents/Julia/EegFun.jl/test/automatic/condition_combine.jl:132 [inlined]
   [7] macro expansion
     @ ~/.julia/juliaup/julia-1.12.4+0.x64.linux.gnu/share/julia/stdlib/v1.12/Test/src/Test.jl:677 [inlined]
Overlapping condition groups: Error During Test at /home/ian/Documents/Julia/EegFun.jl/test/automatic/condition_combine.jl:121
  Got exception outside of a @test
  ArgumentError: No file exists at given path: /tmp/jl_Q6zISc/combined_overlapping/1_epochs_cleaned.jld2
  Stacktrace:
    [1] checkpath_load
      @ ~/.julia/packages/FileIO/EI2b8/src/loadsave.jl:167 [inlined]
    [2] load(file::String, args::String; options::@Kwargs{})
      @ FileIO ~/.julia/packages/FileIO/EI2b8/src/loadsave.jl:110
    [3] load(file::String, args::String)
      @ FileIO ~/.julia/packages/FileIO/EI2b8/src/loadsave.jl:109
    [4] top-level scope
      @ ~/Documents/Julia/EegFun.jl/test/automatic/condition_combine.jl:10
    [5] macro expansion
      @ ~/.julia/juliaup/julia-1.12.4+0.x64.linux.gnu/share/julia/stdlib/v1.12/Test/src/Test.jl:1776 [inlined]
    [6] macro expansion
      @ ~/Documents/Julia/EegFun.jl/test/automatic/condition_combine.jl:122 [inlined]
    [7] macro expansion
      @ ~/.julia/juliaup/julia-1.12.4+0.x64.linux.gnu/share/julia/stdlib/v1.12/Test/src/Test.jl:1776 [inlined]
    [8] macro expansion
      @ ~/Documents/Julia/EegFun.jl/test/automatic/condition_combine.jl:134 [inlined]
    [9] include(mapexpr::Function, mod::Module, _path::String)
      @ Base ./Base.jl:307
   [10] top-level scope
      @ ~/Documents/Julia/EegFun.jl/test/runtests.jl:22
   [11] macro expansion
      @ ~/.julia/juliaup/julia-1.12.4+0.x64.linux.gnu/share/julia/stdlib/v1.12/Test/src/Test.jl:1776 [inlined]
   [12] macro expansion
      @ ~/Documents/Julia/EegFun.jl/test/runtests.jl:31 [inlined]
   [13] include(mod::Module, _path::String)
      @ Base ./Base.jl:306
   [14] exec_options(opts::Base.JLOptions)
      @ Base ./client.jl:317
   [15] _start()
      @ Base ./client.jl:550
[ Info: 
[ Info: Batch condition_combine started at 2026-01-27T08:55:44.283
[ Info: Function call: rand(rng)
[ Error: Error: Input directory does not exist: /nonexistent/path
[ Info: 
[ Info: Batch condition_combine started at 2026-01-27T08:55:44.284
[ Info: Function call: rand(rng)
[ Error: Error: condition_combine only works with epoch data. File pattern must contain 'epochs', got: 'erps_cleaned'
[ Info: 
[ Info: Batch condition_combine started at 2026-01-27T08:55:44.314
[ Info: Function call: rand(rng)
[ Warning: No JLD2 files found matching pattern 'epochs_cleaned' in /tmp/jl_Q6zISc
Condition out of range: Error During Test at /home/ian/Documents/Julia/EegFun.jl/test/automatic/condition_combine.jl:176
  Test threw exception
  Expression: result.success == 0
  FieldError: type Nothing has no field `success`; Nothing has no fields at all.
  Stacktrace:
   [1] getproperty(x::Nothing, f::Symbol)
     @ Base ./Base_compiler.jl:54
   [2] top-level scope
     @ ~/Documents/Julia/EegFun.jl/test/automatic/condition_combine.jl:10
   [3] macro expansion
     @ ~/.julia/juliaup/julia-1.12.4+0.x64.linux.gnu/share/julia/stdlib/v1.12/Test/src/Test.jl:1776 [inlined]
   [4] macro expansion
     @ ~/Documents/Julia/EegFun.jl/test/automatic/condition_combine.jl:165 [inlined]
   [5] macro expansion
     @ ~/.julia/juliaup/julia-1.12.4+0.x64.linux.gnu/share/julia/stdlib/v1.12/Test/src/Test.jl:1776 [inlined]
   [6] macro expansion
     @ ~/Documents/Julia/EegFun.jl/test/automatic/condition_combine.jl:176 [inlined]
   [7] macro expansion
     @ ~/.julia/juliaup/julia-1.12.4+0.x64.linux.gnu/share/julia/stdlib/v1.12/Test/src/Test.jl:677 [inlined]
Condition out of range: Error During Test at /home/ian/Documents/Julia/EegFun.jl/test/automatic/condition_combine.jl:177
  Test threw exception
  Expression: result.errors == 3
  FieldError: type Nothing has no field `errors`; Nothing has no fields at all.
  Stacktrace:
   [1] getproperty(x::Nothing, f::Symbol)
     @ Base ./Base_compiler.jl:54
   [2] top-level scope
     @ ~/Documents/Julia/EegFun.jl/test/automatic/condition_combine.jl:10
   [3] macro expansion
     @ ~/.julia/juliaup/julia-1.12.4+0.x64.linux.gnu/share/julia/stdlib/v1.12/Test/src/Test.jl:1776 [inlined]
   [4] macro expansion
     @ ~/Documents/Julia/EegFun.jl/test/automatic/condition_combine.jl:165 [inlined]
   [5] macro expansion
     @ ~/.julia/juliaup/julia-1.12.4+0.x64.linux.gnu/share/julia/stdlib/v1.12/Test/src/Test.jl:1776 [inlined]
   [6] macro expansion
     @ ~/Documents/Julia/EegFun.jl/test/automatic/condition_combine.jl:177 [inlined]
   [7] macro expansion
     @ ~/.julia/juliaup/julia-1.12.4+0.x64.linux.gnu/share/julia/stdlib/v1.12/Test/src/Test.jl:677 [inlined]
[ Info: 
[ Info: Batch condition_combine started at 2026-01-27T08:55:44.321
[ Info: Function call: rand(rng)
[ Warning: No JLD2 files found matching pattern 'epochs_cleaned' in /tmp/jl_Q6zISc/empty_match
Data integrity - concatenation preserves all epochs: Error During Test at /home/ian/Documents/Julia/EegFun.jl/test/automatic/condition_combine.jl:189
  Got exception outside of a @test
  ArgumentError: No file exists at given path: /tmp/jl_Q6zISc/1_epochs_cleaned.jld2
  Stacktrace:
    [1] checkpath_load
      @ ~/.julia/packages/FileIO/EI2b8/src/loadsave.jl:167 [inlined]
    [2] load(file::String, args::String; options::@Kwargs{})
      @ FileIO ~/.julia/packages/FileIO/EI2b8/src/loadsave.jl:110
    [3] load(file::String, args::String)
      @ FileIO ~/.julia/packages/FileIO/EI2b8/src/loadsave.jl:109
    [4] top-level scope
      @ ~/Documents/Julia/EegFun.jl/test/automatic/condition_combine.jl:10
    [5] macro expansion
      @ ~/.julia/juliaup/julia-1.12.4+0.x64.linux.gnu/share/julia/stdlib/v1.12/Test/src/Test.jl:1776 [inlined]
    [6] macro expansion
      @ ~/Documents/Julia/EegFun.jl/test/automatic/condition_combine.jl:190 [inlined]
    [7] macro expansion
      @ ~/.julia/juliaup/julia-1.12.4+0.x64.linux.gnu/share/julia/stdlib/v1.12/Test/src/Test.jl:1776 [inlined]
    [8] macro expansion
      @ ~/Documents/Julia/EegFun.jl/test/automatic/condition_combine.jl:193 [inlined]
    [9] include(mapexpr::Function, mod::Module, _path::String)
      @ Base ./Base.jl:307
   [10] top-level scope
      @ ~/Documents/Julia/EegFun.jl/test/runtests.jl:22
   [11] macro expansion
      @ ~/.julia/juliaup/julia-1.12.4+0.x64.linux.gnu/share/julia/stdlib/v1.12/Test/src/Test.jl:1776 [inlined]
   [12] macro expansion
      @ ~/Documents/Julia/EegFun.jl/test/runtests.jl:31 [inlined]
   [13] include(mod::Module, _path::String)
      @ Base ./Base.jl:306
   [14] exec_options(opts::Base.JLOptions)
      @ Base ./client.jl:317
   [15] _start()
      @ Base ./client.jl:550
[ Info: 
[ Info: Batch condition_combine started at 2026-01-27T08:55:44.326
[ Info: Function call: rand(rng)
[ Warning: No JLD2 files found matching pattern 'epochs_cleaned' in /tmp/jl_Q6zISc
Metadata preservation: Error During Test at /home/ian/Documents/Julia/EegFun.jl/test/automatic/condition_combine.jl:211
  Got exception outside of a @test
  ArgumentError: No file exists at given path: /tmp/jl_Q6zISc/combined_metadata/1_epochs_cleaned.jld2
  Stacktrace:
    [1] checkpath_load
      @ ~/.julia/packages/FileIO/EI2b8/src/loadsave.jl:167 [inlined]
    [2] load(file::String, args::String; options::@Kwargs{})
      @ FileIO ~/.julia/packages/FileIO/EI2b8/src/loadsave.jl:110
    [3] load(file::String, args::String)
      @ FileIO ~/.julia/packages/FileIO/EI2b8/src/loadsave.jl:109
    [4] top-level scope
      @ ~/Documents/Julia/EegFun.jl/test/automatic/condition_combine.jl:10
    [5] macro expansion
      @ ~/.julia/juliaup/julia-1.12.4+0.x64.linux.gnu/share/julia/stdlib/v1.12/Test/src/Test.jl:1776 [inlined]
    [6] macro expansion
      @ ~/Documents/Julia/EegFun.jl/test/automatic/condition_combine.jl:212 [inlined]
    [7] macro expansion
      @ ~/.julia/juliaup/julia-1.12.4+0.x64.linux.gnu/share/julia/stdlib/v1.12/Test/src/Test.jl:1776 [inlined]
    [8] macro expansion
      @ ~/Documents/Julia/EegFun.jl/test/automatic/condition_combine.jl:216 [inlined]
    [9] include(mapexpr::Function, mod::Module, _path::String)
      @ Base ./Base.jl:307
   [10] top-level scope
      @ ~/Documents/Julia/EegFun.jl/test/runtests.jl:22
   [11] macro expansion
      @ ~/.julia/juliaup/julia-1.12.4+0.x64.linux.gnu/share/julia/stdlib/v1.12/Test/src/Test.jl:1776 [inlined]
   [12] macro expansion
      @ ~/Documents/Julia/EegFun.jl/test/runtests.jl:31 [inlined]
   [13] include(mod::Module, _path::String)
      @ Base ./Base.jl:306
   [14] exec_options(opts::Base.JLOptions)
      @ Base ./client.jl:317
   [15] _start()
      @ Base ./client.jl:550
Layout and sample rate preservation: Error During Test at /home/ian/Documents/Julia/EegFun.jl/test/automatic/condition_combine.jl:229
  Got exception outside of a @test
  ArgumentError: No file exists at given path: /tmp/jl_Q6zISc/1_epochs_cleaned.jld2
  Stacktrace:
    [1] checkpath_load
      @ ~/.julia/packages/FileIO/EI2b8/src/loadsave.jl:167 [inlined]
    [2] load(file::String, args::String; options::@Kwargs{})
      @ FileIO ~/.julia/packages/FileIO/EI2b8/src/loadsave.jl:110
    [3] load(file::String, args::String)
      @ FileIO ~/.julia/packages/FileIO/EI2b8/src/loadsave.jl:109
    [4] top-level scope
      @ ~/Documents/Julia/EegFun.jl/test/automatic/condition_combine.jl:10
    [5] macro expansion
      @ ~/.julia/juliaup/julia-1.12.4+0.x64.linux.gnu/share/julia/stdlib/v1.12/Test/src/Test.jl:1776 [inlined]
    [6] macro expansion
      @ ~/Documents/Julia/EegFun.jl/test/automatic/condition_combine.jl:230 [inlined]
    [7] macro expansion
      @ ~/.julia/juliaup/julia-1.12.4+0.x64.linux.gnu/share/julia/stdlib/v1.12/Test/src/Test.jl:1776 [inlined]
    [8] macro expansion
      @ ~/Documents/Julia/EegFun.jl/test/automatic/condition_combine.jl:233 [inlined]
    [9] include(mapexpr::Function, mod::Module, _path::String)
      @ Base ./Base.jl:307
   [10] top-level scope
      @ ~/Documents/Julia/EegFun.jl/test/runtests.jl:22
   [11] macro expansion
      @ ~/.julia/juliaup/julia-1.12.4+0.x64.linux.gnu/share/julia/stdlib/v1.12/Test/src/Test.jl:1776 [inlined]
   [12] macro expansion
      @ ~/Documents/Julia/EegFun.jl/test/runtests.jl:31 [inlined]
   [13] include(mod::Module, _path::String)
      @ Base ./Base.jl:306
   [14] exec_options(opts::Base.JLOptions)
      @ Base ./client.jl:317
   [15] _start()
      @ Base ./client.jl:550
Different epoch counts per condition: Error During Test at /home/ian/Documents/Julia/EegFun.jl/test/automatic/condition_combine.jl:247
  Got exception outside of a @test
  MethodError: no method matching create_test_epoch_data(; conditions::Int64, n_epochs::Int64)
  This method does not support all of the given keyword arguments (and may not support any).
  
  Closest candidates are:
    create_test_epoch_data(; n, fs, condition, n_epochs, n_channels, seed) got unsupported keyword argument "conditions"
     @ Main ~/Documents/Julia/EegFun.jl/test/test_utils.jl:77
  
  Stacktrace:
    [1] kwerr(kw::@NamedTuple{conditions::Int64, n_epochs::Int64}, args::Function)
      @ Base ./error.jl:175
    [2] top-level scope
      @ ~/Documents/Julia/EegFun.jl/test/automatic/condition_combine.jl:10
    [3] macro expansion
      @ ~/.julia/juliaup/julia-1.12.4+0.x64.linux.gnu/share/julia/stdlib/v1.12/Test/src/Test.jl:1776 [inlined]
    [4] macro expansion
      @ ~/Documents/Julia/EegFun.jl/test/automatic/condition_combine.jl:250 [inlined]
    [5] macro expansion
      @ ~/.julia/juliaup/julia-1.12.4+0.x64.linux.gnu/share/julia/stdlib/v1.12/Test/src/Test.jl:1776 [inlined]
    [6] macro expansion
      @ ~/Documents/Julia/EegFun.jl/test/automatic/condition_combine.jl:250 [inlined]
    [7] include(mapexpr::Function, mod::Module, _path::String)
      @ Base ./Base.jl:307
    [8] top-level scope
      @ ~/Documents/Julia/EegFun.jl/test/runtests.jl:22
    [9] macro expansion
      @ ~/.julia/juliaup/julia-1.12.4+0.x64.linux.gnu/share/julia/stdlib/v1.12/Test/src/Test.jl:1776 [inlined]
   [10] macro expansion
      @ ~/Documents/Julia/EegFun.jl/test/runtests.jl:31 [inlined]
   [11] include(mod::Module, _path::String)
      @ Base ./Base.jl:306
   [12] exec_options(opts::Base.JLOptions)
      @ Base ./client.jl:317
   [13] _start()
      @ Base ./client.jl:550
[ Info: 
[ Info: Batch condition_combine started at 2026-01-27T08:55:44.421
[ Info: Function call: rand(rng)
[ Warning: No JLD2 files found matching pattern 'epochs_cleaned' in /tmp/jl_Q6zISc
Single condition per group: Error During Test at /home/ian/Documents/Julia/EegFun.jl/test/automatic/condition_combine.jl:291
  Test threw exception
  Expression: result.success == 3
  FieldError: type Nothing has no field `success`; Nothing has no fields at all.
  Stacktrace:
   [1] getproperty(x::Nothing, f::Symbol)
     @ Base ./Base_compiler.jl:54
   [2] top-level scope
     @ ~/Documents/Julia/EegFun.jl/test/automatic/condition_combine.jl:10
   [3] macro expansion
     @ ~/.julia/juliaup/julia-1.12.4+0.x64.linux.gnu/share/julia/stdlib/v1.12/Test/src/Test.jl:1776 [inlined]
   [4] macro expansion
     @ ~/Documents/Julia/EegFun.jl/test/automatic/condition_combine.jl:281 [inlined]
   [5] macro expansion
     @ ~/.julia/juliaup/julia-1.12.4+0.x64.linux.gnu/share/julia/stdlib/v1.12/Test/src/Test.jl:1776 [inlined]
   [6] macro expansion
     @ ~/Documents/Julia/EegFun.jl/test/automatic/condition_combine.jl:291 [inlined]
   [7] macro expansion
     @ ~/.julia/juliaup/julia-1.12.4+0.x64.linux.gnu/share/julia/stdlib/v1.12/Test/src/Test.jl:677 [inlined]
Single condition per group: Error During Test at /home/ian/Documents/Julia/EegFun.jl/test/automatic/condition_combine.jl:280
  Got exception outside of a @test
  ArgumentError: No file exists at given path: /tmp/jl_Q6zISc/combined_single_per_group/1_epochs_cleaned.jld2
  Stacktrace:
    [1] checkpath_load
      @ ~/.julia/packages/FileIO/EI2b8/src/loadsave.jl:167 [inlined]
    [2] load(file::String, args::String; options::@Kwargs{})
      @ FileIO ~/.julia/packages/FileIO/EI2b8/src/loadsave.jl:110
    [3] load(file::String, args::String)
      @ FileIO ~/.julia/packages/FileIO/EI2b8/src/loadsave.jl:109
    [4] top-level scope
      @ ~/Documents/Julia/EegFun.jl/test/automatic/condition_combine.jl:10
    [5] macro expansion
      @ ~/.julia/juliaup/julia-1.12.4+0.x64.linux.gnu/share/julia/stdlib/v1.12/Test/src/Test.jl:1776 [inlined]
    [6] macro expansion
      @ ~/Documents/Julia/EegFun.jl/test/automatic/condition_combine.jl:281 [inlined]
    [7] macro expansion
      @ ~/.julia/juliaup/julia-1.12.4+0.x64.linux.gnu/share/julia/stdlib/v1.12/Test/src/Test.jl:1776 [inlined]
    [8] macro expansion
      @ ~/Documents/Julia/EegFun.jl/test/automatic/condition_combine.jl:293 [inlined]
    [9] include(mapexpr::Function, mod::Module, _path::String)
      @ Base ./Base.jl:307
   [10] top-level scope
      @ ~/Documents/Julia/EegFun.jl/test/runtests.jl:22
   [11] macro expansion
      @ ~/.julia/juliaup/julia-1.12.4+0.x64.linux.gnu/share/julia/stdlib/v1.12/Test/src/Test.jl:1776 [inlined]
   [12] macro expansion
      @ ~/Documents/Julia/EegFun.jl/test/runtests.jl:31 [inlined]
   [13] include(mod::Module, _path::String)
      @ Base ./Base.jl:306
   [14] exec_options(opts::Base.JLOptions)
      @ Base ./client.jl:317
   [15] _start()
      @ Base ./client.jl:550
[ Info: 
[ Info: Batch condition_combine started at 2026-01-27T08:55:44.430
[ Info: Function call: rand(rng)
[ Warning: No JLD2 files found matching pattern 'epochs_cleaned' in /tmp/jl_Q6zISc
Logging: Test Failed at /home/ian/Documents/Julia/EegFun.jl/test/automatic/condition_combine.jl:320
  Expression: contains(log_contents, "Found")
   Evaluated: contains("julia version: 1.12.4\nEegFun version: 0.1.0\nStart time: 27-01-2026 08:55:44\n\nBatch condition_combine started at 2026-01-27T08:55:44.430\nFunction call: rand(rng)\nNo JLD2 files found matching pattern 'epochs_cleaned' in /tmp/jl_Q6zISc\n\nGlobal session duration: 0 seconds\n", "Found")

Stacktrace:
 [1] top-level scope
   @ ~/Documents/Julia/EegFun.jl/test/automatic/condition_combine.jl:10
 [2] macro expansion
   @ ~/.julia/juliaup/julia-1.12.4+0.x64.linux.gnu/share/julia/stdlib/v1.12/Test/src/Test.jl:1776 [inlined]
 [3] macro expansion
   @ ~/Documents/Julia/EegFun.jl/test/automatic/condition_combine.jl:303 [inlined]
 [4] macro expansion
   @ ~/.julia/juliaup/julia-1.12.4+0.x64.linux.gnu/share/julia/stdlib/v1.12/Test/src/Test.jl:1776 [inlined]
 [5] macro expansion
   @ ~/Documents/Julia/EegFun.jl/test/automatic/condition_combine.jl:320 [inlined]
 [6] macro expansion
   @ ~/.julia/juliaup/julia-1.12.4+0.x64.linux.gnu/share/julia/stdlib/v1.12/Test/src/Test.jl:680 [inlined]
[ Info: 
[ Info: Batch condition_combine started at 2026-01-27T08:55:44.432
[ Info: Function call: rand(rng)
[ Warning: No JLD2 files found matching pattern 'epochs_cleaned' in /tmp/jl_Q6zISc
[ Info: 
[ Info: Batch condition_combine started at 2026-01-27T08:55:44.433
[ Info: Function call: rand(rng)
[ Warning: No JLD2 files found matching pattern 'epochs_cleaned' in /tmp/jl_Q6zISc
Return value structure: Test Failed at /home/ian/Documents/Julia/EegFun.jl/test/automatic/condition_combine.jl:343
  Expression: hasfield(typeof(result), :success)

Stacktrace:
 [1] top-level scope
   @ ~/Documents/Julia/EegFun.jl/test/automatic/condition_combine.jl:10
 [2] macro expansion
   @ ~/.julia/juliaup/julia-1.12.4+0.x64.linux.gnu/share/julia/stdlib/v1.12/Test/src/Test.jl:1776 [inlined]
 [3] macro expansion
   @ ~/Documents/Julia/EegFun.jl/test/automatic/condition_combine.jl:333 [inlined]
 [4] macro expansion
   @ ~/.julia/juliaup/julia-1.12.4+0.x64.linux.gnu/share/julia/stdlib/v1.12/Test/src/Test.jl:1776 [inlined]
 [5] macro expansion
   @ ~/Documents/Julia/EegFun.jl/test/automatic/condition_combine.jl:343 [inlined]
 [6] macro expansion
   @ ~/.julia/juliaup/julia-1.12.4+0.x64.linux.gnu/share/julia/stdlib/v1.12/Test/src/Test.jl:680 [inlined]
Return value structure: Test Failed at /home/ian/Documents/Julia/EegFun.jl/test/automatic/condition_combine.jl:344
  Expression: hasfield(typeof(result), :errors)

Stacktrace:
 [1] top-level scope
   @ ~/Documents/Julia/EegFun.jl/test/automatic/condition_combine.jl:10
 [2] macro expansion
   @ ~/.julia/juliaup/julia-1.12.4+0.x64.linux.gnu/share/julia/stdlib/v1.12/Test/src/Test.jl:1776 [inlined]
 [3] macro expansion
   @ ~/Documents/Julia/EegFun.jl/test/automatic/condition_combine.jl:333 [inlined]
 [4] macro expansion
   @ ~/.julia/juliaup/julia-1.12.4+0.x64.linux.gnu/share/julia/stdlib/v1.12/Test/src/Test.jl:1776 [inlined]
 [5] macro expansion
   @ ~/Documents/Julia/EegFun.jl/test/automatic/condition_combine.jl:344 [inlined]
 [6] macro expansion
   @ ~/.julia/juliaup/julia-1.12.4+0.x64.linux.gnu/share/julia/stdlib/v1.12/Test/src/Test.jl:680 [inlined]
Return value structure: Error During Test at /home/ian/Documents/Julia/EegFun.jl/test/automatic/condition_combine.jl:345
  Test threw exception
  Expression: result.success isa Integer
  FieldError: type Nothing has no field `success`; Nothing has no fields at all.
  Stacktrace:
   [1] getproperty(x::Nothing, f::Symbol)
     @ Base ./Base_compiler.jl:54
   [2] top-level scope
     @ ~/Documents/Julia/EegFun.jl/test/automatic/condition_combine.jl:10
   [3] macro expansion
     @ ~/.julia/juliaup/julia-1.12.4+0.x64.linux.gnu/share/julia/stdlib/v1.12/Test/src/Test.jl:1776 [inlined]
   [4] macro expansion
     @ ~/Documents/Julia/EegFun.jl/test/automatic/condition_combine.jl:333 [inlined]
   [5] macro expansion
     @ ~/.julia/juliaup/julia-1.12.4+0.x64.linux.gnu/share/julia/stdlib/v1.12/Test/src/Test.jl:1776 [inlined]
   [6] macro expansion
     @ ~/Documents/Julia/EegFun.jl/test/automatic/condition_combine.jl:345 [inlined]
   [7] macro expansion
     @ ~/.julia/juliaup/julia-1.12.4+0.x64.linux.gnu/share/julia/stdlib/v1.12/Test/src/Test.jl:677 [inlined]
Return value structure: Error During Test at /home/ian/Documents/Julia/EegFun.jl/test/automatic/condition_combine.jl:346
  Test threw exception
  Expression: result.errors isa Integer
  FieldError: type Nothing has no field `errors`; Nothing has no fields at all.
  Stacktrace:
   [1] getproperty(x::Nothing, f::Symbol)
     @ Base ./Base_compiler.jl:54
   [2] top-level scope
     @ ~/Documents/Julia/EegFun.jl/test/automatic/condition_combine.jl:10
   [3] macro expansion
     @ ~/.julia/juliaup/julia-1.12.4+0.x64.linux.gnu/share/julia/stdlib/v1.12/Test/src/Test.jl:1776 [inlined]
   [4] macro expansion
     @ ~/Documents/Julia/EegFun.jl/test/automatic/condition_combine.jl:333 [inlined]
   [5] macro expansion
     @ ~/.julia/juliaup/julia-1.12.4+0.x64.linux.gnu/share/julia/stdlib/v1.12/Test/src/Test.jl:1776 [inlined]
   [6] macro expansion
     @ ~/Documents/Julia/EegFun.jl/test/automatic/condition_combine.jl:346 [inlined]
   [7] macro expansion
     @ ~/.julia/juliaup/julia-1.12.4+0.x64.linux.gnu/share/julia/stdlib/v1.12/Test/src/Test.jl:677 [inlined]
Return value structure: Error During Test at /home/ian/Documents/Julia/EegFun.jl/test/automatic/condition_combine.jl:347
  Test threw exception
  Expression: result.success >= 0
  FieldError: type Nothing has no field `success`; Nothing has no fields at all.
  Stacktrace:
   [1] getproperty(x::Nothing, f::Symbol)
     @ Base ./Base_compiler.jl:54
   [2] top-level scope
     @ ~/Documents/Julia/EegFun.jl/test/automatic/condition_combine.jl:10
   [3] macro expansion
     @ ~/.julia/juliaup/julia-1.12.4+0.x64.linux.gnu/share/julia/stdlib/v1.12/Test/src/Test.jl:1776 [inlined]
   [4] macro expansion
     @ ~/Documents/Julia/EegFun.jl/test/automatic/condition_combine.jl:333 [inlined]
   [5] macro expansion
     @ ~/.julia/juliaup/julia-1.12.4+0.x64.linux.gnu/share/julia/stdlib/v1.12/Test/src/Test.jl:1776 [inlined]
   [6] macro expansion
     @ ~/Documents/Julia/EegFun.jl/test/automatic/condition_combine.jl:347 [inlined]
   [7] macro expansion
     @ ~/.julia/juliaup/julia-1.12.4+0.x64.linux.gnu/share/julia/stdlib/v1.12/Test/src/Test.jl:677 [inlined]
Return value structure: Error During Test at /home/ian/Documents/Julia/EegFun.jl/test/automatic/condition_combine.jl:348
  Test threw exception
  Expression: result.errors >= 0
  FieldError: type Nothing has no field `errors`; Nothing has no fields at all.
  Stacktrace:
   [1] getproperty(x::Nothing, f::Symbol)
     @ Base ./Base_compiler.jl:54
   [2] top-level scope
     @ ~/Documents/Julia/EegFun.jl/test/automatic/condition_combine.jl:10
   [3] macro expansion
     @ ~/.julia/juliaup/julia-1.12.4+0.x64.linux.gnu/share/julia/stdlib/v1.12/Test/src/Test.jl:1776 [inlined]
   [4] macro expansion
     @ ~/Documents/Julia/EegFun.jl/test/automatic/condition_combine.jl:333 [inlined]
   [5] macro expansion
     @ ~/.julia/juliaup/julia-1.12.4+0.x64.linux.gnu/share/julia/stdlib/v1.12/Test/src/Test.jl:1776 [inlined]
   [6] macro expansion
     @ ~/Documents/Julia/EegFun.jl/test/automatic/condition_combine.jl:348 [inlined]
   [7] macro expansion
     @ ~/.julia/juliaup/julia-1.12.4+0.x64.linux.gnu/share/julia/stdlib/v1.12/Test/src/Test.jl:677 [inlined]
Return value structure: Error During Test at /home/ian/Documents/Julia/EegFun.jl/test/automatic/condition_combine.jl:349
  Test threw exception
  Expression: result.success + result.errors == 3
  FieldError: type Nothing has no field `success`; Nothing has no fields at all.
  Stacktrace:
   [1] getproperty(x::Nothing, f::Symbol)
     @ Base ./Base_compiler.jl:54
   [2] top-level scope
     @ ~/Documents/Julia/EegFun.jl/test/automatic/condition_combine.jl:10
   [3] macro expansion
     @ ~/.julia/juliaup/julia-1.12.4+0.x64.linux.gnu/share/julia/stdlib/v1.12/Test/src/Test.jl:1776 [inlined]
   [4] macro expansion
     @ ~/Documents/Julia/EegFun.jl/test/automatic/condition_combine.jl:333 [inlined]
   [5] macro expansion
     @ ~/.julia/juliaup/julia-1.12.4+0.x64.linux.gnu/share/julia/stdlib/v1.12/Test/src/Test.jl:1776 [inlined]
   [6] macro expansion
     @ ~/Documents/Julia/EegFun.jl/test/automatic/condition_combine.jl:349 [inlined]
   [7] macro expansion
     @ ~/.julia/juliaup/julia-1.12.4+0.x64.linux.gnu/share/julia/stdlib/v1.12/Test/src/Test.jl:677 [inlined]
[ Info: 
[ Info: Batch condition_combine started at 2026-01-27T08:55:44.467
[ Info: Function call: rand(rng)
[ Warning: Group 1 contains duplicate conditions: [1, 1]. Only unique conditions will be used.
[ Info:   Group 1: [1, 1, 2] → [1, 2] (removed duplicates)
[ Warning: Group 2 contains duplicate conditions: [3, 3]. Only unique conditions will be used.
[ Info:   Group 2: [3, 3, 4] → [3, 4] (removed duplicates)
[ Warning: No JLD2 files found matching pattern 'epochs_cleaned' in /tmp/jl_Q6zISc
Duplicate conditions within groups: Error During Test at /home/ian/Documents/Julia/EegFun.jl/test/automatic/condition_combine.jl:363
  Test threw exception
  Expression: result.success == 3
  FieldError: type Nothing has no field `success`; Nothing has no fields at all.
  Stacktrace:
   [1] getproperty(x::Nothing, f::Symbol)
     @ Base ./Base_compiler.jl:54
   [2] top-level scope
     @ ~/Documents/Julia/EegFun.jl/test/automatic/condition_combine.jl:10
   [3] macro expansion
     @ ~/.julia/juliaup/julia-1.12.4+0.x64.linux.gnu/share/julia/stdlib/v1.12/Test/src/Test.jl:1776 [inlined]
   [4] macro expansion
     @ ~/Documents/Julia/EegFun.jl/test/automatic/condition_combine.jl:353 [inlined]
   [5] macro expansion
     @ ~/.julia/juliaup/julia-1.12.4+0.x64.linux.gnu/share/julia/stdlib/v1.12/Test/src/Test.jl:1776 [inlined]
   [6] macro expansion
     @ ~/Documents/Julia/EegFun.jl/test/automatic/condition_combine.jl:363 [inlined]
   [7] macro expansion
     @ ~/.julia/juliaup/julia-1.12.4+0.x64.linux.gnu/share/julia/stdlib/v1.12/Test/src/Test.jl:677 [inlined]
Duplicate conditions within groups: Error During Test at /home/ian/Documents/Julia/EegFun.jl/test/automatic/condition_combine.jl:352
  Got exception outside of a @test
  ArgumentError: No file exists at given path: /tmp/jl_Q6zISc/combined_duplicates/1_epochs_cleaned.jld2
  Stacktrace:
    [1] checkpath_load
      @ ~/.julia/packages/FileIO/EI2b8/src/loadsave.jl:167 [inlined]
    [2] load(file::String, args::String; options::@Kwargs{})
      @ FileIO ~/.julia/packages/FileIO/EI2b8/src/loadsave.jl:110
    [3] load(file::String, args::String)
      @ FileIO ~/.julia/packages/FileIO/EI2b8/src/loadsave.jl:109
    [4] top-level scope
      @ ~/Documents/Julia/EegFun.jl/test/automatic/condition_combine.jl:10
    [5] macro expansion
      @ ~/.julia/juliaup/julia-1.12.4+0.x64.linux.gnu/share/julia/stdlib/v1.12/Test/src/Test.jl:1776 [inlined]
    [6] macro expansion
      @ ~/Documents/Julia/EegFun.jl/test/automatic/condition_combine.jl:353 [inlined]
    [7] macro expansion
      @ ~/.julia/juliaup/julia-1.12.4+0.x64.linux.gnu/share/julia/stdlib/v1.12/Test/src/Test.jl:1776 [inlined]
    [8] macro expansion
      @ ~/Documents/Julia/EegFun.jl/test/automatic/condition_combine.jl:366 [inlined]
    [9] include(mapexpr::Function, mod::Module, _path::String)
      @ Base ./Base.jl:307
   [10] top-level scope
      @ ~/Documents/Julia/EegFun.jl/test/runtests.jl:22
   [11] macro expansion
      @ ~/.julia/juliaup/julia-1.12.4+0.x64.linux.gnu/share/julia/stdlib/v1.12/Test/src/Test.jl:1776 [inlined]
   [12] macro expansion
      @ ~/Documents/Julia/EegFun.jl/test/runtests.jl:31 [inlined]
   [13] include(mod::Module, _path::String)
      @ Base ./Base.jl:306
   [14] exec_options(opts::Base.JLOptions)
      @ Base ./client.jl:317
   [15] _start()
      @ Base ./client.jl:550
[ Info: 
[ Info: Batch condition_combine started at 2026-01-27T08:55:44.475
[ Info: Function call: rand(rng)
[ Warning: Group 1 contains duplicate conditions: [1, 1, 1]. Only unique conditions will be used.
[ Info:   Group 1: [1, 1, 1] → [1] (removed duplicates)
[ Warning: No JLD2 files found matching pattern 'epochs_cleaned' in /tmp/jl_Q6zISc
Empty groups after duplicate removal: Error During Test at /home/ian/Documents/Julia/EegFun.jl/test/automatic/condition_combine.jl:385
  Test threw exception
  Expression: result.success == 3
  FieldError: type Nothing has no field `success`; Nothing has no fields at all.
  Stacktrace:
   [1] getproperty(x::Nothing, f::Symbol)
     @ Base ./Base_compiler.jl:54
   [2] top-level scope
     @ ~/Documents/Julia/EegFun.jl/test/automatic/condition_combine.jl:10
   [3] macro expansion
     @ ~/.julia/juliaup/julia-1.12.4+0.x64.linux.gnu/share/julia/stdlib/v1.12/Test/src/Test.jl:1776 [inlined]
   [4] macro expansion
     @ ~/Documents/Julia/EegFun.jl/test/automatic/condition_combine.jl:375 [inlined]
   [5] macro expansion
     @ ~/.julia/juliaup/julia-1.12.4+0.x64.linux.gnu/share/julia/stdlib/v1.12/Test/src/Test.jl:1776 [inlined]
   [6] macro expansion
     @ ~/Documents/Julia/EegFun.jl/test/automatic/condition_combine.jl:385 [inlined]
   [7] macro expansion
     @ ~/.julia/juliaup/julia-1.12.4+0.x64.linux.gnu/share/julia/stdlib/v1.12/Test/src/Test.jl:677 [inlined]
Empty groups after duplicate removal: Error During Test at /home/ian/Documents/Julia/EegFun.jl/test/automatic/condition_combine.jl:374
  Got exception outside of a @test
  ArgumentError: No file exists at given path: /tmp/jl_Q6zISc/combined_empty_after_duplicates/1_epochs_cleaned.jld2
  Stacktrace:
    [1] checkpath_load
      @ ~/.julia/packages/FileIO/EI2b8/src/loadsave.jl:167 [inlined]
    [2] load(file::String, args::String; options::@Kwargs{})
      @ FileIO ~/.julia/packages/FileIO/EI2b8/src/loadsave.jl:110
    [3] load(file::String, args::String)
      @ FileIO ~/.julia/packages/FileIO/EI2b8/src/loadsave.jl:109
    [4] top-level scope
      @ ~/Documents/Julia/EegFun.jl/test/automatic/condition_combine.jl:10
    [5] macro expansion
      @ ~/.julia/juliaup/julia-1.12.4+0.x64.linux.gnu/share/julia/stdlib/v1.12/Test/src/Test.jl:1776 [inlined]
    [6] macro expansion
      @ ~/Documents/Julia/EegFun.jl/test/automatic/condition_combine.jl:375 [inlined]
    [7] macro expansion
      @ ~/.julia/juliaup/julia-1.12.4+0.x64.linux.gnu/share/julia/stdlib/v1.12/Test/src/Test.jl:1776 [inlined]
    [8] macro expansion
      @ ~/Documents/Julia/EegFun.jl/test/automatic/condition_combine.jl:388 [inlined]
    [9] include(mapexpr::Function, mod::Module, _path::String)
      @ Base ./Base.jl:307
   [10] top-level scope
      @ ~/Documents/Julia/EegFun.jl/test/runtests.jl:22
   [11] macro expansion
      @ ~/.julia/juliaup/julia-1.12.4+0.x64.linux.gnu/share/julia/stdlib/v1.12/Test/src/Test.jl:1776 [inlined]
   [12] macro expansion
      @ ~/Documents/Julia/EegFun.jl/test/runtests.jl:31 [inlined]
   [13] include(mod::Module, _path::String)
      @ Base ./Base.jl:306
   [14] exec_options(opts::Base.JLOptions)
      @ Base ./client.jl:317
   [15] _start()
      @ Base ./client.jl:550
[ Info: 
[ Info: Batch condition_combine started at 2026-01-27T08:55:44.482
[ Info: Function call: rand(rng)
[ Warning: No JLD2 files found matching pattern 'epochs_cleaned' in /tmp/jl_Q6zISc
Negative condition numbers: Error During Test at /home/ian/Documents/Julia/EegFun.jl/test/automatic/condition_combine.jl:408
  Test threw exception
  Expression: result.success == 0
  FieldError: type Nothing has no field `success`; Nothing has no fields at all.
  Stacktrace:
   [1] getproperty(x::Nothing, f::Symbol)
     @ Base ./Base_compiler.jl:54
   [2] top-level scope
     @ ~/Documents/Julia/EegFun.jl/test/automatic/condition_combine.jl:10
   [3] macro expansion
     @ ~/.julia/juliaup/julia-1.12.4+0.x64.linux.gnu/share/julia/stdlib/v1.12/Test/src/Test.jl:1776 [inlined]
   [4] macro expansion
     @ ~/Documents/Julia/EegFun.jl/test/automatic/condition_combine.jl:397 [inlined]
   [5] macro expansion
     @ ~/.julia/juliaup/julia-1.12.4+0.x64.linux.gnu/share/julia/stdlib/v1.12/Test/src/Test.jl:1776 [inlined]
   [6] macro expansion
     @ ~/Documents/Julia/EegFun.jl/test/automatic/condition_combine.jl:408 [inlined]
   [7] macro expansion
     @ ~/.julia/juliaup/julia-1.12.4+0.x64.linux.gnu/share/julia/stdlib/v1.12/Test/src/Test.jl:677 [inlined]
Negative condition numbers: Error During Test at /home/ian/Documents/Julia/EegFun.jl/test/automatic/condition_combine.jl:409
  Test threw exception
  Expression: result.errors == 3
  FieldError: type Nothing has no field `errors`; Nothing has no fields at all.
  Stacktrace:
   [1] getproperty(x::Nothing, f::Symbol)
     @ Base ./Base_compiler.jl:54
   [2] top-level scope
     @ ~/Documents/Julia/EegFun.jl/test/automatic/condition_combine.jl:10
   [3] macro expansion
     @ ~/.julia/juliaup/julia-1.12.4+0.x64.linux.gnu/share/julia/stdlib/v1.12/Test/src/Test.jl:1776 [inlined]
   [4] macro expansion
     @ ~/Documents/Julia/EegFun.jl/test/automatic/condition_combine.jl:397 [inlined]
   [5] macro expansion
     @ ~/.julia/juliaup/julia-1.12.4+0.x64.linux.gnu/share/julia/stdlib/v1.12/Test/src/Test.jl:1776 [inlined]
   [6] macro expansion
     @ ~/Documents/Julia/EegFun.jl/test/automatic/condition_combine.jl:409 [inlined]
   [7] macro expansion
     @ ~/.julia/juliaup/julia-1.12.4+0.x64.linux.gnu/share/julia/stdlib/v1.12/Test/src/Test.jl:677 [inlined]
[ Info: 
[ Info: Batch condition_combine started at 2026-01-27T08:55:44.489
[ Info: Function call: rand(rng)
[ Warning: No JLD2 files found matching pattern 'epochs_cleaned' in /tmp/jl_Q6zISc
Zero condition numbers: Error During Test at /home/ian/Documents/Julia/EegFun.jl/test/automatic/condition_combine.jl:424
  Test threw exception
  Expression: result.success == 0
  FieldError: type Nothing has no field `success`; Nothing has no fields at all.
  Stacktrace:
   [1] getproperty(x::Nothing, f::Symbol)
     @ Base ./Base_compiler.jl:54
   [2] top-level scope
     @ ~/Documents/Julia/EegFun.jl/test/automatic/condition_combine.jl:10
   [3] macro expansion
     @ ~/.julia/juliaup/julia-1.12.4+0.x64.linux.gnu/share/julia/stdlib/v1.12/Test/src/Test.jl:1776 [inlined]
   [4] macro expansion
     @ ~/Documents/Julia/EegFun.jl/test/automatic/condition_combine.jl:413 [inlined]
   [5] macro expansion
     @ ~/.julia/juliaup/julia-1.12.4+0.x64.linux.gnu/share/julia/stdlib/v1.12/Test/src/Test.jl:1776 [inlined]
   [6] macro expansion
     @ ~/Documents/Julia/EegFun.jl/test/automatic/condition_combine.jl:424 [inlined]
   [7] macro expansion
     @ ~/.julia/juliaup/julia-1.12.4+0.x64.linux.gnu/share/julia/stdlib/v1.12/Test/src/Test.jl:677 [inlined]
Zero condition numbers: Error During Test at /home/ian/Documents/Julia/EegFun.jl/test/automatic/condition_combine.jl:425
  Test threw exception
  Expression: result.errors == 3
  FieldError: type Nothing has no field `errors`; Nothing has no fields at all.
  Stacktrace:
   [1] getproperty(x::Nothing, f::Symbol)
     @ Base ./Base_compiler.jl:54
   [2] top-level scope
     @ ~/Documents/Julia/EegFun.jl/test/automatic/condition_combine.jl:10
   [3] macro expansion
     @ ~/.julia/juliaup/julia-1.12.4+0.x64.linux.gnu/share/julia/stdlib/v1.12/Test/src/Test.jl:1776 [inlined]
   [4] macro expansion
     @ ~/Documents/Julia/EegFun.jl/test/automatic/condition_combine.jl:413 [inlined]
   [5] macro expansion
     @ ~/.julia/juliaup/julia-1.12.4+0.x64.linux.gnu/share/julia/stdlib/v1.12/Test/src/Test.jl:1776 [inlined]
   [6] macro expansion
     @ ~/Documents/Julia/EegFun.jl/test/automatic/condition_combine.jl:425 [inlined]
   [7] macro expansion
     @ ~/.julia/juliaup/julia-1.12.4+0.x64.linux.gnu/share/julia/stdlib/v1.12/Test/src/Test.jl:677 [inlined]
[ Info: 
[ Info: Batch condition_combine started at 2026-01-27T08:55:44.495
[ Info: Function call: rand(rng)
[ Warning: No JLD2 files found matching pattern 'epochs_cleaned' in /tmp/jl_Q6zISc
Very large condition numbers: Error During Test at /home/ian/Documents/Julia/EegFun.jl/test/automatic/condition_combine.jl:440
  Test threw exception
  Expression: result.success == 0
  FieldError: type Nothing has no field `success`; Nothing has no fields at all.
  Stacktrace:
   [1] getproperty(x::Nothing, f::Symbol)
     @ Base ./Base_compiler.jl:54
   [2] top-level scope
     @ ~/Documents/Julia/EegFun.jl/test/automatic/condition_combine.jl:10
   [3] macro expansion
     @ ~/.julia/juliaup/julia-1.12.4+0.x64.linux.gnu/share/julia/stdlib/v1.12/Test/src/Test.jl:1776 [inlined]
   [4] macro expansion
     @ ~/Documents/Julia/EegFun.jl/test/automatic/condition_combine.jl:429 [inlined]
   [5] macro expansion
     @ ~/.julia/juliaup/julia-1.12.4+0.x64.linux.gnu/share/julia/stdlib/v1.12/Test/src/Test.jl:1776 [inlined]
   [6] macro expansion
     @ ~/Documents/Julia/EegFun.jl/test/automatic/condition_combine.jl:440 [inlined]
   [7] macro expansion
     @ ~/.julia/juliaup/julia-1.12.4+0.x64.linux.gnu/share/julia/stdlib/v1.12/Test/src/Test.jl:677 [inlined]
Very large condition numbers: Error During Test at /home/ian/Documents/Julia/EegFun.jl/test/automatic/condition_combine.jl:441
  Test threw exception
  Expression: result.errors == 3
  FieldError: type Nothing has no field `errors`; Nothing has no fields at all.
  Stacktrace:
   [1] getproperty(x::Nothing, f::Symbol)
     @ Base ./Base_compiler.jl:54
   [2] top-level scope
     @ ~/Documents/Julia/EegFun.jl/test/automatic/condition_combine.jl:10
   [3] macro expansion
     @ ~/.julia/juliaup/julia-1.12.4+0.x64.linux.gnu/share/julia/stdlib/v1.12/Test/src/Test.jl:1776 [inlined]
   [4] macro expansion
     @ ~/Documents/Julia/EegFun.jl/test/automatic/condition_combine.jl:429 [inlined]
   [5] macro expansion
     @ ~/.julia/juliaup/julia-1.12.4+0.x64.linux.gnu/share/julia/stdlib/v1.12/Test/src/Test.jl:1776 [inlined]
   [6] macro expansion
     @ ~/Documents/Julia/EegFun.jl/test/automatic/condition_combine.jl:441 [inlined]
   [7] macro expansion
     @ ~/.julia/juliaup/julia-1.12.4+0.x64.linux.gnu/share/julia/stdlib/v1.12/Test/src/Test.jl:677 [inlined]
[ Info: 
[ Info: Batch condition_combine started at 2026-01-27T08:55:44.502
[ Info: Function call: rand(rng)
[ Warning: Condition(s) [1] appear in multiple groups. This may not be intended.
[ Warning: No JLD2 files found matching pattern 'epochs_cleaned' in /tmp/jl_Q6zISc
Single condition in multiple groups: Error During Test at /home/ian/Documents/Julia/EegFun.jl/test/automatic/condition_combine.jl:455
  Test threw exception
  Expression: result.success == 3
  FieldError: type Nothing has no field `success`; Nothing has no fields at all.
  Stacktrace:
   [1] getproperty(x::Nothing, f::Symbol)
     @ Base ./Base_compiler.jl:54
   [2] top-level scope
     @ ~/Documents/Julia/EegFun.jl/test/automatic/condition_combine.jl:10
   [3] macro expansion
     @ ~/.julia/juliaup/julia-1.12.4+0.x64.linux.gnu/share/julia/stdlib/v1.12/Test/src/Test.jl:1776 [inlined]
   [4] macro expansion
     @ ~/Documents/Julia/EegFun.jl/test/automatic/condition_combine.jl:445 [inlined]
   [5] macro expansion
     @ ~/.julia/juliaup/julia-1.12.4+0.x64.linux.gnu/share/julia/stdlib/v1.12/Test/src/Test.jl:1776 [inlined]
   [6] macro expansion
     @ ~/Documents/Julia/EegFun.jl/test/automatic/condition_combine.jl:455 [inlined]
   [7] macro expansion
     @ ~/.julia/juliaup/julia-1.12.4+0.x64.linux.gnu/share/julia/stdlib/v1.12/Test/src/Test.jl:677 [inlined]
Single condition in multiple groups: Error During Test at /home/ian/Documents/Julia/EegFun.jl/test/automatic/condition_combine.jl:444
  Got exception outside of a @test
  ArgumentError: No file exists at given path: /tmp/jl_Q6zISc/combined_single_multiple/1_epochs_cleaned.jld2
  Stacktrace:
    [1] checkpath_load
      @ ~/.julia/packages/FileIO/EI2b8/src/loadsave.jl:167 [inlined]
    [2] load(file::String, args::String; options::@Kwargs{})
      @ FileIO ~/.julia/packages/FileIO/EI2b8/src/loadsave.jl:110
    [3] load(file::String, args::String)
      @ FileIO ~/.julia/packages/FileIO/EI2b8/src/loadsave.jl:109
    [4] top-level scope
      @ ~/Documents/Julia/EegFun.jl/test/automatic/condition_combine.jl:10
    [5] macro expansion
      @ ~/.julia/juliaup/julia-1.12.4+0.x64.linux.gnu/share/julia/stdlib/v1.12/Test/src/Test.jl:1776 [inlined]
    [6] macro expansion
      @ ~/Documents/Julia/EegFun.jl/test/automatic/condition_combine.jl:445 [inlined]
    [7] macro expansion
      @ ~/.julia/juliaup/julia-1.12.4+0.x64.linux.gnu/share/julia/stdlib/v1.12/Test/src/Test.jl:1776 [inlined]
    [8] macro expansion
      @ ~/Documents/Julia/EegFun.jl/test/automatic/condition_combine.jl:458 [inlined]
    [9] include(mapexpr::Function, mod::Module, _path::String)
      @ Base ./Base.jl:307
   [10] top-level scope
      @ ~/Documents/Julia/EegFun.jl/test/runtests.jl:22
   [11] macro expansion
      @ ~/.julia/juliaup/julia-1.12.4+0.x64.linux.gnu/share/julia/stdlib/v1.12/Test/src/Test.jl:1776 [inlined]
   [12] macro expansion
      @ ~/Documents/Julia/EegFun.jl/test/runtests.jl:31 [inlined]
   [13] include(mod::Module, _path::String)
      @ Base ./Base.jl:306
   [14] exec_options(opts::Base.JLOptions)
      @ Base ./client.jl:317
   [15] _start()
      @ Base ./client.jl:550
[ Info: 
[ Info: Batch condition_combine started at 2026-01-27T08:55:44.509
[ Info: Function call: rand(rng)
[ Warning: No JLD2 files found matching pattern 'epochs_cleaned' in /tmp/jl_Q6zISc
All conditions in single group: Error During Test at /home/ian/Documents/Julia/EegFun.jl/test/automatic/condition_combine.jl:478
  Test threw exception
  Expression: result.success == 3
  FieldError: type Nothing has no field `success`; Nothing has no fields at all.
  Stacktrace:
   [1] getproperty(x::Nothing, f::Symbol)
     @ Base ./Base_compiler.jl:54
   [2] top-level scope
     @ ~/Documents/Julia/EegFun.jl/test/automatic/condition_combine.jl:10
   [3] macro expansion
     @ ~/.julia/juliaup/julia-1.12.4+0.x64.linux.gnu/share/julia/stdlib/v1.12/Test/src/Test.jl:1776 [inlined]
   [4] macro expansion
     @ ~/Documents/Julia/EegFun.jl/test/automatic/condition_combine.jl:468 [inlined]
   [5] macro expansion
     @ ~/.julia/juliaup/julia-1.12.4+0.x64.linux.gnu/share/julia/stdlib/v1.12/Test/src/Test.jl:1776 [inlined]
   [6] macro expansion
     @ ~/Documents/Julia/EegFun.jl/test/automatic/condition_combine.jl:478 [inlined]
   [7] macro expansion
     @ ~/.julia/juliaup/julia-1.12.4+0.x64.linux.gnu/share/julia/stdlib/v1.12/Test/src/Test.jl:677 [inlined]
All conditions in single group: Error During Test at /home/ian/Documents/Julia/EegFun.jl/test/automatic/condition_combine.jl:467
  Got exception outside of a @test
  ArgumentError: No file exists at given path: /tmp/jl_Q6zISc/combined_all_single/1_epochs_cleaned.jld2
  Stacktrace:
    [1] checkpath_load
      @ ~/.julia/packages/FileIO/EI2b8/src/loadsave.jl:167 [inlined]
    [2] load(file::String, args::String; options::@Kwargs{})
      @ FileIO ~/.julia/packages/FileIO/EI2b8/src/loadsave.jl:110
    [3] load(file::String, args::String)
      @ FileIO ~/.julia/packages/FileIO/EI2b8/src/loadsave.jl:109
    [4] top-level scope
      @ ~/Documents/Julia/EegFun.jl/test/automatic/condition_combine.jl:10
    [5] macro expansion
      @ ~/.julia/juliaup/julia-1.12.4+0.x64.linux.gnu/share/julia/stdlib/v1.12/Test/src/Test.jl:1776 [inlined]
    [6] macro expansion
      @ ~/Documents/Julia/EegFun.jl/test/automatic/condition_combine.jl:468 [inlined]
    [7] macro expansion
      @ ~/.julia/juliaup/julia-1.12.4+0.x64.linux.gnu/share/julia/stdlib/v1.12/Test/src/Test.jl:1776 [inlined]
    [8] macro expansion
      @ ~/Documents/Julia/EegFun.jl/test/automatic/condition_combine.jl:481 [inlined]
    [9] include(mapexpr::Function, mod::Module, _path::String)
      @ Base ./Base.jl:307
   [10] top-level scope
      @ ~/Documents/Julia/EegFun.jl/test/runtests.jl:22
   [11] macro expansion
      @ ~/.julia/juliaup/julia-1.12.4+0.x64.linux.gnu/share/julia/stdlib/v1.12/Test/src/Test.jl:1776 [inlined]
   [12] macro expansion
      @ ~/Documents/Julia/EegFun.jl/test/runtests.jl:31 [inlined]
   [13] include(mod::Module, _path::String)
      @ Base ./Base.jl:306
   [14] exec_options(opts::Base.JLOptions)
      @ Base ./client.jl:317
   [15] _start()
      @ Base ./client.jl:550
[ Info: 
[ Info: Batch condition_combine started at 2026-01-27T08:55:44.558
[ Info: Function call: rand(rng)
[ Warning: Condition(s) [1] appear in multiple groups. This may not be intended.
[ Warning: Condition(s) [2] appear in multiple groups. This may not be intended.
[ Warning: Condition(s) [3] appear in multiple groups. This may not be intended.
[ Warning: Condition(s) [4] appear in multiple groups. This may not be intended.
[ Warning: No JLD2 files found matching pattern 'epochs_cleaned' in /tmp/jl_Q6zISc
Very large number of groups: Error During Test at /home/ian/Documents/Julia/EegFun.jl/test/automatic/condition_combine.jl:521
  Test threw exception
  Expression: result.success == 3
  FieldError: type Nothing has no field `success`; Nothing has no fields at all.
  Stacktrace:
   [1] getproperty(x::Nothing, f::Symbol)
     @ Base ./Base_compiler.jl:54
   [2] top-level scope
     @ ~/Documents/Julia/EegFun.jl/test/automatic/condition_combine.jl:10
   [3] macro expansion
     @ ~/.julia/juliaup/julia-1.12.4+0.x64.linux.gnu/share/julia/stdlib/v1.12/Test/src/Test.jl:1776 [inlined]
   [4] macro expansion
     @ ~/Documents/Julia/EegFun.jl/test/automatic/condition_combine.jl:511 [inlined]
   [5] macro expansion
     @ ~/.julia/juliaup/julia-1.12.4+0.x64.linux.gnu/share/julia/stdlib/v1.12/Test/src/Test.jl:1776 [inlined]
   [6] macro expansion
     @ ~/Documents/Julia/EegFun.jl/test/automatic/condition_combine.jl:521 [inlined]
   [7] macro expansion
     @ ~/.julia/juliaup/julia-1.12.4+0.x64.linux.gnu/share/julia/stdlib/v1.12/Test/src/Test.jl:677 [inlined]
Very large number of groups: Error During Test at /home/ian/Documents/Julia/EegFun.jl/test/automatic/condition_combine.jl:510
  Got exception outside of a @test
  ArgumentError: No file exists at given path: /tmp/jl_Q6zISc/combined_many_groups/1_epochs_cleaned.jld2
  Stacktrace:
    [1] checkpath_load
      @ ~/.julia/packages/FileIO/EI2b8/src/loadsave.jl:167 [inlined]
    [2] load(file::String, args::String; options::@Kwargs{})
      @ FileIO ~/.julia/packages/FileIO/EI2b8/src/loadsave.jl:110
    [3] load(file::String, args::String)
      @ FileIO ~/.julia/packages/FileIO/EI2b8/src/loadsave.jl:109
    [4] top-level scope
      @ ~/Documents/Julia/EegFun.jl/test/automatic/condition_combine.jl:10
    [5] macro expansion
      @ ~/.julia/juliaup/julia-1.12.4+0.x64.linux.gnu/share/julia/stdlib/v1.12/Test/src/Test.jl:1776 [inlined]
    [6] macro expansion
      @ ~/Documents/Julia/EegFun.jl/test/automatic/condition_combine.jl:511 [inlined]
    [7] macro expansion
      @ ~/.julia/juliaup/julia-1.12.4+0.x64.linux.gnu/share/julia/stdlib/v1.12/Test/src/Test.jl:1776 [inlined]
    [8] macro expansion
      @ ~/Documents/Julia/EegFun.jl/test/automatic/condition_combine.jl:524 [inlined]
    [9] include(mapexpr::Function, mod::Module, _path::String)
      @ Base ./Base.jl:307
   [10] top-level scope
      @ ~/Documents/Julia/EegFun.jl/test/runtests.jl:22
   [11] macro expansion
      @ ~/.julia/juliaup/julia-1.12.4+0.x64.linux.gnu/share/julia/stdlib/v1.12/Test/src/Test.jl:1776 [inlined]
   [12] macro expansion
      @ ~/Documents/Julia/EegFun.jl/test/runtests.jl:31 [inlined]
   [13] include(mod::Module, _path::String)
      @ Base ./Base.jl:306
   [14] exec_options(opts::Base.JLOptions)
      @ Base ./client.jl:317
   [15] _start()
      @ Base ./client.jl:550
[ Info: 
[ Info: Batch condition_combine started at 2026-01-27T08:55:44.574
[ Info: Function call: rand(rng)
[ Info: 
[ Info: Found 1 JLD2 files matching pattern 'epochs_corrupt'
[ Info: Condition groups: [[1, 2]]
[ Info: Combining conditions: 1_epochs_corrupt.jld2 (1/1)
┌ Error: Error processing 1_epochs_corrupt.jld2
│   exception =
│    EOFError: read end of file
│    Stacktrace:
│      [1] jldopen(fname::String, wr::Bool, create::Bool, truncate::Bool, iotype::Type{JLD2.MmapIO}; fallback::Type{IOStream}, compress::Bool, mmaparrays::Bool, typemap::Function, parallel_read::Bool, plain::Bool)
│        @ JLD2 ~/.julia/packages/JLD2/SgtOb/src/JLD2.jl:231
│      [2] jldopen
│        @ ~/.julia/packages/JLD2/SgtOb/src/JLD2.jl:165 [inlined]
│      [3] #jldopen#14
│        @ ~/.julia/packages/JLD2/SgtOb/src/JLD2.jl:286 [inlined]
│      [4] jldopen(fname::String, mode::String)
│        @ JLD2 ~/.julia/packages/JLD2/SgtOb/src/JLD2.jl:279
│      [5] jldopen(::Function, ::String, ::Vararg{String}; kws::@Kwargs{})
│        @ JLD2 ~/.julia/packages/JLD2/SgtOb/src/loadsave.jl:2
│      [6] jldopen
│        @ ~/.julia/packages/JLD2/SgtOb/src/loadsave.jl:1 [inlined]
│      [7] load_data(filepath::String)
│        @ EegFun ~/Documents/Julia/EegFun.jl/src/utils/batch.jl:85
│      [8] _condition_combine_process_file(filepath::String, output_path::String, condition_groups::Vector{Vector{Int64}})
│        @ EegFun ~/Documents/Julia/EegFun.jl/src/analysis/processing/condition_combine.jl:34
│      [9] #376
│        @ ~/Documents/Julia/EegFun.jl/src/analysis/processing/condition_combine.jl:177 [inlined]
│     [10] _run_batch_operation(process_fn::EegFun.var"#376#377"{Vector{Vector{Int64}}}, files::Vector{String}, input_dir::String, output_dir::String; operation_name::String)
│        @ EegFun ~/Documents/Julia/EegFun.jl/src/utils/batch.jl:337
│     [11] _run_batch_operation
│        @ ~/Documents/Julia/EegFun.jl/src/utils/batch.jl:320 [inlined]
│     [12] condition_combine(file_pattern::String, condition_groups::Vector{Vector{Int64}}; input_dir::String, participant_selection::Function, output_dir::String)
│        @ EegFun ~/Documents/Julia/EegFun.jl/src/analysis/processing/condition_combine.jl:180
│     [13] top-level scope
│        @ ~/Documents/Julia/EegFun.jl/test/automatic/condition_combine.jl:10
│     [14] macro expansion
│        @ ~/.julia/juliaup/julia-1.12.4+0.x64.linux.gnu/share/julia/stdlib/v1.12/Test/src/Test.jl:1776 [inlined]
│     [15] macro expansion
│        @ ~/Documents/Julia/EegFun.jl/test/automatic/condition_combine.jl:529 [inlined]
│     [16] macro expansion
│        @ ~/.julia/juliaup/julia-1.12.4+0.x64.linux.gnu/share/julia/stdlib/v1.12/Test/src/Test.jl:1776 [inlined]
│     [17] macro expansion
│        @ ~/Documents/Julia/EegFun.jl/test/automatic/condition_combine.jl:537 [inlined]
│     [18] include(mapexpr::Function, mod::Module, _path::String)
│        @ Base ./Base.jl:307
│     [19] top-level scope
│        @ ~/Documents/Julia/EegFun.jl/test/runtests.jl:22
│     [20] macro expansion
│        @ ~/.julia/juliaup/julia-1.12.4+0.x64.linux.gnu/share/julia/stdlib/v1.12/Test/src/Test.jl:1776 [inlined]
│     [21] macro expansion
│        @ ~/Documents/Julia/EegFun.jl/test/runtests.jl:31 [inlined]
│     [22] include(mod::Module, _path::String)
│        @ Base ./Base.jl:306
│     [23] exec_options(opts::Base.JLOptions)
│        @ Base ./client.jl:317
│     [24] _start()
│        @ Base ./client.jl:550
└ @ EegFun ~/Documents/Julia/EegFun.jl/src/utils/batch.jl:339
[ Warning:   ✗ Exception: EOFError: read end of file
[ Info: 
[ Info: Batch operation complete! Processed 0 files successfully, 1 errors
[ Info: Output saved to: /tmp/jl_Q6zISc/combined_corrupt
[ Info: 
[ Info: Batch condition_combine started at 2026-01-27T08:55:44.883
[ Info: Function call: rand(rng)
[ Info: 
[ Info: Found 1 JLD2 files matching pattern 'epochs_missing'
[ Info: Condition groups: [[1, 2]]
[ Info: Combining conditions: 1_epochs_missing.jld2 (1/1)
[ Warning:   ✗ No data variables found
[ Info: 
[ Info: Batch operation complete! Processed 0 files successfully, 1 errors
[ Info: Output saved to: /tmp/jl_Q6zISc/combined_missing_var
[ Info: 
[ Info: Batch condition_combine started at 2026-01-27T08:55:44.897
[ Info: Function call: rand(rng)
[ Info: 
[ Info: Found 1 JLD2 files matching pattern 'epochs_empty'
[ Info: Condition groups: [[1, 2]]
[ Info: Combining conditions: 1_epochs_empty.jld2 (1/1)
[ Warning:   ✗ Condition(s) [1, 2] not found (only has 1-0)
[ Info: 
[ Info: Batch operation complete! Processed 0 files successfully, 1 errors
[ Info: Output saved to: /tmp/jl_Q6zISc/combined_empty_epochs
Many channels: Error During Test at /home/ian/Documents/Julia/EegFun.jl/test/automatic/condition_combine.jl:585
  Got exception outside of a @test
  MethodError: no method matching create_test_epoch_data(; conditions::Int64, n_epochs::Int64, n_channels::Int64)
  This method does not support all of the given keyword arguments (and may not support any).
  
  Closest candidates are:
    create_test_epoch_data(; n, fs, condition, n_epochs, n_channels, seed) got unsupported keyword argument "conditions"
     @ Main ~/Documents/Julia/EegFun.jl/test/test_utils.jl:77
  
  Stacktrace:
    [1] kwerr(kw::@NamedTuple{conditions::Int64, n_epochs::Int64, n_channels::Int64}, args::Function)
      @ Base ./error.jl:175
    [2] top-level scope
      @ ~/Documents/Julia/EegFun.jl/test/automatic/condition_combine.jl:10
    [3] macro expansion
      @ ~/.julia/juliaup/julia-1.12.4+0.x64.linux.gnu/share/julia/stdlib/v1.12/Test/src/Test.jl:1776 [inlined]
    [4] macro expansion
      @ ~/Documents/Julia/EegFun.jl/test/automatic/condition_combine.jl:587 [inlined]
    [5] macro expansion
      @ ~/.julia/juliaup/julia-1.12.4+0.x64.linux.gnu/share/julia/stdlib/v1.12/Test/src/Test.jl:1776 [inlined]
    [6] macro expansion
      @ ~/Documents/Julia/EegFun.jl/test/automatic/condition_combine.jl:590 [inlined]
    [7] include(mapexpr::Function, mod::Module, _path::String)
      @ Base ./Base.jl:307
    [8] top-level scope
      @ ~/Documents/Julia/EegFun.jl/test/runtests.jl:22
    [9] macro expansion
      @ ~/.julia/juliaup/julia-1.12.4+0.x64.linux.gnu/share/julia/stdlib/v1.12/Test/src/Test.jl:1776 [inlined]
   [10] macro expansion
      @ ~/Documents/Julia/EegFun.jl/test/runtests.jl:31 [inlined]
   [11] include(mod::Module, _path::String)
      @ Base ./Base.jl:306
   [12] exec_options(opts::Base.JLOptions)
      @ Base ./client.jl:317
   [13] _start()
      @ Base ./client.jl:550
[ Info: Batch condition differencing started at 2026-01-27T08:55:46.751
[ Info: Function call: rand(rng)
[ Info: Found 3 JLD2 files matching pattern 'erps_cleaned'
[ Info: Condition pairs: [(1, 2), (3, 4)]
[ Info: Creating differences: 1_erps_cleaned.jld2 (1/3)
[ Info:   ✓ Created 2 difference wave(s)
[ Info: Creating differences: 2_erps_cleaned.jld2 (2/3)
[ Info:   ✓ Created 2 difference wave(s)
[ Info: Creating differences: 3_erps_cleaned.jld2 (3/3)
[ Info:   ✓ Created 2 difference wave(s)
[ Info: 
[ Info: Batch operation complete! Processed 3 files successfully, 0 errors
[ Info: Output saved to: /tmp/jl_ILZ5oR/differences
[ Info: Batch condition differencing started at 2026-01-27T08:55:46.875
[ Info: Function call: rand(rng)
[ Info: Found 1 JLD2 files matching pattern 'erps_cleaned'
[ Info: Condition pairs: [(1, 2)]
[ Info: Creating differences: 2_erps_cleaned.jld2 (1/1)
[ Info:   ✓ Created 1 difference wave(s)
[ Info: 
[ Info: Batch operation complete! Processed 1 files successfully, 0 errors
[ Info: Output saved to: /tmp/jl_ILZ5oR/differences_single
[ Info: Batch condition differencing started at 2026-01-27T08:55:47.054
[ Info: Function call: rand(rng)
[ Info: Found 3 JLD2 files matching pattern 'erps_cleaned'
[ Info: Condition pairs: [[1, 2], [3, 4]]
[ Info: Creating differences: 1_erps_cleaned.jld2 (1/3)
[ Info:   ✓ Created 2 difference wave(s)
[ Info: Creating differences: 2_erps_cleaned.jld2 (2/3)
[ Info:   ✓ Created 2 difference wave(s)
[ Info: Creating differences: 3_erps_cleaned.jld2 (3/3)
[ Info:   ✓ Created 2 difference wave(s)
[ Info: 
[ Info: Batch operation complete! Processed 3 files successfully, 0 errors
[ Info: Output saved to: /tmp/jl_ILZ5oR/differences_vector
[ Info: Batch condition differencing started at 2026-01-27T08:55:47.069
[ Info: Function call: rand(rng)
[ Info: Found 1 JLD2 files matching pattern 'erps_cleaned'
[ Info: Condition pairs: [(1, 2), (3, 4)]
[ Info: Creating differences: 99_erps_cleaned.jld2 (1/1)
[ Warning:   Condition 3 not found in 99_erps_cleaned.jld2. Skipping pair (3, 4).
[ Info:   ✓ Created 1 difference wave(s)
[ Info: 
[ Info: Batch operation complete! Processed 1 files successfully, 0 errors
[ Info: Output saved to: /tmp/jl_ILZ5oR/differences_missing
[ Info: Batch condition differencing started at 2026-01-27T08:55:47.152
[ Info: Function call: rand(rng)
[ Error: Error: Input directory does not exist: /nonexistent/dir
[ Info: Batch condition differencing started at 2026-01-27T08:55:47.154
[ Info: Function call: rand(rng)
[ Error: Error: condition_difference_data only works with ERP data. File pattern must contain 'erps', got: 'epochs_cleaned'
[ Info: Batch condition differencing started at 2026-01-27T08:55:47.165
[ Info: Function call: rand(rng)
[ Info: Found 1 JLD2 files matching pattern 'erps_cleaned'
[ Info: Condition pairs: [(1, 2)]
[ Info: Creating differences: 1_erps_cleaned.jld2 (1/1)
[ Info:   ✓ Created 1 difference wave(s)
[ Info: 
[ Info: Batch operation complete! Processed 1 files successfully, 0 errors
[ Info: Output saved to: /tmp/jl_ILZ5oR/differences_integrity
[ Info: Batch condition differencing started at 2026-01-27T08:55:47.172
[ Info: Function call: rand(rng)
[ Warning: Condition pair 1: (1, 1) has identical conditions. Difference will be zero.
[ Info: Found 1 JLD2 files matching pattern 'erps_cleaned'
[ Info: Condition pairs: [(1, 1)]
[ Info: Creating differences: 1_erps_cleaned.jld2 (1/1)
[ Warning:   Condition 1 not found in 1_erps_cleaned.jld2. Skipping pair (1, 1).
[ Warning:   ✗ No valid condition pairs found
[ Info: 
[ Info: Batch operation complete! Processed 0 files successfully, 1 errors
[ Info: Output saved to: /tmp/jl_ILZ5oR/differences_identical
[ Info: Batch condition differencing started at 2026-01-27T08:55:47.176
[ Info: Function call: rand(rng)
[ Error: Error: condition_difference_data only works with ERP data. File pattern must contain 'erps', got: 'nonexistent_pattern'
[ Info: Batch condition differencing started at 2026-01-27T08:55:47.185
[ Info: Function call: rand(rng)
[ Info:   No numeric participant ID found in filename, using hash: 3415
[ Warning: No JLD2 files found matching pattern 'erps_cleaned' in /tmp/jl_ILZ5oR
[ Info: Batch condition differencing started at 2026-01-27T08:55:47.222
[ Info: Function call: rand(rng)
[ Info:   No numeric participant ID found in filename, using hash: 3415
[ Info: Found 5 JLD2 files matching pattern 'erps_cleaned'
[ Info: Condition pairs: [(1, 2)]
[ Info: Creating differences: 1_erps_cleaned.jld2 (1/5)
[ Info:   ✓ Created 1 difference wave(s)
[ Info: Creating differences: 2_erps_cleaned.jld2 (2/5)
[ Info:   ✓ Created 1 difference wave(s)
[ Info: Creating differences: 3_erps_cleaned.jld2 (3/5)
[ Info:   ✓ Created 1 difference wave(s)
[ Info: Creating differences: 99_erps_cleaned.jld2 (4/5)
[ Info:   ✓ Created 1 difference wave(s)
[ Info: Creating differences: empty_erps_cleaned.jld2 (5/5)
[ Warning:   Condition 1 not found in empty_erps_cleaned.jld2. Skipping pair (1, 2).
[ Warning:   ✗ No valid condition pairs found
[ Info: 
[ Info: Batch operation complete! Processed 4 files successfully, 1 errors
[ Info: Output saved to: /tmp/jl_ILZ5oR/custom_output
[ Info: Batch condition differencing started at 2026-01-27T08:55:47.235
[ Info: Function call: rand(rng)
[ Info:   No numeric participant ID found in filename, using hash: 3415
[ Info: Found 5 JLD2 files matching pattern 'erps_cleaned'
[ Info: Condition pairs: [(1, 2)]
[ Info: Creating differences: 1_erps_cleaned.jld2 (1/5)
[ Info:   ✓ Created 1 difference wave(s)
[ Info: Creating differences: 2_erps_cleaned.jld2 (2/5)
[ Info:   ✓ Created 1 difference wave(s)
[ Info: Creating differences: 3_erps_cleaned.jld2 (3/5)
[ Info:   ✓ Created 1 difference wave(s)
[ Info: Creating differences: 99_erps_cleaned.jld2 (4/5)
[ Info:   ✓ Created 1 difference wave(s)
[ Info: Creating differences: empty_erps_cleaned.jld2 (5/5)
[ Warning:   Condition 1 not found in empty_erps_cleaned.jld2. Skipping pair (1, 2).
[ Warning:   ✗ No valid condition pairs found
[ Info: 
[ Info: Batch operation complete! Processed 4 files successfully, 1 errors
[ Info: Output saved to: /tmp/jl_ILZ5oR/differences_erps_cleaned_1-2
[ Info: Batch condition differencing started at 2026-01-27T08:55:47.247
[ Info: Function call: rand(rng)
[ Info:   No numeric participant ID found in filename, using hash: 3415
[ Info: Found 5 JLD2 files matching pattern 'erps_cleaned'
[ Info: Condition pairs: [(1, 2)]
[ Info: Creating differences: 1_erps_cleaned.jld2 (1/5)
[ Info:   ✓ Created 1 difference wave(s)
[ Info: Creating differences: 2_erps_cleaned.jld2 (2/5)
[ Info:   ✓ Created 1 difference wave(s)
[ Info: Creating differences: 3_erps_cleaned.jld2 (3/5)
[ Info:   ✓ Created 1 difference wave(s)
[ Info: Creating differences: 99_erps_cleaned.jld2 (4/5)
[ Info:   ✓ Created 1 difference wave(s)
[ Info: Creating differences: empty_erps_cleaned.jld2 (5/5)
[ Warning:   Condition 1 not found in empty_erps_cleaned.jld2. Skipping pair (1, 2).
[ Warning:   ✗ No valid condition pairs found
[ Info: 
[ Info: Batch operation complete! Processed 4 files successfully, 1 errors
[ Info: Output saved to: /tmp/jl_ILZ5oR/differences_logging
5×4 DataFrame
 Row │ time     sample  Fz       Cz
     │ Float64  Int64   Float64  Float64
─────┼───────────────────────────────────
   1 │     0.1       1      1.0      6.0
   2 │     0.2       2      2.0      7.0
   3 │     0.3       3      3.0      8.0
   4 │     0.4       4      4.0      9.0
   5 │     0.5       5      5.0     10.0
5×4 DataFrame
 Row │ time     sample  Fz       Cz
     │ Float64  Int64   Float64  Float64
─────┼───────────────────────────────────
   1 │     0.1       1      1.0      6.0
   2 │     0.2       2      2.0      7.0
   3 │     0.3       3      3.0      8.0
   4 │     0.4       4      4.0      9.0
   5 │     0.5       5      5.0     10.0
3×4 DataFrame
 Row │ time     sample  Fz       Cz
     │ Float64  Int64   Float64  Float64
─────┼───────────────────────────────────
   1 │     0.1       1      1.0      6.0
   2 │     0.2       2      2.0      7.0
   3 │     0.3       3      3.0      8.0
3×4 DataFrame
 Row │ time     sample  Fz       Cz
     │ Float64  Int64   Float64  Float64
─────┼───────────────────────────────────
   1 │     0.3       3      3.0      8.0
   2 │     0.4       4      4.0      9.0
   3 │     0.5       5      5.0     10.0
5×4 DataFrame
 Row │ time     sample  Fz       Cz
     │ Float64  Int64   Float64  Float64
─────┼───────────────────────────────────
   1 │     0.1       1      1.0      6.0
   2 │     0.2       2      2.0      7.0
   3 │     0.3       3      3.0      8.0
   4 │     0.4       4      4.0      9.0
   5 │     0.5       5      5.0     10.0
5×4 DataFrame
 Row │ time     sample  Fz       Cz
     │ Float64  Int64   Float64  Float64
─────┼───────────────────────────────────
   1 │     0.1       1      1.0      6.0
   2 │     0.2       2      2.0      7.0
   3 │     0.3       3      3.0      8.0
   4 │     0.4       4      4.0      9.0
   5 │     0.5       5      5.0     10.0
0×0 DataFrame
0×0 DataFrame
[ Info: Batch epoch averaging started at 2026-01-27T08:56:03.758
[ Info: average_epochs
[ Info: Function call: rand(rng)
[ Info: Found 2 JLD2 files matching pattern 'epochs_cleaned'
[ Info: Averaging: 1_epochs_cleaned.jld2 (1/2)
[ Info:   ✓ Averaged 2 condition(s)
[ Info: Averaging: 2_epochs_cleaned.jld2 (2/2)
[ Info:   ✓ Averaged 2 condition(s)
[ Info: 
[ Info: Batch operation complete! Processed 2 files successfully, 0 errors
[ Info: Output saved to: /tmp/jl_QqW7uQ/averaged_output
[ Info: Batch epoch averaging started at 2026-01-27T08:56:03.922
[ Info: average_epochs
[ Info: Function call: rand(rng)
[ Info: Found 1 JLD2 files matching pattern 'epochs_cleaned'
[ Info: Averaging: 1_epochs_cleaned.jld2 (1/1)
[ Info:   ✓ Averaged 2 condition(s)
[ Info: 
[ Info: Batch operation complete! Processed 1 files successfully, 0 errors
[ Info: Output saved to: /tmp/jl_QqW7uQ/averaged_participant
[ Info: Batch epoch averaging started at 2026-01-27T08:56:03.945
[ Info: average_epochs
[ Info: Function call: rand(rng)
[ Info: Found 2 JLD2 files matching pattern 'epochs_cleaned'
[ Info: Averaging: 1_epochs_cleaned.jld2 (1/2)
[ Info:   ✓ Averaged 2 condition(s)
[ Info: Averaging: 2_epochs_cleaned.jld2 (2/2)
[ Info:   ✓ Averaged 2 condition(s)
[ Info: 
[ Info: Batch operation complete! Processed 2 files successfully, 0 errors
[ Info: Output saved to: /tmp/jl_QqW7uQ/averaged_multi_participants
[ Info: Batch epoch averaging started at 2026-01-27T08:56:03.979
[ Info: average_epochs
[ Info: Function call: rand(rng)
[ Info: Found 2 JLD2 files matching pattern 'epochs_cleaned'
[ Info: Averaging: 1_epochs_cleaned.jld2 (1/2)
[ Info:   ✓ Averaged 1 condition(s)
[ Info: Averaging: 2_epochs_cleaned.jld2 (2/2)
[ Info:   ✓ Averaged 1 condition(s)
[ Info: 
[ Info: Batch operation complete! Processed 2 files successfully, 0 errors
[ Info: Output saved to: /tmp/jl_QqW7uQ/averaged_condition
[ Info: Batch epoch averaging started at 2026-01-27T08:56:04.081
[ Info: average_epochs
[ Info: Function call: rand(rng)
[ Info: Found 2 JLD2 files matching pattern 'epochs_cleaned'
[ Info: Averaging: 1_epochs_cleaned.jld2 (1/2)
[ Info:   ✓ Averaged 2 condition(s)
[ Info: Averaging: 2_epochs_cleaned.jld2 (2/2)
[ Info:   ✓ Averaged 2 condition(s)
[ Info: 
[ Info: Batch operation complete! Processed 2 files successfully, 0 errors
[ Info: Output saved to: /tmp/jl_QqW7uQ/averaged_multi_conditions
[ Info: Batch epoch averaging started at 2026-01-27T08:56:04.225
[ Info: average_epochs
[ Info: Function call: rand(rng)
[ Error: Error: Input directory does not exist: /nonexistent/path
[ Info: Batch epoch averaging started at 2026-01-27T08:56:04.226
[ Info: average_epochs
[ Info: Function call: rand(rng)
[ Error: Error: average_epochs only works with epoch data. File pattern must contain 'epochs', got: 'erps_cleaned'
[ Info: Batch epoch averaging started at 2026-01-27T08:56:04.236
[ Info: average_epochs
[ Info: Function call: rand(rng)
[ Warning: No JLD2 files found matching pattern 'epochs_cleaned' in /tmp/jl_QqW7uQ/empty_match
[ Info: Batch epoch averaging started at 2026-01-27T08:56:04.238
[ Info: average_epochs
[ Info: Function call: rand(rng)
[ Info: Found 2 JLD2 files matching pattern 'epochs_cleaned'
[ Info: Averaging: 1_epochs_cleaned.jld2 (1/2)
[ Info:   ✓ Averaged 2 condition(s)
[ Info: Averaging: 2_epochs_cleaned.jld2 (2/2)
[ Info:   ✓ Averaged 2 condition(s)
[ Info: 
[ Info: Batch operation complete! Processed 2 files successfully, 0 errors
[ Info: Output saved to: /tmp/jl_QqW7uQ/averaged_with_log
[ Info: Batch epoch averaging started at 2026-01-27T08:56:04.247
[ Info: average_epochs
[ Info: Function call: rand(rng)
[ Info: Found 2 JLD2 files matching pattern 'epochs_cleaned'
[ Info: Averaging: 1_epochs_cleaned.jld2 (1/2)
[ Info:   ✓ Averaged 2 condition(s)
[ Info: Averaging: 2_epochs_cleaned.jld2 (2/2)
[ Info:   ✓ Averaged 2 condition(s)
[ Info: 
[ Info: Batch operation complete! Processed 2 files successfully, 0 errors
[ Info: Output saved to: /tmp/jl_QqW7uQ/existing_output_avg
[ Info: Batch epoch averaging started at 2026-01-27T08:56:04.259
[ Info: average_epochs
[ Info: Function call: rand(rng)
[ Info: Found 2 JLD2 files matching pattern 'epochs_cleaned'
[ Info: Averaging: 1_epochs_cleaned.jld2 (1/2)
[ Info:   ✓ Averaged 2 condition(s)
[ Info: Averaging: 2_epochs_cleaned.jld2 (2/2)
[ Warning:   ✗ No data variables found
[ Info: 
[ Info: Batch operation complete! Processed 1 files successfully, 1 errors
[ Info: Output saved to: /tmp/jl_QqW7uQ/averaged_partial
[ Info: Batch epoch averaging started at 2026-01-27T08:56:04.263
[ Info: average_epochs
[ Info: Function call: rand(rng)
[ Info: Found 2 JLD2 files matching pattern 'epochs_cleaned'
[ Info: Averaging: 1_epochs_cleaned.jld2 (1/2)
[ Info:   ✓ Averaged 0 condition(s)
[ Info: Averaging: 2_epochs_cleaned.jld2 (2/2)
[ Info:   ✓ Averaged 0 condition(s)
[ Info: 
[ Info: Batch operation complete! Processed 2 files successfully, 0 errors
[ Info: Output saved to: /tmp/jl_QqW7uQ/averaged_invalid_condition
[ Info: Batch epoch averaging started at 2026-01-27T08:56:04.269
[ Info: average_epochs
[ Info: Function call: rand(rng)
[ Info: Found 2 JLD2 files matching pattern 'epochs_cleaned'
[ Info: Averaging: 1_epochs_cleaned.jld2 (1/2)
[ Info:   ✓ Averaged 2 condition(s)
[ Info: Averaging: 2_epochs_cleaned.jld2 (2/2)
[ Info:   ✓ Averaged 2 condition(s)
[ Info: 
[ Info: Batch operation complete! Processed 2 files successfully, 0 errors
[ Info: Output saved to: /tmp/jl_QqW7uQ/averaged_return_check
[ Info: Batch epoch averaging started at 2026-01-27T08:56:04.352
[ Info: average_epochs
[ Info: Function call: rand(rng)
[ Info: Found 2 JLD2 files matching pattern 'epochs_cleaned'
[ Info: Averaging: 1_epochs_cleaned.jld2 (1/2)
[ Info:   ✓ Averaged 2 condition(s)
[ Info: Averaging: 2_epochs_cleaned.jld2 (2/2)
[ Info:   ✓ Averaged 2 condition(s)
[ Info: 
[ Info: Batch operation complete! Processed 2 files successfully, 0 errors
[ Info: Output saved to: /tmp/jl_QqW7uQ/averaged_integrity
[ Info: Batch epoch averaging started at 2026-01-27T08:56:04.374
[ Info: average_epochs
[ Info: Function call: rand(rng)
[ Info: Found 1 JLD2 files matching pattern 'epochs_cleaned'
[ Info: Averaging: 1_epochs_cleaned.jld2 (1/1)
[ Info:   ✓ Averaged 1 condition(s)
[ Info: 
[ Info: Batch operation complete! Processed 1 files successfully, 0 errors
[ Info: Output saved to: /tmp/jl_QqW7uQ/averaged_combined
[ Info: Batch epoch averaging started at 2026-01-27T08:56:04.529
[ Info: average_epochs
[ Info: Function call: rand(rng)
[ Info: Found 1 JLD2 files matching pattern 'epochs_var'
[ Info: Averaging: 1_epochs_var.jld2 (1/1)
[ Info:   ✓ Averaged 2 condition(s)
[ Info: 
[ Info: Batch operation complete! Processed 1 files successfully, 0 errors
[ Info: Output saved to: /tmp/jl_QqW7uQ/averaged_var
[ Info: Batch epoch averaging started at 2026-01-27T08:56:04.580
[ Info: average_epochs
[ Info: Function call: rand(rng)
[ Info: Found 1 JLD2 files matching pattern 'epochs_empty'
[ Info: Averaging: 1_epochs_empty.jld2 (1/1)
[ Error: Error: Cannot average empty EpochData
┌ Error: Error processing 1_epochs_empty.jld2
│   exception =
│    Cannot average empty EpochData
│    Stacktrace:
│      [1] error(s::String)
│        @ Base ./error.jl:44
│      [2] macro expansion
│        @ ~/Documents/Julia/EegFun.jl/src/utils/error.jl:21 [inlined]
│      [3] average_epochs(dat::EegFun.EpochData)
│        @ EegFun ~/Documents/Julia/EegFun.jl/src/analysis/processing/epochs.jl:653
│      [4] _broadcast_getindex_evalf
│        @ ./broadcast.jl:699 [inlined]
│      [5] _broadcast_getindex
│        @ ./broadcast.jl:672 [inlined]
│      [6] _getindex
│        @ ./broadcast.jl:620 [inlined]
│      [7] getindex
│        @ ./broadcast.jl:616 [inlined]
│      [8] macro expansion
│        @ ./broadcast.jl:995 [inlined]
│      [9] macro expansion
│        @ ./simdloop.jl:77 [inlined]
│     [10] copyto!
│        @ ./broadcast.jl:994 [inlined]
│     [11] copyto!
│        @ ./broadcast.jl:947 [inlined]
│     [12] copy
│        @ ./broadcast.jl:919 [inlined]
│     [13] materialize(bc::Base.Broadcast.Broadcasted{Base.Broadcast.DefaultArrayStyle{1}, Nothing, typeof(EegFun.average_epochs), Tuple{Vector{EegFun.EpochData}}})
│        @ Base.Broadcast ./broadcast.jl:894
│     [14] _process_average_file(filepath::String, output_path::String, condition_selection::Function)
│        @ EegFun ~/Documents/Julia/EegFun.jl/src/analysis/processing/epochs.jl:1096
│     [15] #414
│        @ ~/Documents/Julia/EegFun.jl/src/analysis/processing/epochs.jl:1192 [inlined]
│     [16] _run_batch_operation(process_fn::EegFun.var"#414#415"{EegFun.var"#conditions##0#conditions##1"}, files::Vector{String}, input_dir::String, output_dir::String; operation_name::String)
│        @ EegFun ~/Documents/Julia/EegFun.jl/src/utils/batch.jl:337
│     [17] average_epochs(file_pattern::String; input_dir::String, participant_selection::Function, condition_selection::Function, output_dir::String)
│        @ EegFun ~/Documents/Julia/EegFun.jl/src/analysis/processing/epochs.jl:1196
│     [18] top-level scope
│        @ ~/Documents/Julia/EegFun.jl/test/automatic/epochs.jl:524
│     [19] macro expansion
│        @ ~/.julia/juliaup/julia-1.12.4+0.x64.linux.gnu/share/julia/stdlib/v1.12/Test/src/Test.jl:1776 [inlined]
│     [20] macro expansion
│        @ ~/Documents/Julia/EegFun.jl/test/automatic/epochs.jl:882 [inlined]
│     [21] macro expansion
│        @ ~/.julia/juliaup/julia-1.12.4+0.x64.linux.gnu/share/julia/stdlib/v1.12/Test/src/Test.jl:1776 [inlined]
│     [22] macro expansion
│        @ ~/Documents/Julia/EegFun.jl/test/automatic/epochs.jl:894 [inlined]
│     [23] include(mapexpr::Function, mod::Module, _path::String)
│        @ Base ./Base.jl:307
│     [24] top-level scope
│        @ ~/Documents/Julia/EegFun.jl/test/runtests.jl:22
│     [25] macro expansion
│        @ ~/.julia/juliaup/julia-1.12.4+0.x64.linux.gnu/share/julia/stdlib/v1.12/Test/src/Test.jl:1776 [inlined]
│     [26] macro expansion
│        @ ~/Documents/Julia/EegFun.jl/test/runtests.jl:35 [inlined]
│     [27] include(mod::Module, _path::String)
│        @ Base ./Base.jl:306
│     [28] exec_options(opts::Base.JLOptions)
│        @ Base ./client.jl:317
│     [29] _start()
│        @ Base ./client.jl:550
└ @ EegFun ~/Documents/Julia/EegFun.jl/src/utils/batch.jl:339
[ Warning:   ✗ Exception: Cannot average empty EpochData
[ Info: 
[ Info: Batch operation complete! Processed 0 files successfully, 1 errors
[ Info: Output saved to: /tmp/jl_QqW7uQ/averaged_empty
[ Info: Batch epoch averaging started at 2026-01-27T08:56:04.912
[ Info: average_epochs
[ Info: Function call: rand(rng)
[ Info: Found 1 JLD2 files matching pattern 'epochs_original'
[ Info: Averaging: 1_epochs_original.jld2 (1/1)
[ Info:   ✓ Averaged 2 condition(s)
[ Info: 
[ Info: Batch operation complete! Processed 1 files successfully, 0 errors
[ Info: Output saved to: /tmp/jl_QqW7uQ/averaged_original
[ Info: Batch epoch averaging started at 2026-01-27T08:56:04.916
[ Info: average_epochs
[ Info: Function call: rand(rng)
[ Info: Found 1 JLD2 files matching pattern 'epochs_cleaned'
[ Info: Averaging: 2_epochs_cleaned.jld2 (1/1)
[ Info:   ✓ Averaged 2 condition(s)
[ Info: 
[ Info: Batch operation complete! Processed 1 files successfully, 0 errors
[ Info: Output saved to: /tmp/jl_QqW7uQ/averaged_cleaned_pattern
[ Info: Batch epoch averaging started at 2026-01-27T08:56:04.920
[ Info: average_epochs
[ Info: Function call: rand(rng)
[ Info: Found 3 JLD2 files matching pattern 'epochs'
[ Info: Averaging: 1_epochs_original.jld2 (1/3)
[ Info:   ✓ Averaged 2 condition(s)
[ Info: Averaging: 2_epochs_cleaned.jld2 (2/3)
[ Info:   ✓ Averaged 2 condition(s)
[ Info: Averaging: 3_custom_epochs.jld2 (3/3)
[ Info:   ✓ Averaged 2 condition(s)
[ Info: 
[ Info: Batch operation complete! Processed 3 files successfully, 0 errors
[ Info: Output saved to: /tmp/jl_QqW7uQ/averaged_all_epochs
[ Info: Batch epoch averaging started at 2026-01-27T08:56:05.023
[ Info: average_epochs
[ Info: Function call: rand(rng)
[ Info: Found 1 JLD2 files matching pattern 'epochs_math'
[ Info: Averaging: 1_epochs_math.jld2 (1/1)
[ Info:   ✓ Averaged 1 condition(s)
[ Info: 
[ Info: Batch operation complete! Processed 1 files successfully, 0 errors
[ Info: Output saved to: /tmp/jl_QqW7uQ/averaged_math
[ Info: Batch epoch averaging started at 2026-01-27T08:56:05.026
[ Info: average_epochs
[ Info: Function call: rand(rng)
[ Info: Found 2 JLD2 files matching pattern 'epochs_cleaned'
[ Info: Averaging: 1_epochs_cleaned.jld2 (1/2)
[ Info:   ✓ Averaged 2 condition(s)
[ Info: Averaging: 2_epochs_cleaned.jld2 (2/2)
[ Info:   ✓ Averaged 2 condition(s)
[ Info: 
[ Info: Batch operation complete! Processed 2 files successfully, 0 errors
[ Info: Output saved to: /tmp/jl_QqW7uQ/averaged_metadata
[ Info: Batch epoch averaging started at 2026-01-27T08:56:05.037
[ Info: average_epochs
[ Info: Function call: rand(rng)
[ Info: Found 2 JLD2 files matching pattern 'epochs_cleaned'
[ Info: Averaging: 1_epochs_cleaned.jld2 (1/2)
[ Info:   ✓ Averaged 2 condition(s)
[ Info: Averaging: 2_epochs_cleaned.jld2 (2/2)
[ Info:   ✓ Averaged 2 condition(s)
[ Info: 
[ Info: Batch operation complete! Processed 2 files successfully, 0 errors
[ Info: Output saved to: /tmp/jl_QqW7uQ/averaged_layout
[ Info: Batch epoch averaging started at 2026-01-27T08:56:05.114
[ Info: average_epochs
[ Info: Function call: rand(rng)
[ Info: Found 1 JLD2 files matching pattern 'epochs_single'
[ Info: Averaging: 1_epochs_single.jld2 (1/1)
[ Info:   ✓ Averaged 1 condition(s)
[ Info: 
[ Info: Batch operation complete! Processed 1 files successfully, 0 errors
[ Info: Output saved to: /tmp/jl_QqW7uQ/averaged_single
[ Info: Batch epoch averaging started at 2026-01-27T08:56:05.118
[ Info: average_epochs
[ Info: Function call: rand(rng)
[ Info: Found 2 JLD2 files matching pattern 'epochs_cleaned'
[ Info: Averaging: 1_epochs_cleaned.jld2 (1/2)
[ Info:   ✓ Averaged 2 condition(s)
[ Info: Averaging: 2_epochs_cleaned.jld2 (2/2)
[ Info:   ✓ Averaged 2 condition(s)
[ Info: 
[ Info: Batch operation complete! Processed 2 files successfully, 0 errors
[ Info: Output saved to: /tmp/jl_QqW7uQ/averaged_overwrite
[ Info: Batch epoch averaging started at 2026-01-27T08:56:05.227
[ Info: average_epochs
[ Info: Function call: rand(rng)
[ Info: Found 2 JLD2 files matching pattern 'epochs_cleaned'
[ Info: Averaging: 1_epochs_cleaned.jld2 (1/2)
[ Info:   ✓ Averaged 2 condition(s)
[ Info: Averaging: 2_epochs_cleaned.jld2 (2/2)
[ Info:   ✓ Averaged 2 condition(s)
[ Info: 
[ Info: Batch operation complete! Processed 2 files successfully, 0 errors
[ Info: Output saved to: /tmp/jl_QqW7uQ/averaged_overwrite
[ Info: Batch epoch averaging started at 2026-01-27T08:56:05.281
[ Info: average_epochs
[ Info: Function call: rand(rng)
[ Info: Found 1 JLD2 files matching pattern 'epochs_many'
[ Info: Averaging: 1_epochs_many.jld2 (1/1)
[ Info:   ✓ Averaged 1 condition(s)
[ Info: 
[ Info: Batch operation complete! Processed 1 files successfully, 0 errors
[ Info: Output saved to: /tmp/jl_QqW7uQ/averaged_many_ch
Basic detection and rejection: Error During Test at /home/ian/Documents/Julia/EegFun.jl/test/automatic/epochs.jl:1138
  Got exception outside of a @test
  MethodError: no method matching create_test_epochs_with_artifacts(::Int64, ::Int64, ::Int64, ::Int64, ::Int64; n_bad_epochs::Int64)
  The function `create_test_epochs_with_artifacts` exists, but no method is defined for this combination of argument types.
  
  Closest candidates are:
    create_test_epochs_with_artifacts(; participant, condition, n_epochs, n_timepoints, n_channels, fs, n_bad_epochs, seed)
     @ Main ~/Documents/Julia/EegFun.jl/test/test_utils.jl:376
  
  Stacktrace:
    [1] top-level scope
      @ ~/Documents/Julia/EegFun.jl/test/automatic/epochs.jl:1138
    [2] macro expansion
      @ ~/.julia/juliaup/julia-1.12.4+0.x64.linux.gnu/share/julia/stdlib/v1.12/Test/src/Test.jl:1776 [inlined]
    [3] macro expansion
      @ ~/Documents/Julia/EegFun.jl/test/automatic/epochs.jl:1139 [inlined]
    [4] macro expansion
      @ ~/.julia/juliaup/julia-1.12.4+0.x64.linux.gnu/share/julia/stdlib/v1.12/Test/src/Test.jl:1776 [inlined]
    [5] macro expansion
      @ ~/Documents/Julia/EegFun.jl/test/automatic/epochs.jl:1139 [inlined]
    [6] include(mapexpr::Function, mod::Module, _path::String)
      @ Base ./Base.jl:307
    [7] top-level scope
      @ ~/Documents/Julia/EegFun.jl/test/runtests.jl:22
    [8] macro expansion
      @ ~/.julia/juliaup/julia-1.12.4+0.x64.linux.gnu/share/julia/stdlib/v1.12/Test/src/Test.jl:1776 [inlined]
    [9] macro expansion
      @ ~/Documents/Julia/EegFun.jl/test/runtests.jl:35 [inlined]
   [10] include(mod::Module, _path::String)
      @ Base ./Base.jl:306
   [11] exec_options(opts::Base.JLOptions)
      @ Base ./client.jl:317
   [12] _start()
      @ Base ./client.jl:550
In-place rejection: Error During Test at /home/ian/Documents/Julia/EegFun.jl/test/automatic/epochs.jl:1156
  Got exception outside of a @test
  MethodError: no method matching create_test_epochs_with_artifacts(::Int64, ::Int64, ::Int64, ::Int64, ::Int64; n_bad_epochs::Int64)
  The function `create_test_epochs_with_artifacts` exists, but no method is defined for this combination of argument types.
  
  Closest candidates are:
    create_test_epochs_with_artifacts(; participant, condition, n_epochs, n_timepoints, n_channels, fs, n_bad_epochs, seed)
     @ Main ~/Documents/Julia/EegFun.jl/test/test_utils.jl:376
  
  Stacktrace:
    [1] top-level scope
      @ ~/Documents/Julia/EegFun.jl/test/automatic/epochs.jl:1138
    [2] macro expansion
      @ ~/.julia/juliaup/julia-1.12.4+0.x64.linux.gnu/share/julia/stdlib/v1.12/Test/src/Test.jl:1776 [inlined]
    [3] macro expansion
      @ ~/Documents/Julia/EegFun.jl/test/automatic/epochs.jl:1157 [inlined]
    [4] macro expansion
      @ ~/.julia/juliaup/julia-1.12.4+0.x64.linux.gnu/share/julia/stdlib/v1.12/Test/src/Test.jl:1776 [inlined]
    [5] macro expansion
      @ ~/Documents/Julia/EegFun.jl/test/automatic/epochs.jl:1157 [inlined]
    [6] include(mapexpr::Function, mod::Module, _path::String)
      @ Base ./Base.jl:307
    [7] top-level scope
      @ ~/Documents/Julia/EegFun.jl/test/runtests.jl:22
    [8] macro expansion
      @ ~/.julia/juliaup/julia-1.12.4+0.x64.linux.gnu/share/julia/stdlib/v1.12/Test/src/Test.jl:1776 [inlined]
    [9] macro expansion
      @ ~/Documents/Julia/EegFun.jl/test/runtests.jl:35 [inlined]
   [10] include(mod::Module, _path::String)
      @ Base ./Base.jl:306
   [11] exec_options(opts::Base.JLOptions)
      @ Base ./client.jl:317
   [12] _start()
      @ Base ./client.jl:550
Different z-criteria: Error During Test at /home/ian/Documents/Julia/EegFun.jl/test/automatic/epochs.jl:1170
  Got exception outside of a @test
  MethodError: no method matching create_test_epochs_with_artifacts(::Int64, ::Int64, ::Int64, ::Int64, ::Int64; n_bad_epochs::Int64)
  The function `create_test_epochs_with_artifacts` exists, but no method is defined for this combination of argument types.
  
  Closest candidates are:
    create_test_epochs_with_artifacts(; participant, condition, n_epochs, n_timepoints, n_channels, fs, n_bad_epochs, seed)
     @ Main ~/Documents/Julia/EegFun.jl/test/test_utils.jl:376
  
  Stacktrace:
    [1] top-level scope
      @ ~/Documents/Julia/EegFun.jl/test/automatic/epochs.jl:1138
    [2] macro expansion
      @ ~/.julia/juliaup/julia-1.12.4+0.x64.linux.gnu/share/julia/stdlib/v1.12/Test/src/Test.jl:1776 [inlined]
    [3] macro expansion
      @ ~/Documents/Julia/EegFun.jl/test/automatic/epochs.jl:1171 [inlined]
    [4] macro expansion
      @ ~/.julia/juliaup/julia-1.12.4+0.x64.linux.gnu/share/julia/stdlib/v1.12/Test/src/Test.jl:1776 [inlined]
    [5] macro expansion
      @ ~/Documents/Julia/EegFun.jl/test/automatic/epochs.jl:1171 [inlined]
    [6] include(mapexpr::Function, mod::Module, _path::String)
      @ Base ./Base.jl:307
    [7] top-level scope
      @ ~/Documents/Julia/EegFun.jl/test/runtests.jl:22
    [8] macro expansion
      @ ~/.julia/juliaup/julia-1.12.4+0.x64.linux.gnu/share/julia/stdlib/v1.12/Test/src/Test.jl:1776 [inlined]
    [9] macro expansion
      @ ~/Documents/Julia/EegFun.jl/test/runtests.jl:35 [inlined]
   [10] include(mod::Module, _path::String)
      @ Base ./Base.jl:306
   [11] exec_options(opts::Base.JLOptions)
      @ Base ./client.jl:317
   [12] _start()
      @ Base ./client.jl:550
EpochRejectionInfo structure: Error During Test at /home/ian/Documents/Julia/EegFun.jl/test/automatic/epochs.jl:1181
  Got exception outside of a @test
  MethodError: no method matching create_test_epochs_with_artifacts(::Int64, ::Int64, ::Int64, ::Int64, ::Int64; n_bad_epochs::Int64)
  The function `create_test_epochs_with_artifacts` exists, but no method is defined for this combination of argument types.
  
  Closest candidates are:
    create_test_epochs_with_artifacts(; participant, condition, n_epochs, n_timepoints, n_channels, fs, n_bad_epochs, seed)
     @ Main ~/Documents/Julia/EegFun.jl/test/test_utils.jl:376
  
  Stacktrace:
    [1] top-level scope
      @ ~/Documents/Julia/EegFun.jl/test/automatic/epochs.jl:1138
    [2] macro expansion
      @ ~/.julia/juliaup/julia-1.12.4+0.x64.linux.gnu/share/julia/stdlib/v1.12/Test/src/Test.jl:1776 [inlined]
    [3] macro expansion
      @ ~/Documents/Julia/EegFun.jl/test/automatic/epochs.jl:1182 [inlined]
    [4] macro expansion
      @ ~/.julia/juliaup/julia-1.12.4+0.x64.linux.gnu/share/julia/stdlib/v1.12/Test/src/Test.jl:1776 [inlined]
    [5] macro expansion
      @ ~/Documents/Julia/EegFun.jl/test/automatic/epochs.jl:1182 [inlined]
    [6] include(mapexpr::Function, mod::Module, _path::String)
      @ Base ./Base.jl:307
    [7] top-level scope
      @ ~/Documents/Julia/EegFun.jl/test/runtests.jl:22
    [8] macro expansion
      @ ~/.julia/juliaup/julia-1.12.4+0.x64.linux.gnu/share/julia/stdlib/v1.12/Test/src/Test.jl:1776 [inlined]
    [9] macro expansion
      @ ~/Documents/Julia/EegFun.jl/test/runtests.jl:35 [inlined]
   [10] include(mod::Module, _path::String)
      @ Base ./Base.jl:306
   [11] exec_options(opts::Base.JLOptions)
      @ Base ./client.jl:317
   [12] _start()
      @ Base ./client.jl:550
Error handling: Error During Test at /home/ian/Documents/Julia/EegFun.jl/test/automatic/epochs.jl:1194
  Got exception outside of a @test
  MethodError: no method matching create_test_epochs_with_artifacts(::Int64, ::Int64, ::Int64, ::Int64, ::Int64)
  The function `create_test_epochs_with_artifacts` exists, but no method is defined for this combination of argument types.
  
  Closest candidates are:
    create_test_epochs_with_artifacts(; participant, condition, n_epochs, n_timepoints, n_channels, fs, n_bad_epochs, seed)
     @ Main ~/Documents/Julia/EegFun.jl/test/test_utils.jl:376
  
  Stacktrace:
    [1] top-level scope
      @ ~/Documents/Julia/EegFun.jl/test/automatic/epochs.jl:1138
    [2] macro expansion
      @ ~/.julia/juliaup/julia-1.12.4+0.x64.linux.gnu/share/julia/stdlib/v1.12/Test/src/Test.jl:1776 [inlined]
    [3] macro expansion
      @ ~/Documents/Julia/EegFun.jl/test/automatic/epochs.jl:1196 [inlined]
    [4] macro expansion
      @ ~/.julia/juliaup/julia-1.12.4+0.x64.linux.gnu/share/julia/stdlib/v1.12/Test/src/Test.jl:1776 [inlined]
    [5] macro expansion
      @ ~/Documents/Julia/EegFun.jl/test/automatic/epochs.jl:1208 [inlined]
    [6] include(mapexpr::Function, mod::Module, _path::String)
      @ Base ./Base.jl:307
    [7] top-level scope
      @ ~/Documents/Julia/EegFun.jl/test/runtests.jl:22
    [8] macro expansion
      @ ~/.julia/juliaup/julia-1.12.4+0.x64.linux.gnu/share/julia/stdlib/v1.12/Test/src/Test.jl:1776 [inlined]
    [9] macro expansion
      @ ~/Documents/Julia/EegFun.jl/test/runtests.jl:35 [inlined]
   [10] include(mod::Module, _path::String)
      @ Base ./Base.jl:306
   [11] exec_options(opts::Base.JLOptions)
      @ Base ./client.jl:317
   [12] _start()
      @ Base ./client.jl:550
[ Info: ERP measurement analysis started at 2026-01-27T08:56:08.161
[ Info: Function call: rand(rng)
[ Info: Analysis type: mean_amplitude
[ Info: Found 3 JLD2 files
[ Info: Processing: 1_erps_cleaned.jld2 (1/3)
[ Info:   ✓ Extracted 2 measurement(s)
[ Info: Processing: 2_erps_cleaned.jld2 (2/3)
[ Info:   ✓ Extracted 2 measurement(s)
[ Info: Processing: 3_erps_cleaned.jld2 (3/3)
[ Info:   ✓ Extracted 2 measurement(s)
[ Info: Saved 6 measurement(s) to: /tmp/jl_JFVUeZ/measurements/erp_measurements.csv
[ Info: Analysis complete! Processed 3 files successfully, 0 errors
Loading data from 1_erps_cleaned.jld2
[ Info: ERP measurement analysis started at 2026-01-27T08:56:10.184
[ Info: Function call: rand(rng)
[ Info: Analysis type: max_peak_amplitude
[ Info: Found 3 JLD2 files
[ Info: Processing: 1_erps_cleaned.jld2 (1/3)
[ Info:   ✓ Extracted 2 measurement(s)
[ Info: Processing: 2_erps_cleaned.jld2 (2/3)
[ Info:   ✓ Extracted 2 measurement(s)
[ Info: Processing: 3_erps_cleaned.jld2 (3/3)
[ Info:   ✓ Extracted 2 measurement(s)
[ Info: Saved 6 measurement(s) to: /tmp/jl_JFVUeZ/measurements_types/erp_measurements.csv
[ Info: Analysis complete! Processed 3 files successfully, 0 errors
Loading data from 1_erps_cleaned.jld2
[ Info: ERP measurement analysis started at 2026-01-27T08:56:10.191
[ Info: Function call: rand(rng)
[ Info: Analysis type: min_peak_amplitude
[ Info: Found 3 JLD2 files
[ Info: Processing: 1_erps_cleaned.jld2 (1/3)
[ Info:   ✓ Extracted 2 measurement(s)
[ Info: Processing: 2_erps_cleaned.jld2 (2/3)
[ Info:   ✓ Extracted 2 measurement(s)
[ Info: Processing: 3_erps_cleaned.jld2 (3/3)
[ Info:   ✓ Extracted 2 measurement(s)
[ Info: Saved 6 measurement(s) to: /tmp/jl_JFVUeZ/measurements_types/erp_measurements.csv
[ Info: Analysis complete! Processed 3 files successfully, 0 errors
Loading data from 1_erps_cleaned.jld2
[ Info: ERP measurement analysis started at 2026-01-27T08:56:10.197
[ Info: Function call: rand(rng)
[ Info: Analysis type: max_peak_latency
[ Info: Found 3 JLD2 files
[ Info: Processing: 1_erps_cleaned.jld2 (1/3)
[ Info:   ✓ Extracted 2 measurement(s)
[ Info: Processing: 2_erps_cleaned.jld2 (2/3)
[ Info:   ✓ Extracted 2 measurement(s)
[ Info: Processing: 3_erps_cleaned.jld2 (3/3)
[ Info:   ✓ Extracted 2 measurement(s)
[ Info: Saved 6 measurement(s) to: /tmp/jl_JFVUeZ/measurements_types/erp_measurements.csv
[ Info: Analysis complete! Processed 3 files successfully, 0 errors
Loading data from 1_erps_cleaned.jld2
[ Info: ERP measurement analysis started at 2026-01-27T08:56:10.299
[ Info: Function call: rand(rng)
[ Info: Analysis type: min_peak_latency
[ Info: Found 3 JLD2 files
[ Info: Processing: 1_erps_cleaned.jld2 (1/3)
[ Info:   ✓ Extracted 2 measurement(s)
[ Info: Processing: 2_erps_cleaned.jld2 (2/3)
[ Info:   ✓ Extracted 2 measurement(s)
[ Info: Processing: 3_erps_cleaned.jld2 (3/3)
[ Info:   ✓ Extracted 2 measurement(s)
[ Info: Saved 6 measurement(s) to: /tmp/jl_JFVUeZ/measurements_types/erp_measurements.csv
[ Info: Analysis complete! Processed 3 files successfully, 0 errors
Loading data from 1_erps_cleaned.jld2
[ Info: ERP measurement analysis started at 2026-01-27T08:56:10.306
[ Info: Function call: rand(rng)
[ Info: Analysis type: peak_to_peak_amplitude
[ Info: Found 3 JLD2 files
[ Info: Processing: 1_erps_cleaned.jld2 (1/3)
[ Info:   ✓ Extracted 2 measurement(s)
[ Info: Processing: 2_erps_cleaned.jld2 (2/3)
[ Info:   ✓ Extracted 2 measurement(s)
[ Info: Processing: 3_erps_cleaned.jld2 (3/3)
[ Info:   ✓ Extracted 2 measurement(s)
[ Info: Saved 6 measurement(s) to: /tmp/jl_JFVUeZ/measurements_types/erp_measurements.csv
[ Info: Analysis complete! Processed 3 files successfully, 0 errors
Loading data from 1_erps_cleaned.jld2
[ Info: ERP measurement analysis started at 2026-01-27T08:56:10.313
[ Info: Function call: rand(rng)
[ Info: Analysis type: peak_to_peak_latency
[ Info: Found 3 JLD2 files
[ Info: Processing: 1_erps_cleaned.jld2 (1/3)
[ Info:   ✓ Extracted 2 measurement(s)
[ Info: Processing: 2_erps_cleaned.jld2 (2/3)
[ Info:   ✓ Extracted 2 measurement(s)
[ Info: Processing: 3_erps_cleaned.jld2 (3/3)
[ Info:   ✓ Extracted 2 measurement(s)
[ Info: Saved 6 measurement(s) to: /tmp/jl_JFVUeZ/measurements_types/erp_measurements.csv
[ Info: Analysis complete! Processed 3 files successfully, 0 errors
Loading data from 1_erps_cleaned.jld2
[ Info: ERP measurement analysis started at 2026-01-27T08:56:10.376
[ Info: Function call: rand(rng)
[ Info: Analysis type: rectified_area
[ Info: Found 2 JLD2 files
[ Info: Processing: 1_erps_area.jld2 (1/2)
[ Info:   ✓ Extracted 2 measurement(s)
[ Info: Processing: 2_erps_area.jld2 (2/2)
[ Info:   ✓ Extracted 2 measurement(s)
[ Info: Saved 4 measurement(s) to: /tmp/jl_JFVUeZ/measurements_area/erp_measurements.csv
[ Info: Analysis complete! Processed 2 files successfully, 0 errors
Loading data from 1_erps_area.jld2
[ Info: ERP measurement analysis started at 2026-01-27T08:56:10.737
[ Info: Function call: rand(rng)
[ Info: Analysis type: integral
[ Info: Found 2 JLD2 files
[ Info: Processing: 1_erps_area.jld2 (1/2)
[ Info:   ✓ Extracted 2 measurement(s)
[ Info: Processing: 2_erps_area.jld2 (2/2)
[ Info:   ✓ Extracted 2 measurement(s)
[ Info: Saved 4 measurement(s) to: /tmp/jl_JFVUeZ/measurements_area/erp_measurements.csv
[ Info: Analysis complete! Processed 2 files successfully, 0 errors
Loading data from 1_erps_area.jld2
[ Info: ERP measurement analysis started at 2026-01-27T08:56:10.742
[ Info: Function call: rand(rng)
[ Info: Analysis type: positive_area
[ Info: Found 2 JLD2 files
[ Info: Processing: 1_erps_area.jld2 (1/2)
[ Info:   ✓ Extracted 2 measurement(s)
[ Info: Processing: 2_erps_area.jld2 (2/2)
[ Info:   ✓ Extracted 2 measurement(s)
[ Info: Saved 4 measurement(s) to: /tmp/jl_JFVUeZ/measurements_area/erp_measurements.csv
[ Info: Analysis complete! Processed 2 files successfully, 0 errors
Loading data from 1_erps_area.jld2
[ Info: ERP measurement analysis started at 2026-01-27T08:56:10.747
[ Info: Function call: rand(rng)
[ Info: Analysis type: negative_area
[ Info: Found 2 JLD2 files
[ Info: Processing: 1_erps_area.jld2 (1/2)
[ Info:   ✓ Extracted 2 measurement(s)
[ Info: Processing: 2_erps_area.jld2 (2/2)
[ Info:   ✓ Extracted 2 measurement(s)
[ Info: Saved 4 measurement(s) to: /tmp/jl_JFVUeZ/measurements_area/erp_measurements.csv
[ Info: Analysis complete! Processed 2 files successfully, 0 errors
Loading data from 1_erps_area.jld2
[ Info: ERP measurement analysis started at 2026-01-27T08:56:10.756
[ Info: Function call: rand(rng)
[ Info: Analysis type: fractional_area_latency
[ Info: Found 2 JLD2 files
[ Info: Processing: 1_erps_fractional.jld2 (1/2)
[ Info:   ✓ Extracted 2 measurement(s)
[ Info: Processing: 2_erps_fractional.jld2 (2/2)
[ Info:   ✓ Extracted 2 measurement(s)
[ Info: Saved 4 measurement(s) to: /tmp/jl_JFVUeZ/measurements_fractional/erp_measurements.csv
[ Info: Analysis complete! Processed 2 files successfully, 0 errors
Loading data from 1_erps_fractional.jld2
[ Info: ERP measurement analysis started at 2026-01-27T08:56:10.762
[ Info: Function call: rand(rng)
[ Info: Analysis type: fractional_peak_latency
[ Info: Found 2 JLD2 files
[ Info: Processing: 1_erps_fractional.jld2 (1/2)
[ Info:   ✓ Extracted 2 measurement(s)
[ Info: Processing: 2_erps_fractional.jld2 (2/2)
[ Info:   ✓ Extracted 2 measurement(s)
[ Info: Saved 4 measurement(s) to: /tmp/jl_JFVUeZ/measurements_fractional/erp_measurements.csv
[ Info: Analysis complete! Processed 2 files successfully, 0 errors
Loading data from 1_erps_fractional.jld2
[ Info: ERP measurement analysis started at 2026-01-27T08:56:11.135
[ Info: Function call: rand(rng)
[ Info: Analysis type: max_peak_amplitude
[ Info: Found 2 JLD2 files
[ Info: Processing: 1_erps_kwargs.jld2 (1/2)
[ Info:   ✓ Extracted 1 measurement(s)
[ Info: Processing: 2_erps_kwargs.jld2 (2/2)
[ Info:   ✓ Extracted 1 measurement(s)
[ Info: Saved 2 measurement(s) to: /tmp/jl_JFVUeZ/measurements_kwargs/erp_measurements.csv
[ Info: Analysis complete! Processed 2 files successfully, 0 errors
Loading data from 1_erps_kwargs.jld2
[ Info: ERP measurement analysis started at 2026-01-27T08:56:11.614
[ Info: Function call: rand(rng)
[ Info: Analysis type: fractional_area_latency
[ Info: Found 2 JLD2 files
[ Info: Processing: 1_erps_kwargs.jld2 (1/2)
[ Info:   ✓ Extracted 1 measurement(s)
[ Info: Processing: 2_erps_kwargs.jld2 (2/2)
[ Info:   ✓ Extracted 1 measurement(s)
[ Info: Saved 2 measurement(s) to: /tmp/jl_JFVUeZ/measurements_kwargs/erp_measurements.csv
[ Info: Analysis complete! Processed 2 files successfully, 0 errors
Loading data from 1_erps_kwargs.jld2
[ Info: ERP measurement analysis started at 2026-01-27T08:56:11.974
[ Info: Function call: rand(rng)
[ Info: Analysis type: fractional_peak_latency
[ Info: Found 2 JLD2 files
[ Info: Processing: 1_erps_kwargs.jld2 (1/2)
[ Info:   ✓ Extracted 1 measurement(s)
[ Info: Processing: 2_erps_kwargs.jld2 (2/2)
[ Info:   ✓ Extracted 1 measurement(s)
[ Info: Saved 2 measurement(s) to: /tmp/jl_JFVUeZ/measurements_kwargs/erp_measurements.csv
[ Info: Analysis complete! Processed 2 files successfully, 0 errors
Loading data from 1_erps_kwargs.jld2
[ Info: ERP measurement analysis started at 2026-01-27T08:56:11.981
[ Info: Function call: rand(rng)
[ Error: Error: local_window must be >= 1, got: 0
[ Info: ERP measurement analysis started at 2026-01-27T08:56:11.982
[ Info: Function call: rand(rng)
[ Error: Error: fractional_area_fraction must be in [0.0, 1.0], got: 1.5
[ Info: ERP measurement analysis started at 2026-01-27T08:56:12.318
[ Info: Function call: rand(rng)
[ Error: Error: fractional_peak_fraction must be in [0.0, 1.0], got: -0.1
[ Info: ERP measurement analysis started at 2026-01-27T08:56:13.420
[ Info: Function call: rand(rng)
[ Error: Error: fractional_peak_direction must be :onset or :offset, got: invalid
Epoch data processing: Error During Test at /home/ian/Documents/Julia/EegFun.jl/test/automatic/erp_measurements.jl:286
  Got exception outside of a @test
  MethodError: no method matching create_test_epoch_data(; conditions::Int64, n_channels::Int64)
  This method does not support all of the given keyword arguments (and may not support any).
  
  Closest candidates are:
    create_test_epoch_data(; n, fs, condition, n_epochs, n_channels, seed) got unsupported keyword argument "conditions"
     @ Main ~/Documents/Julia/EegFun.jl/test/test_utils.jl:77
  
  Stacktrace:
    [1] kwerr(kw::@NamedTuple{conditions::Int64, n_channels::Int64}, args::Function)
      @ Base ./error.jl:175
    [2] top-level scope
      @ ~/Documents/Julia/EegFun.jl/test/automatic/erp_measurements.jl:12
    [3] macro expansion
      @ ~/.julia/juliaup/julia-1.12.4+0.x64.linux.gnu/share/julia/stdlib/v1.12/Test/src/Test.jl:1776 [inlined]
    [4] macro expansion
      @ ~/Documents/Julia/EegFun.jl/test/automatic/erp_measurements.jl:288 [inlined]
    [5] macro expansion
      @ ~/.julia/juliaup/julia-1.12.4+0.x64.linux.gnu/share/julia/stdlib/v1.12/Test/src/Test.jl:1776 [inlined]
    [6] macro expansion
      @ ~/Documents/Julia/EegFun.jl/test/automatic/erp_measurements.jl:289 [inlined]
    [7] include(mapexpr::Function, mod::Module, _path::String)
      @ Base ./Base.jl:307
    [8] top-level scope
      @ ~/Documents/Julia/EegFun.jl/test/runtests.jl:22
    [9] macro expansion
      @ ~/.julia/juliaup/julia-1.12.4+0.x64.linux.gnu/share/julia/stdlib/v1.12/Test/src/Test.jl:1776 [inlined]
   [10] macro expansion
      @ ~/Documents/Julia/EegFun.jl/test/runtests.jl:36 [inlined]
   [11] include(mod::Module, _path::String)
      @ Base ./Base.jl:306
   [12] exec_options(opts::Base.JLOptions)
      @ Base ./client.jl:317
   [13] _start()
      @ Base ./client.jl:550
[ Info: ERP measurement analysis started at 2026-01-27T08:56:13.566
[ Info: Function call: rand(rng)
[ Info: Analysis type: mean_amplitude
[ Info: Found 2 JLD2 files
[ Info: Processing: 1_erps_cleaned.jld2 (1/2)
[ Info:   ✓ Extracted 2 measurement(s)
[ Info: Processing: 2_erps_cleaned.jld2 (2/2)
[ Info:   ✓ Extracted 2 measurement(s)
[ Info: Saved 4 measurement(s) to: /tmp/jl_JFVUeZ/measurements_filtered/erp_measurements.csv
[ Info: Analysis complete! Processed 2 files successfully, 0 errors
Loading data from 1_erps_cleaned.jld2
[ Info: ERP measurement analysis started at 2026-01-27T08:56:13.738
[ Info: Function call: rand(rng)
[ Info: Analysis type: mean_amplitude
[ Info: Found 3 JLD2 files
[ Info: Processing: 1_erps_cleaned.jld2 (1/3)
[ Info:   ✓ Extracted 1 measurement(s)
[ Info: Processing: 2_erps_cleaned.jld2 (2/3)
[ Info:   ✓ Extracted 1 measurement(s)
[ Info: Processing: 3_erps_cleaned.jld2 (3/3)
[ Info:   ✓ Extracted 1 measurement(s)
[ Info: Saved 3 measurement(s) to: /tmp/jl_JFVUeZ/measurements_filtered/erp_measurements.csv
[ Info: Analysis complete! Processed 3 files successfully, 0 errors
Loading data from 1_erps_cleaned.jld2
[ Info: ERP measurement analysis started at 2026-01-27T08:56:13.844
[ Info: Function call: rand(rng)
[ Info: Analysis type: mean_amplitude
[ Info: Found 3 JLD2 files
[ Info: Processing: 1_erps_cleaned.jld2 (1/3)
[ Info:   ✓ Extracted 2 measurement(s)
[ Info: Processing: 2_erps_cleaned.jld2 (2/3)
[ Info:   ✓ Extracted 2 measurement(s)
[ Info: Processing: 3_erps_cleaned.jld2 (3/3)
[ Info:   ✓ Extracted 2 measurement(s)
[ Info: Saved 6 measurement(s) to: /tmp/jl_JFVUeZ/measurements_channels/erp_measurements.csv
[ Info: Analysis complete! Processed 3 files successfully, 0 errors
Loading data from 1_erps_cleaned.jld2
[ Info: ERP measurement analysis started at 2026-01-27T08:56:14.681
[ Info: Function call: rand(rng)
[ Info: Analysis type: mean_amplitude
[ Info: Found 3 JLD2 files
[ Info: Processing: 1_erps_cleaned.jld2 (1/3)
[ Info: Applying baseline correction to 3 channels over interval: 301 to 501
[ Info: Applying baseline correction to 3 channels over interval: 301 to 501
[ Info:   ✓ Extracted 2 measurement(s)
[ Info: Processing: 2_erps_cleaned.jld2 (2/3)
[ Info: Applying baseline correction to 3 channels over interval: 301 to 501
[ Info: Applying baseline correction to 3 channels over interval: 301 to 501
[ Info:   ✓ Extracted 2 measurement(s)
[ Info: Processing: 3_erps_cleaned.jld2 (3/3)
[ Info: Applying baseline correction to 3 channels over interval: 301 to 501
[ Info: Applying baseline correction to 3 channels over interval: 301 to 501
[ Info:   ✓ Extracted 2 measurement(s)
[ Info: Saved 6 measurement(s) to: /tmp/jl_JFVUeZ/measurements_baseline/erp_measurements.csv
[ Info: Analysis complete! Processed 3 files successfully, 0 errors
Loading data from 1_erps_cleaned.jld2
[ Info: ERP measurement analysis started at 2026-01-27T08:56:14.848
[ Info: Function call: rand(rng)
[ Info: Analysis type: mean_amplitude
[ Info: Found 3 JLD2 files
[ Info: Processing: 1_erps_cleaned.jld2 (1/3)
[ Info:   ✓ Extracted 2 measurement(s)
[ Info: Processing: 2_erps_cleaned.jld2 (2/3)
[ Info:   ✓ Extracted 2 measurement(s)
[ Info: Processing: 3_erps_cleaned.jld2 (3/3)
[ Info:   ✓ Extracted 2 measurement(s)
[ Info: Saved 6 measurement(s) to: /tmp/jl_JFVUeZ/measurements_baseline/erp_measurements.csv
[ Info: Analysis complete! Processed 3 files successfully, 0 errors
Loading data from 1_erps_cleaned.jld2
[ Info: ERP measurement analysis started at 2026-01-27T08:56:15.296
[ Info: Function call: rand(rng)
[ Error: Error: Input directory does not exist: /nonexistent/dir
[ Info: ERP measurement analysis started at 2026-01-27T08:56:15.299
[ Info: Function call: rand(rng)
[ Error: Error: Analysis type must be one of: mean_amplitude, max_peak_amplitude, min_peak_amplitude, max_peak_latency, min_peak_latency, peak_to_peak_amplitude, peak_to_peak_latency, rectified_area, integral, positive_area, negative_area, fractional_area_latency, fractional_peak_latency. Got: invalid_type
[ Info: ERP measurement analysis started at 2026-01-27T08:56:15.309
[ Info: Function call: rand(rng)
[ Info: Analysis type: mean_amplitude
[ Info: Found 3 JLD2 files
[ Info: Processing: 1_erps_cleaned.jld2 (1/3)
[ Warning: No time points found matching analysis window
[ Warning: No time points found matching analysis window
[ Warning:   ✗ No measurements extracted from 1_erps_cleaned.jld2
[ Info: Processing: 2_erps_cleaned.jld2 (2/3)
[ Warning: No time points found matching analysis window
[ Warning: No time points found matching analysis window
[ Warning:   ✗ No measurements extracted from 2_erps_cleaned.jld2
[ Info: Processing: 3_erps_cleaned.jld2 (3/3)
[ Warning: No time points found matching analysis window
[ Warning: No time points found matching analysis window
[ Warning:   ✗ No measurements extracted from 3_erps_cleaned.jld2
[ Warning: No results to save
[ Info: Analysis complete! Processed 0 files successfully, 3 errors
[ Info: ERP measurement analysis started at 2026-01-27T08:56:15.316
[ Info: Function call: rand(rng)
[ Info: Analysis type: mean_amplitude
[ Warning: No JLD2 files found matching pattern 'nonexistent_pattern' in /tmp/jl_JFVUeZ
[ Info: ERP measurement analysis started at 2026-01-27T08:56:15.373
[ Info: Function call: rand(rng)
[ Info: Analysis type: mean_amplitude
[ Info:   No numeric participant ID found in filename, using hash: 3415
[ Warning: No JLD2 files found matching pattern 'erps_cleaned' in /tmp/jl_JFVUeZ
[ Info: ERP measurement analysis started at 2026-01-27T08:56:15.401
[ Info: Function call: rand(rng)
[ Info: Analysis type: mean_amplitude
[ Info:   No numeric participant ID found in filename, using hash: 3415
[ Info:   No numeric participant ID found in filename, using hash: 8350
[ Warning: No JLD2 files found matching pattern 'erps_cleaned' in /tmp/jl_JFVUeZ
[ Info: ERP measurement analysis started at 2026-01-27T08:56:15.409
[ Info: Function call: rand(rng)
[ Info: Analysis type: mean_amplitude
[ Info: Found 2 JLD2 files
[ Info: Processing: 1_erps_baseline_edge.jld2 (1/2)
[ Warning: Baseline window matched no samples. Skipping baseline correction.
[ Info:   ✓ Extracted 1 measurement(s)
[ Info: Processing: 2_erps_baseline_edge.jld2 (2/2)
[ Warning: Baseline window matched no samples. Skipping baseline correction.
[ Info:   ✓ Extracted 1 measurement(s)
[ Info: Saved 2 measurement(s) to: /tmp/jl_JFVUeZ/measurements_baseline_edge/erp_measurements.csv
[ Info: Analysis complete! Processed 2 files successfully, 0 errors
Loading data from 1_erps_baseline_edge.jld2
Error loading data: 
[ Info: ERP measurement analysis started at 2026-01-27T08:56:15.419
[ Info: Function call: rand(rng)
[ Info: Analysis type: mean_amplitude
[ Info: Found 2 JLD2 files
[ Info: Processing: 1_erps_single.jld2 (1/2)
[ Info:   ✓ Extracted 1 measurement(s)
[ Info: Processing: 2_erps_single.jld2 (2/2)
[ Info:   ✓ Extracted 1 measurement(s)
[ Info: Saved 2 measurement(s) to: /tmp/jl_JFVUeZ/measurements_single/erp_measurements.csv
[ Info: Analysis complete! Processed 2 files successfully, 0 errors
Loading data from 1_erps_single.jld2
[ Info: ERP measurement analysis started at 2026-01-27T08:56:15.460
[ Info: Function call: rand(rng)
[ Info: Analysis type: mean_amplitude
[ Info: Found 2 JLD2 files
[ Info: Processing: 1_erps_nochannels.jld2 (1/2)
[ Warning: No channels selected in 1_erps_nochannels.jld2
[ Warning:   ✗ No measurements extracted from 1_erps_nochannels.jld2
[ Info: Processing: 2_erps_nochannels.jld2 (2/2)
[ Warning: No channels selected in 2_erps_nochannels.jld2
[ Warning:   ✗ No measurements extracted from 2_erps_nochannels.jld2
[ Warning: No results to save
[ Info: Analysis complete! Processed 0 files successfully, 2 errors
[ Info: ERP measurement analysis started at 2026-01-27T08:56:15.488
[ Info: Function call: rand(rng)
[ Info: Analysis type: mean_amplitude
[ Info:   No numeric participant ID found in filename, using hash: 3415
[ Info:   No numeric participant ID found in filename, using hash: 8350
[ Info: Found 5 JLD2 files
[ Info: Processing: 1_erps_cleaned.jld2 (1/5)
[ Info:   ✓ Extracted 2 measurement(s)
[ Info: Processing: 2_erps_cleaned.jld2 (2/5)
[ Info:   ✓ Extracted 2 measurement(s)
[ Info: Processing: 3_erps_cleaned.jld2 (3/5)
[ Info:   ✓ Extracted 2 measurement(s)
[ Info: Processing: empty_erps_cleaned.jld2 (4/5)
[ Info:   No numeric participant ID found in filename, using hash: 3415
[ Error: Error: No conditions left following condition selection in empty_erps_cleaned.jld2
[ Warning:   ✗ No measurements extracted from empty_erps_cleaned.jld2
[ Info: Processing: unrecognized_erps_cleaned.jld2 (5/5)
[ Info:   No numeric participant ID found in filename, using hash: 8350
[ Warning: No data variables found in unrecognized_erps_cleaned.jld2
[ Warning:   ✗ No measurements extracted from unrecognized_erps_cleaned.jld2
[ Info: Saved 6 measurement(s) to: /tmp/jl_JFVUeZ/custom_output/custom_measurements.csv
[ Info: Analysis complete! Processed 3 files successfully, 2 errors
Loading data from 1_erps_cleaned.jld2
[ Info: ERP measurement analysis started at 2026-01-27T08:56:15.557
[ Info: Function call: rand(rng)
[ Info: Analysis type: mean_amplitude
[ Info:   No numeric participant ID found in filename, using hash: 3415
[ Info:   No numeric participant ID found in filename, using hash: 8350
[ Info: Found 5 JLD2 files
[ Info: Processing: 1_erps_cleaned.jld2 (1/5)
[ Info:   ✓ Extracted 2 measurement(s)
[ Info: Processing: 2_erps_cleaned.jld2 (2/5)
[ Info:   ✓ Extracted 2 measurement(s)
[ Info: Processing: 3_erps_cleaned.jld2 (3/5)
[ Info:   ✓ Extracted 2 measurement(s)
[ Info: Processing: empty_erps_cleaned.jld2 (4/5)
[ Info:   No numeric participant ID found in filename, using hash: 3415
[ Error: Error: No conditions left following condition selection in empty_erps_cleaned.jld2
[ Warning:   ✗ No measurements extracted from empty_erps_cleaned.jld2
[ Info: Processing: unrecognized_erps_cleaned.jld2 (5/5)
[ Info:   No numeric participant ID found in filename, using hash: 8350
[ Warning: No data variables found in unrecognized_erps_cleaned.jld2
[ Warning:   ✗ No measurements extracted from unrecognized_erps_cleaned.jld2
[ Info: Saved 6 measurement(s) to: /tmp/jl_JFVUeZ/measurements_mean_amplitude/erp_measurements.csv
[ Info: Analysis complete! Processed 3 files successfully, 2 errors
Loading data from 1_erps_cleaned.jld2
[ Info: ERP measurement analysis started at 2026-01-27T08:56:15.564
[ Info: Function call: rand(rng)
[ Info: Analysis type: mean_amplitude
[ Info:   No numeric participant ID found in filename, using hash: 3415
[ Info:   No numeric participant ID found in filename, using hash: 8350
[ Info: Found 1 JLD2 files
[ Info: Processing: 1_erps_cleaned.jld2 (1/1)
[ Info:   ✓ Extracted 2 measurement(s)
[ Info: Saved 2 measurement(s) to: /tmp/jl_JFVUeZ/measurements_integrity/erp_measurements.csv
[ Info: Analysis complete! Processed 1 files successfully, 0 errors
Loading data from 1_erps_cleaned.jld2
[ Info: ERP measurement analysis started at 2026-01-27T08:56:15.569
[ Info: Function call: rand(rng)
[ Info: Analysis type: mean_amplitude
[ Info:   No numeric participant ID found in filename, using hash: 3415
[ Info:   No numeric participant ID found in filename, using hash: 8350
[ Info: Found 5 JLD2 files
[ Info: Processing: 1_erps_cleaned.jld2 (1/5)
[ Info:   ✓ Extracted 2 measurement(s)
[ Info: Processing: 2_erps_cleaned.jld2 (2/5)
[ Info:   ✓ Extracted 2 measurement(s)
[ Info: Processing: 3_erps_cleaned.jld2 (3/5)
[ Info:   ✓ Extracted 2 measurement(s)
[ Info: Processing: empty_erps_cleaned.jld2 (4/5)
[ Info:   No numeric participant ID found in filename, using hash: 3415
[ Error: Error: No conditions left following condition selection in empty_erps_cleaned.jld2
[ Warning:   ✗ No measurements extracted from empty_erps_cleaned.jld2
[ Info: Processing: unrecognized_erps_cleaned.jld2 (5/5)
[ Info:   No numeric participant ID found in filename, using hash: 8350
[ Warning: No data variables found in unrecognized_erps_cleaned.jld2
[ Warning:   ✗ No measurements extracted from unrecognized_erps_cleaned.jld2
[ Info: Saved 6 measurement(s) to: /tmp/jl_JFVUeZ/measurements_logging/erp_measurements.csv
[ Info: Analysis complete! Processed 3 files successfully, 2 errors
Loading data from 1_erps_cleaned.jld2
[ Info: ERP measurement analysis started at 2026-01-27T08:56:15.683
[ Info: Function call: rand(rng)
[ Info: Analysis type: mean_amplitude
[ Info: Found 1 JLD2 files
[ Info: Processing: 1_mean_test.jld2 (1/1)
[ Info:   ✓ Extracted 1 measurement(s)
[ Info: Saved 1 measurement(s) to: /tmp/jl_UvOBKV/output/erp_measurements.csv
[ Info: Analysis complete! Processed 1 files successfully, 0 errors
Loading data from 1_mean_test.jld2
[ Info: ERP measurement analysis started at 2026-01-27T08:56:15.990
[ Info: Function call: rand(rng)
[ Info: Analysis type: max_peak_amplitude
[ Info: Found 1 JLD2 files
[ Info: Processing: 1_peak_test.jld2 (1/1)
[ Info:   ✓ Extracted 1 measurement(s)
[ Info: Saved 1 measurement(s) to: /tmp/jl_UvOBKV/output_peak/erp_measurements.csv
[ Info: Analysis complete! Processed 1 files successfully, 0 errors
Loading data from 1_peak_test.jld2
[ Info: ERP measurement analysis started at 2026-01-27T08:56:15.994
[ Info: Function call: rand(rng)
[ Info: Analysis type: max_peak_latency
[ Info: Found 1 JLD2 files
[ Info: Processing: 1_peak_test.jld2 (1/1)
[ Info:   ✓ Extracted 1 measurement(s)
[ Info: Saved 1 measurement(s) to: /tmp/jl_UvOBKV/output_peak_lat/erp_measurements.csv
[ Info: Analysis complete! Processed 1 files successfully, 0 errors
Loading data from 1_peak_test.jld2
[ Info: ERP measurement analysis started at 2026-01-27T08:56:16.045
[ Info: Function call: rand(rng)
[ Info: Analysis type: min_peak_amplitude
[ Info: Found 1 JLD2 files
[ Info: Processing: 1_min_peak_test.jld2 (1/1)
[ Info:   ✓ Extracted 1 measurement(s)
[ Info: Saved 1 measurement(s) to: /tmp/jl_UvOBKV/output_min/erp_measurements.csv
[ Info: Analysis complete! Processed 1 files successfully, 0 errors
Loading data from 1_min_peak_test.jld2
[ Info: ERP measurement analysis started at 2026-01-27T08:56:16.050
[ Info: Function call: rand(rng)
[ Info: Analysis type: min_peak_latency
[ Info: Found 1 JLD2 files
[ Info: Processing: 1_min_peak_test.jld2 (1/1)
[ Info:   ✓ Extracted 1 measurement(s)
[ Info: Saved 1 measurement(s) to: /tmp/jl_UvOBKV/output_min_lat/erp_measurements.csv
[ Info: Analysis complete! Processed 1 files successfully, 0 errors
Loading data from 1_min_peak_test.jld2
[ Info: ERP measurement analysis started at 2026-01-27T08:56:16.087
[ Info: Function call: rand(rng)
[ Info: Analysis type: peak_to_peak_amplitude
[ Info: Found 1 JLD2 files
[ Info: Processing: 1_peak_to_peak_test.jld2 (1/1)
[ Info:   ✓ Extracted 1 measurement(s)
[ Info: Saved 1 measurement(s) to: /tmp/jl_UvOBKV/output_peak_to_peak_amp/erp_measurements.csv
[ Info: Analysis complete! Processed 1 files successfully, 0 errors
Loading data from 1_peak_to_peak_test.jld2
[ Info: ERP measurement analysis started at 2026-01-27T08:56:16.090
[ Info: Function call: rand(rng)
[ Info: Analysis type: peak_to_peak_latency
[ Info: Found 1 JLD2 files
[ Info: Processing: 1_peak_to_peak_test.jld2 (1/1)
[ Info:   ✓ Extracted 1 measurement(s)
[ Info: Saved 1 measurement(s) to: /tmp/jl_UvOBKV/output_peak_to_peak_lat/erp_measurements.csv
[ Info: Analysis complete! Processed 1 files successfully, 0 errors
Loading data from 1_peak_to_peak_test.jld2
[ Info: ERP measurement analysis started at 2026-01-27T08:56:16.139
[ Info: Function call: rand(rng)
[ Info: Analysis type: rectified_area
[ Info: Found 1 JLD2 files
[ Info: Processing: 1_area_test.jld2 (1/1)
[ Info:   ✓ Extracted 1 measurement(s)
[ Info: Saved 1 measurement(s) to: /tmp/jl_UvOBKV/output_area/erp_measurements.csv
[ Info: Analysis complete! Processed 1 files successfully, 0 errors
Loading data from 1_area_test.jld2
[ Info: ERP measurement analysis started at 2026-01-27T08:56:16.144
[ Info: Function call: rand(rng)
[ Info: Analysis type: integral
[ Info: Found 1 JLD2 files
[ Info: Processing: 1_area_test.jld2 (1/1)
[ Info:   ✓ Extracted 1 measurement(s)
[ Info: Saved 1 measurement(s) to: /tmp/jl_UvOBKV/output_integral/erp_measurements.csv
[ Info: Analysis complete! Processed 1 files successfully, 0 errors
Loading data from 1_area_test.jld2
[ Info: ERP measurement analysis started at 2026-01-27T08:56:16.147
[ Info: Function call: rand(rng)
[ Info: Analysis type: positive_area
[ Info: Found 1 JLD2 files
[ Info: Processing: 1_area_test.jld2 (1/1)
[ Info:   ✓ Extracted 1 measurement(s)
[ Info: Saved 1 measurement(s) to: /tmp/jl_UvOBKV/output_pos/erp_measurements.csv
[ Info: Analysis complete! Processed 1 files successfully, 0 errors
Loading data from 1_area_test.jld2
[ Info: ERP measurement analysis started at 2026-01-27T08:56:16.150
[ Info: Function call: rand(rng)
[ Info: Analysis type: negative_area
[ Info: Found 1 JLD2 files
[ Info: Processing: 1_area_test.jld2 (1/1)
[ Info:   ✓ Extracted 1 measurement(s)
[ Info: Saved 1 measurement(s) to: /tmp/jl_UvOBKV/output_neg/erp_measurements.csv
[ Info: Analysis complete! Processed 1 files successfully, 0 errors
Loading data from 1_area_test.jld2
[ Info: ERP measurement analysis started at 2026-01-27T08:56:16.214
[ Info: Function call: rand(rng)
[ Info: Analysis type: negative_area
[ Info: Found 1 JLD2 files
[ Info: Processing: 1_area_neg_test.jld2 (1/1)
[ Info:   ✓ Extracted 1 measurement(s)
[ Info: Saved 1 measurement(s) to: /tmp/jl_UvOBKV/output_neg2/erp_measurements.csv
[ Info: Analysis complete! Processed 1 files successfully, 0 errors
Loading data from 1_area_neg_test.jld2
[ Info: ERP measurement analysis started at 2026-01-27T08:56:16.217
[ Info: Function call: rand(rng)
[ Info: Analysis type: rectified_area
[ Info: Found 1 JLD2 files
[ Info: Processing: 1_area_neg_test.jld2 (1/1)
[ Info:   ✓ Extracted 1 measurement(s)
[ Info: Saved 1 measurement(s) to: /tmp/jl_UvOBKV/output_rect_neg/erp_measurements.csv
[ Info: Analysis complete! Processed 1 files successfully, 0 errors
Loading data from 1_area_neg_test.jld2
[ Info: ERP measurement analysis started at 2026-01-27T08:56:16.220
[ Info: Function call: rand(rng)
[ Info: Analysis type: integral
[ Info: Found 1 JLD2 files
[ Info: Processing: 1_area_neg_test.jld2 (1/1)
[ Info:   ✓ Extracted 1 measurement(s)
[ Info: Saved 1 measurement(s) to: /tmp/jl_UvOBKV/output_int_neg/erp_measurements.csv
[ Info: Analysis complete! Processed 1 files successfully, 0 errors
Loading data from 1_area_neg_test.jld2
[ Info: ERP measurement analysis started at 2026-01-27T08:56:16.223
[ Info: Function call: rand(rng)
[ Info: Analysis type: positive_area
[ Info: Found 1 JLD2 files
[ Info: Processing: 1_area_neg_test.jld2 (1/1)
[ Info:   ✓ Extracted 1 measurement(s)
[ Info: Saved 1 measurement(s) to: /tmp/jl_UvOBKV/output_pos_neg/erp_measurements.csv
[ Info: Analysis complete! Processed 1 files successfully, 0 errors
Loading data from 1_area_neg_test.jld2
[ Info: ERP measurement analysis started at 2026-01-27T08:56:16.274
[ Info: Function call: rand(rng)
[ Info: Analysis type: integral
[ Info: Found 1 JLD2 files
[ Info: Processing: 1_mixed_area_test.jld2 (1/1)
[ Info:   ✓ Extracted 1 measurement(s)
[ Info: Saved 1 measurement(s) to: /tmp/jl_UvOBKV/output_mixed_int/erp_measurements.csv
[ Info: Analysis complete! Processed 1 files successfully, 0 errors
Loading data from 1_mixed_area_test.jld2
[ Info: ERP measurement analysis started at 2026-01-27T08:56:16.277
[ Info: Function call: rand(rng)
[ Info: Analysis type: positive_area
[ Info: Found 1 JLD2 files
[ Info: Processing: 1_mixed_area_test.jld2 (1/1)
[ Info:   ✓ Extracted 1 measurement(s)
[ Info: Saved 1 measurement(s) to: /tmp/jl_UvOBKV/output_mixed_pos/erp_measurements.csv
[ Info: Analysis complete! Processed 1 files successfully, 0 errors
Loading data from 1_mixed_area_test.jld2
[ Info: ERP measurement analysis started at 2026-01-27T08:56:16.280
[ Info: Function call: rand(rng)
[ Info: Analysis type: negative_area
[ Info: Found 1 JLD2 files
[ Info: Processing: 1_mixed_area_test.jld2 (1/1)
[ Info:   ✓ Extracted 1 measurement(s)
[ Info: Saved 1 measurement(s) to: /tmp/jl_UvOBKV/output_mixed_neg/erp_measurements.csv
[ Info: Analysis complete! Processed 1 files successfully, 0 errors
Loading data from 1_mixed_area_test.jld2
[ Info: ERP measurement analysis started at 2026-01-27T08:56:16.283
[ Info: Function call: rand(rng)
[ Info: Analysis type: rectified_area
[ Info: Found 1 JLD2 files
[ Info: Processing: 1_mixed_area_test.jld2 (1/1)
[ Info:   ✓ Extracted 1 measurement(s)
[ Info: Saved 1 measurement(s) to: /tmp/jl_UvOBKV/output_mixed_rect/erp_measurements.csv
[ Info: Analysis complete! Processed 1 files successfully, 0 errors
Loading data from 1_mixed_area_test.jld2
[ Info: ERP measurement analysis started at 2026-01-27T08:56:16.349
[ Info: Function call: rand(rng)
[ Info: Analysis type: max_peak_amplitude
[ Info: Found 1 JLD2 files
[ Info: Processing: 1_robust_peak_test.jld2 (1/1)
[ Info:   ✓ Extracted 1 measurement(s)
[ Info: Saved 1 measurement(s) to: /tmp/jl_UvOBKV/output_robust/erp_measurements.csv
[ Info: Analysis complete! Processed 1 files successfully, 0 errors
Loading data from 1_robust_peak_test.jld2
[ Info: ERP measurement analysis started at 2026-01-27T08:56:16.394
[ Info: Function call: rand(rng)
[ Info: Analysis type: max_peak_latency
[ Info: Found 1 JLD2 files
[ Info: Processing: 1_robust_peak_test.jld2 (1/1)
[ Info:   ✓ Extracted 1 measurement(s)
[ Info: Saved 1 measurement(s) to: /tmp/jl_UvOBKV/output_robust_lat/erp_measurements.csv
[ Info: Analysis complete! Processed 1 files successfully, 0 errors
Loading data from 1_robust_peak_test.jld2
[ Info: ERP measurement analysis started at 2026-01-27T08:56:16.469
[ Info: Function call: rand(rng)
[ Info: Analysis type: fractional_area_latency
[ Info: Found 1 JLD2 files
[ Info: Processing: 1_frac_area_edge_test.jld2 (1/1)
[ Info:   ✓ Extracted 1 measurement(s)
[ Info: Saved 1 measurement(s) to: /tmp/jl_UvOBKV/output_frac_0/erp_measurements.csv
[ Info: Analysis complete! Processed 1 files successfully, 0 errors
Loading data from 1_frac_area_edge_test.jld2
[ Info: ERP measurement analysis started at 2026-01-27T08:56:16.473
[ Info: Function call: rand(rng)
[ Info: Analysis type: fractional_area_latency
[ Info: Found 1 JLD2 files
[ Info: Processing: 1_frac_area_edge_test.jld2 (1/1)
[ Info:   ✓ Extracted 1 measurement(s)
[ Info: Saved 1 measurement(s) to: /tmp/jl_UvOBKV/output_frac_1/erp_measurements.csv
[ Info: Analysis complete! Processed 1 files successfully, 0 errors
Loading data from 1_frac_area_edge_test.jld2
[ Info: ERP measurement analysis started at 2026-01-27T08:56:16.480
[ Info: Function call: rand(rng)
[ Info: Analysis type: fractional_area_latency
[ Info: Found 1 JLD2 files
[ Info: Processing: 1_frac_area_edge_test.jld2 (1/1)
[ Info:   ✓ Extracted 1 measurement(s)
[ Info: Saved 1 measurement(s) to: /tmp/jl_UvOBKV/output_frac_25/erp_measurements.csv
[ Info: Analysis complete! Processed 1 files successfully, 0 errors
Loading data from 1_frac_area_edge_test.jld2
[ Info: ERP measurement analysis started at 2026-01-27T08:56:16.557
[ Info: Function call: rand(rng)
[ Info: Analysis type: fractional_peak_latency
[ Info: Found 1 JLD2 files
[ Info: Processing: 1_frac_peak_edge_test.jld2 (1/1)
[ Warning: Channel Ch1: No robust minimum peak found, using simple minimum
[ Info:   ✓ Extracted 1 measurement(s)
[ Info: Saved 1 measurement(s) to: /tmp/jl_UvOBKV/output_frac_peak_onset_0/erp_measurements.csv
[ Info: Analysis complete! Processed 1 files successfully, 0 errors
Loading data from 1_frac_peak_edge_test.jld2
[ Info: ERP measurement analysis started at 2026-01-27T08:56:16.561
[ Info: Function call: rand(rng)
[ Info: Analysis type: fractional_peak_latency
[ Info: Found 1 JLD2 files
[ Info: Processing: 1_frac_peak_edge_test.jld2 (1/1)
[ Warning: Channel Ch1: No robust minimum peak found, using simple minimum
[ Info:   ✓ Extracted 1 measurement(s)
[ Info: Saved 1 measurement(s) to: /tmp/jl_UvOBKV/output_frac_peak_offset_0/erp_measurements.csv
[ Info: Analysis complete! Processed 1 files successfully, 0 errors
Loading data from 1_frac_peak_edge_test.jld2
[ Info: ERP measurement analysis started at 2026-01-27T08:56:16.564
[ Info: Function call: rand(rng)
[ Info: Analysis type: fractional_peak_latency
[ Info: Found 1 JLD2 files
[ Info: Processing: 1_frac_peak_edge_test.jld2 (1/1)
[ Warning: Channel Ch1: No robust minimum peak found, using simple minimum
[ Info:   ✓ Extracted 1 measurement(s)
[ Info: Saved 1 measurement(s) to: /tmp/jl_UvOBKV/output_frac_peak_onset_1/erp_measurements.csv
[ Info: Analysis complete! Processed 1 files successfully, 0 errors
Loading data from 1_frac_peak_edge_test.jld2
[ Info: ERP measurement analysis started at 2026-01-27T08:56:16.614
[ Info: Function call: rand(rng)
[ Info: Analysis type: fractional_area_latency
[ Info: Found 1 JLD2 files
[ Info: Processing: 1_frac_area_test.jld2 (1/1)
[ Info:   ✓ Extracted 1 measurement(s)
[ Info: Saved 1 measurement(s) to: /tmp/jl_UvOBKV/output_frac_area/erp_measurements.csv
[ Info: Analysis complete! Processed 1 files successfully, 0 errors
Loading data from 1_frac_area_test.jld2
[ Info: ERP measurement analysis started at 2026-01-27T08:56:16.668
[ Info: Function call: rand(rng)
[ Info: Analysis type: fractional_peak_latency
[ Info: Found 1 JLD2 files
[ Info: Processing: 1_frac_peak_test.jld2 (1/1)
[ Warning: Channel Ch1: No robust minimum peak found, using simple minimum
[ Info:   ✓ Extracted 1 measurement(s)
[ Info: Saved 1 measurement(s) to: /tmp/jl_UvOBKV/output_frac_peak_onset/erp_measurements.csv
[ Info: Analysis complete! Processed 1 files successfully, 0 errors
Loading data from 1_frac_peak_test.jld2
[ Info: ERP measurement analysis started at 2026-01-27T08:56:16.671
[ Info: Function call: rand(rng)
[ Info: Analysis type: fractional_peak_latency
[ Info: Found 1 JLD2 files
[ Info: Processing: 1_frac_peak_test.jld2 (1/1)
[ Warning: Channel Ch1: No robust minimum peak found, using simple minimum
[ Info:   ✓ Extracted 1 measurement(s)
[ Info: Saved 1 measurement(s) to: /tmp/jl_UvOBKV/output_frac_peak_offset/erp_measurements.csv
[ Info: Analysis complete! Processed 1 files successfully, 0 errors
Loading data from 1_frac_peak_test.jld2
[ Info: ERP measurement analysis started at 2026-01-27T08:56:16.724
[ Info: Function call: rand(rng)
[ Info: Analysis type: mean_amplitude
[ Info: Found 1 JLD2 files
[ Info: Processing: 1_baseline_test.jld2 (1/1)
[ Info: Applying baseline correction to 1 channels over interval: 1 to 201
[ Info:   ✓ Extracted 1 measurement(s)
[ Info: Saved 1 measurement(s) to: /tmp/jl_UvOBKV/output_baseline/erp_measurements.csv
[ Info: Analysis complete! Processed 1 files successfully, 0 errors
Loading data from 1_baseline_test.jld2
Setup test files: Error During Test at /home/ian/Documents/Julia/EegFun.jl/test/automatic/filter.jl:167
  Got exception outside of a @test
  MethodError: no method matching create_batch_test_erp_data(::Int64)
  The function `create_batch_test_erp_data` exists, but no method is defined for this combination of argument types.
  
  Closest candidates are:
    create_batch_test_erp_data(; n_conditions, fs, n_channels, seed)
     @ Main ~/Documents/Julia/EegFun.jl/test/test_utils.jl:143
  
  Stacktrace:
    [1] macro expansion
      @ ~/Documents/Julia/EegFun.jl/test/automatic/filter.jl:169 [inlined]
    [2] macro expansion
      @ ~/.julia/juliaup/julia-1.12.4+0.x64.linux.gnu/share/julia/stdlib/v1.12/Test/src/Test.jl:1776 [inlined]
    [3] macro expansion
      @ ~/Documents/Julia/EegFun.jl/test/automatic/filter.jl:168 [inlined]
    [4] macro expansion
      @ ~/.julia/juliaup/julia-1.12.4+0.x64.linux.gnu/share/julia/stdlib/v1.12/Test/src/Test.jl:1776 [inlined]
    [5] top-level scope
      @ ~/Documents/Julia/EegFun.jl/test/automatic/filter.jl:163
    [6] include(mapexpr::Function, mod::Module, _path::String)
      @ Base ./Base.jl:307
    [7] top-level scope
      @ ~/Documents/Julia/EegFun.jl/test/runtests.jl:22
    [8] macro expansion
      @ ~/.julia/juliaup/julia-1.12.4+0.x64.linux.gnu/share/julia/stdlib/v1.12/Test/src/Test.jl:1776 [inlined]
    [9] macro expansion
      @ ~/Documents/Julia/EegFun.jl/test/runtests.jl:38 [inlined]
   [10] include(mod::Module, _path::String)
      @ Base ./Base.jl:306
   [11] exec_options(opts::Base.JLOptions)
      @ Base ./client.jl:317
   [12] _start()
      @ Base ./client.jl:550
[ Info: Batch lowpass filtering started at 2026-01-27T08:56:37.128
[ Info:   cutoff: 30.0 Hz
[ Warning: No JLD2 files found matching pattern 'erps' in /tmp/jl_sGm98s
Basic filtering: Test Failed at /home/ian/Documents/Julia/EegFun.jl/test/automatic/filter.jl:183
  Expression: result !== nothing
   Evaluated: nothing !== nothing

Stacktrace:
 [1] macro expansion
   @ ~/.julia/juliaup/julia-1.12.4+0.x64.linux.gnu/share/julia/stdlib/v1.12/Test/src/Test.jl:680 [inlined]
 [2] macro expansion
   @ ~/Documents/Julia/EegFun.jl/test/automatic/filter.jl:183 [inlined]
 [3] macro expansion
   @ ~/.julia/juliaup/julia-1.12.4+0.x64.linux.gnu/share/julia/stdlib/v1.12/Test/src/Test.jl:1776 [inlined]
 [4] macro expansion
   @ ~/Documents/Julia/EegFun.jl/test/automatic/filter.jl:178 [inlined]
 [5] macro expansion
   @ ~/.julia/juliaup/julia-1.12.4+0.x64.linux.gnu/share/julia/stdlib/v1.12/Test/src/Test.jl:1776 [inlined]
 [6] top-level scope
   @ ~/Documents/Julia/EegFun.jl/test/automatic/filter.jl:163
Basic filtering: Error During Test at /home/ian/Documents/Julia/EegFun.jl/test/automatic/filter.jl:184
  Test threw exception
  Expression: result.success == 2
  FieldError: type Nothing has no field `success`; Nothing has no fields at all.
  Stacktrace:
   [1] getproperty(x::Nothing, f::Symbol)
     @ Base ./Base_compiler.jl:54
   [2] macro expansion
     @ ~/.julia/juliaup/julia-1.12.4+0.x64.linux.gnu/share/julia/stdlib/v1.12/Test/src/Test.jl:677 [inlined]
   [3] macro expansion
     @ ~/Documents/Julia/EegFun.jl/test/automatic/filter.jl:184 [inlined]
   [4] macro expansion
     @ ~/.julia/juliaup/julia-1.12.4+0.x64.linux.gnu/share/julia/stdlib/v1.12/Test/src/Test.jl:1776 [inlined]
   [5] macro expansion
     @ ~/Documents/Julia/EegFun.jl/test/automatic/filter.jl:178 [inlined]
   [6] macro expansion
     @ ~/.julia/juliaup/julia-1.12.4+0.x64.linux.gnu/share/julia/stdlib/v1.12/Test/src/Test.jl:1776 [inlined]
   [7] top-level scope
     @ ~/Documents/Julia/EegFun.jl/test/automatic/filter.jl:163
Basic filtering: Error During Test at /home/ian/Documents/Julia/EegFun.jl/test/automatic/filter.jl:185
  Test threw exception
  Expression: result.errors == 0
  FieldError: type Nothing has no field `errors`; Nothing has no fields at all.
  Stacktrace:
   [1] getproperty(x::Nothing, f::Symbol)
     @ Base ./Base_compiler.jl:54
   [2] macro expansion
     @ ~/.julia/juliaup/julia-1.12.4+0.x64.linux.gnu/share/julia/stdlib/v1.12/Test/src/Test.jl:677 [inlined]
   [3] macro expansion
     @ ~/Documents/Julia/EegFun.jl/test/automatic/filter.jl:185 [inlined]
   [4] macro expansion
     @ ~/.julia/juliaup/julia-1.12.4+0.x64.linux.gnu/share/julia/stdlib/v1.12/Test/src/Test.jl:1776 [inlined]
   [5] macro expansion
     @ ~/Documents/Julia/EegFun.jl/test/automatic/filter.jl:178 [inlined]
   [6] macro expansion
     @ ~/.julia/juliaup/julia-1.12.4+0.x64.linux.gnu/share/julia/stdlib/v1.12/Test/src/Test.jl:1776 [inlined]
   [7] top-level scope
     @ ~/Documents/Julia/EegFun.jl/test/automatic/filter.jl:163
Basic filtering: Test Failed at /home/ian/Documents/Julia/EegFun.jl/test/automatic/filter.jl:189
  Expression: isfile(joinpath(output_dir, "1_erps.jld2"))

Stacktrace:
 [1] macro expansion
   @ ~/.julia/juliaup/julia-1.12.4+0.x64.linux.gnu/share/julia/stdlib/v1.12/Test/src/Test.jl:680 [inlined]
 [2] macro expansion
   @ ~/Documents/Julia/EegFun.jl/test/automatic/filter.jl:189 [inlined]
 [3] macro expansion
   @ ~/.julia/juliaup/julia-1.12.4+0.x64.linux.gnu/share/julia/stdlib/v1.12/Test/src/Test.jl:1776 [inlined]
 [4] macro expansion
   @ ~/Documents/Julia/EegFun.jl/test/automatic/filter.jl:178 [inlined]
 [5] macro expansion
   @ ~/.julia/juliaup/julia-1.12.4+0.x64.linux.gnu/share/julia/stdlib/v1.12/Test/src/Test.jl:1776 [inlined]
 [6] top-level scope
   @ ~/Documents/Julia/EegFun.jl/test/automatic/filter.jl:163
Basic filtering: Test Failed at /home/ian/Documents/Julia/EegFun.jl/test/automatic/filter.jl:190
  Expression: isfile(joinpath(output_dir, "2_erps.jld2"))

Stacktrace:
 [1] macro expansion
   @ ~/.julia/juliaup/julia-1.12.4+0.x64.linux.gnu/share/julia/stdlib/v1.12/Test/src/Test.jl:680 [inlined]
 [2] macro expansion
   @ ~/Documents/Julia/EegFun.jl/test/automatic/filter.jl:190 [inlined]
 [3] macro expansion
   @ ~/.julia/juliaup/julia-1.12.4+0.x64.linux.gnu/share/julia/stdlib/v1.12/Test/src/Test.jl:1776 [inlined]
 [4] macro expansion
   @ ~/Documents/Julia/EegFun.jl/test/automatic/filter.jl:178 [inlined]
 [5] macro expansion
   @ ~/.julia/juliaup/julia-1.12.4+0.x64.linux.gnu/share/julia/stdlib/v1.12/Test/src/Test.jl:1776 [inlined]
 [6] top-level scope
   @ ~/Documents/Julia/EegFun.jl/test/automatic/filter.jl:163
Basic filtering: Error During Test at /home/ian/Documents/Julia/EegFun.jl/test/automatic/filter.jl:177
  Got exception outside of a @test
  ArgumentError: No file exists at given path: /tmp/jl_sGm98s/filtered_output/1_erps.jld2
  Stacktrace:
    [1] checkpath_load
      @ ~/.julia/packages/FileIO/EI2b8/src/loadsave.jl:167 [inlined]
    [2] load(file::String, args::String; options::@Kwargs{})
      @ FileIO ~/.julia/packages/FileIO/EI2b8/src/loadsave.jl:110
    [3] load(file::String, args::String)
      @ FileIO ~/.julia/packages/FileIO/EI2b8/src/loadsave.jl:109
    [4] macro expansion
      @ ~/Documents/Julia/EegFun.jl/test/automatic/filter.jl:193 [inlined]
    [5] macro expansion
      @ ~/.julia/juliaup/julia-1.12.4+0.x64.linux.gnu/share/julia/stdlib/v1.12/Test/src/Test.jl:1776 [inlined]
    [6] macro expansion
      @ ~/Documents/Julia/EegFun.jl/test/automatic/filter.jl:178 [inlined]
    [7] macro expansion
      @ ~/.julia/juliaup/julia-1.12.4+0.x64.linux.gnu/share/julia/stdlib/v1.12/Test/src/Test.jl:1776 [inlined]
    [8] top-level scope
      @ ~/Documents/Julia/EegFun.jl/test/automatic/filter.jl:163
    [9] include(mapexpr::Function, mod::Module, _path::String)
      @ Base ./Base.jl:307
   [10] top-level scope
      @ ~/Documents/Julia/EegFun.jl/test/runtests.jl:22
   [11] macro expansion
      @ ~/.julia/juliaup/julia-1.12.4+0.x64.linux.gnu/share/julia/stdlib/v1.12/Test/src/Test.jl:1776 [inlined]
   [12] macro expansion
      @ ~/Documents/Julia/EegFun.jl/test/runtests.jl:38 [inlined]
   [13] include(mod::Module, _path::String)
      @ Base ./Base.jl:306
   [14] exec_options(opts::Base.JLOptions)
      @ Base ./client.jl:317
   [15] _start()
      @ Base ./client.jl:550
[ Info: Batch lowpass filtering started at 2026-01-27T08:56:37.163
[ Info:   cutoff: 30.0 Hz
[ Warning: No JLD2 files found matching pattern 'erps' in /tmp/jl_sGm98s
Filter specific participants: Error During Test at /home/ian/Documents/Julia/EegFun.jl/test/automatic/filter.jl:214
  Test threw exception
  Expression: result.success == 1
  FieldError: type Nothing has no field `success`; Nothing has no fields at all.
  Stacktrace:
   [1] getproperty(x::Nothing, f::Symbol)
     @ Base ./Base_compiler.jl:54
   [2] macro expansion
     @ ~/.julia/juliaup/julia-1.12.4+0.x64.linux.gnu/share/julia/stdlib/v1.12/Test/src/Test.jl:677 [inlined]
   [3] macro expansion
     @ ~/Documents/Julia/EegFun.jl/test/automatic/filter.jl:214 [inlined]
   [4] macro expansion
     @ ~/.julia/juliaup/julia-1.12.4+0.x64.linux.gnu/share/julia/stdlib/v1.12/Test/src/Test.jl:1776 [inlined]
   [5] macro expansion
     @ ~/Documents/Julia/EegFun.jl/test/automatic/filter.jl:204 [inlined]
   [6] macro expansion
     @ ~/.julia/juliaup/julia-1.12.4+0.x64.linux.gnu/share/julia/stdlib/v1.12/Test/src/Test.jl:1776 [inlined]
   [7] top-level scope
     @ ~/Documents/Julia/EegFun.jl/test/automatic/filter.jl:163
Filter specific participants: Error During Test at /home/ian/Documents/Julia/EegFun.jl/test/automatic/filter.jl:215
  Test threw exception
  Expression: result.errors == 0
  FieldError: type Nothing has no field `errors`; Nothing has no fields at all.
  Stacktrace:
   [1] getproperty(x::Nothing, f::Symbol)
     @ Base ./Base_compiler.jl:54
   [2] macro expansion
     @ ~/.julia/juliaup/julia-1.12.4+0.x64.linux.gnu/share/julia/stdlib/v1.12/Test/src/Test.jl:677 [inlined]
   [3] macro expansion
     @ ~/Documents/Julia/EegFun.jl/test/automatic/filter.jl:215 [inlined]
   [4] macro expansion
     @ ~/.julia/juliaup/julia-1.12.4+0.x64.linux.gnu/share/julia/stdlib/v1.12/Test/src/Test.jl:1776 [inlined]
   [5] macro expansion
     @ ~/Documents/Julia/EegFun.jl/test/automatic/filter.jl:204 [inlined]
   [6] macro expansion
     @ ~/.julia/juliaup/julia-1.12.4+0.x64.linux.gnu/share/julia/stdlib/v1.12/Test/src/Test.jl:1776 [inlined]
   [7] top-level scope
     @ ~/Documents/Julia/EegFun.jl/test/automatic/filter.jl:163
Filter specific participants: Test Failed at /home/ian/Documents/Julia/EegFun.jl/test/automatic/filter.jl:216
  Expression: isfile(joinpath(output_dir, "1_erps.jld2"))

Stacktrace:
 [1] macro expansion
   @ ~/.julia/juliaup/julia-1.12.4+0.x64.linux.gnu/share/julia/stdlib/v1.12/Test/src/Test.jl:680 [inlined]
 [2] macro expansion
   @ ~/Documents/Julia/EegFun.jl/test/automatic/filter.jl:216 [inlined]
 [3] macro expansion
   @ ~/.julia/juliaup/julia-1.12.4+0.x64.linux.gnu/share/julia/stdlib/v1.12/Test/src/Test.jl:1776 [inlined]
 [4] macro expansion
   @ ~/Documents/Julia/EegFun.jl/test/automatic/filter.jl:204 [inlined]
 [5] macro expansion
   @ ~/.julia/juliaup/julia-1.12.4+0.x64.linux.gnu/share/julia/stdlib/v1.12/Test/src/Test.jl:1776 [inlined]
 [6] top-level scope
   @ ~/Documents/Julia/EegFun.jl/test/automatic/filter.jl:163
[ Info: Batch lowpass filtering started at 2026-01-27T08:56:37.194
[ Info:   cutoff: 30.0 Hz
[ Warning: No JLD2 files found matching pattern 'erps' in /tmp/jl_sGm98s
Filter specific conditions: Error During Test at /home/ian/Documents/Julia/EegFun.jl/test/automatic/filter.jl:231
  Test threw exception
  Expression: result.success == 2
  FieldError: type Nothing has no field `success`; Nothing has no fields at all.
  Stacktrace:
   [1] getproperty(x::Nothing, f::Symbol)
     @ Base ./Base_compiler.jl:54
   [2] macro expansion
     @ ~/.julia/juliaup/julia-1.12.4+0.x64.linux.gnu/share/julia/stdlib/v1.12/Test/src/Test.jl:677 [inlined]
   [3] macro expansion
     @ ~/Documents/Julia/EegFun.jl/test/automatic/filter.jl:231 [inlined]
   [4] macro expansion
     @ ~/.julia/juliaup/julia-1.12.4+0.x64.linux.gnu/share/julia/stdlib/v1.12/Test/src/Test.jl:1776 [inlined]
   [5] macro expansion
     @ ~/Documents/Julia/EegFun.jl/test/automatic/filter.jl:221 [inlined]
   [6] macro expansion
     @ ~/.julia/juliaup/julia-1.12.4+0.x64.linux.gnu/share/julia/stdlib/v1.12/Test/src/Test.jl:1776 [inlined]
   [7] top-level scope
     @ ~/Documents/Julia/EegFun.jl/test/automatic/filter.jl:163
Filter specific conditions: Error During Test at /home/ian/Documents/Julia/EegFun.jl/test/automatic/filter.jl:220
  Got exception outside of a @test
  ArgumentError: No file exists at given path: /tmp/jl_sGm98s/filtered_condition/1_erps.jld2
  Stacktrace:
    [1] checkpath_load
      @ ~/.julia/packages/FileIO/EI2b8/src/loadsave.jl:167 [inlined]
    [2] load(file::String, args::String; options::@Kwargs{})
      @ FileIO ~/.julia/packages/FileIO/EI2b8/src/loadsave.jl:110
    [3] load(file::String, args::String)
      @ FileIO ~/.julia/packages/FileIO/EI2b8/src/loadsave.jl:109
    [4] macro expansion
      @ ~/Documents/Julia/EegFun.jl/test/automatic/filter.jl:234 [inlined]
    [5] macro expansion
      @ ~/.julia/juliaup/julia-1.12.4+0.x64.linux.gnu/share/julia/stdlib/v1.12/Test/src/Test.jl:1776 [inlined]
    [6] macro expansion
      @ ~/Documents/Julia/EegFun.jl/test/automatic/filter.jl:221 [inlined]
    [7] macro expansion
      @ ~/.julia/juliaup/julia-1.12.4+0.x64.linux.gnu/share/julia/stdlib/v1.12/Test/src/Test.jl:1776 [inlined]
    [8] top-level scope
      @ ~/Documents/Julia/EegFun.jl/test/automatic/filter.jl:163
    [9] include(mapexpr::Function, mod::Module, _path::String)
      @ Base ./Base.jl:307
   [10] top-level scope
      @ ~/Documents/Julia/EegFun.jl/test/runtests.jl:22
   [11] macro expansion
      @ ~/.julia/juliaup/julia-1.12.4+0.x64.linux.gnu/share/julia/stdlib/v1.12/Test/src/Test.jl:1776 [inlined]
   [12] macro expansion
      @ ~/Documents/Julia/EegFun.jl/test/runtests.jl:38 [inlined]
   [13] include(mod::Module, _path::String)
      @ Base ./Base.jl:306
   [14] exec_options(opts::Base.JLOptions)
      @ Base ./client.jl:317
   [15] _start()
      @ Base ./client.jl:550
[ Info: Batch highpass filtering started at 2026-01-27T08:56:37.212
[ Info:   cutoff: 1.0 Hz
[ Warning: No JLD2 files found matching pattern 'erps' in /tmp/jl_sGm98s
High-pass filter: Error During Test at /home/ian/Documents/Julia/EegFun.jl/test/automatic/filter.jl:244
  Test threw exception
  Expression: result.success == 2
  FieldError: type Nothing has no field `success`; Nothing has no fields at all.
  Stacktrace:
   [1] getproperty(x::Nothing, f::Symbol)
     @ Base ./Base_compiler.jl:54
   [2] macro expansion
     @ ~/.julia/juliaup/julia-1.12.4+0.x64.linux.gnu/share/julia/stdlib/v1.12/Test/src/Test.jl:677 [inlined]
   [3] macro expansion
     @ ~/Documents/Julia/EegFun.jl/test/automatic/filter.jl:244 [inlined]
   [4] macro expansion
     @ ~/.julia/juliaup/julia-1.12.4+0.x64.linux.gnu/share/julia/stdlib/v1.12/Test/src/Test.jl:1776 [inlined]
   [5] macro expansion
     @ ~/Documents/Julia/EegFun.jl/test/automatic/filter.jl:240 [inlined]
   [6] macro expansion
     @ ~/.julia/juliaup/julia-1.12.4+0.x64.linux.gnu/share/julia/stdlib/v1.12/Test/src/Test.jl:1776 [inlined]
   [7] top-level scope
     @ ~/Documents/Julia/EegFun.jl/test/automatic/filter.jl:163
High-pass filter: Error During Test at /home/ian/Documents/Julia/EegFun.jl/test/automatic/filter.jl:245
  Test threw exception
  Expression: result.errors == 0
  FieldError: type Nothing has no field `errors`; Nothing has no fields at all.
  Stacktrace:
   [1] getproperty(x::Nothing, f::Symbol)
     @ Base ./Base_compiler.jl:54
   [2] macro expansion
     @ ~/.julia/juliaup/julia-1.12.4+0.x64.linux.gnu/share/julia/stdlib/v1.12/Test/src/Test.jl:677 [inlined]
   [3] macro expansion
     @ ~/Documents/Julia/EegFun.jl/test/automatic/filter.jl:245 [inlined]
   [4] macro expansion
     @ ~/.julia/juliaup/julia-1.12.4+0.x64.linux.gnu/share/julia/stdlib/v1.12/Test/src/Test.jl:1776 [inlined]
   [5] macro expansion
     @ ~/Documents/Julia/EegFun.jl/test/automatic/filter.jl:240 [inlined]
   [6] macro expansion
     @ ~/.julia/juliaup/julia-1.12.4+0.x64.linux.gnu/share/julia/stdlib/v1.12/Test/src/Test.jl:1776 [inlined]
   [7] top-level scope
     @ ~/Documents/Julia/EegFun.jl/test/automatic/filter.jl:163
High-pass filter: Error During Test at /home/ian/Documents/Julia/EegFun.jl/test/automatic/filter.jl:239
  Got exception outside of a @test
  ArgumentError: No file exists at given path: /tmp/jl_sGm98s/filtered_hp/1_erps.jld2
  Stacktrace:
    [1] checkpath_load
      @ ~/.julia/packages/FileIO/EI2b8/src/loadsave.jl:167 [inlined]
    [2] load(file::String, args::String; options::@Kwargs{})
      @ FileIO ~/.julia/packages/FileIO/EI2b8/src/loadsave.jl:110
    [3] load(file::String, args::String)
      @ FileIO ~/.julia/packages/FileIO/EI2b8/src/loadsave.jl:109
    [4] macro expansion
      @ ~/Documents/Julia/EegFun.jl/test/automatic/filter.jl:248 [inlined]
    [5] macro expansion
      @ ~/.julia/juliaup/julia-1.12.4+0.x64.linux.gnu/share/julia/stdlib/v1.12/Test/src/Test.jl:1776 [inlined]
    [6] macro expansion
      @ ~/Documents/Julia/EegFun.jl/test/automatic/filter.jl:240 [inlined]
    [7] macro expansion
      @ ~/.julia/juliaup/julia-1.12.4+0.x64.linux.gnu/share/julia/stdlib/v1.12/Test/src/Test.jl:1776 [inlined]
    [8] top-level scope
      @ ~/Documents/Julia/EegFun.jl/test/automatic/filter.jl:163
    [9] include(mapexpr::Function, mod::Module, _path::String)
      @ Base ./Base.jl:307
   [10] top-level scope
      @ ~/Documents/Julia/EegFun.jl/test/runtests.jl:22
   [11] macro expansion
      @ ~/.julia/juliaup/julia-1.12.4+0.x64.linux.gnu/share/julia/stdlib/v1.12/Test/src/Test.jl:1776 [inlined]
   [12] macro expansion
      @ ~/Documents/Julia/EegFun.jl/test/runtests.jl:38 [inlined]
   [13] include(mod::Module, _path::String)
      @ Base ./Base.jl:306
   [14] exec_options(opts::Base.JLOptions)
      @ Base ./client.jl:317
   [15] _start()
      @ Base ./client.jl:550
[ Info: Batch lowpass filtering started at 2026-01-27T08:56:37.288
[ Info:   cutoff: 30.0 Hz
[ Error: Error: Input directory does not exist: /nonexistent/path
[ Info: Batch lowpass filtering started at 2026-01-27T08:56:37.289
[ Info:   cutoff: -10.0 Hz
[ Error: Error: Cutoff frequency must be positive, got: -10.0
[ Info: Batch lowpass filtering started at 2026-01-27T08:56:37.298
[ Info:   cutoff: 30.0 Hz
[ Warning: No JLD2 files found matching pattern 'nonexistent_pattern' in /tmp/jl_sGm98s
[ Info: Batch lowpass filtering started at 2026-01-27T08:56:37.298
[ Info:   cutoff: 30.0 Hz
[ Warning: No JLD2 files found matching pattern 'erps' in /tmp/jl_sGm98s
[ Info: Batch lowpass filtering started at 2026-01-27T08:56:37.310
[ Info:   cutoff: 30.0 Hz
[ Warning: No JLD2 files found matching pattern 'erps' in /tmp/jl_sGm98s
Multiple participants filter: Error During Test at /home/ian/Documents/Julia/EegFun.jl/test/automatic/filter.jl:300
  Test threw exception
  Expression: result.success == 2
  FieldError: type Nothing has no field `success`; Nothing has no fields at all.
  Stacktrace:
   [1] getproperty(x::Nothing, f::Symbol)
     @ Base ./Base_compiler.jl:54
   [2] macro expansion
     @ ~/.julia/juliaup/julia-1.12.4+0.x64.linux.gnu/share/julia/stdlib/v1.12/Test/src/Test.jl:677 [inlined]
   [3] macro expansion
     @ ~/Documents/Julia/EegFun.jl/test/automatic/filter.jl:300 [inlined]
   [4] macro expansion
     @ ~/.julia/juliaup/julia-1.12.4+0.x64.linux.gnu/share/julia/stdlib/v1.12/Test/src/Test.jl:1776 [inlined]
   [5] macro expansion
     @ ~/Documents/Julia/EegFun.jl/test/automatic/filter.jl:289 [inlined]
   [6] macro expansion
     @ ~/.julia/juliaup/julia-1.12.4+0.x64.linux.gnu/share/julia/stdlib/v1.12/Test/src/Test.jl:1776 [inlined]
   [7] top-level scope
     @ ~/Documents/Julia/EegFun.jl/test/automatic/filter.jl:163
Multiple participants filter: Error During Test at /home/ian/Documents/Julia/EegFun.jl/test/automatic/filter.jl:301
  Test threw exception
  Expression: result.errors == 0
  FieldError: type Nothing has no field `errors`; Nothing has no fields at all.
  Stacktrace:
   [1] getproperty(x::Nothing, f::Symbol)
     @ Base ./Base_compiler.jl:54
   [2] macro expansion
     @ ~/.julia/juliaup/julia-1.12.4+0.x64.linux.gnu/share/julia/stdlib/v1.12/Test/src/Test.jl:677 [inlined]
   [3] macro expansion
     @ ~/Documents/Julia/EegFun.jl/test/automatic/filter.jl:301 [inlined]
   [4] macro expansion
     @ ~/.julia/juliaup/julia-1.12.4+0.x64.linux.gnu/share/julia/stdlib/v1.12/Test/src/Test.jl:1776 [inlined]
   [5] macro expansion
     @ ~/Documents/Julia/EegFun.jl/test/automatic/filter.jl:289 [inlined]
   [6] macro expansion
     @ ~/.julia/juliaup/julia-1.12.4+0.x64.linux.gnu/share/julia/stdlib/v1.12/Test/src/Test.jl:1776 [inlined]
   [7] top-level scope
     @ ~/Documents/Julia/EegFun.jl/test/automatic/filter.jl:163
Multiple participants filter: Test Failed at /home/ian/Documents/Julia/EegFun.jl/test/automatic/filter.jl:302
  Expression: isfile(joinpath(output_dir, "1_erps.jld2"))

Stacktrace:
 [1] macro expansion
   @ ~/.julia/juliaup/julia-1.12.4+0.x64.linux.gnu/share/julia/stdlib/v1.12/Test/src/Test.jl:680 [inlined]
 [2] macro expansion
   @ ~/Documents/Julia/EegFun.jl/test/automatic/filter.jl:302 [inlined]
 [3] macro expansion
   @ ~/.julia/juliaup/julia-1.12.4+0.x64.linux.gnu/share/julia/stdlib/v1.12/Test/src/Test.jl:1776 [inlined]
 [4] macro expansion
   @ ~/Documents/Julia/EegFun.jl/test/automatic/filter.jl:289 [inlined]
 [5] macro expansion
   @ ~/.julia/juliaup/julia-1.12.4+0.x64.linux.gnu/share/julia/stdlib/v1.12/Test/src/Test.jl:1776 [inlined]
 [6] top-level scope
   @ ~/Documents/Julia/EegFun.jl/test/automatic/filter.jl:163
Multiple participants filter: Test Failed at /home/ian/Documents/Julia/EegFun.jl/test/automatic/filter.jl:303
  Expression: isfile(joinpath(output_dir, "2_erps.jld2"))

Stacktrace:
 [1] macro expansion
   @ ~/.julia/juliaup/julia-1.12.4+0.x64.linux.gnu/share/julia/stdlib/v1.12/Test/src/Test.jl:680 [inlined]
 [2] macro expansion
   @ ~/Documents/Julia/EegFun.jl/test/automatic/filter.jl:303 [inlined]
 [3] macro expansion
   @ ~/.julia/juliaup/julia-1.12.4+0.x64.linux.gnu/share/julia/stdlib/v1.12/Test/src/Test.jl:1776 [inlined]
 [4] macro expansion
   @ ~/Documents/Julia/EegFun.jl/test/automatic/filter.jl:289 [inlined]
 [5] macro expansion
   @ ~/.julia/juliaup/julia-1.12.4+0.x64.linux.gnu/share/julia/stdlib/v1.12/Test/src/Test.jl:1776 [inlined]
 [6] top-level scope
   @ ~/Documents/Julia/EegFun.jl/test/automatic/filter.jl:163
[ Info: Batch lowpass filtering started at 2026-01-27T08:56:37.341
[ Info:   cutoff: 30.0 Hz
[ Warning: No JLD2 files found matching pattern 'erps' in /tmp/jl_sGm98s
Multiple conditions filter: Error During Test at /home/ian/Documents/Julia/EegFun.jl/test/automatic/filter.jl:318
  Test threw exception
  Expression: result.success == 2
  FieldError: type Nothing has no field `success`; Nothing has no fields at all.
  Stacktrace:
   [1] getproperty(x::Nothing, f::Symbol)
     @ Base ./Base_compiler.jl:54
   [2] macro expansion
     @ ~/.julia/juliaup/julia-1.12.4+0.x64.linux.gnu/share/julia/stdlib/v1.12/Test/src/Test.jl:677 [inlined]
   [3] macro expansion
     @ ~/Documents/Julia/EegFun.jl/test/automatic/filter.jl:318 [inlined]
   [4] macro expansion
     @ ~/.julia/juliaup/julia-1.12.4+0.x64.linux.gnu/share/julia/stdlib/v1.12/Test/src/Test.jl:1776 [inlined]
   [5] macro expansion
     @ ~/Documents/Julia/EegFun.jl/test/automatic/filter.jl:307 [inlined]
   [6] macro expansion
     @ ~/.julia/juliaup/julia-1.12.4+0.x64.linux.gnu/share/julia/stdlib/v1.12/Test/src/Test.jl:1776 [inlined]
   [7] top-level scope
     @ ~/Documents/Julia/EegFun.jl/test/automatic/filter.jl:163
Multiple conditions filter: Error During Test at /home/ian/Documents/Julia/EegFun.jl/test/automatic/filter.jl:306
  Got exception outside of a @test
[ Info: Rereference channels: avg (Ch1, Ch2, Ch3)
[ Info: Repaired channel Ch3 using weighted neighbor interpolation with neighbors: [:Ch1, :Ch2, :Ch4]
[ Info: Rereference channels: avg (Ch1, Ch2, Ch3)
[ Info: Rereference channels: avg (Ch1, Ch2, Ch3)
[ Info: Running ICA: 3 channels x 1000 samples -> 2 components
[ Info: subset_layout!: Subset layout from 3 to 3 channels
[ Info: Random sample: 1000 of 1000 (100.0%)
[ Info: Infomax step 1, change = 0.4145009, lrate = 0.0010000, angle = 0.0
[ Info: Infomax step 10, change = 0.0007937, lrate = 0.0006561, angle = 46.1
[ Info: Infomax step 20, change = 0.0003312, lrate = 0.0005314, angle = 56.8
[ Info: Infomax step 30, change = 0.0000737, lrate = 0.0004305, angle = 41.2
[ Info: Infomax step 40, change = 0.0000161, lrate = 0.0002824, angle = 72.2
[ Info: Infomax step 50, change = 0.0000029, lrate = 0.0001668, angle = 21.6
[ Info: Infomax step 60, change = 0.0000027, lrate = 0.0001094, angle = 108.7
[ Info: Rereference channels: avg (Ch1, Ch2, Ch3)
[ Info: Running ICA: 3 channels x 1000 samples -> 2 components
[ Info: subset_layout!: Subset layout from 3 to 3 channels
[ Info: Random sample: 1000 of 1000 (100.0%)
[ Info: Infomax step 1, change = 0.4011027, lrate = 0.0010000, angle = 0.0
[ Info: Infomax step 10, change = 0.0017154, lrate = 0.0006561, angle = 42.2
[ Info: Infomax step 20, change = 0.0028929, lrate = 0.0006561, angle = 29.8
[ Info: Infomax step 30, change = 0.0013723, lrate = 0.0006561, angle = 31.2
[ Info: Infomax step 40, change = 0.0003493, lrate = 0.0004783, angle = 58.6
[ Info: Infomax step 50, change = 0.0000734, lrate = 0.0004305, angle = 43.1
[ Info: Infomax step 60, change = 0.0000185, lrate = 0.0002288, angle = 83.9
[ Info: Infomax step 70, change = 0.0000013, lrate = 0.0000985, angle = 66.5
[ Info: Running ICA: 3 channels x 1000 samples -> 2 components
[ Info: subset_layout!: Subset layout from 3 to 3 channels
[ Info: Random sample: 1000 of 1000 (100.0%)
[ Info: Infomax step 1, change = 0.3688591, lrate = 0.0010000, angle = 0.0
[ Info: Infomax step 10, change = 0.0016723, lrate = 0.0006561, angle = 17.9
[ Info: Infomax step 20, change = 0.0061823, lrate = 0.0006561, angle = 29.2
[ Info: Infomax step 30, change = 0.0021463, lrate = 0.0006561, angle = 39.2
[ Info: Infomax step 40, change = 0.0002456, lrate = 0.0004305, angle = 110.0
[ Info: Infomax step 50, change = 0.0000080, lrate = 0.0002059, angle = 93.8
[ Info: Rereference channels: avg (Ch1, Ch2, Ch3)
[ Info: Rereference channels: avg (Ch1, Ch2, Ch3)
[ Info: Running ICA: 3 channels x 1000 samples -> 2 components
[ Info: subset_layout!: Subset layout from 3 to 3 channels
[ Info: Random sample: 1000 of 1000 (100.0%)
[ Info: Infomax step 1, change = 0.4451913, lrate = 0.0010000, angle = 0.0
[ Info: Infomax step 10, change = 0.0020951, lrate = 0.0009000, angle = 57.5
[ Info: Infomax step 20, change = 0.0002483, lrate = 0.0005314, angle = 83.1
[ Info: Infomax step 30, change = 0.0000431, lrate = 0.0002824, angle = 67.3
[ Info: Infomax step 40, change = 0.0000123, lrate = 0.0001668, angle = 52.0
[ Info: Running ICA: 3 channels x 1000 samples -> 2 components
[ Info: subset_layout!: Subset layout from 3 to 3 channels
[ Info: Random sample: 1000 of 1000 (100.0%)
[ Info: Infomax step 1, change = 0.4451913, lrate = 0.0010000, angle = 0.0
[ Info: Infomax step 10, change = 0.0020951, lrate = 0.0009000, angle = 57.5
[ Info: Infomax step 20, change = 0.0002483, lrate = 0.0005314, angle = 83.1
[ Info: Infomax step 30, change = 0.0000431, lrate = 0.0002824, angle = 67.3
[ Info: Infomax step 40, change = 0.0000123, lrate = 0.0001668, angle = 52.0
[ Info: Running ICA: 3 channels x 1000 samples -> 2 components
[ Info: subset_layout!: Subset layout from 3 to 3 channels
[ Info: Random sample: 1000 of 1000 (100.0%)
[ Info: Infomax step 1, change = 0.3750513, lrate = 0.0010000, angle = 0.0
[ Info: Infomax step 10, change = 0.0072258, lrate = 0.0009000, angle = 49.1
[ Info: Infomax step 20, change = 0.0017618, lrate = 0.0009000, angle = 12.3
[ Info: Infomax step 30, change = 0.0000951, lrate = 0.0004783, angle = 55.9
[ Info: Infomax step 40, change = 0.0000080, lrate = 0.0002059, angle = 85.9
[ Info: Infomax step 50, change = 0.0000035, lrate = 0.0001351, angle = 101.9
[ Info: Detecting EOG onsets in channel Ch2 with stepsize criterion 75 μV
[ Error: Error: No channels selected for extreme value detection
[ Error: Error: No channels selected for extreme value detection
[ Error: Error: threshold must be greater than 0
[ Info: Detecting EOG onsets in channel NonExistentChannel with stepsize criterion 20 μV
[ Error: Error: channel NonExistentChannel not found in data
[ Error: Error: No channels selected for extreme value detection
[ Error: Error: No channels selected for extreme value detection
[ Error: Error: No channels selected for extreme value detection
[ Info: Detecting EOG onsets in channel Ch2 with stepsize criterion 20 μV
[ Info: Detecting EOG onsets in channel vEOG with stepsize criterion 50.0 μV
[ Info: Detecting EOG onsets in channel hEOG with stepsize criterion 30.0 μV
[ Error: Error: No channels selected for extreme value detection
[ Error: Error: No epochs selected for extreme value detection
[ Info: --------------------------------
[ Info: Condition: 1 (condition_1) - Detecting bad epochs
[ Info: Selected channels: Ch1, Ch2, Ch3
[ Info: --------------------------------
[ Info: Condition: 1 (condition_1) - Detecting bad epochs
[ Info: Selected channels: Ch1, Ch2, Ch3
[ Info: --------------------------------
[ Info: Condition: 1 (condition_1) - Detecting bad epochs
[ Info: Selected channels: Ch1, Ch2, Ch3
[ Info: --------------------------------
[ Info: Condition: 1 (condition_1) - Detecting bad epochs
[ Info: Selected channels: Ch1, Ch2, Ch3
[ Info: --------------------------------
[ Info: Condition: 1 (condition_1) - Detecting bad epochs
[ Error: Error: One of z_criterion or abs_criterion must be > 0
[ Info: --------------------------------
[ Info: Condition: 1 (condition_1) - Detecting bad epochs
[ Error: Error: Z-criterion must be non-negative
[ Info: --------------------------------
[ Info: Condition: 1 (condition_1) - Detecting bad epochs
[ Error: Error: Absolute criterion must be non-negative
[ Info: --------------------------------
[ Info: Condition: 1 (condition_1) - Detecting bad epochs
[ Error: Error: Invalid measures: [:invalid_measure].
[ Info: --------------------------------
[ Info: Condition: 1 (condition_1) - Detecting bad epochs
[ Info: Selected channels: []
[ Error: Error: No channels selected for epoch rejection
[ Info: --------------------------------
[ Info: Condition: 1 (condition_1) - Detecting bad epochs
[ Info: Selected channels: Ch1, Ch2
[ Info: --------------------------------
[ Info: Condition: 1 (condition_1) - Detecting bad epochs
[ Info: Selected channels: Ch1, Ch2
[ Info: --------------------------------
[ Info: Condition: 1 (condition_1) - Detecting bad epochs
[ Info: Selected channels: Ch1, Ch2
[ Info: --------------------------------
[ Info: Condition: 1 (condition_1) - Detecting bad epochs
[ Info: Selected channels: Ch1, Ch2
[ Info: --------------------------------
[ Info: Condition: 1 (condition_1) - Detecting bad epochs
[ Info: Selected channels: Ch1, Ch2
[ Info: --------------------------------
[ Info: Condition: 1 (condition_1) - Detecting bad epochs
[ Info: Selected channels: Ch1, Ch2
[ Info: --------------------------------
[ Info: Condition: 1 (condition_1) - Detecting bad epochs
[ Info: Selected channels: Ch1, Ch2
[ Info: --------------------------------
[ Info: Condition: 1 (condition_1) - Detecting bad epochs
[ Info: Selected channels: Ch1, Ch2
[ Info: --------------------------------
[ Info: Condition: 1 (condition_1) - Detecting bad epochs
[ Info: Selected channels: Ch1, Ch2, Ch3
[ Info: --------------------------------
[ Info: Condition: 1 (condition_1) - Detecting bad epochs
[ Info: Selected channels: Ch1, Ch2
[ Info: --------------------------------
[ Info: Condition: 1 (condition_1) - Detecting bad epochs
[ Info: Selected channels: Ch1, Ch2
[ Info: --------------------------------
[ Info: Condition: 1 (condition_1) - Detecting bad epochs
[ Info: Selected channels: Ch1, Ch2, Ch3, Ch4
[ Info: Epoch 4: Cannot repair channel Ch4 (fewer than 2 neighbors)
[ Info: --------------------------------
[ Info: Condition: 1 (condition_1) - Detecting bad epochs
[ Info: Selected channels: Ch1, Ch2, Ch3, Ch4
[ Info: --------------------------------
[ Info: Condition: 1 (condition_1) - Detecting bad epochs
[ Info: Selected channels: Ch1, Ch2, Ch3, Ch4
[ Info: --------------------------------
[ Info: Condition: 1 (condition_1) - Detecting bad epochs
[ Info: Selected channels: Ch1, Ch2, Ch3
[ Info: --------------------------------
[ Info: Condition: 1 (condition_1) - Repairing artifacts using method: neighbor_interpolation
[ Info: Epoch 2: Repairing channels [:Ch1] using neighbor interpolation
[ Info: Repaired channel Ch1 using weighted neighbor interpolation with neighbors: [:Ch2, :Ch3]
[ Info: 
[ Info: --------------------------------
[ Info: Condition: 1 (condition_1) - Detecting bad epochs
[ Info: Selected channels: Ch1, Ch2, Ch3
[ Info: --------------------------------
[ Info: Condition: 1 (condition_1) - Repairing artifacts using method: neighbor_interpolation
[ Info: Epoch 2: Repairing channels [:Ch1] using neighbor interpolation
[ Info: Repaired channel Ch1 using weighted neighbor interpolation with neighbors: [:Ch2, :Ch3]
[ Info: 
[ Info: --------------------------------
[ Info: Condition: 1 (condition_1) - Detecting bad epochs
[ Info: Selected channels: Ch1, Ch2, Ch3
[ Info: --------------------------------
[ Info: Condition: 1 (condition_1) - Detecting bad epochs
[ Info: Selected channels: Ch1, Ch2, Ch3
[ Info: --------------------------------
[ Info: Condition: 1 (condition_1) - Repairing artifacts using method: neighbor_interpolation
[ Info: Epoch 2: Repairing channels [:Ch1] using neighbor interpolation
[ Info: Repaired channel Ch1 using weighted neighbor interpolation with neighbors: [:Ch2, :Ch3]
[ Info: 
[ Info: --------------------------------
[ Info: Condition: 1 (condition_1) - Repairing artifacts using method: neighbor_interpolation
[ Info: Epoch 2: Repairing channels [:Ch1] using neighbor interpolation
[ Info: Repaired channel Ch1 using weighted neighbor interpolation with neighbors: [:Ch2, :Ch3]
[ Info: 
[ Info: --------------------------------
[ Info: Condition: 1 (condition_1) - Detecting bad epochs
[ Info: Selected channels: Ch1, Ch2, Ch3
[ Info: --------------------------------
[ Info: Condition: 1 (condition_1) - Detecting bad epochs
[ Info: Selected channels: Ch1, Ch2, Ch3
[ Info: --------------------------------
[ Info: Condition: 1 (condition_1) - Repairing artifacts using method: neighbor_interpolation
[ Info: Epoch 1: Repairing channels [:Ch1] using neighbor interpolation
[ Info: Repaired channel Ch1 using weighted neighbor interpolation with neighbors: [:Ch2, :Ch3]
[ Info: 
[ Info: --------------------------------
[ Info: Condition: 1 (condition_1) - Detecting bad epochs
[ Info: Selected channels: Ch1, Ch2, Ch3
[ Info: Detecting EOG onsets in channel Ch2 with stepsize criterion 75 μV
[ Info: Detecting EOG onsets in channel Ch2 with stepsize criterion 75 μV
[ Info: --------------------------------
[ Info: Condition: 1 (condition_1) - Detecting bad epochs
[ Info: Selected channels: Ch1, Ch2
[ Info: --------------------------------
[ Info: Condition: 1 (condition_1) - Detecting bad epochs
[ Info: Selected channels: Ch1, Ch2
[ Info: --------------------------------
[ Info: Condition: 1 (condition_1) - Detecting bad epochs
[ Info: Selected channels: Ch1, Ch2
[ Info: --------------------------------
[ Info: Condition: 1 (condition_1) - Detecting bad epochs
[ Info: Selected channels: Ch1, Ch2
[ Info: Epoch 1: Cannot repair channel Ch1 (fewer than 2 neighbors)
[ Info: Applying baseline correction to 3 channels over interval: 1 to 1
[ Info: Applying baseline correction to 3 channels over interval: 1 to 1
[ Info: Applying baseline correction to 3 channels over interval: 1 to 6
[ Info: Applying baseline correction to 3 channels over interval: 1 to 6
[ Info: Applying baseline correction to 3 channels over interval: 1 to 1
[ Info: Applying baseline correction to 3 channels over interval: 1 to 3
[ Info: Applying baseline correction to 3 channels over interval: 1 to 1
[ Info: Applying baseline correction to 3 channels over interval: 1 to 1
[ Info: Applying baseline correction to 3 channels over interval: 4 to 4
[ Info: Applying baseline correction to 3 channels over interval: 4 to 4
[ Info: Applying baseline correction to 3 channels over interval: 4 to 4
[ Info: Applying baseline correction to 3 channels over interval: 4 to 4
[ Info: Applying baseline correction to 2 channels over interval: 1 to 5
[ Info: Applying baseline correction to 1 channels over interval: 1 to 5
[ Warning: No channels selected for baseline correction
[ Info: Applying baseline correction to 1 channels over interval: 1 to 5
[ Info: channel_average!: Ch1, Ch2 → :Ch1_Ch2
[ Info: Converting polar coordinates to 3D Cartesian coordinates
[ Info: Channel sets: [:Ch1] vs. [:Ch2] -> Ch1_minus_Ch2
[ Info: Channel sets: [:Ch1, :Ch2] vs. [:Ch3] -> Ch1_Ch2_minus_Ch3
[ Info: Channel sets: [:Ch1, :Ch2] vs. [:Ch3] -> out
[ Info: Channel sets: [:Ch1] vs. [:Ch3] -> out
[ Info: Channel sets: [:Ch2] vs. [:Ch1] -> X
[ Warning: Overwriting existing channel 'X'
[ Info: Channel sets: [:Ch1] vs. [:Ch2] -> diff
[ Info: Channel sets: [:Ch3] vs. [:Ch2] -> Ch3_minus_Ch2
[ Info: Channel sets: [:Ch1] vs. [:Ch2] -> Ch1_minus_Ch2
[ Info: Channel sets: [:Ch2] vs. [:Ch1] -> Ch2_minus_Ch1
[ Info: Channel sets: [:Ch1, :Ch2, :Ch3] vs. [:Ch1, :Ch2, :Ch3] -> diff
[ Error: Error: No channels selected for correlation matrix
[ Info: channel_joint_probability: Computing probability for channels Ch1, Ch2, Ch3, Ch4, Ch5, ..., Ch96, Ch97, Ch98, Ch99, Ch100
[ Info: channel_joint_probability: Computing probability for channels Ch1, Ch2, Ch3, Ch4, Ch5, ..., Ch96, Ch97, Ch98, Ch99, Ch100
[ Info: channel_joint_probability: Computing probability for channels Ch1, Ch2
[ Error: Error: No channels selected for joint probability calculation
[ Info: channel_joint_probability: Computing probability for channels Ch1, Ch2, Ch3
[ Info: channel_joint_probability: Computing probability for channels Ch1, Ch2, Ch3, Ch4, Ch5
[ Info: channel_joint_probability: Computing probability for channels Ch1, Ch2, Ch3, Ch4, Ch5, extra_ch
[ Info: channel_joint_probability: Computing probability for channels Ch1, Ch2, Ch3, Ch4, Ch5
[ Info: channel_joint_probability: Computing probability for channels Ch1, Ch2, Ch3, Ch4, Ch5
[ Info: channel_joint_probability: Computing probability for channels Ch1, Ch2, Ch3, Ch4, Ch5
[ Error: Error: No channels selected for first channel set
[ Error: Error: No channels selected for second channel set
[ Error: Error: No numeric columns found for z-score calculation
[ Warning: No EOG channels provided to partition_channels_by_eog_correlation.
[ Info: Calculating 3D neighbours with distance criterion 0.5
[ Info: Repaired channel Ch2 using weighted neighbor interpolation with neighbors: [:Ch1, :Ch3, :Ch4]
[ Info: Repaired channel Ch2 using spherical spline interpolation
[ Info: Calculating 3D neighbours with distance criterion 0.5
[ Info: Repaired channel Ch2 using weighted neighbor interpolation with neighbors: [:Ch1, :Ch3, :Ch4]
[ Info: Calculating 3D neighbours with distance criterion 0.5
[ Info: Repaired channel Ch2 using weighted neighbor interpolation with neighbors: [:Ch1, :Ch3, :Ch4]
[ Info: Repaired channel Ch2 using weighted neighbor interpolation with neighbors: [:Ch1, :Ch3, :Ch4]
[ Info: Repaired channel Ch2 using weighted neighbor interpolation with neighbors: [:Ch1, :Ch3, :Ch4]
[ Info: Repaired channel Ch2 using spherical spline interpolation
[ Info: Repaired channel Ch2 using spherical spline interpolation
[ Info: Repaired channel Ch2 using spherical spline interpolation
[ Info: Calculating 3D neighbours with distance criterion 0.5
[ Info: Repaired channel Ch2 using weighted neighbor interpolation with neighbors: [:Ch1, :Ch3, :Ch4]
[ Info: Repaired channel Ch3 using weighted neighbor interpolation with neighbors: [:Ch1, :Ch2, :Ch4]
[ Info: Repaired channel Ch2 using spherical spline interpolation
[ Info: Calculating 3D neighbours with distance criterion 0.5
[ Info: Repaired channel Ch2 using weighted neighbor interpolation with neighbors: [:Ch1, :Ch3, :Ch4]
[ Error: Error: No samples selected for channel summary
[ Error: Error: No channels selected for channel summary
[ Error: Error: Channels not found in data: [:NonExistent]
[ Error: Error: Invalid sample indices: [3000]
[ Error: Error: Invalid sample indices: [0]
[ Error: Error: Cannot compute channel summary: data is empty
[ Error: Error: Cannot compute channel summary: no epochs in data
[ Info: Loading config file: /home/ian/Documents/Julia/EegFun.jl/test/automatic/../../src/config/default.toml
[ Info: Loading config file: /tmp/jl_SECSmL/valid_config.toml
[ Info: Loading config file: /tmp/jl_SECSmL/nested_config.toml
[ Error: Error: Configuration file not found: nonexistent_file.toml
[ Info: Loading config file: /tmp/jl_SECSmL/invalid.toml
[ Error: Error: Error parsing TOML file: Base.TOML.ParserError(Base.TOML.ErrInvalidBareKeyCharacter, '\n', "[section\nkey = value\n", "/tmp/jl_SECSmL/invalid.toml", 2, 0, 9, Dict{String, Any}())
[ Info: Loading config file: /tmp/jl_SECSmL/invalid_values.toml
[ Error: Error: preprocess.filter.highpass.freq (-5.0) must be >= 0.01
[ Info: Loading config file: /tmp/jl_SECSmL/invalid_type.toml
[ Error: Error: preprocess.filter.highpass.freq must be a number, got String
[ Info: Loading config file: /tmp/jl_SECSmL/invalid_allowed.toml
[ Error: Error: preprocess.filter.highpass.type (invalid_type) must be one of: hp, lp
[ Info: Loading config file: /tmp/jl_SECSmL/min_boundary.toml
[ Info: Loading config file: /tmp/jl_SECSmL/max_boundary.toml
[ Info: Loading config file: /tmp/jl_SECSmL/conversion.toml
[ Info: Loading config file: /tmp/jl_SECSmL/empty.toml
[ Info: Loading config file: /tmp/jl_SECSmL/empty_sections.toml
[ Info: Loading config file: /tmp/jl_SECSmL/special_chars.toml
[ Info: Loading config file: /tmp/jl_SECSmL/array_config.toml
[ Info: Loading config file: /tmp/jl_SECSmL/bool_config.toml
[ Info: Loading config file: /tmp/jl_SECSmL/special_config.toml
[ Info: Loading config file: /tmp/jl_SECSmL/range_config.toml
[ Error: Error: preprocess.filter.highpass.freq (0.005) must be >= 0.01
[ Info: Loading config file: /tmp/jl_SECSmL/allowed_config.toml
[ Error: Error: preprocess.filter.highpass.method (invalid) must be one of: fir, iir
[ Info: Loading config file: /tmp/jl_SECSmL/type_config.toml
[ Error: Error: preprocess.filter.highpass.order must be a number, got String
[ Info: Loading config file: /tmp/jl_SECSmL/valid.toml
[ Info: Loading config file: /tmp/jl_SECSmL/invalid_value.toml
[ Error: Error: preprocess.filter.highpass.freq (-1.0) must be >= 0.01
[ Info: Loading config file: /tmp/jl_SECSmL/invalid_type.toml
[ Error: Error: preprocess.filter.highpass.order must be a number, got String
[ Info: Loading config file: /tmp/jl_SECSmL/custom.toml
[ Info: Loading config file: /tmp/jl_SECSmL/nested.toml
[ Info: Loading config file: /tmp/jl_SECSmL/range_config.toml
[ Error: Error: preprocess.filter.highpass.freq (0.005) must be >= 0.01
[ Info: Loading config file: /tmp/jl_SECSmL/allowed_config.toml
[ Error: Error: preprocess.filter.highpass.method (invalid) must be one of: fir, iir
[ Info: Loading config file: /tmp/jl_SECSmL/type_config.toml
[ Error: Error: preprocess.filter.highpass.order must be a number, got String
[ Info: Loading config file: /tmp/jl_SECSmL/optional.toml
[ Info: Starting config template generation
[ Info: Configuration template saved to: /tmp/jl_SECSmL/template.toml
[ Info: Starting config template generation
[ Info: Configuration template saved to: /tmp/jl_SECSmL/custom.toml
[ Info: Starting config template generation
[ Info: Configuration template saved to: /tmp/jl_SECSmL/custom_template.toml
[ Error: Error: Unknown group type: invalid
[ Warning: Channel NonExistent not found in data!
[ Warning: Channel Fz already specified!
[ Warning: Channel index 100 out of range (valid: 1:3)!
[ Warning: Channel NonExistent not found in data!
[ Warning: Channel Fz already specified!
[ Info: rename!: Renamed 2 channels
[ Info: rename_channel!: Renamed 2 channels in data and layout
[ Info: rename!: Renamed 2 channels
[ Info: rename_channel!: Renamed 2 channels in data and layout
┌ Info: 
│ 
│ ┌───────┬───────┐
│ │     A │     B │
│ │ Int64 │ Int64 │
│ ├───────┼───────┤
│ │     1 │     4 │
│ │     2 │     5 │
│ │     3 │     6 │
│ └───────┴───────┘
└ 
[ Info: subset_layout!: Subset layout from 2 to 1 channels
[ Info: subset_layout!: Subset layout from 2 to 1 channels
[ Info: subset_layout!: Subset layout from 2 to 1 channels
[ Info: subset_layout!: Subset layout from 2 to 2 channels
[ Info: subset_layout!: Subset layout from 2 to 2 channels
[ Error: Error: trigger_sequences must be specified for condition 'bad1'
[ Error: Error: Cannot specify both 'after' and 'before' constraints for condition 'bad2'
[ Error: Error: reference_index must be between 1 and 3 for condition 'bad3'
[ Error: Error: Both min_interval and max_interval must be specified when timing_pairs is specified for condition 'bad4'
[ Error: Error: Invalid trigger sequence format: invalid_string
[ Warning: Epoch 1 extends beyond data bounds (pre=-599, post=421, data_length=1000) - skipping
[ Warning: Epoch 2 extends beyond data bounds (pre=-249, post=771, data_length=1000) - skipping
[ Warning: Epoch 3 extends beyond data bounds (pre=-49, post=971, data_length=1000) - skipping
[ Warning: Epoch 1 extends beyond data bounds (pre=391, post=1400, data_length=1000) - skipping
[ Warning: Epoch 2 extends beyond data bounds (pre=741, post=1750, data_length=1000) - skipping
[ Warning: Epoch 3 extends beyond data bounds (pre=941, post=1950, data_length=1000) - skipping
[ Error: Error: First channel label not found in data
[ Info: Condition 20 (seq123) removed 1 of 3 epochs (33.3%)
[ Info: Condition 20 (seq123) removed 2 of 3 epochs (66.7%)
[ Error: Error: Column 'does_not_exist' not found in epoch data
[ Error: Error: Cannot remove bad epochs from empty EpochData
[ Warning: Trigger 999 not found in data
[ Warning: No triggers found for condition 'nomatch'
[ Info: Condition 1 (large) removed 1 of 3 epochs (33.3%)
[ Info: --------------------------------
[ Info: Condition: 1 (condition_1) - Detecting bad epochs
[ Error: Error: Invalid time window: start (0.2) must be <= end (0.1)
[ Warning: File not found: /tmp/jl_OiUTHi/nonexistent1.jld2
[ Warning: File not found: /tmp/jl_OiUTHi/nonexistent2.jld2
[ Warning: File not found: /tmp/jl_OiUTHi/nonexistent.jld2
[ Warning: No channels selected for highpass filtering
[ Info: --------------------------------------------------------------------------------
[ Info: Filter Characteristics: LP 40.0 Hz
[ Info: Cutoff: -3 dB = [38.81] Hz, -6 dB = [46.02] Hz
[ Info: Transition band: 4.0 Hz
[ Info: Stopband attenuation: -98.5 dB
[ Info: Single-pass characteristics: Group delay = 10.7 ms, Phase delay = 10.5 ms 
[ Info: Calculating Global Field Power (GFP)
[ Info: Using 5 channels for GFP calculation
[ Info: GFP calculation complete
[ Info: Calculating Global Field Power (GFP)
[ Info: Using 5 channels for GFP calculation
[ Info: GFP normalized to 0-100% range
[ Info: GFP calculation complete
[ Info: Calculating Global Field Power (GFP)
[ Info: Using 3 channels for GFP calculation
[ Info: GFP calculation complete
[ Info: Calculating Global Field Power (GFP)
[ Info: Using 5 channels for GFP calculation
[ Info: GFP calculation complete
[ Info: Calculating GFP for 3 dataset(s)
[ Info: Processing dataset 1/3
[ Info: Calculating Global Field Power (GFP)
[ Info: Using 5 channels for GFP calculation
[ Info: GFP calculation complete
[ Info: Processing dataset 2/3
[ Info: Calculating Global Field Power (GFP)
[ Info: Using 5 channels for GFP calculation
[ Info: GFP calculation complete
[ Info: Processing dataset 3/3
[ Info: Calculating Global Field Power (GFP)
[ Info: Using 5 channels for GFP calculation
[ Info: GFP calculation complete
[ Info: Calculating Global Field Power (GFP)
[ Info: Using 3 channels for GFP calculation
[ Info: GFP calculation complete
[ Info: Calculating Global Dissimilarity (GD)
[ Info: Using 5 channels for dissimilarity calculation
[ Info: Global Dissimilarity calculation complete
[ Info: Calculating Global Dissimilarity (GD)
[ Info: Using 5 channels for dissimilarity calculation
[ Info: Global Dissimilarity normalized to 0-100% range
[ Info: Global Dissimilarity calculation complete
[ Info: Calculating Global Dissimilarity for 3 dataset(s)
[ Info: Processing dataset 1/3
[ Info: Calculating Global Dissimilarity (GD)
[ Info: Using 5 channels for dissimilarity calculation
[ Info: Global Dissimilarity calculation complete
[ Info: Processing dataset 2/3
[ Info: Calculating Global Dissimilarity (GD)
[ Info: Using 5 channels for dissimilarity calculation
[ Info: Global Dissimilarity calculation complete
[ Info: Processing dataset 3/3
[ Info: Calculating Global Dissimilarity (GD)
[ Info: Using 5 channels for dissimilarity calculation
[ Info: Global Dissimilarity calculation complete
[ Info: Calculating Global Field Power and Global Dissimilarity
[ Info: Using 5 channels
[ Info: GFP and Global Dissimilarity calculation complete
[ Info: Calculating Global Field Power and Global Dissimilarity
[ Info: Using 5 channels
[ Info: GFP and Global Dissimilarity calculation complete
[ Info: Calculating Global Field Power and Global Dissimilarity
[ Info: Using 5 channels
[ Info: GFP and Global Dissimilarity calculation complete
[ Info: Calculating Global Field Power (GFP)
[ Info: Using 5 channels for GFP calculation
[ Info: GFP normalized to 0-100% range
[ Info: GFP calculation complete
[ Info: Calculating Global Dissimilarity (GD)
[ Info: Using 5 channels for dissimilarity calculation
[ Info: Global Dissimilarity normalized to 0-100% range
[ Info: Global Dissimilarity calculation complete
[ Info: Calculating GFP and Global Dissimilarity for 3 dataset(s)
[ Info: Processing dataset 1/3
[ Info: Calculating Global Field Power and Global Dissimilarity
[ Info: Using 5 channels
[ Info: GFP and Global Dissimilarity calculation complete
[ Info: Processing dataset 2/3
[ Info: Calculating Global Field Power and Global Dissimilarity
[ Info: Using 5 channels
[ Info: GFP and Global Dissimilarity calculation complete
[ Info: Processing dataset 3/3
[ Info: Calculating Global Field Power and Global Dissimilarity
[ Info: Using 5 channels
[ Info: GFP and Global Dissimilarity calculation complete
[ Info: Calculating Global Field Power (GFP)
[ Info: Using 5 channels for GFP calculation
[ Info: GFP normalized to 0-100% range
[ Info: GFP calculation complete
[ Info: Calculating Global Field Power (GFP)
[ Info: Using 5 channels for GFP calculation
[ Info: GFP normalized to 0-100% range
[ Info: GFP calculation complete
[ Info: Calculating Global Field Power and Global Dissimilarity
[ Info: Using 5 channels
[ Info: GFP and Global Dissimilarity calculation complete
[ Info: Calculating Global Field Power and Global Dissimilarity
[ Info: Using 5 channels
[ Info: GFP and Global Dissimilarity calculation complete
[ Info: Calculating Global Field Power (GFP)
[ Info: Using 5 channels for GFP calculation
[ Info: GFP normalized to 0-100% range
[ Info: GFP calculation complete
[ Info: Calculating Global Field Power (GFP)
[ Info: Using 5 channels for GFP calculation
[ Info: GFP normalized to 0-100% range
[ Info: GFP calculation complete
[ Info: Calculating Global Field Power (GFP)
[ Info: Using 5 channels for GFP calculation
[ Info: GFP normalized to 0-100% range
[ Info: GFP calculation complete
[ Info: Calculating Global Field Power (GFP)
[ Info: Using 5 channels for GFP calculation
[ Info: GFP normalized to 0-100% range
[ Info: GFP calculation complete
[ Info: Calculating Global Field Power and Global Dissimilarity
[ Info: Using 5 channels
[ Info: GFP and Global Dissimilarity calculation complete
[ Info: Calculating Global Field Power (GFP)
[ Info: Using 5 channels for GFP calculation
[ Info: GFP normalized to 0-100% range
[ Info: GFP calculation complete
[ Info: Calculating Global Field Power (GFP)
[ Info: Using 5 channels for GFP calculation
[ Info: GFP normalized to 0-100% range
[ Info: GFP calculation complete
[ Info: Calculating Global Field Power (GFP)
[ Info: Using 5 channels for GFP calculation
[ Info: GFP normalized to 0-100% range
[ Info: GFP calculation complete
[ Info: Calculating Global Field Power (GFP)
[ Info: Using 5 channels for GFP calculation
[ Info: GFP normalized to 0-100% range
[ Info: GFP calculation complete
[ Error: Error: DataFrame must have :time column
[ Info: Calculating Global Field Power (GFP)
[ Info: Using 3 channels for GFP calculation
[ Info: GFP calculation complete
[ Info: Calculating Global Field Power (GFP)
[ Info: Using 3 channels for GFP calculation
[ Info: GFP calculation complete
[ Info: Running ICA: 5 channels x 2000 samples -> 4 components
[ Info: subset_layout!: Subset layout from 5 to 5 channels
[ Info: Random sample: 2000 of 2000 (100.0%)
[ Info: Infomax step 1, change = 1.8579073, lrate = 0.0010000, angle = 0.0
[ Info: Infomax step 10, change = 0.0056204, lrate = 0.0004305, angle = 89.1
[ Info: Infomax step 20, change = 0.0005508, lrate = 0.0002542, angle = 69.2
[ Info: Infomax step 30, change = 0.0001097, lrate = 0.0001351, angle = 78.3
[ Info: Infomax step 40, change = 0.0000344, lrate = 0.0001094, angle = 50.4
[ Info: Infomax step 50, change = 0.0000110, lrate = 0.0000718, angle = 32.3
[ Info: Infomax step 60, change = 0.0000095, lrate = 0.0000718, angle = 25.3
[ Info: Infomax step 70, change = 0.0000091, lrate = 0.0000718, angle = 31.8
[ Info: Infomax step 80, change = 0.0000092, lrate = 0.0000718, angle = 53.2
[ Info: Infomax step 90, change = 0.0000078, lrate = 0.0000718, angle = 35.8
[ Info: Infomax step 100, change = 0.0000109, lrate = 0.0000718, angle = 53.7
[ Info: Infomax step 110, change = 0.0000033, lrate = 0.0000523, angle = 42.8
[ Info: Infomax step 120, change = 0.0000027, lrate = 0.0000523, angle = 45.5
[ Info: Infomax step 130, change = 0.0000017, lrate = 0.0000424, angle = 44.1
[ Info: Infomax step 140, change = 0.0000013, lrate = 0.0000382, angle = 43.9
[ Info: Infomax step 150, change = 0.0000012, lrate = 0.0000382, angle = 29.1
[ Info: Infomax step 160, change = 0.0000015, lrate = 0.0000382, angle = 30.3
[ Info: Infomax step 170, change = 0.0000011, lrate = 0.0000382, angle = 28.9
[ Info: Infomax step 180, change = 0.0000010, lrate = 0.0000382, angle = 42.6
[ Info: Running ICA: 5 channels x 2000 samples -> 3 components
[ Info: subset_layout!: Subset layout from 5 to 5 channels
[ Info: Random sample: 2000 of 2000 (100.0%)
[ Info: Infomax step 1, change = 1.3646913, lrate = 0.0010000, angle = 0.0
[ Info: Infomax step 10, change = 0.0020181, lrate = 0.0004305, angle = 72.4
[ Info: Infomax step 20, change = 0.0000977, lrate = 0.0001853, angle = 65.8
[ Info: Infomax step 30, change = 0.0000099, lrate = 0.0000985, angle = 40.3
[ Info: Infomax step 40, change = 0.0000035, lrate = 0.0000646, angle = 52.4
[ Info: Infomax step 50, change = 0.0000026, lrate = 0.0000646, angle = 42.9
[ Info: Infomax step 60, change = 0.0000025, lrate = 0.0000646, angle = 51.8
[ Info: Infomax step 70, change = 0.0000013, lrate = 0.0000523, angle = 26.5
[ Info: Infomax step 80, change = 0.0000013, lrate = 0.0000523, angle = 27.6
[ Warning: Requested 999 components but only 5 channels available. Using 4 components instead.
[ Info: Running ICA: 5 channels x 2000 samples -> 4 components
[ Info: subset_layout!: Subset layout from 5 to 5 channels
[ Info: Random sample: 2000 of 2000 (100.0%)
[ Info: Infomax step 1, change = 1.7286870, lrate = 0.0010000, angle = 0.0
[ Info: Infomax step 10, change = 0.0039829, lrate = 0.0004305, angle = 74.6
[ Info: Infomax step 20, change = 0.0004787, lrate = 0.0002059, angle = 72.9
[ Info: Infomax step 30, change = 0.0000767, lrate = 0.0001216, angle = 38.8
[ Info: Infomax step 40, change = 0.0000571, lrate = 0.0001216, angle = 51.9
[ Info: Infomax step 50, change = 0.0000370, lrate = 0.0000985, angle = 52.3
[ Info: Infomax step 60, change = 0.0000158, lrate = 0.0000886, angle = 41.5
[ Info: Infomax step 70, change = 0.0000122, lrate = 0.0000798, angle = 45.4
[ Info: Infomax step 80, change = 0.0000131, lrate = 0.0000798, angle = 30.6
  ArgumentError: No file exists at given path: /tmp/jl_sGm98s/filtered_multi_conditions/1_erps.jld2
  Stacktrace:
    [1] checkpath_load
      @ ~/.julia/packages/FileIO/EI2b8/src/loadsave.jl:167 [inlined]
    [2] load(file::String, args::String; options::@Kwargs{})
      @ FileIO ~/.julia/packages/FileIO/EI2b8/src/loadsave.jl:110
    [3] load(file::String, args::String)
      @ FileIO ~/.julia/packages/FileIO/EI2b8/src/loadsave.jl:109
    [4] macro expansion
      @ ~/Documents/Julia/EegFun.jl/test/automatic/filter.jl:321 [inlined]
    [5] macro expansion
      @ ~/.julia/juliaup/julia-1.12.4+0.x64.linux.gnu/share/julia/stdlib/v1.12/Test/src/Test.jl:1776 [inlined]
    [6] macro expansion
      @ ~/Documents/Julia/EegFun.jl/test/automatic/filter.jl:307 [inlined]
    [7] macro expansion
      @ ~/.julia/juliaup/julia-1.12.4+0.x64.linux.gnu/share/julia/stdlib/v1.12/Test/src/Test.jl:1776 [inlined]
    [8] top-level scope
      @ ~/Documents/Julia/EegFun.jl/test/automatic/filter.jl:163
    [9] include(mapexpr::Function, mod::Module, _path::String)
      @ Base ./Base.jl:307
   [10] top-level scope
      @ ~/Documents/Julia/EegFun.jl/test/runtests.jl:22
   [11] macro expansion
      @ ~/.julia/juliaup/julia-1.12.4+0.x64.linux.gnu/share/julia/stdlib/v1.12/Test/src/Test.jl:1776 [inlined]
   [12] macro expansion
      @ ~/Documents/Julia/EegFun.jl/test/runtests.jl:38 [inlined]
   [13] include(mod::Module, _path::String)
      @ Base ./Base.jl:306
   [14] exec_options(opts::Base.JLOptions)
      @ Base ./client.jl:317
   [15] _start()
      @ Base ./client.jl:550
EpochData support: Error During Test at /home/ian/Documents/Julia/EegFun.jl/test/automatic/filter.jl:327
  Got exception outside of a @test
  MethodError: no method matching create_test_epoch_data(; conditions::Int64)
  This method does not support all of the given keyword arguments (and may not support any).
  
  Closest candidates are:
    create_test_epoch_data(; n, fs, condition, n_epochs, n_channels, seed) got unsupported keyword argument "conditions"
     @ Main ~/Documents/Julia/EegFun.jl/test/test_utils.jl:77
  
  Stacktrace:
    [1] kwerr(kw::@NamedTuple{conditions::Int64}, args::Function)
      @ Base ./error.jl:175
    [2] macro expansion
      @ ~/Documents/Julia/EegFun.jl/test/automatic/filter.jl:336 [inlined]
    [3] macro expansion
      @ ~/.julia/juliaup/julia-1.12.4+0.x64.linux.gnu/share/julia/stdlib/v1.12/Test/src/Test.jl:1776 [inlined]
    [4] macro expansion
      @ ~/Documents/Julia/EegFun.jl/test/automatic/filter.jl:329 [inlined]
    [5] macro expansion
      @ ~/.julia/juliaup/julia-1.12.4+0.x64.linux.gnu/share/julia/stdlib/v1.12/Test/src/Test.jl:1776 [inlined]
    [6] top-level scope
      @ ~/Documents/Julia/EegFun.jl/test/automatic/filter.jl:163
    [7] include(mapexpr::Function, mod::Module, _path::String)
      @ Base ./Base.jl:307
    [8] top-level scope
      @ ~/Documents/Julia/EegFun.jl/test/runtests.jl:22
    [9] macro expansion
      @ ~/.julia/juliaup/julia-1.12.4+0.x64.linux.gnu/share/julia/stdlib/v1.12/Test/src/Test.jl:1776 [inlined]
   [10] macro expansion
      @ ~/Documents/Julia/EegFun.jl/test/runtests.jl:38 [inlined]
   [11] include(mod::Module, _path::String)
      @ Base ./Base.jl:306
   [12] exec_options(opts::Base.JLOptions)
      @ Base ./client.jl:317
   [13] _start()
      @ Base ./client.jl:550
[ Info: Batch lowpass filtering started at 2026-01-27T08:56:37.355
[ Info:   cutoff: 30.0 Hz
[ Warning: No JLD2 files found matching pattern 'erps' in /tmp/jl_sGm98s
Existing output directory: Error During Test at /home/ian/Documents/Julia/EegFun.jl/test/automatic/filter.jl:364
  Test threw exception
  Expression: result.success == 2
  FieldError: type Nothing has no field `success`; Nothing has no fields at all.
  Stacktrace:
   [1] getproperty(x::Nothing, f::Symbol)
     @ Base ./Base_compiler.jl:54
   [2] macro expansion
     @ ~/.julia/juliaup/julia-1.12.4+0.x64.linux.gnu/share/julia/stdlib/v1.12/Test/src/Test.jl:677 [inlined]
   [3] macro expansion
     @ ~/Documents/Julia/EegFun.jl/test/automatic/filter.jl:364 [inlined]
   [4] macro expansion
     @ ~/.julia/juliaup/julia-1.12.4+0.x64.linux.gnu/share/julia/stdlib/v1.12/Test/src/Test.jl:1776 [inlined]
   [5] macro expansion
     @ ~/Documents/Julia/EegFun.jl/test/automatic/filter.jl:354 [inlined]
   [6] macro expansion
     @ ~/.julia/juliaup/julia-1.12.4+0.x64.linux.gnu/share/julia/stdlib/v1.12/Test/src/Test.jl:1776 [inlined]
   [7] top-level scope
     @ ~/Documents/Julia/EegFun.jl/test/automatic/filter.jl:163
Existing output directory: Test Failed at /home/ian/Documents/Julia/EegFun.jl/test/automatic/filter.jl:366
  Expression: isfile(joinpath(output_dir, "1_erps.jld2"))

Stacktrace:
 [1] macro expansion
   @ ~/.julia/juliaup/julia-1.12.4+0.x64.linux.gnu/share/julia/stdlib/v1.12/Test/src/Test.jl:680 [inlined]
 [2] macro expansion
   @ ~/Documents/Julia/EegFun.jl/test/automatic/filter.jl:366 [inlined]
 [3] macro expansion
   @ ~/.julia/juliaup/julia-1.12.4+0.x64.linux.gnu/share/julia/stdlib/v1.12/Test/src/Test.jl:1776 [inlined]
 [4] macro expansion
   @ ~/Documents/Julia/EegFun.jl/test/automatic/filter.jl:354 [inlined]
 [5] macro expansion
   @ ~/.julia/juliaup/julia-1.12.4+0.x64.linux.gnu/share/julia/stdlib/v1.12/Test/src/Test.jl:1776 [inlined]
 [6] top-level scope
   @ ~/Documents/Julia/EegFun.jl/test/automatic/filter.jl:163
Partial failures: Error During Test at /home/ian/Documents/Julia/EegFun.jl/test/automatic/filter.jl:369
  Got exception outside of a @test
  MethodError: no method matching create_batch_test_erp_data(::Int64)
  The function `create_batch_test_erp_data` exists, but no method is defined for this combination of argument types.
  
  Closest candidates are:
    create_batch_test_erp_data(; n_conditions, fs, n_channels, seed)
     @ Main ~/Documents/Julia/EegFun.jl/test/test_utils.jl:143
  
  Stacktrace:
    [1] macro expansion
      @ ~/Documents/Julia/EegFun.jl/test/automatic/filter.jl:374 [inlined]
    [2] macro expansion
      @ ~/.julia/juliaup/julia-1.12.4+0.x64.linux.gnu/share/julia/stdlib/v1.12/Test/src/Test.jl:1776 [inlined]
    [3] macro expansion
      @ ~/Documents/Julia/EegFun.jl/test/automatic/filter.jl:370 [inlined]
    [4] macro expansion
      @ ~/.julia/juliaup/julia-1.12.4+0.x64.linux.gnu/share/julia/stdlib/v1.12/Test/src/Test.jl:1776 [inlined]
    [5] top-level scope
      @ ~/Documents/Julia/EegFun.jl/test/automatic/filter.jl:163
    [6] include(mapexpr::Function, mod::Module, _path::String)
      @ Base ./Base.jl:307
    [7] top-level scope
      @ ~/Documents/Julia/EegFun.jl/test/runtests.jl:22
    [8] macro expansion
      @ ~/.julia/juliaup/julia-1.12.4+0.x64.linux.gnu/share/julia/stdlib/v1.12/Test/src/Test.jl:1776 [inlined]
    [9] macro expansion
      @ ~/Documents/Julia/EegFun.jl/test/runtests.jl:38 [inlined]
   [10] include(mod::Module, _path::String)
      @ Base ./Base.jl:306
   [11] exec_options(opts::Base.JLOptions)
      @ Base ./client.jl:317
   [12] _start()
      @ Base ./client.jl:550
[ Info: Batch lowpass filtering started at 2026-01-27T08:56:37.364
[ Info:   cutoff: 30.0 Hz
[ Warning: No JLD2 files found matching pattern 'erps' in /tmp/jl_sGm98s
Condition out of range: Error During Test at /home/ian/Documents/Julia/EegFun.jl/test/automatic/filter.jl:403
  Test threw exception
  Expression: result.success == 2
  FieldError: type Nothing has no field `success`; Nothing has no fields at all.
  Stacktrace:
   [1] getproperty(x::Nothing, f::Symbol)
     @ Base ./Base_compiler.jl:54
   [2] macro expansion
     @ ~/.julia/juliaup/julia-1.12.4+0.x64.linux.gnu/share/julia/stdlib/v1.12/Test/src/Test.jl:677 [inlined]
   [3] macro expansion
     @ ~/Documents/Julia/EegFun.jl/test/automatic/filter.jl:403 [inlined]
   [4] macro expansion
     @ ~/.julia/juliaup/julia-1.12.4+0.x64.linux.gnu/share/julia/stdlib/v1.12/Test/src/Test.jl:1776 [inlined]
   [5] macro expansion
     @ ~/Documents/Julia/EegFun.jl/test/automatic/filter.jl:390 [inlined]
   [6] macro expansion
     @ ~/.julia/juliaup/julia-1.12.4+0.x64.linux.gnu/share/julia/stdlib/v1.12/Test/src/Test.jl:1776 [inlined]
   [7] top-level scope
     @ ~/Documents/Julia/EegFun.jl/test/automatic/filter.jl:163
Condition out of range: Error During Test at /home/ian/Documents/Julia/EegFun.jl/test/automatic/filter.jl:404
  Test threw exception
  Expression: result.errors == 0
  FieldError: type Nothing has no field `errors`; Nothing has no fields at all.
  Stacktrace:
   [1] getproperty(x::Nothing, f::Symbol)
     @ Base ./Base_compiler.jl:54
   [2] macro expansion
     @ ~/.julia/juliaup/julia-1.12.4+0.x64.linux.gnu/share/julia/stdlib/v1.12/Test/src/Test.jl:677 [inlined]
   [3] macro expansion
     @ ~/Documents/Julia/EegFun.jl/test/automatic/filter.jl:404 [inlined]
   [4] macro expansion
     @ ~/.julia/juliaup/julia-1.12.4+0.x64.linux.gnu/share/julia/stdlib/v1.12/Test/src/Test.jl:1776 [inlined]
   [5] macro expansion
     @ ~/Documents/Julia/EegFun.jl/test/automatic/filter.jl:390 [inlined]
   [6] macro expansion
     @ ~/.julia/juliaup/julia-1.12.4+0.x64.linux.gnu/share/julia/stdlib/v1.12/Test/src/Test.jl:1776 [inlined]
   [7] top-level scope
     @ ~/Documents/Julia/EegFun.jl/test/automatic/filter.jl:163
[ Info: Batch lowpass filtering started at 2026-01-27T08:56:37.371
[ Info:   cutoff: 30.0 Hz
[ Warning: No JLD2 files found matching pattern 'erps' in /tmp/jl_sGm98s/empty_match
[ Info: Batch lowpass filtering started at 2026-01-27T08:56:37.372
[ Info:   cutoff: 30.0 Hz
[ Warning: No JLD2 files found matching pattern 'erps' in /tmp/jl_sGm98s
Return value structure: Test Failed at /home/ian/Documents/Julia/EegFun.jl/test/automatic/filter.jl:423
  Expression: hasfield(typeof(result), :success)

Stacktrace:
 [1] macro expansion
   @ ~/.julia/juliaup/julia-1.12.4+0.x64.linux.gnu/share/julia/stdlib/v1.12/Test/src/Test.jl:680 [inlined]
 [2] macro expansion
   @ ~/Documents/Julia/EegFun.jl/test/automatic/filter.jl:423 [inlined]
 [3] macro expansion
   @ ~/.julia/juliaup/julia-1.12.4+0.x64.linux.gnu/share/julia/stdlib/v1.12/Test/src/Test.jl:1776 [inlined]
 [4] macro expansion
   @ ~/Documents/Julia/EegFun.jl/test/automatic/filter.jl:418 [inlined]
 [5] macro expansion
   @ ~/.julia/juliaup/julia-1.12.4+0.x64.linux.gnu/share/julia/stdlib/v1.12/Test/src/Test.jl:1776 [inlined]
 [6] top-level scope
   @ ~/Documents/Julia/EegFun.jl/test/automatic/filter.jl:163
Return value structure: Test Failed at /home/ian/Documents/Julia/EegFun.jl/test/automatic/filter.jl:424
  Expression: hasfield(typeof(result), :errors)

Stacktrace:
 [1] macro expansion
   @ ~/.julia/juliaup/julia-1.12.4+0.x64.linux.gnu/share/julia/stdlib/v1.12/Test/src/Test.jl:680 [inlined]
 [2] macro expansion
   @ ~/Documents/Julia/EegFun.jl/test/automatic/filter.jl:424 [inlined]
 [3] macro expansion
   @ ~/.julia/juliaup/julia-1.12.4+0.x64.linux.gnu/share/julia/stdlib/v1.12/Test/src/Test.jl:1776 [inlined]
 [4] macro expansion
   @ ~/Documents/Julia/EegFun.jl/test/automatic/filter.jl:418 [inlined]
 [5] macro expansion
   @ ~/.julia/juliaup/julia-1.12.4+0.x64.linux.gnu/share/julia/stdlib/v1.12/Test/src/Test.jl:1776 [inlined]
 [6] top-level scope
   @ ~/Documents/Julia/EegFun.jl/test/automatic/filter.jl:163
Return value structure: Error During Test at /home/ian/Documents/Julia/EegFun.jl/test/automatic/filter.jl:425
  Test threw exception
  Expression: result.success isa Integer
  FieldError: type Nothing has no field `success`; Nothing has no fields at all.
  Stacktrace:
   [1] getproperty(x::Nothing, f::Symbol)
     @ Base ./Base_compiler.jl:54
   [2] macro expansion
     @ ~/.julia/juliaup/julia-1.12.4+0.x64.linux.gnu/share/julia/stdlib/v1.12/Test/src/Test.jl:677 [inlined]
   [3] macro expansion
     @ ~/Documents/Julia/EegFun.jl/test/automatic/filter.jl:425 [inlined]
   [4] macro expansion
     @ ~/.julia/juliaup/julia-1.12.4+0.x64.linux.gnu/share/julia/stdlib/v1.12/Test/src/Test.jl:1776 [inlined]
   [5] macro expansion
     @ ~/Documents/Julia/EegFun.jl/test/automatic/filter.jl:418 [inlined]
   [6] macro expansion
     @ ~/.julia/juliaup/julia-1.12.4+0.x64.linux.gnu/share/julia/stdlib/v1.12/Test/src/Test.jl:1776 [inlined]
   [7] top-level scope
     @ ~/Documents/Julia/EegFun.jl/test/automatic/filter.jl:163
Return value structure: Error During Test at /home/ian/Documents/Julia/EegFun.jl/test/automatic/filter.jl:426
  Test threw exception
  Expression: result.errors isa Integer
  FieldError: type Nothing has no field `errors`; Nothing has no fields at all.
  Stacktrace:
   [1] getproperty(x::Nothing, f::Symbol)
     @ Base ./Base_compiler.jl:54
   [2] macro expansion
     @ ~/.julia/juliaup/julia-1.12.4+0.x64.linux.gnu/share/julia/stdlib/v1.12/Test/src/Test.jl:677 [inlined]
   [3] macro expansion
     @ ~/Documents/Julia/EegFun.jl/test/automatic/filter.jl:426 [inlined]
   [4] macro expansion
     @ ~/.julia/juliaup/julia-1.12.4+0.x64.linux.gnu/share/julia/stdlib/v1.12/Test/src/Test.jl:1776 [inlined]
   [5] macro expansion
     @ ~/Documents/Julia/EegFun.jl/test/automatic/filter.jl:418 [inlined]
   [6] macro expansion
     @ ~/.julia/juliaup/julia-1.12.4+0.x64.linux.gnu/share/julia/stdlib/v1.12/Test/src/Test.jl:1776 [inlined]
   [7] top-level scope
     @ ~/Documents/Julia/EegFun.jl/test/automatic/filter.jl:163
Return value structure: Error During Test at /home/ian/Documents/Julia/EegFun.jl/test/automatic/filter.jl:427
  Test threw exception
  Expression: result.success >= 0
  FieldError: type Nothing has no field `success`; Nothing has no fields at all.
  Stacktrace:
   [1] getproperty(x::Nothing, f::Symbol)
     @ Base ./Base_compiler.jl:54
   [2] macro expansion
     @ ~/.julia/juliaup/julia-1.12.4+0.x64.linux.gnu/share/julia/stdlib/v1.12/Test/src/Test.jl:677 [inlined]
   [3] macro expansion
     @ ~/Documents/Julia/EegFun.jl/test/automatic/filter.jl:427 [inlined]
   [4] macro expansion
     @ ~/.julia/juliaup/julia-1.12.4+0.x64.linux.gnu/share/julia/stdlib/v1.12/Test/src/Test.jl:1776 [inlined]
   [5] macro expansion
     @ ~/Documents/Julia/EegFun.jl/test/automatic/filter.jl:418 [inlined]
   [6] macro expansion
     @ ~/.julia/juliaup/julia-1.12.4+0.x64.linux.gnu/share/julia/stdlib/v1.12/Test/src/Test.jl:1776 [inlined]
   [7] top-level scope
     @ ~/Documents/Julia/EegFun.jl/test/automatic/filter.jl:163
Return value structure: Error During Test at /home/ian/Documents/Julia/EegFun.jl/test/automatic/filter.jl:428
  Test threw exception
  Expression: result.errors >= 0
  FieldError: type Nothing has no field `errors`; Nothing has no fields at all.
  Stacktrace:
   [1] getproperty(x::Nothing, f::Symbol)
     @ Base ./Base_compiler.jl:54
   [2] macro expansion
     @ ~/.julia/juliaup/julia-1.12.4+0.x64.linux.gnu/share/julia/stdlib/v1.12/Test/src/Test.jl:677 [inlined]
   [3] macro expansion
     @ ~/Documents/Julia/EegFun.jl/test/automatic/filter.jl:428 [inlined]
   [4] macro expansion
     @ ~/.julia/juliaup/julia-1.12.4+0.x64.linux.gnu/share/julia/stdlib/v1.12/Test/src/Test.jl:1776 [inlined]
   [5] macro expansion
     @ ~/Documents/Julia/EegFun.jl/test/automatic/filter.jl:418 [inlined]
   [6] macro expansion
     @ ~/.julia/juliaup/julia-1.12.4+0.x64.linux.gnu/share/julia/stdlib/v1.12/Test/src/Test.jl:1776 [inlined]
   [7] top-level scope
     @ ~/Documents/Julia/EegFun.jl/test/automatic/filter.jl:163
Return value structure: Error During Test at /home/ian/Documents/Julia/EegFun.jl/test/automatic/filter.jl:429
  Test threw exception
  Expression: result.success + result.errors == 2
  FieldError: type Nothing has no field `success`; Nothing has no fields at all.
  Stacktrace:
   [1] getproperty(x::Nothing, f::Symbol)
     @ Base ./Base_compiler.jl:54
   [2] macro expansion
     @ ~/.julia/juliaup/julia-1.12.4+0.x64.linux.gnu/share/julia/stdlib/v1.12/Test/src/Test.jl:677 [inlined]
   [3] macro expansion
     @ ~/Documents/Julia/EegFun.jl/test/automatic/filter.jl:429 [inlined]
   [4] macro expansion
     @ ~/.julia/juliaup/julia-1.12.4+0.x64.linux.gnu/share/julia/stdlib/v1.12/Test/src/Test.jl:1776 [inlined]
   [5] macro expansion
     @ ~/Documents/Julia/EegFun.jl/test/automatic/filter.jl:418 [inlined]
   [6] macro expansion
     @ ~/.julia/juliaup/julia-1.12.4+0.x64.linux.gnu/share/julia/stdlib/v1.12/Test/src/Test.jl:1776 [inlined]
   [7] top-level scope
     @ ~/Documents/Julia/EegFun.jl/test/automatic/filter.jl:163
Data integrity - frequency attenuation: Error During Test at /home/ian/Documents/Julia/EegFun.jl/test/automatic/filter.jl:432
  Got exception outside of a @test
  ArgumentError: No file exists at given path: /tmp/jl_sGm98s/1_erps.jld2
  Stacktrace:
    [1] checkpath_load
      @ ~/.julia/packages/FileIO/EI2b8/src/loadsave.jl:167 [inlined]
    [2] load(file::String, args::String; options::@Kwargs{})
      @ FileIO ~/.julia/packages/FileIO/EI2b8/src/loadsave.jl:110
    [3] load(file::String, args::String)
      @ FileIO ~/.julia/packages/FileIO/EI2b8/src/loadsave.jl:109
    [4] macro expansion
      @ ~/Documents/Julia/EegFun.jl/test/automatic/filter.jl:436 [inlined]
    [5] macro expansion
      @ ~/.julia/juliaup/julia-1.12.4+0.x64.linux.gnu/share/julia/stdlib/v1.12/Test/src/Test.jl:1776 [inlined]
    [6] macro expansion
      @ ~/Documents/Julia/EegFun.jl/test/automatic/filter.jl:433 [inlined]
    [7] macro expansion
      @ ~/.julia/juliaup/julia-1.12.4+0.x64.linux.gnu/share/julia/stdlib/v1.12/Test/src/Test.jl:1776 [inlined]
    [8] top-level scope
      @ ~/Documents/Julia/EegFun.jl/test/automatic/filter.jl:163
    [9] include(mapexpr::Function, mod::Module, _path::String)
      @ Base ./Base.jl:307
   [10] top-level scope
      @ ~/Documents/Julia/EegFun.jl/test/runtests.jl:22
   [11] macro expansion
      @ ~/.julia/juliaup/julia-1.12.4+0.x64.linux.gnu/share/julia/stdlib/v1.12/Test/src/Test.jl:1776 [inlined]
   [12] macro expansion
      @ ~/Documents/Julia/EegFun.jl/test/runtests.jl:38 [inlined]
   [13] include(mod::Module, _path::String)
      @ Base ./Base.jl:306
   [14] exec_options(opts::Base.JLOptions)
      @ Base ./client.jl:317
   [15] _start()
      @ Base ./client.jl:550
[ Info: Batch lowpass filtering started at 2026-01-27T08:56:37.411
[ Info:   cutoff: 30.0 Hz
[ Warning: No JLD2 files found matching pattern 'erps' in /tmp/jl_sGm98s
Combined filters: Error During Test at /home/ian/Documents/Julia/EegFun.jl/test/automatic/filter.jl:469
  Test threw exception
  Expression: result.success == 1
  FieldError: type Nothing has no field `success`; Nothing has no fields at all.
  Stacktrace:
   [1] getproperty(x::Nothing, f::Symbol)
     @ Base ./Base_compiler.jl:54
   [2] macro expansion
     @ ~/.julia/juliaup/julia-1.12.4+0.x64.linux.gnu/share/julia/stdlib/v1.12/Test/src/Test.jl:677 [inlined]
   [3] macro expansion
     @ ~/Documents/Julia/EegFun.jl/test/automatic/filter.jl:469 [inlined]
   [4] macro expansion
     @ ~/.julia/juliaup/julia-1.12.4+0.x64.linux.gnu/share/julia/stdlib/v1.12/Test/src/Test.jl:1776 [inlined]
   [5] macro expansion
     @ ~/Documents/Julia/EegFun.jl/test/automatic/filter.jl:457 [inlined]
   [6] macro expansion
     @ ~/.julia/juliaup/julia-1.12.4+0.x64.linux.gnu/share/julia/stdlib/v1.12/Test/src/Test.jl:1776 [inlined]
   [7] top-level scope
     @ ~/Documents/Julia/EegFun.jl/test/automatic/filter.jl:163
Combined filters: Error During Test at /home/ian/Documents/Julia/EegFun.jl/test/automatic/filter.jl:456
  Got exception outside of a @test
  ArgumentError: No file exists at given path: /tmp/jl_sGm98s/filtered_combined/1_erps.jld2
  Stacktrace:
    [1] checkpath_load
      @ ~/.julia/packages/FileIO/EI2b8/src/loadsave.jl:167 [inlined]
    [2] load(file::String, args::String; options::@Kwargs{})
      @ FileIO ~/.julia/packages/FileIO/EI2b8/src/loadsave.jl:110
    [3] load(file::String, args::String)
      @ FileIO ~/.julia/packages/FileIO/EI2b8/src/loadsave.jl:109
    [4] macro expansion
      @ ~/Documents/Julia/EegFun.jl/test/automatic/filter.jl:472 [inlined]
    [5] macro expansion
      @ ~/.julia/juliaup/julia-1.12.4+0.x64.linux.gnu/share/julia/stdlib/v1.12/Test/src/Test.jl:1776 [inlined]
    [6] macro expansion
      @ ~/Documents/Julia/EegFun.jl/test/automatic/filter.jl:457 [inlined]
    [7] macro expansion
      @ ~/.julia/juliaup/julia-1.12.4+0.x64.linux.gnu/share/julia/stdlib/v1.12/Test/src/Test.jl:1776 [inlined]
    [8] top-level scope
      @ ~/Documents/Julia/EegFun.jl/test/automatic/filter.jl:163
    [9] include(mapexpr::Function, mod::Module, _path::String)
      @ Base ./Base.jl:307
   [10] top-level scope
      @ ~/Documents/Julia/EegFun.jl/test/runtests.jl:22
   [11] macro expansion
      @ ~/.julia/juliaup/julia-1.12.4+0.x64.linux.gnu/share/julia/stdlib/v1.12/Test/src/Test.jl:1776 [inlined]
   [12] macro expansion
      @ ~/Documents/Julia/EegFun.jl/test/runtests.jl:38 [inlined]
   [13] include(mod::Module, _path::String)
      @ Base ./Base.jl:306
   [14] exec_options(opts::Base.JLOptions)
      @ Base ./client.jl:317
   [15] _start()
      @ Base ./client.jl:550
[ Info: Batch grand averaging started at 2026-01-27T08:56:45.343
[ Info: Function call: rand(rng)
[ Info: Found 4 JLD2 files matching pattern 'erps_cleaned'
[ Info: Loading: 1_erps_cleaned.jld2 (1/4)
[ Info: Loading: 2_erps_cleaned.jld2 (2/4)
[ Info: Loading: 3_erps_cleaned.jld2 (3/4)
[ Info: Loading: 4_erps_cleaned.jld2 (4/4)
[ Info: Found conditions: [1, 2, 3]
[ Info: Creating grand average for condition 1 (n=4 participants)
[ Info:   ✓ Created grand average with 2501 time points
[ Info: Creating grand average for condition 2 (n=4 participants)
[ Info:   ✓ Created grand average with 2501 time points
[ Info: Creating grand average for condition 3 (n=4 participants)
[ Info:   ✓ Created grand average with 2501 time points
[ Info: Grand averaging complete! Created 3 grand averages
[ Info: Output saved to: /tmp/jl_GILT9R/grand_average/grand_average_erps_cleaned.jld2
[ Info: Batch grand averaging started at 2026-01-27T08:56:45.827
[ Info: Function call: rand(rng)
[ Info: Found 3 JLD2 files matching pattern 'erps_cleaned'
[ Info: Loading: 1_erps_cleaned.jld2 (1/3)
[ Info: Loading: 2_erps_cleaned.jld2 (2/3)
[ Info: Loading: 3_erps_cleaned.jld2 (3/3)
[ Info: Found conditions: [1, 2, 3]
[ Info: Creating grand average for condition 1 (n=3 participants)
[ Info:   ✓ Created grand average with 2501 time points
[ Info: Creating grand average for condition 2 (n=3 participants)
[ Info:   ✓ Created grand average with 2501 time points
[ Info: Creating grand average for condition 3 (n=3 participants)
[ Info:   ✓ Created grand average with 2501 time points
[ Info: Grand averaging complete! Created 3 grand averages
[ Info: Output saved to: /tmp/jl_GILT9R/grand_average_filtered/grand_average_erps_cleaned.jld2
[ Info: Batch grand averaging started at 2026-01-27T08:56:46.005
[ Info: Function call: rand(rng)
[ Info: Found 4 JLD2 files matching pattern 'erps_cleaned'
[ Info: Loading: 1_erps_cleaned.jld2 (1/4)
[ Info: Loading: 2_erps_cleaned.jld2 (2/4)
[ Info: Loading: 3_erps_cleaned.jld2 (3/4)
[ Info: Loading: 4_erps_cleaned.jld2 (4/4)
[ Info: Found conditions: [1, 2]
[ Info: Creating grand average for condition 1 (n=4 participants)
[ Info:   ✓ Created grand average with 2501 time points
[ Info: Creating grand average for condition 2 (n=4 participants)
[ Info:   ✓ Created grand average with 2501 time points
[ Info: Grand averaging complete! Created 2 grand averages
[ Info: Output saved to: /tmp/jl_GILT9R/grand_average_conditions/grand_average_erps_cleaned.jld2
[ Info: Batch grand averaging started at 2026-01-27T08:56:46.100
[ Info: Function call: rand(rng)
[ Info: Found 2 JLD2 files matching pattern 'erps_cleaned'
[ Info: Loading: 1_erps_cleaned.jld2 (1/2)
[ Info: Loading: 2_erps_cleaned.jld2 (2/2)
[ Info: Found conditions: [1]
[ Info: Creating grand average for condition 1 (n=2 participants)
[ Info:   ✓ Created grand average with 2501 time points
[ Info: Grand averaging complete! Created 1 grand averages
[ Info: Output saved to: /tmp/jl_GILT9R/grand_average_verification/grand_average_erps_cleaned.jld2
[ Info: Batch grand averaging started at 2026-01-27T08:56:46.264
[ Info: Function call: rand(rng)
[ Error: Error: Input directory does not exist: /nonexistent/dir
[ Info: Batch grand averaging started at 2026-01-27T08:56:46.265
[ Info: Function call: rand(rng)
[ Error: Error: grand_average only works with ERP data. File pattern must contain 'erps', got: 'epochs_cleaned'
[ Info: Batch grand averaging started at 2026-01-27T08:56:46.267
[ Info: Function call: rand(rng)
[ Error: Error: grand_average only works with ERP data. File pattern must contain 'erps', got: 'nonexistent_pattern'
[ Info: Batch grand averaging started at 2026-01-27T08:56:46.285
[ Info: Function call: rand(rng)
[ Info:   No numeric participant ID found in filename, using hash: 3904
[ Warning: No JLD2 files found matching pattern 'erps_cleaned' in /tmp/jl_GILT9R
[ Info: Batch grand averaging started at 2026-01-27T08:56:46.288
[ Info: Function call: rand(rng)
[ Info:   No numeric participant ID found in filename, using hash: 3904
[ Info: Found 1 JLD2 files matching pattern 'erps_cleaned'
[ Info: Loading: 1_erps_cleaned.jld2 (1/1)
[ Info: Found conditions: [1, 2, 3]
[ Info: Creating grand average for condition 1 (n=1 participants)
[ Warning: Only 1 participant(s) for condition 1. Skipping grand average.
[ Info: Creating grand average for condition 2 (n=1 participants)
[ Warning: Only 1 participant(s) for condition 2. Skipping grand average.
[ Info: Creating grand average for condition 3 (n=1 participants)
[ Warning: Only 1 participant(s) for condition 3. Skipping grand average.
[ Warning: No grand averages created (insufficient participants for any condition)
[ Info: Batch grand averaging started at 2026-01-27T08:56:46.313
[ Info: Function call: rand(rng)
[ Info:   No numeric participant ID found in filename, using hash: 3904
[ Info: Found 3 JLD2 files matching pattern 'erps_cleaned'
[ Info: Loading: 1_erps_cleaned.jld2 (1/3)
[ Info: Loading: 2_erps_cleaned.jld2 (2/3)
[ Info: Loading: 5_erps_cleaned.jld2 (3/3)
[ Info: Found conditions: [1, 2, 3]
[ Info: Creating grand average for condition 1 (n=3 participants)
[ Info:   ✓ Created grand average with 2501 time points
[ Info: Creating grand average for condition 2 (n=3 participants)
[ Info:   ✓ Created grand average with 2501 time points
[ Info: Creating grand average for condition 3 (n=2 participants)
[ Info:   ✓ Created grand average with 2501 time points
[ Info: Grand averaging complete! Created 3 grand averages
[ Info: Output saved to: /tmp/jl_GILT9R/grand_average_insufficient/grand_average_erps_cleaned.jld2
[ Info: Batch grand averaging started at 2026-01-27T08:56:46.325
[ Info: Function call: rand(rng)
[ Info:   No numeric participant ID found in filename, using hash: 3415
[ Info:   No numeric participant ID found in filename, using hash: 3904
[ Warning: No JLD2 files found matching pattern 'erps_cleaned' in /tmp/jl_GILT9R
[ Info: Batch grand averaging started at 2026-01-27T08:56:46.327
[ Info: Function call: rand(rng)
[ Info:   No numeric participant ID found in filename, using hash: 3415
[ Info:   No numeric participant ID found in filename, using hash: 3904
[ Info: Found 2 JLD2 files matching pattern 'erps_cleaned'
[ Info: Loading: 1_erps_cleaned.jld2 (1/2)
[ Info: Loading: 2_erps_cleaned.jld2 (2/2)
[ Info: Found conditions: [1]
[ Info: Creating grand average for condition 1 (n=2 participants)
[ Info:   ✓ Created grand average with 2501 time points
[ Info: Grand averaging complete! Created 1 grand averages
[ Info: Output saved to: /tmp/jl_GILT9R/grand_average_structure/grand_average_erps_cleaned.jld2
[ Info: Batch grand averaging started at 2026-01-27T08:56:46.336
[ Info: Function call: rand(rng)
[ Info:   No numeric participant ID found in filename, using hash: 3415
[ Info:   No numeric participant ID found in filename, using hash: 3904
[ Info: Found 7 JLD2 files matching pattern 'erps_cleaned'
[ Info: Loading: 1_erps_cleaned.jld2 (1/7)
[ Info: Loading: 2_erps_cleaned.jld2 (2/7)
[ Info: Loading: 3_erps_cleaned.jld2 (3/7)
[ Info: Loading: 4_erps_cleaned.jld2 (4/7)
[ Info: Loading: 5_erps_cleaned.jld2 (5/7)
[ Info: Loading: empty_erps_cleaned.jld2 (6/7)
[ Info: Loading: no_erps_cleaned.jld2 (7/7)
[ Info: Found conditions: [1, 2, 3]
[ Info: Creating grand average for condition 1 (n=5 participants)
[ Info:   ✓ Created grand average with 2501 time points
[ Info: Creating grand average for condition 2 (n=5 participants)
[ Info:   ✓ Created grand average with 2501 time points
[ Info: Creating grand average for condition 3 (n=4 participants)
[ Info:   ✓ Created grand average with 2501 time points
[ Info: Grand averaging complete! Created 3 grand averages
[ Info: Output saved to: /tmp/jl_GILT9R/custom_grand_average/grand_average_erps_cleaned.jld2
[ Info: Batch grand averaging started at 2026-01-27T08:56:46.370
[ Info: Function call: rand(rng)
[ Info:   No numeric participant ID found in filename, using hash: 3415
[ Info:   No numeric participant ID found in filename, using hash: 3904
[ Info: Found 7 JLD2 files matching pattern 'erps_cleaned'
[ Info: Loading: 1_erps_cleaned.jld2 (1/7)
[ Info: Loading: 2_erps_cleaned.jld2 (2/7)
[ Info: Loading: 3_erps_cleaned.jld2 (3/7)
[ Info: Loading: 4_erps_cleaned.jld2 (4/7)
[ Info: Loading: 5_erps_cleaned.jld2 (5/7)
[ Info: Loading: empty_erps_cleaned.jld2 (6/7)
[ Info: Loading: no_erps_cleaned.jld2 (7/7)
[ Info: Found conditions: [1, 2, 3]
[ Info: Creating grand average for condition 1 (n=5 participants)
[ Info:   ✓ Created grand average with 2501 time points
[ Info: Creating grand average for condition 2 (n=5 participants)
[ Info:   ✓ Created grand average with 2501 time points
[ Info: Creating grand average for condition 3 (n=4 participants)
[ Info:   ✓ Created grand average with 2501 time points
[ Info: Grand averaging complete! Created 3 grand averages
[ Info: Output saved to: /tmp/jl_GILT9R/grand_average_erps_cleaned/grand_average_erps_cleaned.jld2
[ Info: Batch grand averaging started at 2026-01-27T08:56:46.382
[ Info: Function call: rand(rng)
[ Info:   No numeric participant ID found in filename, using hash: 3415
[ Info:   No numeric participant ID found in filename, using hash: 3904
[ Info: Found 7 JLD2 files matching pattern 'erps_cleaned'
[ Info: Loading: 1_erps_cleaned.jld2 (1/7)
[ Info: Loading: 2_erps_cleaned.jld2 (2/7)
[ Info: Loading: 3_erps_cleaned.jld2 (3/7)
[ Info: Loading: 4_erps_cleaned.jld2 (4/7)
[ Info: Loading: 5_erps_cleaned.jld2 (5/7)
[ Info: Loading: empty_erps_cleaned.jld2 (6/7)
[ Info: Loading: no_erps_cleaned.jld2 (7/7)
[ Info: Found conditions: [1, 2, 3]
[ Info: Creating grand average for condition 1 (n=5 participants)
[ Info:   ✓ Created grand average with 2501 time points
[ Info: Creating grand average for condition 2 (n=5 participants)
[ Info:   ✓ Created grand average with 2501 time points
[ Info: Creating grand average for condition 3 (n=4 participants)
[ Info:   ✓ Created grand average with 2501 time points
[ Info: Grand averaging complete! Created 3 grand averages
[ Info: Output saved to: /tmp/jl_GILT9R/grand_average_logging/grand_average_erps_cleaned.jld2
[ Info: Batch grand averaging started at 2026-01-27T08:56:46.412
[ Info: Function call: rand(rng)
[ Info: Found 3 JLD2 files matching pattern 'erps_cleaned'
[ Info: Loading: 1_erps_cleaned.jld2 (1/3)
[ Info: Loading: 2_erps_cleaned.jld2 (2/3)
[ Info: Loading: 3_erps_cleaned.jld2 (3/3)
[ Info: Found conditions: [1, 2]
[ Info: Creating grand average for condition 1 (n=3 participants)
[ Info:   ✓ Created grand average with 2501 time points
[ Info: Creating grand average for condition 2 (n=2 participants)
[ Info:   ✓ Created grand average with 2501 time points
[ Info: Grand averaging complete! Created 2 grand averages
[ Info: Output saved to: /tmp/jl_GILT9R/different_counts/grand_average_different_counts/grand_average_erps_cleaned.jld2
[ Info: Batch jackknife averaging started at 2026-01-27T08:56:51.997
[ Info: Function call: rand(rng)
[ Info: Found 4 JLD2 files matching pattern 'lrp'
[ Info: Loading: 1_lrp.jld2 (1/4)
[ Info: Loading: 2_lrp.jld2 (2/4)
[ Info: Loading: 3_lrp.jld2 (3/4)
[ Info: Loading: 4_lrp.jld2 (4/4)
[ Info: Found conditions: [1]
[ Info: Creating jackknife averages for condition 1 (n=4 participants)
[ Info: Creating jackknife averages for 4 participants
[ Info:   Participant 1: averaging 3 other participants
[ Info:   Participant 2: averaging 3 other participants
[ Info:   Participant 3: averaging 3 other participants
[ Info:   Participant 4: averaging 3 other participants
[ Info: Created 4 jackknife averages
[ Info:   Saved participant 1: 1_lrp.jld2
[ Info:   Saved participant 2: 2_lrp.jld2
[ Info:   Saved participant 3: 3_lrp.jld2
[ Info:   Saved participant 4: 4_lrp.jld2
[ Info: Jackknife averaging complete!
[ Info: Output saved to: /tmp/jl_vhi9xA/jackknife_test
[ Info: Batch jackknife averaging started at 2026-01-27T08:56:52.108
[ Info: Function call: rand(rng)
[ Info: Found 4 JLD2 files matching pattern 'multi_lrp'
[ Info: Loading: 1_multi_lrp.jld2 (1/4)
[ Info: Loading: 2_multi_lrp.jld2 (2/4)
[ Info: Loading: 3_multi_lrp.jld2 (3/4)
[ Info: Loading: 4_multi_lrp.jld2 (4/4)
[ Info: Found conditions: [1, 2]
[ Info: Creating jackknife averages for condition 2 (n=4 participants)
[ Info: Creating jackknife averages for 4 participants
[ Info:   Participant 1: averaging 3 other participants
[ Info:   Participant 2: averaging 3 other participants
[ Info:   Participant 3: averaging 3 other participants
[ Info:   Participant 4: averaging 3 other participants
[ Info: Created 4 jackknife averages
[ Info: Creating jackknife averages for condition 1 (n=4 participants)
[ Info: Creating jackknife averages for 4 participants
[ Info:   Participant 1: averaging 3 other participants
[ Info:   Participant 2: averaging 3 other participants
[ Info:   Participant 3: averaging 3 other participants
[ Info:   Participant 4: averaging 3 other participants
[ Info: Created 4 jackknife averages
[ Info:   Saved participant 1: 1_multi_lrp.jld2
[ Info:   Saved participant 2: 2_multi_lrp.jld2
[ Info:   Saved participant 3: 3_multi_lrp.jld2
[ Info:   Saved participant 4: 4_multi_lrp.jld2
[ Info: Jackknife averaging complete!
[ Info: Output saved to: /tmp/jl_vhi9xA/jackknife_multi
[ Info: Batch jackknife averaging started at 2026-01-27T08:56:52.145
[ Info: Function call: rand(rng)
[ Info: Found 6 JLD2 files matching pattern 'lrp'
[ Info: Loading: 1_lrp.jld2 (1/6)
[ Info: Loading: 1_multi_lrp.jld2 (2/6)
[ Info: Loading: 2_lrp.jld2 (3/6)
[ Info: Loading: 2_multi_lrp.jld2 (4/6)
[ Info: Loading: 3_lrp.jld2 (5/6)
[ Info: Loading: 3_multi_lrp.jld2 (6/6)
[ Info: Found conditions: [1, 2]
[ Info: Creating jackknife averages for condition 2 (n=3 participants)
[ Info: Creating jackknife averages for 3 participants
[ Info:   Participant 1: averaging 2 other participants
[ Info:   Participant 2: averaging 2 other participants
[ Info:   Participant 3: averaging 2 other participants
[ Info: Created 3 jackknife averages
[ Info: Creating jackknife averages for condition 1 (n=6 participants)
[ Info: Creating jackknife averages for 6 participants
[ Info:   Participant 1: averaging 5 other participants
[ Info:   Participant 2: averaging 5 other participants
[ Info:   Participant 3: averaging 5 other participants
[ Info:   Participant 4: averaging 5 other participants
[ Info:   Participant 5: averaging 5 other participants
[ Info:   Participant 6: averaging 5 other participants
[ Info: Created 6 jackknife averages
[ Info:   Saved participant 1: 1_lrp.jld2
[ Info:   Saved participant 1: 1_multi_lrp.jld2
[ Info:   Saved participant 2: 2_lrp.jld2
[ Info:   Saved participant 2: 2_multi_lrp.jld2
[ Info:   Saved participant 3: 3_lrp.jld2
[ Info:   Saved participant 3: 3_multi_lrp.jld2
[ Info: Jackknife averaging complete!
[ Info: Output saved to: /tmp/jl_vhi9xA/jackknife_filtered
[ Info: Batch jackknife averaging started at 2026-01-27T08:56:52.210
[ Info: Function call: rand(rng)
[ Info: Found 4 JLD2 files matching pattern 'multi_lrp'
[ Info: Loading: 1_multi_lrp.jld2 (1/4)
[ Info: Loading: 2_multi_lrp.jld2 (2/4)
[ Info: Loading: 3_multi_lrp.jld2 (3/4)
[ Info: Loading: 4_multi_lrp.jld2 (4/4)
[ Info: Found conditions: [1]
[ Info: Creating jackknife averages for condition 1 (n=4 participants)
[ Info: Creating jackknife averages for 4 participants
[ Info:   Participant 1: averaging 3 other participants
[ Info:   Participant 2: averaging 3 other participants
[ Info:   Participant 3: averaging 3 other participants
[ Info:   Participant 4: averaging 3 other participants
[ Info: Created 4 jackknife averages
[ Info:   Saved participant 1: 1_multi_lrp.jld2
[ Info:   Saved participant 2: 2_multi_lrp.jld2
[ Info:   Saved participant 3: 3_multi_lrp.jld2
[ Info:   Saved participant 4: 4_multi_lrp.jld2
[ Info: Jackknife averaging complete!
[ Info: Output saved to: /tmp/jl_vhi9xA/jackknife_cond_filter
[ Info: Batch jackknife averaging started at 2026-01-27T08:56:52.249
[ Info: Function call: rand(rng)
[ Info: Found 3 JLD2 files matching pattern 'erps'
[ Info: Loading: 1_erps.jld2 (1/3)
[ Info: Loading: 2_erps.jld2 (2/3)
[ Info: Loading: 3_erps.jld2 (3/3)
[ Info: Found conditions: [1]
[ Info: Creating jackknife averages for condition 1 (n=3 participants)
[ Info: Creating jackknife averages for 3 participants
[ Info:   Participant 1: averaging 2 other participants
[ Info:   Participant 2: averaging 2 other participants
[ Info:   Participant 3: averaging 2 other participants
[ Info: Created 3 jackknife averages
[ Info:   Saved participant 1: 1_erps.jld2
[ Info:   Saved participant 2: 2_erps.jld2
[ Info:   Saved participant 3: 3_erps.jld2
[ Info: Jackknife averaging complete!
[ Info: Output saved to: /tmp/jl_vhi9xA/jackknife_erps
[ Info: Batch jackknife averaging started at 2026-01-27T08:56:52.261
[ Info: Function call: rand(rng)
[ Info: Found 3 JLD2 files matching pattern 'verify'
[ Info: Loading: 1_verify.jld2 (1/3)
[ Info: Loading: 2_verify.jld2 (2/3)
[ Info: Loading: 3_verify.jld2 (3/3)
[ Info: Found conditions: [1]
[ Info: Creating jackknife averages for condition 1 (n=3 participants)
[ Info: Creating jackknife averages for 3 participants
[ Info:   Participant 1: averaging 2 other participants
[ Info:   Participant 2: averaging 2 other participants
[ Info:   Participant 3: averaging 2 other participants
[ Info: Created 3 jackknife averages
[ Info:   Saved participant 1: 1_verify.jld2
[ Info:   Saved participant 2: 2_verify.jld2
[ Info:   Saved participant 3: 3_verify.jld2
[ Info: Jackknife averaging complete!
[ Info: Output saved to: /tmp/jl_FUEhR8/jackknife_output
[ Info: Batch jackknife averaging started at 2026-01-27T08:56:52.272
[ Info: Function call: rand(rng)
[ Warning: Need at least 2 participants for jackknife averaging, found 1
[ Info: Batch jackknife averaging started at 2026-01-27T08:56:52.274
[ Info: Function call: rand(rng)
[ Warning: No JLD2 files found matching pattern 'nonexistent' in /tmp/jl_vhi9xA
[ Info: Batch jackknife averaging started at 2026-01-27T08:56:52.275
[ Info: Function call: rand(rng)
[ Info: Found 8 JLD2 files matching pattern 'lrp'
[ Info: Loading: 1_lrp.jld2 (1/8)
[ Info: Loading: 1_multi_lrp.jld2 (2/8)
[ Info: Loading: 2_lrp.jld2 (3/8)
[ Info: Loading: 2_multi_lrp.jld2 (4/8)
[ Info: Loading: 3_lrp.jld2 (5/8)
[ Info: Loading: 3_multi_lrp.jld2 (6/8)
[ Info: Loading: 4_lrp.jld2 (7/8)
[ Info: Loading: 4_multi_lrp.jld2 (8/8)
[ Info: Found conditions: [1, 2]
[ Info: Creating jackknife averages for condition 2 (n=4 participants)
[ Info: Creating jackknife averages for 4 participants
[ Info:   Participant 1: averaging 3 other participants
[ Info:   Participant 2: averaging 3 other participants
[ Info:   Participant 3: averaging 3 other participants
[ Info:   Participant 4: averaging 3 other participants
[ Info: Created 4 jackknife averages
[ Info: Creating jackknife averages for condition 1 (n=8 participants)
[ Info: Creating jackknife averages for 8 participants
[ Info:   Participant 1: averaging 7 other participants
[ Info:   Participant 2: averaging 7 other participants
[ Info:   Participant 3: averaging 7 other participants
[ Info:   Participant 4: averaging 7 other participants
[ Info:   Participant 5: averaging 7 other participants
[ Info:   Participant 6: averaging 7 other participants
[ Info:   Participant 7: averaging 7 other participants
[ Info:   Participant 8: averaging 7 other participants
[ Info: Created 8 jackknife averages
[ Info:   Saved participant 1: 1_lrp.jld2
[ Info:   Saved participant 1: 1_multi_lrp.jld2
[ Info:   Saved participant 2: 2_lrp.jld2
[ Info:   Saved participant 2: 2_multi_lrp.jld2
[ Info:   Saved participant 3: 3_lrp.jld2
[ Info:   Saved participant 3: 3_multi_lrp.jld2
[ Info:   Saved participant 4: 4_lrp.jld2
[ Info:   Saved participant 4: 4_multi_lrp.jld2
[ Info: Jackknife averaging complete!
[ Info: Output saved to: /tmp/jl_vhi9xA/jackknife_logging
[ Info: Batch jackknife averaging started at 2026-01-27T08:56:52.295
[ Info: Function call: rand(rng)
[ Info: Found 4 JLD2 files matching pattern 'lrp'
[ Info: Loading: 1_lrp.jld2 (1/4)
[ Info: Loading: 1_multi_lrp.jld2 (2/4)
[ Info: Loading: 2_lrp.jld2 (3/4)
[ Info: Loading: 2_multi_lrp.jld2 (4/4)
[ Info: Found conditions: [1, 2]
[ Info: Creating jackknife averages for condition 2 (n=2 participants)
[ Info: Creating jackknife averages for 2 participants
[ Info:   Participant 1: averaging 1 other participants
[ Info:   Participant 2: averaging 1 other participants
[ Info: Created 2 jackknife averages
[ Info: Creating jackknife averages for condition 1 (n=4 participants)
[ Info: Creating jackknife averages for 4 participants
[ Info:   Participant 1: averaging 3 other participants
[ Info:   Participant 2: averaging 3 other participants
[ Info:   Participant 3: averaging 3 other participants
[ Info:   Participant 4: averaging 3 other participants
[ Info: Created 4 jackknife averages
[ Info:   Saved participant 1: 1_lrp.jld2
[ Info:   Saved participant 1: 1_multi_lrp.jld2
[ Info:   Saved participant 2: 2_lrp.jld2
[ Info:   Saved participant 2: 2_multi_lrp.jld2
[ Info: Jackknife averaging complete!
[ Info: Output saved to: /tmp/jl_vhi9xA/jackknife_structure
[ Info: Batch jackknife averaging started at 2026-01-27T08:56:52.602
[ Info: Function call: rand(rng)
[ Info: Found 8 JLD2 files matching pattern 'lrp'
[ Info: Loading: 1_lrp.jld2 (1/8)
[ Info: Loading: 1_multi_lrp.jld2 (2/8)
[ Info: Loading: 2_lrp.jld2 (3/8)
[ Info: Loading: 2_multi_lrp.jld2 (4/8)
[ Info: Loading: 3_lrp.jld2 (5/8)
[ Info: Loading: 3_multi_lrp.jld2 (6/8)
[ Info: Loading: 4_lrp.jld2 (7/8)
[ Info: Loading: 4_multi_lrp.jld2 (8/8)
[ Info: Found conditions: [1, 2]
[ Info: Creating jackknife averages for condition 2 (n=4 participants)
[ Info: Creating jackknife averages for 4 participants
[ Info:   Participant 1: averaging 3 other participants
[ Info:   Participant 2: averaging 3 other participants
[ Info:   Participant 3: averaging 3 other participants
[ Info:   Participant 4: averaging 3 other participants
[ Info: Created 4 jackknife averages
[ Info: Creating jackknife averages for condition 1 (n=8 participants)
[ Info: Creating jackknife averages for 8 participants
[ Info:   Participant 1: averaging 7 other participants
[ Info:   Participant 2: averaging 7 other participants
[ Info:   Participant 3: averaging 7 other participants
[ Info:   Participant 4: averaging 7 other participants
[ Info:   Participant 5: averaging 7 other participants
[ Info:   Participant 6: averaging 7 other participants
[ Info:   Participant 7: averaging 7 other participants
[ Info:   Participant 8: averaging 7 other participants
[ Info: Created 8 jackknife averages
[ Info:   Saved participant 1: 1_lrp.jld2
[ Info:   Saved participant 1: 1_multi_lrp.jld2
[ Info:   Saved participant 2: 2_lrp.jld2
[ Info:   Saved participant 2: 2_multi_lrp.jld2
[ Info:   Saved participant 3: 3_lrp.jld2
[ Info:   Saved participant 3: 3_multi_lrp.jld2
[ Info:   Saved participant 4: 4_lrp.jld2
[ Info:   Saved participant 4: 4_multi_lrp.jld2
[ Info: Jackknife averaging complete!
[ Info: Output saved to: /tmp/jl_vhi9xA/jackknife_lrp
Layout system tests completed!
[ Info: Test global logging message
[ Info: Test file logging message
[ Info: Global message 1
[ Info: File message 1
[ Info: Global message 2
[ Info: Session 1 message
[ Info: Session 2 message
[ Info: Info message
┌ Warning: Warning message
└ @ Main ~/Documents/Julia/EegFun.jl/test/automatic/logging.jl:136
┌ Error: Error message
└ @ Main ~/Documents/Julia/EegFun.jl/test/automatic/logging.jl:137
┌ Info: Message with kwargs
│   key1 = "value1"
└   key2 = 42
Batch LRP error handling: Error During Test at /home/ian/Documents/Julia/EegFun.jl/test/automatic/lrp.jl:356
  Got exception outside of a @test
  MethodError: no method matching create_test_lrp_erp(::Int64, ::Int64, ::Int64, ::Float64)
  The function `create_test_lrp_erp` exists, but no method is defined for this combination of argument types.
  
  Closest candidates are:
    create_test_lrp_erp(; participant, condition, n_timepoints, signal_scale, fs, seed)
     @ Main ~/Documents/Julia/EegFun.jl/test/test_utils.jl:239
  
  Stacktrace:
    [1] (::var"#403#404")(i::Int64)
      @ Main ./none:-1
    [2] iterate
      @ ./generator.jl:48 [inlined]
    [3] collect(itr::Base.Generator{UnitRange{Int64}, var"#403#404"})
      @ Base ./array.jl:790
    [4] top-level scope
      @ ~/Documents/Julia/EegFun.jl/test/automatic/lrp.jl:14
    [5] macro expansion
      @ ~/.julia/juliaup/julia-1.12.4+0.x64.linux.gnu/share/julia/stdlib/v1.12/Test/src/Test.jl:1776 [inlined]
    [6] macro expansion
      @ ~/Documents/Julia/EegFun.jl/test/automatic/lrp.jl:357 [inlined]
    [7] macro expansion
      @ ~/.julia/juliaup/julia-1.12.4+0.x64.linux.gnu/share/julia/stdlib/v1.12/Test/src/Test.jl:1776 [inlined]
    [8] macro expansion
      @ ~/Documents/Julia/EegFun.jl/test/automatic/lrp.jl:357 [inlined]
    [9] include(mapexpr::Function, mod::Module, _path::String)
      @ Base ./Base.jl:307
   [10] top-level scope
      @ ~/Documents/Julia/EegFun.jl/test/runtests.jl:22
   [11] macro expansion
      @ ~/.julia/juliaup/julia-1.12.4+0.x64.linux.gnu/share/julia/stdlib/v1.12/Test/src/Test.jl:1776 [inlined]
   [12] macro expansion
      @ ~/Documents/Julia/EegFun.jl/test/runtests.jl:46 [inlined]
   [13] include(mod::Module, _path::String)
      @ Base ./Base.jl:306
   [14] exec_options(opts::Base.JLOptions)
      @ Base ./client.jl:317
   [15] _start()
      @ Base ./client.jl:550
  0.041946 seconds (359.71 k allocations: 17.642 MiB, 114.94% compilation time)
  0.043603 seconds (347.93 k allocations: 17.057 MiB, 92.64% compilation time)
Basic realignment (non-mutating): Error During Test at /home/ian/Documents/Julia/EegFun.jl/test/automatic/realign.jl:11
  Got exception outside of a @test
  MethodError: no method matching create_test_epoch_data_with_rt(::Int64, ::Int64, ::Int64, ::Int64, ::Int64)
  The function `create_test_epoch_data_with_rt` exists, but no method is defined for this combination of argument types.
  
  Closest candidates are:
    create_test_epoch_data_with_rt(; participant, condition, n_epochs, n_timepoints, n_channels, fs, epoch_start, epoch_end, rt_range, seed)
     @ Main ~/Documents/Julia/EegFun.jl/test/test_utils.jl:153
  
  Stacktrace:
    [1] top-level scope
      @ ~/Documents/Julia/EegFun.jl/test/automatic/realign.jl:11
    [2] macro expansion
      @ ~/.julia/juliaup/julia-1.12.4+0.x64.linux.gnu/share/julia/stdlib/v1.12/Test/src/Test.jl:1776 [inlined]
    [3] macro expansion
      @ ~/Documents/Julia/EegFun.jl/test/automatic/realign.jl:12 [inlined]
    [4] macro expansion
      @ ~/.julia/juliaup/julia-1.12.4+0.x64.linux.gnu/share/julia/stdlib/v1.12/Test/src/Test.jl:1776 [inlined]
    [5] macro expansion
      @ ~/Documents/Julia/EegFun.jl/test/automatic/realign.jl:12 [inlined]
    [6] include(mapexpr::Function, mod::Module, _path::String)
      @ Base ./Base.jl:307
    [7] top-level scope
      @ ~/Documents/Julia/EegFun.jl/test/runtests.jl:22
    [8] macro expansion
      @ ~/.julia/juliaup/julia-1.12.4+0.x64.linux.gnu/share/julia/stdlib/v1.12/Test/src/Test.jl:1776 [inlined]
    [9] macro expansion
      @ ~/Documents/Julia/EegFun.jl/test/runtests.jl:54 [inlined]
   [10] include(mod::Module, _path::String)
      @ Base ./Base.jl:306
   [11] exec_options(opts::Base.JLOptions)
      @ Base ./client.jl:317
   [12] _start()
      @ Base ./client.jl:550
In-place realignment: Error During Test at /home/ian/Documents/Julia/EegFun.jl/test/automatic/realign.jl:44
  Got exception outside of a @test
  MethodError: no method matching create_test_epoch_data_with_rt(::Int64, ::Int64, ::Int64, ::Int64, ::Int64)
  The function `create_test_epoch_data_with_rt` exists, but no method is defined for this combination of argument types.
  
  Closest candidates are:
    create_test_epoch_data_with_rt(; participant, condition, n_epochs, n_timepoints, n_channels, fs, epoch_start, epoch_end, rt_range, seed)
     @ Main ~/Documents/Julia/EegFun.jl/test/test_utils.jl:153
  
  Stacktrace:
    [1] top-level scope
      @ ~/Documents/Julia/EegFun.jl/test/automatic/realign.jl:11
    [2] macro expansion
      @ ~/.julia/juliaup/julia-1.12.4+0.x64.linux.gnu/share/julia/stdlib/v1.12/Test/src/Test.jl:1776 [inlined]
    [3] macro expansion
      @ ~/Documents/Julia/EegFun.jl/test/automatic/realign.jl:45 [inlined]
    [4] macro expansion
      @ ~/.julia/juliaup/julia-1.12.4+0.x64.linux.gnu/share/julia/stdlib/v1.12/Test/src/Test.jl:1776 [inlined]
    [5] macro expansion
      @ ~/Documents/Julia/EegFun.jl/test/automatic/realign.jl:45 [inlined]
    [6] include(mapexpr::Function, mod::Module, _path::String)
      @ Base ./Base.jl:307
    [7] top-level scope
      @ ~/Documents/Julia/EegFun.jl/test/runtests.jl:22
    [8] macro expansion
      @ ~/.julia/juliaup/julia-1.12.4+0.x64.linux.gnu/share/julia/stdlib/v1.12/Test/src/Test.jl:1776 [inlined]
    [9] macro expansion
      @ ~/Documents/Julia/EegFun.jl/test/runtests.jl:54 [inlined]
   [10] include(mod::Module, _path::String)
      @ Base ./Base.jl:306
   [11] exec_options(opts::Base.JLOptions)
      @ Base ./client.jl:317
   [12] _start()
      @ Base ./client.jl:550
Time window cropping: Error During Test at /home/ian/Documents/Julia/EegFun.jl/test/automatic/realign.jl:65
  Got exception outside of a @test
  MethodError: no method matching create_test_epoch_data_with_rt(::Int64, ::Int64, ::Int64, ::Int64, ::Int64; epoch_start::Float64, epoch_end::Float64, rt_range::Tuple{Float64, Float64})
  The function `create_test_epoch_data_with_rt` exists, but no method is defined for this combination of argument types.
  
  Closest candidates are:
    create_test_epoch_data_with_rt(; participant, condition, n_epochs, n_timepoints, n_channels, fs, epoch_start, epoch_end, rt_range, seed)
     @ Main ~/Documents/Julia/EegFun.jl/test/test_utils.jl:153
  
  Stacktrace:
    [1] top-level scope
      @ ~/Documents/Julia/EegFun.jl/test/automatic/realign.jl:11
    [2] macro expansion
      @ ~/.julia/juliaup/julia-1.12.4+0.x64.linux.gnu/share/julia/stdlib/v1.12/Test/src/Test.jl:1776 [inlined]
    [3] macro expansion
      @ ~/Documents/Julia/EegFun.jl/test/automatic/realign.jl:67 [inlined]
    [4] macro expansion
      @ ~/.julia/juliaup/julia-1.12.4+0.x64.linux.gnu/share/julia/stdlib/v1.12/Test/src/Test.jl:1776 [inlined]
    [5] macro expansion
      @ ~/Documents/Julia/EegFun.jl/test/automatic/realign.jl:67 [inlined]
    [6] include(mapexpr::Function, mod::Module, _path::String)
      @ Base ./Base.jl:307
    [7] top-level scope
      @ ~/Documents/Julia/EegFun.jl/test/runtests.jl:22
    [8] macro expansion
      @ ~/.julia/juliaup/julia-1.12.4+0.x64.linux.gnu/share/julia/stdlib/v1.12/Test/src/Test.jl:1776 [inlined]
    [9] macro expansion
      @ ~/Documents/Julia/EegFun.jl/test/runtests.jl:54 [inlined]
   [10] include(mod::Module, _path::String)
      @ Base ./Base.jl:306
   [11] exec_options(opts::Base.JLOptions)
      @ Base ./client.jl:317
   [12] _start()
      @ Base ./client.jl:550
Common time window calculation: Error During Test at /home/ian/Documents/Julia/EegFun.jl/test/automatic/realign.jl:93
  Got exception outside of a @test
  MethodError: no method matching create_test_epoch_data_with_rt(::Int64, ::Int64, ::Int64, ::Int64, ::Int64; epoch_start::Float64, epoch_end::Float64, rt_range::Tuple{Float64, Float64})
  The function `create_test_epoch_data_with_rt` exists, but no method is defined for this combination of argument types.
  
  Closest candidates are:
    create_test_epoch_data_with_rt(; participant, condition, n_epochs, n_timepoints, n_channels, fs, epoch_start, epoch_end, rt_range, seed)
     @ Main ~/Documents/Julia/EegFun.jl/test/test_utils.jl:153
  
  Stacktrace:
    [1] top-level scope
      @ ~/Documents/Julia/EegFun.jl/test/automatic/realign.jl:11
    [2] macro expansion
      @ ~/.julia/juliaup/julia-1.12.4+0.x64.linux.gnu/share/julia/stdlib/v1.12/Test/src/Test.jl:1776 [inlined]
    [3] macro expansion
      @ ~/Documents/Julia/EegFun.jl/test/automatic/realign.jl:95 [inlined]
    [4] macro expansion
      @ ~/.julia/juliaup/julia-1.12.4+0.x64.linux.gnu/share/julia/stdlib/v1.12/Test/src/Test.jl:1776 [inlined]
    [5] macro expansion
      @ ~/Documents/Julia/EegFun.jl/test/automatic/realign.jl:95 [inlined]
    [6] include(mapexpr::Function, mod::Module, _path::String)
      @ Base ./Base.jl:307
    [7] top-level scope
      @ ~/Documents/Julia/EegFun.jl/test/runtests.jl:22
    [8] macro expansion
      @ ~/.julia/juliaup/julia-1.12.4+0.x64.linux.gnu/share/julia/stdlib/v1.12/Test/src/Test.jl:1776 [inlined]
    [9] macro expansion
      @ ~/Documents/Julia/EegFun.jl/test/runtests.jl:54 [inlined]
   [10] include(mod::Module, _path::String)
      @ Base ./Base.jl:306
   [11] exec_options(opts::Base.JLOptions)
      @ Base ./client.jl:317
   [12] _start()
      @ Base ./client.jl:550
Channel data preservation: Error During Test at /home/ian/Documents/Julia/EegFun.jl/test/automatic/realign.jl:117
  Got exception outside of a @test
  MethodError: no method matching create_test_epoch_data_with_rt(::Int64, ::Int64, ::Int64, ::Int64, ::Int64)
  The function `create_test_epoch_data_with_rt` exists, but no method is defined for this combination of argument types.
  
  Closest candidates are:
    create_test_epoch_data_with_rt(; participant, condition, n_epochs, n_timepoints, n_channels, fs, epoch_start, epoch_end, rt_range, seed)
     @ Main ~/Documents/Julia/EegFun.jl/test/test_utils.jl:153
  
  Stacktrace:
    [1] top-level scope
      @ ~/Documents/Julia/EegFun.jl/test/automatic/realign.jl:11
    [2] macro expansion
      @ ~/.julia/juliaup/julia-1.12.4+0.x64.linux.gnu/share/julia/stdlib/v1.12/Test/src/Test.jl:1776 [inlined]
    [3] macro expansion
      @ ~/Documents/Julia/EegFun.jl/test/automatic/realign.jl:118 [inlined]
    [4] macro expansion
      @ ~/.julia/juliaup/julia-1.12.4+0.x64.linux.gnu/share/julia/stdlib/v1.12/Test/src/Test.jl:1776 [inlined]
    [5] macro expansion
      @ ~/Documents/Julia/EegFun.jl/test/automatic/realign.jl:118 [inlined]
    [6] include(mapexpr::Function, mod::Module, _path::String)
      @ Base ./Base.jl:307
    [7] top-level scope
      @ ~/Documents/Julia/EegFun.jl/test/runtests.jl:22
    [8] macro expansion
      @ ~/.julia/juliaup/julia-1.12.4+0.x64.linux.gnu/share/julia/stdlib/v1.12/Test/src/Test.jl:1776 [inlined]
    [9] macro expansion
      @ ~/Documents/Julia/EegFun.jl/test/runtests.jl:54 [inlined]
   [10] include(mod::Module, _path::String)
      @ Base ./Base.jl:306
   [11] exec_options(opts::Base.JLOptions)
      @ Base ./client.jl:317
   [12] _start()
      @ Base ./client.jl:550
Metadata preservation: Error During Test at /home/ian/Documents/Julia/EegFun.jl/test/automatic/realign.jl:135
  Got exception outside of a @test
  MethodError: no method matching create_test_epoch_data_with_rt(::Int64, ::Int64, ::Int64, ::Int64, ::Int64)
  The function `create_test_epoch_data_with_rt` exists, but no method is defined for this combination of argument types.
  
  Closest candidates are:
    create_test_epoch_data_with_rt(; participant, condition, n_epochs, n_timepoints, n_channels, fs, epoch_start, epoch_end, rt_range, seed)
     @ Main ~/Documents/Julia/EegFun.jl/test/test_utils.jl:153
  
  Stacktrace:
    [1] top-level scope
      @ ~/Documents/Julia/EegFun.jl/test/automatic/realign.jl:11
    [2] macro expansion
      @ ~/.julia/juliaup/julia-1.12.4+0.x64.linux.gnu/share/julia/stdlib/v1.12/Test/src/Test.jl:1776 [inlined]
    [3] macro expansion
      @ ~/Documents/Julia/EegFun.jl/test/automatic/realign.jl:136 [inlined]
    [4] macro expansion
      @ ~/.julia/juliaup/julia-1.12.4+0.x64.linux.gnu/share/julia/stdlib/v1.12/Test/src/Test.jl:1776 [inlined]
    [5] macro expansion
      @ ~/Documents/Julia/EegFun.jl/test/automatic/realign.jl:136 [inlined]
    [6] include(mapexpr::Function, mod::Module, _path::String)
      @ Base ./Base.jl:307
    [7] top-level scope
      @ ~/Documents/Julia/EegFun.jl/test/runtests.jl:22
    [8] macro expansion
      @ ~/.julia/juliaup/julia-1.12.4+0.x64.linux.gnu/share/julia/stdlib/v1.12/Test/src/Test.jl:1776 [inlined]
    [9] macro expansion
      @ ~/Documents/Julia/EegFun.jl/test/runtests.jl:54 [inlined]
   [10] include(mod::Module, _path::String)
      @ Base ./Base.jl:306
   [11] exec_options(opts::Base.JLOptions)
      @ Base ./client.jl:317
   [12] _start()
      @ Base ./client.jl:550
Error handling: missing column: Error During Test at /home/ian/Documents/Julia/EegFun.jl/test/automatic/realign.jl:157
  Got exception outside of a @test
  MethodError: no method matching create_test_epoch_data_with_rt(::Int64, ::Int64, ::Int64, ::Int64, ::Int64)
  The function `create_test_epoch_data_with_rt` exists, but no method is defined for this combination of argument types.
  
  Closest candidates are:
    create_test_epoch_data_with_rt(; participant, condition, n_epochs, n_timepoints, n_channels, fs, epoch_start, epoch_end, rt_range, seed)
     @ Main ~/Documents/Julia/EegFun.jl/test/test_utils.jl:153
  
  Stacktrace:
    [1] top-level scope
      @ ~/Documents/Julia/EegFun.jl/test/automatic/realign.jl:11
    [2] macro expansion
      @ ~/.julia/juliaup/julia-1.12.4+0.x64.linux.gnu/share/julia/stdlib/v1.12/Test/src/Test.jl:1776 [inlined]
    [3] macro expansion
      @ ~/Documents/Julia/EegFun.jl/test/automatic/realign.jl:158 [inlined]
    [4] macro expansion
      @ ~/.julia/juliaup/julia-1.12.4+0.x64.linux.gnu/share/julia/stdlib/v1.12/Test/src/Test.jl:1776 [inlined]
    [5] macro expansion
      @ ~/Documents/Julia/EegFun.jl/test/automatic/realign.jl:158 [inlined]
    [6] include(mapexpr::Function, mod::Module, _path::String)
      @ Base ./Base.jl:307
    [7] top-level scope
      @ ~/Documents/Julia/EegFun.jl/test/runtests.jl:22
    [8] macro expansion
      @ ~/.julia/juliaup/julia-1.12.4+0.x64.linux.gnu/share/julia/stdlib/v1.12/Test/src/Test.jl:1776 [inlined]
    [9] macro expansion
      @ ~/Documents/Julia/EegFun.jl/test/runtests.jl:54 [inlined]
   [10] include(mod::Module, _path::String)
      @ Base ./Base.jl:306
   [11] exec_options(opts::Base.JLOptions)
      @ Base ./client.jl:317
   [12] _start()
      @ Base ./client.jl:550
Error handling: varying values within epoch: Error During Test at /home/ian/Documents/Julia/EegFun.jl/test/automatic/realign.jl:164
  Got exception outside of a @test
  MethodError: no method matching create_test_epoch_data_with_rt(::Int64, ::Int64, ::Int64, ::Int64, ::Int64)
  The function `create_test_epoch_data_with_rt` exists, but no method is defined for this combination of argument types.
  
  Closest candidates are:
    create_test_epoch_data_with_rt(; participant, condition, n_epochs, n_timepoints, n_channels, fs, epoch_start, epoch_end, rt_range, seed)
     @ Main ~/Documents/Julia/EegFun.jl/test/test_utils.jl:153
  
  Stacktrace:
    [1] top-level scope
      @ ~/Documents/Julia/EegFun.jl/test/automatic/realign.jl:11
    [2] macro expansion
      @ ~/.julia/juliaup/julia-1.12.4+0.x64.linux.gnu/share/julia/stdlib/v1.12/Test/src/Test.jl:1776 [inlined]
    [3] macro expansion
      @ ~/Documents/Julia/EegFun.jl/test/automatic/realign.jl:165 [inlined]
    [4] macro expansion
      @ ~/.julia/juliaup/julia-1.12.4+0.x64.linux.gnu/share/julia/stdlib/v1.12/Test/src/Test.jl:1776 [inlined]
    [5] macro expansion
      @ ~/Documents/Julia/EegFun.jl/test/automatic/realign.jl:165 [inlined]
    [6] include(mapexpr::Function, mod::Module, _path::String)
      @ Base ./Base.jl:307
    [7] top-level scope
      @ ~/Documents/Julia/EegFun.jl/test/runtests.jl:22
    [8] macro expansion
      @ ~/.julia/juliaup/julia-1.12.4+0.x64.linux.gnu/share/julia/stdlib/v1.12/Test/src/Test.jl:1776 [inlined]
    [9] macro expansion
      @ ~/Documents/Julia/EegFun.jl/test/runtests.jl:54 [inlined]
   [10] include(mod::Module, _path::String)
      @ Base ./Base.jl:306
   [11] exec_options(opts::Base.JLOptions)
      @ Base ./client.jl:317
   [12] _start()
      @ Base ./client.jl:550
Error handling: non-finite values: Error During Test at /home/ian/Documents/Julia/EegFun.jl/test/automatic/realign.jl:174
  Got exception outside of a @test
  MethodError: no method matching create_test_epoch_data_with_rt(::Int64, ::Int64, ::Int64, ::Int64, ::Int64)
  The function `create_test_epoch_data_with_rt` exists, but no method is defined for this combination of argument types.
  
  Closest candidates are:
    create_test_epoch_data_with_rt(; participant, condition, n_epochs, n_timepoints, n_channels, fs, epoch_start, epoch_end, rt_range, seed)
     @ Main ~/Documents/Julia/EegFun.jl/test/test_utils.jl:153
  
  Stacktrace:
    [1] top-level scope
      @ ~/Documents/Julia/EegFun.jl/test/automatic/realign.jl:11
    [2] macro expansion
      @ ~/.julia/juliaup/julia-1.12.4+0.x64.linux.gnu/share/julia/stdlib/v1.12/Test/src/Test.jl:1776 [inlined]
    [3] macro expansion
      @ ~/Documents/Julia/EegFun.jl/test/automatic/realign.jl:175 [inlined]
    [4] macro expansion
      @ ~/.julia/juliaup/julia-1.12.4+0.x64.linux.gnu/share/julia/stdlib/v1.12/Test/src/Test.jl:1776 [inlined]
    [5] macro expansion
      @ ~/Documents/Julia/EegFun.jl/test/automatic/realign.jl:175 [inlined]
    [6] include(mapexpr::Function, mod::Module, _path::String)
      @ Base ./Base.jl:307
    [7] top-level scope
      @ ~/Documents/Julia/EegFun.jl/test/runtests.jl:22
    [8] macro expansion
      @ ~/.julia/juliaup/julia-1.12.4+0.x64.linux.gnu/share/julia/stdlib/v1.12/Test/src/Test.jl:1776 [inlined]
    [9] macro expansion
      @ ~/Documents/Julia/EegFun.jl/test/runtests.jl:54 [inlined]
   [10] include(mod::Module, _path::String)
      @ Base ./Base.jl:306
   [11] exec_options(opts::Base.JLOptions)
      @ Base ./client.jl:317
   [12] _start()
      @ Base ./client.jl:550
Error handling: insufficient epoch length: Error During Test at /home/ian/Documents/Julia/EegFun.jl/test/automatic/realign.jl:184
  Got exception outside of a @test
  MethodError: no method matching create_test_epoch_data_with_rt(::Int64, ::Int64, ::Int64, ::Int64, ::Int64; epoch_start::Float64, epoch_end::Float64, rt_range::Tuple{Float64, Float64})
  The function `create_test_epoch_data_with_rt` exists, but no method is defined for this combination of argument types.
  
  Closest candidates are:
    create_test_epoch_data_with_rt(; participant, condition, n_epochs, n_timepoints, n_channels, fs, epoch_start, epoch_end, rt_range, seed)
     @ Main ~/Documents/Julia/EegFun.jl/test/test_utils.jl:153
  
  Stacktrace:
    [1] top-level scope
      @ ~/Documents/Julia/EegFun.jl/test/automatic/realign.jl:11
    [2] macro expansion
      @ ~/.julia/juliaup/julia-1.12.4+0.x64.linux.gnu/share/julia/stdlib/v1.12/Test/src/Test.jl:1776 [inlined]
    [3] macro expansion
      @ ~/Documents/Julia/EegFun.jl/test/automatic/realign.jl:186 [inlined]
    [4] macro expansion
      @ ~/.julia/juliaup/julia-1.12.4+0.x64.linux.gnu/share/julia/stdlib/v1.12/Test/src/Test.jl:1776 [inlined]
    [5] macro expansion
      @ ~/Documents/Julia/EegFun.jl/test/automatic/realign.jl:186 [inlined]
    [6] include(mapexpr::Function, mod::Module, _path::String)
      @ Base ./Base.jl:307
    [7] top-level scope
      @ ~/Documents/Julia/EegFun.jl/test/runtests.jl:22
    [8] macro expansion
      @ ~/.julia/juliaup/julia-1.12.4+0.x64.linux.gnu/share/julia/stdlib/v1.12/Test/src/Test.jl:1776 [inlined]
    [9] macro expansion
      @ ~/Documents/Julia/EegFun.jl/test/runtests.jl:54 [inlined]
   [10] include(mod::Module, _path::String)
      @ Base ./Base.jl:306
   [11] exec_options(opts::Base.JLOptions)
      @ Base ./client.jl:317
   [12] _start()
      @ Base ./client.jl:550
Multiple channels preserved: Error During Test at /home/ian/Documents/Julia/EegFun.jl/test/automatic/realign.jl:202
  Got exception outside of a @test
  MethodError: no method matching create_test_epoch_data_with_rt(::Int64, ::Int64, ::Int64, ::Int64, ::Int64)
  The function `create_test_epoch_data_with_rt` exists, but no method is defined for this combination of argument types.
  
  Closest candidates are:
    create_test_epoch_data_with_rt(; participant, condition, n_epochs, n_timepoints, n_channels, fs, epoch_start, epoch_end, rt_range, seed)
     @ Main ~/Documents/Julia/EegFun.jl/test/test_utils.jl:153
  
  Stacktrace:
    [1] top-level scope
      @ ~/Documents/Julia/EegFun.jl/test/automatic/realign.jl:11
    [2] macro expansion
      @ ~/.julia/juliaup/julia-1.12.4+0.x64.linux.gnu/share/julia/stdlib/v1.12/Test/src/Test.jl:1776 [inlined]
    [3] macro expansion
      @ ~/Documents/Julia/EegFun.jl/test/automatic/realign.jl:204 [inlined]
    [4] macro expansion
      @ ~/.julia/juliaup/julia-1.12.4+0.x64.linux.gnu/share/julia/stdlib/v1.12/Test/src/Test.jl:1776 [inlined]
    [5] macro expansion
      @ ~/Documents/Julia/EegFun.jl/test/automatic/realign.jl:204 [inlined]
    [6] include(mapexpr::Function, mod::Module, _path::String)
      @ Base ./Base.jl:307
    [7] top-level scope
      @ ~/Documents/Julia/EegFun.jl/test/runtests.jl:22
    [8] macro expansion
      @ ~/.julia/juliaup/julia-1.12.4+0.x64.linux.gnu/share/julia/stdlib/v1.12/Test/src/Test.jl:1776 [inlined]
    [9] macro expansion
      @ ~/Documents/Julia/EegFun.jl/test/runtests.jl:54 [inlined]
   [10] include(mod::Module, _path::String)
      @ Base ./Base.jl:306
   [11] exec_options(opts::Base.JLOptions)
      @ Base ./client.jl:317
   [12] _start()
      @ Base ./client.jl:550
Edge case: identical RTs: Error During Test at /home/ian/Documents/Julia/EegFun.jl/test/automatic/realign.jl:221
  Got exception outside of a @test
  MethodError: no method matching create_test_epoch_data_with_rt(::Int64, ::Int64, ::Int64, ::Int64, ::Int64)
  The function `create_test_epoch_data_with_rt` exists, but no method is defined for this combination of argument types.
  
  Closest candidates are:
    create_test_epoch_data_with_rt(; participant, condition, n_epochs, n_timepoints, n_channels, fs, epoch_start, epoch_end, rt_range, seed)
     @ Main ~/Documents/Julia/EegFun.jl/test/test_utils.jl:153
  
  Stacktrace:
    [1] top-level scope
      @ ~/Documents/Julia/EegFun.jl/test/automatic/realign.jl:11
    [2] macro expansion
      @ ~/.julia/juliaup/julia-1.12.4+0.x64.linux.gnu/share/julia/stdlib/v1.12/Test/src/Test.jl:1776 [inlined]
    [3] macro expansion
      @ ~/Documents/Julia/EegFun.jl/test/automatic/realign.jl:223 [inlined]
    [4] macro expansion
      @ ~/.julia/juliaup/julia-1.12.4+0.x64.linux.gnu/share/julia/stdlib/v1.12/Test/src/Test.jl:1776 [inlined]
    [5] macro expansion
      @ ~/Documents/Julia/EegFun.jl/test/automatic/realign.jl:223 [inlined]
    [6] include(mapexpr::Function, mod::Module, _path::String)
      @ Base ./Base.jl:307
    [7] top-level scope
      @ ~/Documents/Julia/EegFun.jl/test/runtests.jl:22
    [8] macro expansion
      @ ~/.julia/juliaup/julia-1.12.4+0.x64.linux.gnu/share/julia/stdlib/v1.12/Test/src/Test.jl:1776 [inlined]
    [9] macro expansion
      @ ~/Documents/Julia/EegFun.jl/test/runtests.jl:54 [inlined]
   [10] include(mod::Module, _path::String)
      @ Base ./Base.jl:306
   [11] exec_options(opts::Base.JLOptions)
      @ Base ./client.jl:317
   [12] _start()
      @ Base ./client.jl:550
Realistic use case: response-locked LRP: Error During Test at /home/ian/Documents/Julia/EegFun.jl/test/automatic/realign.jl:243
  Got exception outside of a @test
  MethodError: no method matching create_test_epoch_data_with_rt(::Int64, ::Int64, ::Int64, ::Int64, ::Int64; epoch_start::Float64, epoch_end::Float64, rt_range::Tuple{Float64, Float64})
  The function `create_test_epoch_data_with_rt` exists, but no method is defined for this combination of argument types.
  
  Closest candidates are:
    create_test_epoch_data_with_rt(; participant, condition, n_epochs, n_timepoints, n_channels, fs, epoch_start, epoch_end, rt_range, seed)
     @ Main ~/Documents/Julia/EegFun.jl/test/test_utils.jl:153
  
  Stacktrace:
    [1] top-level scope
      @ ~/Documents/Julia/EegFun.jl/test/automatic/realign.jl:11
    [2] macro expansion
      @ ~/.julia/juliaup/julia-1.12.4+0.x64.linux.gnu/share/julia/stdlib/v1.12/Test/src/Test.jl:1776 [inlined]
    [3] macro expansion
      @ ~/Documents/Julia/EegFun.jl/test/automatic/realign.jl:247 [inlined]
    [4] macro expansion
      @ ~/.julia/juliaup/julia-1.12.4+0.x64.linux.gnu/share/julia/stdlib/v1.12/Test/src/Test.jl:1776 [inlined]
    [5] macro expansion
      @ ~/Documents/Julia/EegFun.jl/test/automatic/realign.jl:247 [inlined]
    [6] include(mapexpr::Function, mod::Module, _path::String)
      @ Base ./Base.jl:307
    [7] top-level scope
      @ ~/Documents/Julia/EegFun.jl/test/runtests.jl:22
    [8] macro expansion
      @ ~/.julia/juliaup/julia-1.12.4+0.x64.linux.gnu/share/julia/stdlib/v1.12/Test/src/Test.jl:1776 [inlined]
    [9] macro expansion
      @ ~/Documents/Julia/EegFun.jl/test/runtests.jl:54 [inlined]
   [10] include(mod::Module, _path::String)
      @ Base ./Base.jl:306
   [11] exec_options(opts::Base.JLOptions)
      @ Base ./client.jl:317
   [12] _start()
      @ Base ./client.jl:550
Basic batch processing: Error During Test at /home/ian/Documents/Julia/EegFun.jl/test/automatic/realign.jl:281
  Got exception outside of a @test
  MethodError: no method matching create_test_epoch_data_with_rt(::Int64, ::Int64, ::Int64, ::Int64, ::Int64)
  The function `create_test_epoch_data_with_rt` exists, but no method is defined for this combination of argument types.
  
  Closest candidates are:
    create_test_epoch_data_with_rt(; participant, condition, n_epochs, n_timepoints, n_channels, fs, epoch_start, epoch_end, rt_range, seed)
     @ Main ~/Documents/Julia/EegFun.jl/test/test_utils.jl:153
  
  Stacktrace:
    [1] top-level scope
      @ ~/Documents/Julia/EegFun.jl/test/automatic/realign.jl:279
    [2] macro expansion
      @ ~/.julia/juliaup/julia-1.12.4+0.x64.linux.gnu/share/julia/stdlib/v1.12/Test/src/Test.jl:1776 [inlined]
    [3] macro expansion
      @ ~/Documents/Julia/EegFun.jl/test/automatic/realign.jl:283 [inlined]
    [4] macro expansion
      @ ~/.julia/juliaup/julia-1.12.4+0.x64.linux.gnu/share/julia/stdlib/v1.12/Test/src/Test.jl:1776 [inlined]
    [5] macro expansion
      @ ~/Documents/Julia/EegFun.jl/test/automatic/realign.jl:284 [inlined]
    [6] include(mapexpr::Function, mod::Module, _path::String)
      @ Base ./Base.jl:307
    [7] top-level scope
      @ ~/Documents/Julia/EegFun.jl/test/runtests.jl:22
    [8] macro expansion
      @ ~/.julia/juliaup/julia-1.12.4+0.x64.linux.gnu/share/julia/stdlib/v1.12/Test/src/Test.jl:1776 [inlined]
    [9] macro expansion
      @ ~/Documents/Julia/EegFun.jl/test/runtests.jl:54 [inlined]
   [10] include(mod::Module, _path::String)
      @ Base ./Base.jl:306
   [11] exec_options(opts::Base.JLOptions)
      @ Base ./client.jl:317
   [12] _start()
      @ Base ./client.jl:550
[ Info: Batch realignment started at 2026-01-27T08:58:04.950
[ Info: Function call: rand(rng)
[ Warning: No JLD2 files found matching pattern 'epochs' in /tmp/jl_k51uGg
Batch with participant filtering: Test Failed at /home/ian/Documents/Julia/EegFun.jl/test/automatic/realign.jl:329
  Expression: length(output_files) == 2
   Evaluated: 0 == 2

Stacktrace:
 [1] top-level scope
   @ ~/Documents/Julia/EegFun.jl/test/automatic/realign.jl:279
 [2] macro expansion
   @ ~/.julia/juliaup/julia-1.12.4+0.x64.linux.gnu/share/julia/stdlib/v1.12/Test/src/Test.jl:1776 [inlined]
 [3] macro expansion
   @ ~/Documents/Julia/EegFun.jl/test/automatic/realign.jl:314 [inlined]
 [4] macro expansion
   @ ~/.julia/juliaup/julia-1.12.4+0.x64.linux.gnu/share/julia/stdlib/v1.12/Test/src/Test.jl:1776 [inlined]
 [5] macro expansion
   @ ~/Documents/Julia/EegFun.jl/test/automatic/realign.jl:329 [inlined]
 [6] macro expansion
   @ ~/.julia/juliaup/julia-1.12.4+0.x64.linux.gnu/share/julia/stdlib/v1.12/Test/src/Test.jl:680 [inlined]
Batch with participant filtering: Test Failed at /home/ian/Documents/Julia/EegFun.jl/test/automatic/realign.jl:330
  Expression: "1_epochs.jld2" in output_files
   Evaluated: "1_epochs.jld2" in String[]

Stacktrace:
 [1] top-level scope
   @ ~/Documents/Julia/EegFun.jl/test/automatic/realign.jl:279
 [2] macro expansion
   @ ~/.julia/juliaup/julia-1.12.4+0.x64.linux.gnu/share/julia/stdlib/v1.12/Test/src/Test.jl:1776 [inlined]
 [3] macro expansion
   @ ~/Documents/Julia/EegFun.jl/test/automatic/realign.jl:314 [inlined]
 [4] macro expansion
   @ ~/.julia/juliaup/julia-1.12.4+0.x64.linux.gnu/share/julia/stdlib/v1.12/Test/src/Test.jl:1776 [inlined]
 [5] macro expansion
   @ ~/Documents/Julia/EegFun.jl/test/automatic/realign.jl:330 [inlined]
 [6] macro expansion
   @ ~/.julia/juliaup/julia-1.12.4+0.x64.linux.gnu/share/julia/stdlib/v1.12/Test/src/Test.jl:680 [inlined]
Batch with participant filtering: Test Failed at /home/ian/Documents/Julia/EegFun.jl/test/automatic/realign.jl:331
  Expression: "2_epochs.jld2" in output_files
   Evaluated: "2_epochs.jld2" in String[]

Stacktrace:
 [1] top-level scope
   @ ~/Documents/Julia/EegFun.jl/test/automatic/realign.jl:279
 [2] macro expansion
   @ ~/.julia/juliaup/julia-1.12.4+0.x64.linux.gnu/share/julia/stdlib/v1.12/Test/src/Test.jl:1776 [inlined]
 [3] macro expansion
   @ ~/Documents/Julia/EegFun.jl/test/automatic/realign.jl:314 [inlined]
 [4] macro expansion
   @ ~/.julia/juliaup/julia-1.12.4+0.x64.linux.gnu/share/julia/stdlib/v1.12/Test/src/Test.jl:1776 [inlined]
 [5] macro expansion
   @ ~/Documents/Julia/EegFun.jl/test/automatic/realign.jl:331 [inlined]
 [6] macro expansion
   @ ~/.julia/juliaup/julia-1.12.4+0.x64.linux.gnu/share/julia/stdlib/v1.12/Test/src/Test.jl:680 [inlined]
[ Info: Batch realignment started at 2026-01-27T08:58:04.994
[ Info: Function call: rand(rng)
[ Warning: No JLD2 files found matching pattern 'nonexistent' in /tmp/jl_k51uGg
[ Info: Batch realignment started at 2026-01-27T08:58:04.996
[ Info: Function call: rand(rng)
[ Warning: No JLD2 files found matching pattern 'epochs' in /tmp/jl_k51uGg
Batch logging: Test Failed at /home/ian/Documents/Julia/EegFun.jl/test/automatic/realign.jl:356
  Expression: occursin("Found", log_content)
   Evaluated: occursin("Found", "julia version: 1.12.4\nEegFun version: 0.1.0\nStart time: 27-01-2026 08:58:04\nBatch realignment started at 2026-01-27T08:58:04.996\nFunction call: rand(rng)\nNo JLD2 files found matching pattern 'epochs' in /tmp/jl_k51uGg\n\nGlobal session duration: 0 seconds\n")

Stacktrace:
 [1] top-level scope
   @ ~/Documents/Julia/EegFun.jl/test/automatic/realign.jl:279
 [2] macro expansion
   @ ~/.julia/juliaup/julia-1.12.4+0.x64.linux.gnu/share/julia/stdlib/v1.12/Test/src/Test.jl:1776 [inlined]
 [3] macro expansion
   @ ~/Documents/Julia/EegFun.jl/test/automatic/realign.jl:345 [inlined]
 [4] macro expansion
   @ ~/.julia/juliaup/julia-1.12.4+0.x64.linux.gnu/share/julia/stdlib/v1.12/Test/src/Test.jl:1776 [inlined]
 [5] macro expansion
   @ ~/Documents/Julia/EegFun.jl/test/automatic/realign.jl:356 [inlined]
 [6] macro expansion
   @ ~/.julia/juliaup/julia-1.12.4+0.x64.linux.gnu/share/julia/stdlib/v1.12/Test/src/Test.jl:680 [inlined]
Batch logging: Test Failed at /home/ian/Documents/Julia/EegFun.jl/test/automatic/realign.jl:357
  Expression: occursin("Realigning to column: :rt", log_content)
   Evaluated: occursin("Realigning to column: :rt", "julia version: 1.12.4\nEegFun version: 0.1.0\nStart time: 27-01-2026 08:58:04\nBatch realignment started at 2026-01-27T08:58:04.996\nFunction call: rand(rng)\nNo JLD2 files found matching pattern 'epochs' in /tmp/jl_k51uGg\n\nGlobal session duration: 0 seconds\n")

Stacktrace:
 [1] top-level scope
   @ ~/Documents/Julia/EegFun.jl/test/automatic/realign.jl:279
 [2] macro expansion
   @ ~/.julia/juliaup/julia-1.12.4+0.x64.linux.gnu/share/julia/stdlib/v1.12/Test/src/Test.jl:1776 [inlined]
 [3] macro expansion
   @ ~/Documents/Julia/EegFun.jl/test/automatic/realign.jl:345 [inlined]
 [4] macro expansion
   @ ~/.julia/juliaup/julia-1.12.4+0.x64.linux.gnu/share/julia/stdlib/v1.12/Test/src/Test.jl:1776 [inlined]
 [5] macro expansion
   @ ~/Documents/Julia/EegFun.jl/test/automatic/realign.jl:357 [inlined]
 [6] macro expansion
   @ ~/.julia/juliaup/julia-1.12.4+0.x64.linux.gnu/share/julia/stdlib/v1.12/Test/src/Test.jl:680 [inlined]
rereference: Error During Test at /home/ian/Documents/Julia/EegFun.jl/test/automatic/rereference.jl:9
  Got exception outside of a @test
  MethodError: no method matching create_test_epoch_data(; n_epochs::Int64, n_channels::Int64, conditions::Int64)
  This method does not support all of the given keyword arguments (and may not support any).
  
  Closest candidates are:
    create_test_epoch_data(; n, fs, condition, n_epochs, n_channels, seed) got unsupported keyword argument "conditions"
     @ Main ~/Documents/Julia/EegFun.jl/test/test_utils.jl:77
  
  Stacktrace:
    [1] kwerr(kw::@NamedTuple{n_epochs::Int64, n_channels::Int64, conditions::Int64}, args::Function)
      @ Base ./error.jl:175
    [2] macro expansion
      @ ~/Documents/Julia/EegFun.jl/test/automatic/rereference.jl:29 [inlined]
    [3] macro expansion
      @ ~/.julia/juliaup/julia-1.12.4+0.x64.linux.gnu/share/julia/stdlib/v1.12/Test/src/Test.jl:1776 [inlined]
    [4] top-level scope
      @ ~/Documents/Julia/EegFun.jl/test/automatic/rereference.jl:11
    [5] include(mapexpr::Function, mod::Module, _path::String)
      @ Base ./Base.jl:307
    [6] top-level scope
      @ ~/Documents/Julia/EegFun.jl/test/runtests.jl:22
    [7] macro expansion
      @ ~/.julia/juliaup/julia-1.12.4+0.x64.linux.gnu/share/julia/stdlib/v1.12/Test/src/Test.jl:1776 [inlined]
    [8] macro expansion
      @ ~/Documents/Julia/EegFun.jl/test/runtests.jl:55 [inlined]
    [9] include(mod::Module, _path::String)
      @ Base ./Base.jl:306
   [10] exec_options(opts::Base.JLOptions)
      @ Base ./client.jl:317
   [11] _start()
      @ Base ./client.jl:550
[ Info: Batch rereferencing started at 2026-01-27T08:58:07.504
[ Info: Function call: rand(rng)
[ Info: Found 3 JLD2 files matching pattern 'erps_cleaned'
[ Info: Reference settings: avg
[ Info: Rereferencing: 1_erps_cleaned.jld2 (1/3)
[ Info: Rereference channels: avg (Ch1, Ch2, Ch3)
[ Info: Rereference channels: avg (Ch1, Ch2, Ch3)
[ Info:   ✓ Rereferenced to avg
[ Info: Rereferencing: 2_erps_cleaned.jld2 (2/3)
[ Info: Rereference channels: avg (Ch1, Ch2, Ch3)
[ Info: Rereference channels: avg (Ch1, Ch2, Ch3)
[ Info:   ✓ Rereferenced to avg
[ Info: Rereferencing: 3_erps_cleaned.jld2 (3/3)
[ Info: Rereference channels: avg (Ch1, Ch2, Ch3)
[ Info: Rereference channels: avg (Ch1, Ch2, Ch3)
[ Info:   ✓ Rereferenced to avg
[ Info: 
[ Info: Batch operation complete! Processed 3 files successfully, 0 errors
[ Info: Output saved to: /tmp/jl_WG5BI8/rereferenced
[ Info: Batch rereferencing started at 2026-01-27T08:58:07.670
[ Info: Function call: rand(rng)
[ Info: Found 3 JLD2 files matching pattern 'erps_cleaned'
[ Info: Reference settings: avg
[ Info: Rereferencing: 1_erps_cleaned.jld2 (1/3)
[ Info: Rereference channels: avg (Ch1, Ch2, Ch3)
[ Info: Rereference channels: avg (Ch1, Ch2, Ch3)
[ Info:   ✓ Rereferenced to avg
[ Info: Rereferencing: 2_erps_cleaned.jld2 (2/3)
[ Info: Rereference channels: avg (Ch1, Ch2, Ch3)
[ Info: Rereference channels: avg (Ch1, Ch2, Ch3)
[ Info:   ✓ Rereferenced to avg
[ Info: Rereferencing: 3_erps_cleaned.jld2 (3/3)
[ Info: Rereference channels: avg (Ch1, Ch2, Ch3)
[ Info: Rereference channels: avg (Ch1, Ch2, Ch3)
[ Info:   ✓ Rereferenced to avg
[ Info: 
[ Info: Batch operation complete! Processed 3 files successfully, 0 errors
[ Info: Output saved to: /tmp/jl_WG5BI8/rereferenced_avg
[ Info: Batch rereferencing started at 2026-01-27T08:58:07.680
[ Info: Function call: rand(rng)
[ Info: Found 3 JLD2 files matching pattern 'erps_cleaned'
[ Info: Reference settings: Ch2
[ Info: Rereferencing: 1_erps_cleaned.jld2 (1/3)
[ Info: Rereference channels: Ch2 (Ch2)
[ Info: Rereference channels: Ch2 (Ch2)
[ Info:   ✓ Rereferenced to Ch2
[ Info: Rereferencing: 2_erps_cleaned.jld2 (2/3)
[ Info: Rereference channels: Ch2 (Ch2)
[ Info: Rereference channels: Ch2 (Ch2)
[ Info:   ✓ Rereferenced to Ch2
[ Info: Rereferencing: 3_erps_cleaned.jld2 (3/3)
[ Info: Rereference channels: Ch2 (Ch2)
[ Info: Rereference channels: Ch2 (Ch2)
[ Info:   ✓ Rereferenced to Ch2
[ Info: 
[ Info: Batch operation complete! Processed 3 files successfully, 0 errors
[ Info: Output saved to: /tmp/jl_WG5BI8/rereferenced_mastoid
[ Info: Batch rereferencing started at 2026-01-27T08:58:07.879
[ Info: Function call: rand(rng)
[ Info: Found 3 JLD2 files matching pattern 'erps_cleaned'
[ Info: Reference settings: Ch1
[ Info: Rereferencing: 1_erps_cleaned.jld2 (1/3)
[ Info: Rereference channels: Ch1 (Ch1)
[ Info: Rereference channels: Ch1 (Ch1)
[ Info:   ✓ Rereferenced to Ch1
[ Info: Rereferencing: 2_erps_cleaned.jld2 (2/3)
[ Info: Rereference channels: Ch1 (Ch1)
[ Info: Rereference channels: Ch1 (Ch1)
[ Info:   ✓ Rereferenced to Ch1
[ Info: Rereferencing: 3_erps_cleaned.jld2 (3/3)
[ Info: Rereference channels: Ch1 (Ch1)
[ Info: Rereference channels: Ch1 (Ch1)
[ Info:   ✓ Rereferenced to Ch1
[ Info: 
[ Info: Batch operation complete! Processed 3 files successfully, 0 errors
[ Info: Output saved to: /tmp/jl_WG5BI8/rereferenced_cz
[ Info: Batch rereferencing started at 2026-01-27T08:58:08.016
[ Info: Function call: rand(rng)
[ Info: Found 3 JLD2 files matching pattern 'erps_cleaned'
[ Info: Reference settings: Ch1, Ch2
[ Info: Rereferencing: 1_erps_cleaned.jld2 (1/3)
[ Info: Rereference channels: Ch1 (Ch1)
[ Info: Rereference channels: Ch2 (Ch2)
[ Info:   ✓ Rereferenced to Ch1, Ch2
[ Info: Rereferencing: 2_erps_cleaned.jld2 (2/3)
[ Info: Rereference channels: Ch1 (Ch1)
[ Info: Rereference channels: Ch2 (Ch2)
[ Info:   ✓ Rereferenced to Ch1, Ch2
[ Info: Rereferencing: 3_erps_cleaned.jld2 (3/3)
[ Info: Rereference channels: Ch1 (Ch1)
[ Info: Rereference channels: Ch2 (Ch2)
[ Info:   ✓ Rereferenced to Ch1, Ch2
[ Info: 
[ Info: Batch operation complete! Processed 3 files successfully, 0 errors
[ Info: Output saved to: /tmp/jl_WG5BI8/rereferenced_multiple
Epoch data processing: Error During Test at /home/ian/Documents/Julia/EegFun.jl/test/automatic/rereference.jl:142
  Got exception outside of a @test
  MethodError: no method matching create_test_epoch_data(; conditions::Int64, n_channels::Int64)
  This method does not support all of the given keyword arguments (and may not support any).
  
  Closest candidates are:
    create_test_epoch_data(; n, fs, condition, n_epochs, n_channels, seed) got unsupported keyword argument "conditions"
     @ Main ~/Documents/Julia/EegFun.jl/test/test_utils.jl:77
  
  Stacktrace:
    [1] kwerr(kw::@NamedTuple{conditions::Int64, n_channels::Int64}, args::Function)
      @ Base ./error.jl:175
    [2] macro expansion
      @ ~/Documents/Julia/EegFun.jl/test/automatic/rereference.jl:145 [inlined]
    [3] macro expansion
      @ ~/.julia/juliaup/julia-1.12.4+0.x64.linux.gnu/share/julia/stdlib/v1.12/Test/src/Test.jl:1776 [inlined]
    [4] macro expansion
      @ ~/Documents/Julia/EegFun.jl/test/automatic/rereference.jl:144 [inlined]
    [5] macro expansion
      @ ~/.julia/juliaup/julia-1.12.4+0.x64.linux.gnu/share/julia/stdlib/v1.12/Test/src/Test.jl:1776 [inlined]
    [6] top-level scope
      @ ~/Documents/Julia/EegFun.jl/test/automatic/rereference.jl:59
    [7] include(mapexpr::Function, mod::Module, _path::String)
      @ Base ./Base.jl:307
    [8] top-level scope
      @ ~/Documents/Julia/EegFun.jl/test/runtests.jl:22
    [9] macro expansion
      @ ~/.julia/juliaup/julia-1.12.4+0.x64.linux.gnu/share/julia/stdlib/v1.12/Test/src/Test.jl:1776 [inlined]
   [10] macro expansion
      @ ~/Documents/Julia/EegFun.jl/test/runtests.jl:55 [inlined]
   [11] include(mod::Module, _path::String)
      @ Base ./Base.jl:306
   [12] exec_options(opts::Base.JLOptions)
      @ Base ./client.jl:317
   [13] _start()
      @ Base ./client.jl:550
[ Info: Batch rereferencing started at 2026-01-27T08:58:08.059
[ Info: Function call: rand(rng)
[ Info: Found 2 JLD2 files matching pattern 'erps_cleaned'
[ Info: Reference settings: avg
[ Info: Rereferencing: 1_erps_cleaned.jld2 (1/2)
[ Info: Rereference channels: avg (Ch1, Ch2, Ch3)
[ Info: Rereference channels: avg (Ch1, Ch2, Ch3)
[ Info:   ✓ Rereferenced to avg
[ Info: Rereferencing: 2_erps_cleaned.jld2 (2/2)
[ Info: Rereference channels: avg (Ch1, Ch2, Ch3)
[ Info: Rereference channels: avg (Ch1, Ch2, Ch3)
[ Info:   ✓ Rereferenced to avg
[ Info: 
[ Info: Batch operation complete! Processed 2 files successfully, 0 errors
[ Info: Output saved to: /tmp/jl_WG5BI8/rereferenced_filtered
[ Info: Batch rereferencing started at 2026-01-27T08:58:08.099
[ Info: Function call: rand(rng)
[ Info: Found 3 JLD2 files matching pattern 'erps_cleaned'
[ Info: Reference settings: avg
[ Info: Rereferencing: 1_erps_cleaned.jld2 (1/3)
[ Info: Rereference channels: avg (Ch1, Ch2, Ch3)
[ Info:   ✓ Rereferenced to avg
[ Info: Rereferencing: 2_erps_cleaned.jld2 (2/3)
[ Info: Rereference channels: avg (Ch1, Ch2, Ch3)
[ Info:   ✓ Rereferenced to avg
[ Info: Rereferencing: 3_erps_cleaned.jld2 (3/3)
[ Info: Rereference channels: avg (Ch1, Ch2, Ch3)
[ Info:   ✓ Rereferenced to avg
[ Info: 
[ Info: Batch operation complete! Processed 3 files successfully, 0 errors
[ Info: Output saved to: /tmp/jl_WG5BI8/rereferenced_conditions
[ Info: Batch rereferencing started at 2026-01-27T08:58:08.235
[ Info: Function call: rand(rng)
[ Error: Error: Input directory does not exist: /nonexistent/dir
[ Info: Batch rereferencing started at 2026-01-27T08:58:08.245
[ Info: Function call: rand(rng)
[ Warning: No JLD2 files found matching pattern 'nonexistent_pattern' in /tmp/jl_WG5BI8
[ Info: Batch rereferencing started at 2026-01-27T08:58:08.272
[ Info: Function call: rand(rng)
[ Info: Found 1 JLD2 files matching pattern 'erps_cleaned'
[ Info: Reference settings: avg
[ Info: Rereferencing: 999_unrecognized_erps_cleaned.jld2 (1/1)
[ Warning:   ✗ No data variables found
[ Info: 
[ Info: Batch operation complete! Processed 0 files successfully, 1 errors
[ Info: Output saved to: /tmp/jl_WG5BI8/rereferenced_unrecognized
[ Info: Batch rereferencing started at 2026-01-27T08:58:08.274
[ Info: Function call: rand(rng)
[ Info:   No numeric participant ID found in filename, using hash: 3415
[ Info: Found 2 JLD2 files matching pattern 'erps_cleaned'
[ Info: Reference settings: avg
[ Info: Rereferencing: 999_unrecognized_erps_cleaned.jld2 (1/2)
[ Warning:   ✗ No data variables found
[ Info: Rereferencing: empty_erps_cleaned.jld2 (2/2)
[ Info:   ✓ Rereferenced to avg (empty data)
[ Info: 
[ Info: Batch operation complete! Processed 1 files successfully, 1 errors
[ Info: Output saved to: /tmp/jl_exN4ND/rereferenced_empty
[ Info: Batch rereferencing started at 2026-01-27T08:58:08.276
[ Info: Function call: rand(rng)
[ Info: Found 4 JLD2 files matching pattern 'erps_cleaned'
[ Info: Reference settings: InvalidChannel
[ Info: Rereferencing: 1_erps_cleaned.jld2 (1/4)
[ Error: Error: Missing reference channels in data: [:InvalidChannel]
┌ Error: Error processing 1_erps_cleaned.jld2
│   exception =
│    Missing reference channels in data: [:InvalidChannel]
│    Stacktrace:
│      [1] error(s::String)
│        @ Base ./error.jl:44
│      [2] macro expansion
│        @ ~/Documents/Julia/EegFun.jl/src/utils/error.jl:21 [inlined]
│      [3] rereference!(dat::EegFun.ErpData, reference_selection::Symbol, channel_selection::Function)
│        @ EegFun ~/Documents/Julia/EegFun.jl/src/analysis/processing/rereference.jl:112
│      [4] rereference!
│        @ ~/Documents/Julia/EegFun.jl/src/analysis/processing/rereference.jl:99 [inlined]
│      [5] _broadcast_getindex_evalf
│        @ ./broadcast.jl:699 [inlined]
│      [6] _broadcast_getindex
│        @ ./broadcast.jl:672 [inlined]
│      [7] _getindex
│        @ ./broadcast.jl:620 [inlined]
│      [8] getindex
│        @ ./broadcast.jl:616 [inlined]
│      [9] macro expansion
│        @ ./broadcast.jl:995 [inlined]
│     [10] macro expansion
│        @ ./simdloop.jl:77 [inlined]
│     [11] copyto!
│        @ ./broadcast.jl:994 [inlined]
│     [12] copyto!
│        @ ./broadcast.jl:947 [inlined]
│     [13] copy
│        @ ./broadcast.jl:919 [inlined]
│     [14] materialize(bc::Base.Broadcast.Broadcasted{Base.Broadcast.DefaultArrayStyle{1}, Nothing, typeof(EegFun.rereference!), Tuple{Vector{EegFun.ErpData}, Vector{Symbol}}})
│        @ Base.Broadcast ./broadcast.jl:894
│     [15] _process_rereference_file(filepath::String, output_path::String, reference_selection::Vector{Symbol}, condition_selection::Function)
│        @ EegFun ~/Documents/Julia/EegFun.jl/src/analysis/processing/rereference.jl:183
│     [16] #485
│        @ ~/Documents/Julia/EegFun.jl/src/analysis/processing/rereference.jl:269 [inlined]
│     [17] _run_batch_operation(process_fn::EegFun.var"#485#486"{Vector{Symbol}, EegFun.var"#conditions##0#conditions##1"}, files::Vector{String}, input_dir::String, output_dir::String; operation_name::String)
│        @ EegFun ~/Documents/Julia/EegFun.jl/src/utils/batch.jl:337
│     [18] rereference(file_pattern::String; input_dir::String, reference_selection::Vector{Symbol}, participant_selection::Function, condition_selection::Function, output_dir::String)
│        @ EegFun ~/Documents/Julia/EegFun.jl/src/analysis/processing/rereference.jl:273
│     [19] macro expansion
│        @ ~/Documents/Julia/EegFun.jl/test/automatic/rereference.jl:275 [inlined]
│     [20] macro expansion
│        @ ~/.julia/juliaup/julia-1.12.4+0.x64.linux.gnu/share/julia/stdlib/v1.12/Test/src/Test.jl:1776 [inlined]
│     [21] macro expansion
│        @ ~/Documents/Julia/EegFun.jl/test/automatic/rereference.jl:272 [inlined]
│     [22] macro expansion
│        @ ~/.julia/juliaup/julia-1.12.4+0.x64.linux.gnu/share/julia/stdlib/v1.12/Test/src/Test.jl:1776 [inlined]
│     [23] macro expansion
│        @ ~/Documents/Julia/EegFun.jl/test/automatic/rereference.jl:244 [inlined]
│     [24] macro expansion
│        @ ~/.julia/juliaup/julia-1.12.4+0.x64.linux.gnu/share/julia/stdlib/v1.12/Test/src/Test.jl:1776 [inlined]
│     [25] top-level scope
│        @ ~/Documents/Julia/EegFun.jl/test/automatic/rereference.jl:59
│     [26] include(mapexpr::Function, mod::Module, _path::String)
│        @ Base ./Base.jl:307
│     [27] top-level scope
│        @ ~/Documents/Julia/EegFun.jl/test/runtests.jl:22
│     [28] macro expansion
│        @ ~/.julia/juliaup/julia-1.12.4+0.x64.linux.gnu/share/julia/stdlib/v1.12/Test/src/Test.jl:1776 [inlined]
│     [29] macro expansion
│        @ ~/Documents/Julia/EegFun.jl/test/runtests.jl:55 [inlined]
│     [30] include(mod::Module, _path::String)
│        @ Base ./Base.jl:306
│     [31] exec_options(opts::Base.JLOptions)
│        @ Base ./client.jl:317
│     [32] _start()
│        @ Base ./client.jl:550
└ @ EegFun ~/Documents/Julia/EegFun.jl/src/utils/batch.jl:339
[ Warning:   ✗ Exception: Missing reference channels in data: [:InvalidChannel]
[ Info: Rereferencing: 2_erps_cleaned.jld2 (2/4)
[ Error: Error: Missing reference channels in data: [:InvalidChannel]
┌ Error: Error processing 2_erps_cleaned.jld2
│   exception =
│    Missing reference channels in data: [:InvalidChannel]
│    Stacktrace:
│      [1] error(s::String)
│        @ Base ./error.jl:44
│      [2] macro expansion
│        @ ~/Documents/Julia/EegFun.jl/src/utils/error.jl:21 [inlined]
│      [3] rereference!(dat::EegFun.ErpData, reference_selection::Symbol, channel_selection::Function)
│        @ EegFun ~/Documents/Julia/EegFun.jl/src/analysis/processing/rereference.jl:112
│      [4] rereference!
│        @ ~/Documents/Julia/EegFun.jl/src/analysis/processing/rereference.jl:99 [inlined]
│      [5] _broadcast_getindex_evalf
│        @ ./broadcast.jl:699 [inlined]
│      [6] _broadcast_getindex
│        @ ./broadcast.jl:672 [inlined]
│      [7] _getindex
│        @ ./broadcast.jl:620 [inlined]
│      [8] getindex
│        @ ./broadcast.jl:616 [inlined]
│      [9] macro expansion
│        @ ./broadcast.jl:995 [inlined]
│     [10] macro expansion
│        @ ./simdloop.jl:77 [inlined]
│     [11] copyto!
│        @ ./broadcast.jl:994 [inlined]
│     [12] copyto!
│        @ ./broadcast.jl:947 [inlined]
│     [13] copy
│        @ ./broadcast.jl:919 [inlined]
│     [14] materialize(bc::Base.Broadcast.Broadcasted{Base.Broadcast.DefaultArrayStyle{1}, Nothing, typeof(EegFun.rereference!), Tuple{Vector{EegFun.ErpData}, Vector{Symbol}}})
│        @ Base.Broadcast ./broadcast.jl:894
│     [15] _process_rereference_file(filepath::String, output_path::String, reference_selection::Vector{Symbol}, condition_selection::Function)
│        @ EegFun ~/Documents/Julia/EegFun.jl/src/analysis/processing/rereference.jl:183
│     [16] #485
│        @ ~/Documents/Julia/EegFun.jl/src/analysis/processing/rereference.jl:269 [inlined]
│     [17] _run_batch_operation(process_fn::EegFun.var"#485#486"{Vector{Symbol}, EegFun.var"#conditions##0#conditions##1"}, files::Vector{String}, input_dir::String, output_dir::String; operation_name::String)
│        @ EegFun ~/Documents/Julia/EegFun.jl/src/utils/batch.jl:337
│     [18] rereference(file_pattern::String; input_dir::String, reference_selection::Vector{Symbol}, participant_selection::Function, condition_selection::Function, output_dir::String)
│        @ EegFun ~/Documents/Julia/EegFun.jl/src/analysis/processing/rereference.jl:273
│     [19] macro expansion
│        @ ~/Documents/Julia/EegFun.jl/test/automatic/rereference.jl:275 [inlined]
│     [20] macro expansion
│        @ ~/.julia/juliaup/julia-1.12.4+0.x64.linux.gnu/share/julia/stdlib/v1.12/Test/src/Test.jl:1776 [inlined]
│     [21] macro expansion
│        @ ~/Documents/Julia/EegFun.jl/test/automatic/rereference.jl:272 [inlined]
│     [22] macro expansion
│        @ ~/.julia/juliaup/julia-1.12.4+0.x64.linux.gnu/share/julia/stdlib/v1.12/Test/src/Test.jl:1776 [inlined]
│     [23] macro expansion
│        @ ~/Documents/Julia/EegFun.jl/test/automatic/rereference.jl:244 [inlined]
│     [24] macro expansion
│        @ ~/.julia/juliaup/julia-1.12.4+0.x64.linux.gnu/share/julia/stdlib/v1.12/Test/src/Test.jl:1776 [inlined]
│     [25] top-level scope
│        @ ~/Documents/Julia/EegFun.jl/test/automatic/rereference.jl:59
│     [26] include(mapexpr::Function, mod::Module, _path::String)
│        @ Base ./Base.jl:307
│     [27] top-level scope
│        @ ~/Documents/Julia/EegFun.jl/test/runtests.jl:22
│     [28] macro expansion
│        @ ~/.julia/juliaup/julia-1.12.4+0.x64.linux.gnu/share/julia/stdlib/v1.12/Test/src/Test.jl:1776 [inlined]
│     [29] macro expansion
│        @ ~/Documents/Julia/EegFun.jl/test/runtests.jl:55 [inlined]
│     [30] include(mod::Module, _path::String)
│        @ Base ./Base.jl:306
│     [31] exec_options(opts::Base.JLOptions)
│        @ Base ./client.jl:317
│     [32] _start()
│        @ Base ./client.jl:550
└ @ EegFun ~/Documents/Julia/EegFun.jl/src/utils/batch.jl:339
[ Warning:   ✗ Exception: Missing reference channels in data: [:InvalidChannel]
[ Info: Rereferencing: 3_erps_cleaned.jld2 (3/4)
[ Error: Error: Missing reference channels in data: [:InvalidChannel]
┌ Error: Error processing 3_erps_cleaned.jld2
│   exception =
│    Missing reference channels in data: [:InvalidChannel]
│    Stacktrace:
│      [1] error(s::String)
│        @ Base ./error.jl:44
│      [2] macro expansion
│        @ ~/Documents/Julia/EegFun.jl/src/utils/error.jl:21 [inlined]
│      [3] rereference!(dat::EegFun.ErpData, reference_selection::Symbol, channel_selection::Function)
│        @ EegFun ~/Documents/Julia/EegFun.jl/src/analysis/processing/rereference.jl:112
│      [4] rereference!
│        @ ~/Documents/Julia/EegFun.jl/src/analysis/processing/rereference.jl:99 [inlined]
│      [5] _broadcast_getindex_evalf
│        @ ./broadcast.jl:699 [inlined]
│      [6] _broadcast_getindex
│        @ ./broadcast.jl:672 [inlined]
│      [7] _getindex
│        @ ./broadcast.jl:620 [inlined]
│      [8] getindex
│        @ ./broadcast.jl:616 [inlined]
│      [9] macro expansion
│        @ ./broadcast.jl:995 [inlined]
│     [10] macro expansion
│        @ ./simdloop.jl:77 [inlined]
│     [11] copyto!
│        @ ./broadcast.jl:994 [inlined]
│     [12] copyto!
│        @ ./broadcast.jl:947 [inlined]
│     [13] copy
│        @ ./broadcast.jl:919 [inlined]
│     [14] materialize(bc::Base.Broadcast.Broadcasted{Base.Broadcast.DefaultArrayStyle{1}, Nothing, typeof(EegFun.rereference!), Tuple{Vector{EegFun.ErpData}, Vector{Symbol}}})
│        @ Base.Broadcast ./broadcast.jl:894
│     [15] _process_rereference_file(filepath::String, output_path::String, reference_selection::Vector{Symbol}, condition_selection::Function)
│        @ EegFun ~/Documents/Julia/EegFun.jl/src/analysis/processing/rereference.jl:183
│     [16] #485
│        @ ~/Documents/Julia/EegFun.jl/src/analysis/processing/rereference.jl:269 [inlined]
│     [17] _run_batch_operation(process_fn::EegFun.var"#485#486"{Vector{Symbol}, EegFun.var"#conditions##0#conditions##1"}, files::Vector{String}, input_dir::String, output_dir::String; operation_name::String)
│        @ EegFun ~/Documents/Julia/EegFun.jl/src/utils/batch.jl:337
│     [18] rereference(file_pattern::String; input_dir::String, reference_selection::Vector{Symbol}, participant_selection::Function, condition_selection::Function, output_dir::String)
│        @ EegFun ~/Documents/Julia/EegFun.jl/src/analysis/processing/rereference.jl:273
│     [19] macro expansion
│        @ ~/Documents/Julia/EegFun.jl/test/automatic/rereference.jl:275 [inlined]
│     [20] macro expansion
│        @ ~/.julia/juliaup/julia-1.12.4+0.x64.linux.gnu/share/julia/stdlib/v1.12/Test/src/Test.jl:1776 [inlined]
│     [21] macro expansion
│        @ ~/Documents/Julia/EegFun.jl/test/automatic/rereference.jl:272 [inlined]
│     [22] macro expansion
│        @ ~/.julia/juliaup/julia-1.12.4+0.x64.linux.gnu/share/julia/stdlib/v1.12/Test/src/Test.jl:1776 [inlined]
│     [23] macro expansion
│        @ ~/Documents/Julia/EegFun.jl/test/automatic/rereference.jl:244 [inlined]
│     [24] macro expansion
│        @ ~/.julia/juliaup/julia-1.12.4+0.x64.linux.gnu/share/julia/stdlib/v1.12/Test/src/Test.jl:1776 [inlined]
│     [25] top-level scope
│        @ ~/Documents/Julia/EegFun.jl/test/automatic/rereference.jl:59
│     [26] include(mapexpr::Function, mod::Module, _path::String)
│        @ Base ./Base.jl:307
│     [27] top-level scope
│        @ ~/Documents/Julia/EegFun.jl/test/runtests.jl:22
│     [28] macro expansion
│        @ ~/.julia/juliaup/julia-1.12.4+0.x64.linux.gnu/share/julia/stdlib/v1.12/Test/src/Test.jl:1776 [inlined]
│     [29] macro expansion
│        @ ~/Documents/Julia/EegFun.jl/test/runtests.jl:55 [inlined]
│     [30] include(mod::Module, _path::String)
│        @ Base ./Base.jl:306
│     [31] exec_options(opts::Base.JLOptions)
│        @ Base ./client.jl:317
│     [32] _start()
│        @ Base ./client.jl:550
└ @ EegFun ~/Documents/Julia/EegFun.jl/src/utils/batch.jl:339
[ Warning:   ✗ Exception: Missing reference channels in data: [:InvalidChannel]
[ Info: Rereferencing: 999_unrecognized_erps_cleaned.jld2 (4/4)
[ Warning:   ✗ No data variables found
[ Info: 
[ Info: Batch operation complete! Processed 0 files successfully, 4 errors
[ Info: Output saved to: /tmp/jl_WG5BI8/rereferenced_invalid
[ Info: Batch rereferencing started at 2026-01-27T08:58:08.346
[ Info: Function call: rand(rng)
[ Info: Found 1 JLD2 files matching pattern 'erps_cleaned'
[ Info: Reference settings: avg
[ Info: Rereferencing: 1_erps_cleaned.jld2 (1/1)
[ Info: Rereference channels: avg (Ch1, Ch2, Ch3)
[ Info:   ✓ Rereferenced to avg
[ Info: 
[ Info: Batch operation complete! Processed 1 files successfully, 0 errors
[ Info: Output saved to: /tmp/jl_WG5BI8/rereferenced_integrity
[ Info: Batch rereferencing started at 2026-01-27T08:58:08.429
[ Info: Function call: rand(rng)
[ Info: Found 4 JLD2 files matching pattern 'erps_cleaned'
[ Info: Reference settings: avg
[ Info: Rereferencing: 1_erps_cleaned.jld2 (1/4)
[ Info: Rereference channels: avg (Ch1, Ch2, Ch3)
[ Info: Rereference channels: avg (Ch1, Ch2, Ch3)
[ Info:   ✓ Rereferenced to avg
[ Info: Rereferencing: 2_erps_cleaned.jld2 (2/4)
[ Info: Rereference channels: avg (Ch1, Ch2, Ch3)
[ Info: Rereference channels: avg (Ch1, Ch2, Ch3)
[ Info:   ✓ Rereferenced to avg
[ Info: Rereferencing: 3_erps_cleaned.jld2 (3/4)
[ Info: Rereference channels: avg (Ch1, Ch2, Ch3)
[ Info: Rereference channels: avg (Ch1, Ch2, Ch3)
[ Info:   ✓ Rereferenced to avg
[ Info: Rereferencing: 999_unrecognized_erps_cleaned.jld2 (4/4)
[ Warning:   ✗ No data variables found
[ Info: 
[ Info: Batch operation complete! Processed 3 files successfully, 1 errors
[ Info: Output saved to: /tmp/jl_WG5BI8/custom_rereferenced
[ Info: Batch rereferencing started at 2026-01-27T08:58:08.461
[ Info: Function call: rand(rng)
[ Info: Found 4 JLD2 files matching pattern 'erps_cleaned'
[ Info: Reference settings: avg
[ Info: Rereferencing: 1_erps_cleaned.jld2 (1/4)
[ Info: Rereference channels: avg (Ch1, Ch2, Ch3)
[ Info: Rereference channels: avg (Ch1, Ch2, Ch3)
[ Info:   ✓ Rereferenced to avg
[ Info: Rereferencing: 2_erps_cleaned.jld2 (2/4)
[ Info: Rereference channels: avg (Ch1, Ch2, Ch3)
[ Info: Rereference channels: avg (Ch1, Ch2, Ch3)
[ Info:   ✓ Rereferenced to avg
[ Info: Rereferencing: 3_erps_cleaned.jld2 (3/4)
[ Info: Rereference channels: avg (Ch1, Ch2, Ch3)
[ Info: Rereference channels: avg (Ch1, Ch2, Ch3)
[ Info:   ✓ Rereferenced to avg
[ Info: Rereferencing: 999_unrecognized_erps_cleaned.jld2 (4/4)
[ Warning:   ✗ No data variables found
[ Info: 
[ Info: Batch operation complete! Processed 3 files successfully, 1 errors
[ Info: Output saved to: /tmp/jl_WG5BI8/rereferenced_erps_cleaned_avg
[ Info: Batch rereferencing started at 2026-01-27T08:58:08.489
[ Info: Function call: rand(rng)
[ Info: Found 4 JLD2 files matching pattern 'erps_cleaned'
[ Info: Reference settings: avg
[ Info: Rereferencing: 1_erps_cleaned.jld2 (1/4)
[ Info: Rereference channels: avg (Ch1, Ch2, Ch3)
[ Info: Rereference channels: avg (Ch1, Ch2, Ch3)
[ Info:   ✓ Rereferenced to avg
[ Info: Rereferencing: 2_erps_cleaned.jld2 (2/4)
[ Info: Rereference channels: avg (Ch1, Ch2, Ch3)
[ Info: Rereference channels: avg (Ch1, Ch2, Ch3)
[ Info:   ✓ Rereferenced to avg
[ Info: Rereferencing: 3_erps_cleaned.jld2 (3/4)
[ Info: Rereference channels: avg (Ch1, Ch2, Ch3)
[ Info: Rereference channels: avg (Ch1, Ch2, Ch3)
[ Info:   ✓ Rereferenced to avg
[ Info: Rereferencing: 999_unrecognized_erps_cleaned.jld2 (4/4)
[ Warning:   ✗ No data variables found
[ Info: 
[ Info: Batch operation complete! Processed 3 files successfully, 1 errors
[ Info: Output saved to: /tmp/jl_WG5BI8/rereferenced_logging
[ Info: Batch rereferencing started at 2026-01-27T08:58:08.502
[ Info: Function call: rand(rng)
[ Info: Found 1 JLD2 files matching pattern 'erps_cleaned'
[ Info: Reference settings: avg
[ Info: Rereferencing: 1_erps_cleaned.jld2 (1/1)
[ Info: Rereference channels: avg (Ch1, Ch2, Ch3)
[ Info:   ✓ Rereferenced to avg
[ Info: 
[ Info: Batch operation complete! Processed 1 files successfully, 0 errors
[ Info: Output saved to: /tmp/jl_WG5BI8/rereferenced_verification
[ Info: Batch rereferencing started at 2026-01-27T08:58:08.660
[ Info: Function call: rand(rng)
[ Info: Found 4 JLD2 files matching pattern 'erps_cleaned'
[ Info: Reference settings: avg
[ Info: Rereferencing: 1_erps_cleaned.jld2 (1/4)
[ Info: Rereference channels: avg (Ch1, Ch2, Ch3)
[ Info: Rereference channels: avg (Ch1, Ch2, Ch3)
[ Info:   ✓ Rereferenced to avg
[ Info: Rereferencing: 2_erps_cleaned.jld2 (2/4)
[ Info: Rereference channels: avg (Ch1, Ch2, Ch3)
[ Info: Rereference channels: avg (Ch1, Ch2, Ch3)
[ Info:   ✓ Rereferenced to avg
[ Info: Rereferencing: 3_erps_cleaned.jld2 (3/4)
[ Info: Rereference channels: avg (Ch1, Ch2, Ch3)
[ Info: Rereference channels: avg (Ch1, Ch2, Ch3)
[ Info:   ✓ Rereferenced to avg
[ Info: Rereferencing: 999_unrecognized_erps_cleaned.jld2 (4/4)
[ Warning:   ✗ No data variables found
[ Info: 
[ Info: Batch operation complete! Processed 3 files successfully, 1 errors
[ Info: Output saved to: /tmp/jl_WG5BI8/rereferenced_erps_cleaned
[ Info: Batch rereferencing started at 2026-01-27T08:58:08.671
[ Info: Function call: rand(rng)
[ Warning: No JLD2 files found matching pattern 'nonexistent' in /tmp/jl_WG5BI8
[ Info: Batch rereferencing started at 2026-01-27T08:58:08.673
[ Info: Function call: rand(rng)
[ Warning: No JLD2 files found matching pattern 'original' in /tmp/jl_WG5BI8
[ Info: Batch resampling started at 2026-01-27T08:58:09.860
[ Info: Function call: rand(rng)
[ Info: Found 3 JLD2 files matching pattern 'continuous'
[ Info: Downsampling factor: 2
[ Info: Resampling: 1_continuous.jld2 (1/3)
[ Info: Resampling data from 512 Hz to 256 Hz (factor: 2)
[ Info: Resampling complete. New sample rate: 256 Hz, 256 samples
[ Info:   ✓ Resampled from 512 Hz to 256 Hz (factor: 2)
[ Info: Resampling: 2_continuous.jld2 (2/3)
[ Info: Resampling data from 512 Hz to 256 Hz (factor: 2)
[ Info: Resampling complete. New sample rate: 256 Hz, 256 samples
[ Info:   ✓ Resampled from 512 Hz to 256 Hz (factor: 2)
[ Info: Resampling: 3_continuous.jld2 (3/3)
[ Info: Resampling data from 512 Hz to 256 Hz (factor: 2)
[ Info: Resampling complete. New sample rate: 256 Hz, 256 samples
[ Info:   ✓ Resampled from 512 Hz to 256 Hz (factor: 2)
[ Info: 
[ Info: Batch operation complete! Processed 3 files successfully, 0 errors
[ Info: Output saved to: /tmp/jl_gHYLSD/resampled
[ Info: Batch resampling started at 2026-01-27T08:58:10.066
[ Info: Function call: rand(rng)
[ Info: Found 2 JLD2 files matching pattern 'epochs'
[ Info: Downsampling factor: 2
[ Info: Resampling: 1_epochs.jld2 (1/2)
[ Info: Resampling 3 epochs from 256 Hz to 128 Hz (factor: 2)
[ Info: Resampling complete. New sample rate: 128 Hz, 128 samples per epoch
[ Info:   ✓ Resampled from 256 Hz to 128 Hz (factor: 2)
[ Info: Resampling: 2_epochs.jld2 (2/2)
[ Info: Resampling 3 epochs from 256 Hz to 128 Hz (factor: 2)
[ Info: Resampling complete. New sample rate: 128 Hz, 128 samples per epoch
[ Info:   ✓ Resampled from 256 Hz to 128 Hz (factor: 2)
[ Info: 
[ Info: Batch operation complete! Processed 2 files successfully, 0 errors
[ Info: Output saved to: /tmp/jl_mfWokC/resampled
[ Info: Batch resampling started at 2026-01-27T08:58:10.184
[ Info: Function call: rand(rng)
[ Info: Found 2 JLD2 files matching pattern 'continuous'
[ Info: Downsampling factor: 2
[ Info: Resampling: 2_continuous.jld2 (1/2)
[ Info: Resampling data from 256 Hz to 128 Hz (factor: 2)
[ Info: Resampling complete. New sample rate: 128 Hz, 128 samples
[ Info:   ✓ Resampled from 256 Hz to 128 Hz (factor: 2)
[ Info: Resampling: 4_continuous.jld2 (2/2)
[ Info: Resampling data from 256 Hz to 128 Hz (factor: 2)
[ Info: Resampling complete. New sample rate: 128 Hz, 128 samples
[ Info:   ✓ Resampled from 256 Hz to 128 Hz (factor: 2)
[ Info: 
[ Info: Batch operation complete! Processed 2 files successfully, 0 errors
[ Info: Output saved to: /tmp/jl_LjmcLm/resampled
input_dir: /tmp/jl_LjmcLm
output_dir: /tmp/jl_LjmcLm/resampled
Layout (3 channels)
2D coords: ✗, 3D coords: ✗, Neighbours: ✗

┌────────┬────────┬────────┐
│  label │    inc │    azi │
│ Symbol │ String │ String │
├────────┼────────┼────────┤
│     Fz │   0.00 │   0.00 │
│     Cz │   0.00 │   0.00 │
│     Pz │   0.00 │   0.00 │
└────────┴────────┴────────┘
Layout (3 channels)
2D coords: ✗, 3D coords: ✗, Neighbours: ✗

┌────────┬────────┬────────┐
│  label │    inc │    azi │
│ Symbol │ String │ String │
├────────┼────────┼────────┤
│     Fz │   0.00 │   0.00 │
│     Cz │   0.00 │   0.00 │
│     Pz │   0.00 │   0.00 │
└────────┴────────┴────────┘
Reference: avg, HP Filter: 0.1, LP Filter: 30.0InfoIca Result
├─ Filename: test_file.bdf
├─ Components: 2
├─ Channels: 3
├─ Scale: 1.0
├─ Top 5 variance explained:
│  IC1: 50.0%
│  IC2: 30.0%
├─ Matrix sizes:
│  ├─ Unmixing: (2, 2)
│  ├─ Mixing: (2, 2)
│  └─ Sphere: (2, 2)
└─ Channel labels: Fz, Cz, Pz
InfoIca Result
├─ Filename: test_file.bdf
├─ Components: 2
├─ Channels: 3
├─ Scale: 1.0
├─ Top 5 variance explained:
│  IC1: 50.0%
│  IC2: 30.0%
├─ Matrix sizes:
│  ├─ Unmixing: (2, 2)
│  ├─ Mixing: (2, 2)
│  └─ Sphere: (2, 2)
└─ Channel labels: Fz, Cz, Pz
Neighbours Dictionary (1 electrodes): Average neighbours per electrode: 1.0

Fz    : 1 neighbours (avg dist: 10.0)
    Neighbours: Cz (10.0,1.0)

Neighbours Dictionary (1 electrodes): Average neighbours per electrode: 1.0

Fz    : 1 neighbours (avg dist: 10.0)
    Neighbours: Cz (10.0,1.0)

_find_batch_files: Error During Test at /home/ian/Documents/Julia/EegFun.jl/test/automatic/utils.jl:43
  Got exception outside of a @test
  MethodError: no method matching create_test_erp_data(::Int64, ::Int64)
  The function `create_test_erp_data` exists, but no method is defined for this combination of argument types.
  
  Closest candidates are:
    create_test_erp_data(; participant, condition, fs, n_channels, seed)
     @ Main ~/Documents/Julia/EegFun.jl/test/test_utils.jl:118
  
  Stacktrace:
    [1] top-level scope
      @ ~/Documents/Julia/EegFun.jl/test/automatic/utils.jl:13
    [2] macro expansion
      @ ~/.julia/juliaup/julia-1.12.4+0.x64.linux.gnu/share/julia/stdlib/v1.12/Test/src/Test.jl:1776 [inlined]
    [3] macro expansion
      @ ~/Documents/Julia/EegFun.jl/test/automatic/utils.jl:45 [inlined]
    [4] macro expansion
      @ ~/.julia/juliaup/julia-1.12.4+0.x64.linux.gnu/share/julia/stdlib/v1.12/Test/src/Test.jl:1776 [inlined]
    [5] macro expansion
      @ ~/Documents/Julia/EegFun.jl/test/automatic/utils.jl:53 [inlined]
    [6] include(mapexpr::Function, mod::Module, _path::String)
      @ Base ./Base.jl:307
    [7] top-level scope
      @ ~/Documents/Julia/EegFun.jl/test/runtests.jl:22
    [8] macro expansion
      @ ~/.julia/juliaup/julia-1.12.4+0.x64.linux.gnu/share/julia/stdlib/v1.12/Test/src/Test.jl:1776 [inlined]
    [9] macro expansion
      @ ~/Documents/Julia/EegFun.jl/test/runtests.jl:59 [inlined]
   [10] include(mod::Module, _path::String)
      @ Base ./Base.jl:306
   [11] exec_options(opts::Base.JLOptions)
      @ Base ./client.jl:317
   [12] _start()
      @ Base ./client.jl:550
Test Summary:                                           | Pass  Fail  Error  Total     Time
EegFun                                                  | 3750    49    120   3919  3m40.0s
  apply                                                 |   44            1     45    19.5s
    apply_analysis_settings! - ContinuousData           |   17                  17     7.1s
    apply_analysis_settings! - ErpData                  |                 1      1     1.0s
    apply_analysis_settings! - EpochData                |    5                   5     0.4s
    apply_analysis_settings! - with ICA                 |    8                   8    11.0s
    apply_analysis_settings! - Observable support       |    4                   4     0.0s
    apply_analysis_settings - non-mutating              |    6                   6     0.0s
    Edge cases                                          |    4                   4     0.0s
  artifact_detection                                    |  156                 156     6.3s
  baseline                                              |   47            1     48     0.9s
  channel_average                                       |                 1      1     0.6s
  Batch Average Channels                                |   28    25     22     75    20.6s
    Setup test files                                    |    2                   2     4.0s
    Basic channel averaging                             |    2     4      1      7     8.3s
    Custom output labels                                |          1      1      2     0.1s
    Reduce mode                                         |          1      1      2     0.1s
    Average specific participants                       |    1     3             4     0.3s
    Average multiple participants                       |          4             4     0.2s
    Average specific conditions                         |          1      1      2     0.2s
    Average multiple conditions                         |          1      1      2     0.2s
    Error handling                                      |    2                   2     0.2s
    No matching files                                   |    1                   1     0.0s
    Logging                                             |    3                   3     0.0s
    Existing output directory                           |    2     1             3     0.0s
    Partial failures                                    |                 1      1     0.0s
    Return value structure                              |    7                   7     0.0s
    Averaging math correctness                          |    1                   1     4.4s
    Layout preservation                                 |                 1      1     0.1s
    Layout in reduce mode                               |                 1      1     0.0s
    Multiple channel groups                             |          1      1      2     0.0s
    Single channel group                                |          1      1      2     0.0s
    Combined filters                                    |          1      1      2     0.0s
    Pattern matching variants                           |                 1      1     0.0s
    Output file overwriting                             |          1             1     0.2s
    Channel exclusion predicate                         |          1      1      2     0.5s
    EpochData support                                   |          1      1      2     0.9s
    Invalid channel selection                           |                 1      1     0.0s
    Single channel in group                             |          1      1      2     0.0s
    All channels combined                               |          1      1      2     0.4s
    Overlapping channel groups                          |          1      1      2     0.0s
    Sample rate and analysis info preservation          |                 1      1     0.0s
    Condition out of range                              |    2                   2     0.0s
    Many channels                                       |    5                   5     0.1s
    Metadata columns preserved                          |                 1      1     0.0s
    Metadata columns in reduce mode                     |                 1      1     0.0s
    Empty result handling                               |                 1      1     0.0s
  channel_difference                                    |   19            1     20     1.2s
  correlation                                           |  343                 343     2.7s
  channel_repair                                        |   46                  46     0.9s
  EegFun                                                |   66                  66     3.3s
  Batch Channel Summary                                 |   95                  95     5.9s
  Batch Combine Conditions                              |   22    10     42     74     1.8s
    Setup test files                                    |                 1      1     0.1s
    Basic condition combining                           |    1     4      3      8     0.7s
    Combine specific participants                       |    2     1      2      5     0.1s
    Combine multiple participants                       |    1     2      2      5     0.0s
    Single condition groups                             |                 2      2     0.0s
    Overlapping condition groups                        |                 2      2     0.0s
    Error handling                                      |    4                   4     0.1s
    Condition out of range                              |                 2      2     0.0s
    No matching files                                   |    1                   1     0.0s
    Data integrity - concatenation preserves all epochs |                 1      1     0.0s
    Metadata preservation                               |                 1      1     0.0s
    Layout and sample rate preservation                 |                 1      1     0.0s
    Different epoch counts per condition                |                 1      1     0.1s
    Empty condition groups                              |    1                   1     0.0s
    Single condition per group                          |                 2      2     0.0s
    Logging                                             |    3     1             4     0.0s
    Output directory naming                             |    1                   1     0.0s
    Return value structure                              |          2      5      7     0.0s
    Duplicate conditions within groups                  |                 2      2     0.0s
    Empty groups after duplicate removal                |                 2      2     0.0s
    Negative condition numbers                          |                 2      2     0.0s
    Zero condition numbers                              |                 2      2     0.0s
    Very large condition numbers                        |                 2      2     0.0s
    Single condition in multiple groups                 |                 2      2     0.0s
    All conditions in single group                      |                 2      2     0.0s
    Non-integer condition groups                        |    1                   1     0.0s
    Nested empty groups                                 |    1                   1     0.0s
    Very large number of groups                         |                 2      2     0.0s
    File corruption handling                            |    2                   2     0.3s
    Missing epochs variable                             |    2                   2     0.0s
    Empty epochs data                                   |    2                   2     0.0s
    Many channels                                       |                 1      1     0.1s
  Batch Difference Conditions                           |   40                  40     1.1s
  Configuration System Tests                            |  527                 527     3.1s
  Data Utilities                                        |  158                 158     6.1s
  epochs                                                |   90                  90     4.2s
  Batch Average Epochs                                  |   99                  99     2.0s
  Artifact Detection                                    |    1            5      6     0.2s
    Basic detection and rejection                       |                 1      1     0.1s
    In-place rejection                                  |                 1      1     0.0s
    Different z-criteria                                |                 1      1     0.0s
    EpochRejectionInfo structure                        |                 1      1     0.0s
    Error handling                                      |    1            1      2     0.1s
  Batch ERP Measurements                                |  202            1    203    10.5s
    Basic ERP measurements                              |    9                   9     4.0s
    Different analysis types                            |   51                  51     0.2s
    Area and integral measurements                      |   29                  29     0.4s
    Fractional latency measurements                     |   16                  16     0.0s
    Measurement kwargs                                  |    3                   3     1.2s
    Kwargs validation                                   |    4                   4     1.4s
    Epoch data processing                               |                 1      1     0.1s
    Participant and condition filtering                 |    6                   6     0.3s
    Channel selection                                   |    5                   5     0.5s
    Baseline correction                                 |    5                   5     0.7s
    Error handling                                      |    4                   4     0.4s
    Edge cases                                          |    6                   6     0.1s
    Output handling                                     |    3                   3     0.1s
    Data integrity and measurements                     |    8                   8     0.0s
    Logging and return values                           |    4                   4     0.0s
    Known value validation                              |   49                  49     1.2s
  File Utilities                                        |   24                  24     0.4s
  filter                                                |   44                  44    17.5s
  Batch Filter                                          |   12     9     28     49     0.7s
    Setup test files                                    |                 1      1     0.0s
    Basic filtering                                     |    1     3      3      7     0.4s
    Filter specific participants                        |    1     1      2      4     0.0s
    Filter specific conditions                          |                 2      2     0.0s
    High-pass filter                                    |                 3      3     0.0s
    Error handling                                      |    2                   2     0.1s
    No matching files                                   |    1                   1     0.0s
    Logging                                             |    4                   4     0.0s
    Multiple participants filter                        |          2      2      4     0.0s
    Multiple conditions filter                          |                 2      2     0.0s
    EpochData support                                   |                 1      1     0.0s
    Existing output directory                           |    2     1      1      4     0.0s
    Partial failures                                    |                 1      1     0.0s
    Condition out of range                              |                 2      2     0.0s
    Empty pattern match                                 |    1                   1     0.0s
    Return value structure                              |          2      5      7     0.0s
    Data integrity - frequency attenuation              |                 1      1     0.0s
    Combined filters                                    |                 2      2     0.0s
  Global Field Power (GFP)                              |   24                  24     0.7s
  Global Dissimilarity                                  |   16                  16     0.5s
  GFP and Dissimilarity combined                        |   17                  17     0.2s
  Plot GFP                                              |   10                  10     5.8s
  GFP with realistic data patterns                      |    2                   2     0.1s
  Batch Grand Average                                   |   66                  66     1.6s
  ica                                                   |   44                  44     4.3s
  Jackknife Average                                     |   94                  94     1.4s
  Layout Tests                                          |  129                 129     1.6s
  Layout System Tests                                   |   69                  69    21.5s
  Logging Utilities                                     |   34                  34     0.4s
  LRP Calculation                                       |   99            1    100     1.4s
    Basic LRP calculation with automatic pair detection |   15                  15     0.6s
    Manual LRP calculation verification                 |    2                   2     0.0s
    LRP with specific channel selection                 |    6                   6     0.0s
    LRP layout filtering                                |    2                   2     0.0s
    Error handling                                      |    5                   5     0.0s
    LRP with complex channel naming                     |    4                   4     0.0s
    Analysis info preservation                          |    3                   3     0.0s
    Time vector preservation                            |    2                   2     0.1s
    LRP symmetry property                               |    5                   5     0.2s
    Batch LRP calculation for multiple condition pairs  |   42                  42     0.2s
    Batch LRP with specific pairs                       |    4                   4     0.0s
    Batch LRP error handling                            |                 1      1     0.1s
    Batch LRP with custom channel selection             |    9                   9     0.0s
  Data Mirroring                                        |   53                  53     0.9s
  Miscellaneous Utilities                               |   88                  88     1.6s
  plot_channel_summary                                  |   70                  70     8.5s
  Plot Layout Tests                                     |   71                  71    11.1s
  Plot Misc Utilities                                   |   32                  32     0.0s
  plot_triggers                                         |  164                 164    10.6s
  Print Utilities                                       |   82                  82     4.2s
  Realignment                                           |                13     13     0.2s
    Basic realignment (non-mutating)                    |                 1      1     0.0s
    In-place realignment                                |                 1      1     0.0s
    Time window cropping                                |                 1      1     0.1s
    Common time window calculation                      |                 1      1     0.0s
    Channel data preservation                           |                 1      1     0.0s
    Metadata preservation                               |                 1      1     0.0s
    Error handling: missing column                      |                 1      1     0.0s
    Error handling: varying values within epoch         |                 1      1     0.0s
    Error handling: non-finite values                   |                 1      1     0.0s
    Error handling: insufficient epoch length           |                 1      1     0.0s
    Multiple channels preserved                         |                 1      1     0.0s
    Edge case: identical RTs                            |                 1      1     0.0s
    Realistic use case: response-locked LRP             |                 1      1     0.0s
  Batch realignment                                     |    5     5      1     11     0.3s
    Basic batch processing                              |                 1      1     0.0s
    Batch with participant filtering                    |    2     3             5     0.3s
    Batch error handling: no matching files             |    1               [ Info: Infomax step 90, change = 0.0000140, lrate = 0.0000718, angle = 70.0
[ Info: Infomax step 100, change = 0.0000061, lrate = 0.0000646, angle = 29.8
[ Info: Infomax step 110, change = 0.0000031, lrate = 0.0000523, angle = 40.7
[ Info: Infomax step 120, change = 0.0000026, lrate = 0.0000471, angle = 35.8
[ Info: Infomax step 130, change = 0.0000020, lrate = 0.0000471, angle = 29.5
[ Info: Infomax step 140, change = 0.0000022, lrate = 0.0000471, angle = 25.0
[ Info: Infomax step 150, change = 0.0000020, lrate = 0.0000471, angle = 41.1
[ Info: Infomax step 160, change = 0.0000016, lrate = 0.0000471, angle = 28.0
[ Info: Infomax step 170, change = 0.0000022, lrate = 0.0000471, angle = 54.5
[ Info: Infomax step 180, change = 0.0000024, lrate = 0.0000424, angle = 66.2
[ Info: Running ICA: 3 channels x 2000 samples -> 2 components
[ Info: subset_layout!: Subset layout from 5 to 3 channels
[ Info: Random sample: 2000 of 2000 (100.0%)
[ Info: Infomax step 1, change = 0.8987829, lrate = 0.0010000, angle = 0.0
[ Info: Infomax step 10, change = 0.0002611, lrate = 0.0004305, angle = 81.1
[ Info: Infomax step 20, change = 0.0000584, lrate = 0.0001668, angle = 130.7
[ Info: Infomax step 30, change = 0.0000065, lrate = 0.0001216, angle = 40.5
[ Info: Infomax step 40, change = 0.0000019, lrate = 0.0000798, angle = 45.6
[ Info: Infomax step 50, change = 0.0000016, lrate = 0.0000646, angle = 88.0
[ Info: Running ICA: 5 channels x 1000 samples -> 4 components
[ Info: subset_layout!: Subset layout from 5 to 5 channels
[ Info: Random sample: 1000 of 1000 (100.0%)
[ Info: Infomax step 1, change = 0.8850289, lrate = 0.0010000, angle = 0.0
[ Info: Infomax step 10, change = 0.0021469, lrate = 0.0004783, angle = 60.1
[ Info: Infomax step 20, change = 0.0005686, lrate = 0.0002824, angle = 62.3
[ Info: Infomax step 30, change = 0.0001577, lrate = 0.0002059, angle = 49.9
[ Info: Infomax step 40, change = 0.0001568, lrate = 0.0002059, angle = 52.5
[ Info: Infomax step 50, change = 0.0001421, lrate = 0.0002059, angle = 43.7
[ Info: Infomax step 60, change = 0.0000620, lrate = 0.0001668, angle = 56.5
[ Info: Infomax step 70, change = 0.0000391, lrate = 0.0001216, angle = 54.7
[ Info: Infomax step 80, change = 0.0000131, lrate = 0.0000886, angle = 52.3
[ Info: Infomax step 90, change = 0.0000128, lrate = 0.0000798, angle = 49.9
[ Info: Infomax step 100, change = 0.0000081, lrate = 0.0000718, angle = 36.8
[ Info: Infomax step 110, change = 0.0000074, lrate = 0.0000646, angle = 59.1
[ Info: Infomax step 120, change = 0.0000031, lrate = 0.0000471, angle = 48.7
[ Info: Infomax step 130, change = 0.0000018, lrate = 0.0000382, angle = 34.9
[ Info: Infomax step 140, change = 0.0000015, lrate = 0.0000343, angle = 46.7
[ Info: Infomax step 150, change = 0.0000011, lrate = 0.0000343, angle = 43.2
[ Info: Infomax step 160, change = 0.0000010, lrate = 0.0000278, angle = 62.1
[ Info: Running ICA: 7 channels x 2000 samples -> 6 components
[ Info: subset_layout!: Subset layout from 5 to 5 channels
[ Info: Random sample: 2000 of 2000 (100.0%)
[ Info: Infomax step 1, change = 2.5835447, lrate = 0.0010000, angle = 0.0
[ Info: Infomax step 10, change = 0.0100724, lrate = 0.0004783, angle = 62.6
[ Info: Infomax step 20, change = 0.0011110, lrate = 0.0002059, angle = 75.1
[ Info: Infomax step 30, change = 0.0001327, lrate = 0.0001094, angle = 44.5
[ Info: Infomax step 40, change = 0.0000584, lrate = 0.0000886, angle = 47.1
[ Info: Infomax step 50, change = 0.0000534, lrate = 0.0000886, angle = 48.0
[ Info: Infomax step 60, change = 0.0000565, lrate = 0.0000886, angle = 45.5
[ Info: Infomax step 70, change = 0.0000380, lrate = 0.0000798, angle = 41.3
[ Info: Infomax step 80, change = 0.0000320, lrate = 0.0000798, angle = 46.0
[ Info: Infomax step 90, change = 0.0000349, lrate = 0.0000798, angle = 34.3
[ Info: Infomax step 100, change = 0.0000258, lrate = 0.0000718, angle = 57.5
[ Info: Infomax step 110, change = 0.0000248, lrate = 0.0000718, angle = 46.0
[ Info: Infomax step 120, change = 0.0000232, lrate = 0.0000718, angle = 50.3
[ Info: Infomax step 130, change = 0.0000235, lrate = 0.0000718, angle = 50.8
[ Info: Infomax step 140, change = 0.0000240, lrate = 0.0000718, angle = 53.3
[ Info: Infomax step 150, change = 0.0000210, lrate = 0.0000718, angle = 46.7
[ Info: Infomax step 160, change = 0.0000188, lrate = 0.0000646, angle = 39.3
[ Info: Infomax step 170, change = 0.0000138, lrate = 0.0000581, angle = 37.5
[ Info: Infomax step 180, change = 0.0000144, lrate = 0.0000581, angle = 47.7
[ Info: Infomax step 190, change = 0.0000135, lrate = 0.0000581, angle = 41.3
[ Info: Infomax step 200, change = 0.0000136, lrate = 0.0000581, angle = 50.6
[ Info: Infomax step 210, change = 0.0000141, lrate = 0.0000581, angle = 41.3
[ Info: Infomax step 220, change = 0.0000160, lrate = 0.0000581, angle = 45.1
[ Info: Infomax step 230, change = 0.0000140, lrate = 0.0000581, angle = 42.5
[ Info: Infomax step 240, change = 0.0000138, lrate = 0.0000581, angle = 33.6
[ Info: Infomax step 250, change = 0.0000173, lrate = 0.0000581, angle = 43.0
[ Info: Infomax step 260, change = 0.0000145, lrate = 0.0000581, angle = 44.7
[ Info: Infomax step 270, change = 0.0000169, lrate = 0.0000581, angle = 45.8
[ Info: Infomax step 280, change = 0.0000182, lrate = 0.0000581, angle = 44.0
[ Info: Infomax step 290, change = 0.0000169, lrate = 0.0000581, angle = 51.2
[ Info: Infomax step 300, change = 0.0000173, lrate = 0.0000581, angle = 38.4
[ Info: Infomax step 310, change = 0.0000176, lrate = 0.0000581, angle = 56.7
[ Info: Infomax step 320, change = 0.0000178, lrate = 0.0000581, angle = 38.5
[ Info: Infomax step 330, change = 0.0000169, lrate = 0.0000581, angle = 38.4
[ Info: Infomax step 340, change = 0.0000166, lrate = 0.0000581, angle = 45.4
[ Info: Infomax step 350, change = 0.0000191, lrate = 0.0000581, angle = 44.5
[ Info: Infomax step 360, change = 0.0000168, lrate = 0.0000581, angle = 54.4
[ Info: Infomax step 370, change = 0.0000165, lrate = 0.0000581, angle = 47.9
[ Info: Infomax step 380, change = 0.0000175, lrate = 0.0000581, angle = 47.4
[ Info: Infomax step 390, change = 0.0000162, lrate = 0.0000581, angle = 48.7
[ Info: Infomax step 400, change = 0.0000192, lrate = 0.0000581, angle = 49.0
[ Info: Infomax step 410, change = 0.0000137, lrate = 0.0000523, angle = 32.7
[ Info: Infomax step 420, change = 0.0000140, lrate = 0.0000523, angle = 37.5
[ Info: Infomax step 430, change = 0.0000132, lrate = 0.0000523, angle = 31.3
[ Info: Infomax step 440, change = 0.0000141, lrate = 0.0000523, angle = 33.9
[ Info: Infomax step 450, change = 0.0000127, lrate = 0.0000523, angle = 38.5
[ Info: Infomax step 460, change = 0.0000129, lrate = 0.0000523, angle = 30.9
[ Info: Infomax step 470, change = 0.0000127, lrate = 0.0000523, angle = 29.4
[ Info: Infomax step 480, change = 0.0000134, lrate = 0.0000523, angle = 45.1
[ Info: Infomax step 490, change = 0.0000128, lrate = 0.0000523, angle = 37.4
[ Info: Infomax step 500, change = 0.0000125, lrate = 0.0000523, angle = 43.4
[ Info: Infomax step 510, change = 0.0000122, lrate = 0.0000523, angle = 47.3
[ Info: Running ICA: 5 channels x 2000 samples -> 3 components
[ Info: subset_layout!: Subset layout from 5 to 5 channels
[ Info: Random sample: 2000 of 2000 (100.0%)
[ Info: Infomax step 1, change = 1.4555196, lrate = 0.0010000, angle = 0.0
[ Info: Infomax step 10, change = 0.0024717, lrate = 0.0004305, angle = 106.6
[ Info: Infomax step 20, change = 0.0000720, lrate = 0.0002059, angle = 51.0
[ Info: Infomax step 30, change = 0.0000088, lrate = 0.0000798, angle = 75.4
[ Info: Infomax step 40, change = 0.0000029, lrate = 0.0000646, angle = 21.6
[ Info: Infomax step 50, change = 0.0000016, lrate = 0.0000523, angle = 32.6
[ Info: Infomax step 60, change = 0.0000013, lrate = 0.0000523, angle = 32.5
[ Info: Infomax step 70, change = 0.0000011, lrate = 0.0000471, angle = 35.8
[ Info: Running ICA: 5 channels x 2000 samples -> 3 components
[ Info: subset_layout!: Subset layout from 5 to 5 channels
[ Info: Random sample: 2000 of 2000 (100.0%)
[ Info: Infomax step 1, change = 1.4555196, lrate = 0.0010000, angle = 0.0
[ Info: Infomax step 10, change = 0.0024717, lrate = 0.0004305, angle = 106.6
[ Info: Infomax step 20, change = 0.0000720, lrate = 0.0002059, angle = 51.0
[ Info: Infomax step 30, change = 0.0000088, lrate = 0.0000798, angle = 75.4
[ Info: Infomax step 40, change = 0.0000029, lrate = 0.0000646, angle = 21.6
[ Info: Infomax step 50, change = 0.0000016, lrate = 0.0000523, angle = 32.6
[ Info: Infomax step 60, change = 0.0000013, lrate = 0.0000523, angle = 32.5
[ Info: Infomax step 70, change = 0.0000011, lrate = 0.0000471, angle = 35.8
[ Info: Running ICA: 5 channels x 2000 samples -> 5 components
[ Info: subset_layout!: Subset layout from 5 to 5 channels
[ Info: Random sample: 2000 of 2000 (100.0%)
[ Info: Infomax step 1, change = 2.2333158, lrate = 0.0010000, angle = 0.0
[ Info: Infomax step 10, change = 0.0066700, lrate = 0.0004305, angle = 92.6
[ Info: Infomax step 20, change = 0.0005008, lrate = 0.0002059, angle = 50.1
[ Info: Infomax step 30, change = 0.0002116, lrate = 0.0001351, angle = 62.5
[ Info: Infomax step 40, change = 0.0001339, lrate = 0.0001351, angle = 38.4
[ Info: Infomax step 50, change = 0.0001229, lrate = 0.0001351, angle = 38.0
[ Info: Infomax step 60, change = 0.0001180, lrate = 0.0001351, angle = 35.9
[ Info: Infomax step 70, change = 0.0000829, lrate = 0.0001216, angle = 38.8
[ Info: Infomax step 80, change = 0.0000712, lrate = 0.0001094, angle = 48.0
[ Info: Infomax step 90, change = 0.0000392, lrate = 0.0000886, angle = 46.1
[ Info: Infomax step 100, change = 0.0000476, lrate = 0.0000886, angle = 49.9
[ Info: Infomax step 110, change = 0.0000303, lrate = 0.0000798, angle = 47.7
[ Info: Infomax step 120, change = 0.0000270, lrate = 0.0000798, angle = 41.3
[ Info: Infomax step 130, change = 0.0000297, lrate = 0.0000798, angle = 53.9
[ Info: Infomax step 140, change = 0.0000258, lrate = 0.0000798, angle = 39.0
[ Info: Infomax step 150, change = 0.0000265, lrate = 0.0000798, angle = 34.9
[ Info: Infomax step 160, change = 0.0000307, lrate = 0.0000798, angle = 47.8
[ Info: Infomax step 170, change = 0.0000207, lrate = 0.0000718, angle = 56.8
[ Info: Infomax step 180, change = 0.0000177, lrate = 0.0000718, angle = 25.9
[ Info: Infomax step 190, change = 0.0000176, lrate = 0.0000718, angle = 39.3
[ Info: Infomax step 200, change = 0.0000183, lrate = 0.0000718, angle = 49.7
[ Info: Infomax step 210, change = 0.0000143, lrate = 0.0000718, angle = 47.7
[ Info: Infomax step 220, change = 0.0000163, lrate = 0.0000718, angle = 42.7
[ Info: Infomax step 230, change = 0.0000147, lrate = 0.0000718, angle = 50.3
[ Info: Infomax step 240, change = 0.0000144, lrate = 0.0000718, angle = 53.3
[ Info: Infomax step 250, change = 0.0000154, lrate = 0.0000718, angle = 46.1
[ Info: Infomax step 260, change = 0.0000166, lrate = 0.0000718, angle = 44.3
[ Info: Infomax step 270, change = 0.0000115, lrate = 0.0000581, angle = 65.9
[ Info: Infomax step 280, change = 0.0000059, lrate = 0.0000523, angle = 48.2
[ Info: Infomax step 290, change = 0.0000045, lrate = 0.0000471, angle = 46.7
[ Info: Infomax step 300, change = 0.0000044, lrate = 0.0000471, angle = 34.9
[ Info: Infomax step 310, change = 0.0000046, lrate = 0.0000471, angle = 38.7
[ Info: Infomax step 320, change = 0.0000048, lrate = 0.0000471, angle = 37.7
[ Info: Infomax step 330, change = 0.0000039, lrate = 0.0000471, angle = 39.0
[ Info: Infomax step 340, change = 0.0000045, lrate = 0.0000471, angle = 41.4
[ Info: Infomax step 350, change = 0.0000039, lrate = 0.0000471, angle = 38.4
[ Info: Infomax step 360, change = 0.0000043, lrate = 0.0000471, angle = 41.8
[ Info: Infomax step 370, change = 0.0000039, lrate = 0.0000471, angle = 43.2
[ Info: Infomax step 380, change = 0.0000037, lrate = 0.0000471, angle = 39.7
[ Info: Infomax step 390, change = 0.0000039, lrate = 0.0000471, angle = 42.8
[ Info: Infomax step 400, change = 0.0000037, lrate = 0.0000471, angle = 32.2
[ Info: Infomax step 410, change = 0.0000038, lrate = 0.0000471, angle = 35.5
[ Info: Infomax step 420, change = 0.0000033, lrate = 0.0000471, angle = 39.2
[ Info: Infomax step 430, change = 0.0000037, lrate = 0.0000471, angle = 46.9
[ Info: Infomax step 440, change = 0.0000034, lrate = 0.0000471, angle = 40.3
[ Info: Infomax step 450, change = 0.0000037, lrate = 0.0000471, angle = 52.0
[ Info: Infomax step 460, change = 0.0000032, lrate = 0.0000471, angle = 47.1
[ Info: Infomax step 470, change = 0.0000037, lrate = 0.0000471, angle = 47.3
[ Info: Infomax step 480, change = 0.0000035, lrate = 0.0000471, angle = 46.4
[ Info: Infomax step 490, change = 0.0000029, lrate = 0.0000471, angle = 43.7
[ Info: Infomax step 500, change = 0.0000033, lrate = 0.0000471, angle = 35.4
[ Info: Infomax step 510, change = 0.0000022, lrate = 0.0000424, angle = 41.8
[ Info: Running ICA: 5 channels x 2000 samples -> 4 components
[ Info: subset_layout!: Subset layout from 5 to 5 channels
[ Info: Random sample: 2000 of 2000 (100.0%)
[ Info: Infomax step 1, change = 1.8579073, lrate = 0.0010000, angle = 0.0
[ Info: Infomax step 10, change = 0.0056204, lrate = 0.0004305, angle = 89.1
[ Info: Infomax step 20, change = 0.0005508, lrate = 0.0002542, angle = 69.2
[ Info: Infomax step 30, change = 0.0001097, lrate = 0.0001351, angle = 78.3
[ Info: Infomax step 40, change = 0.0000344, lrate = 0.0001094, angle = 50.4
[ Info: Infomax step 50, change = 0.0000110, lrate = 0.0000718, angle = 32.3
[ Info: Infomax step 60, change = 0.0000095, lrate = 0.0000718, angle = 25.3
[ Info: Infomax step 70, change = 0.0000091, lrate = 0.0000718, angle = 31.8
[ Info: Infomax step 80, change = 0.0000092, lrate = 0.0000718, angle = 53.2
[ Info: Infomax step 90, change = 0.0000078, lrate = 0.0000718, angle = 35.8
[ Info: Infomax step 100, change = 0.0000109, lrate = 0.0000718, angle = 53.7
[ Info: Infomax step 110, change = 0.0000033, lrate = 0.0000523, angle = 42.8
[ Info: Infomax step 120, change = 0.0000027, lrate = 0.0000523, angle = 45.5
[ Info: Infomax step 130, change = 0.0000017, lrate = 0.0000424, angle = 44.1
[ Info: Infomax step 140, change = 0.0000013, lrate = 0.0000382, angle = 43.9
[ Info: Infomax step 150, change = 0.0000012, lrate = 0.0000382, angle = 29.1
[ Info: Infomax step 160, change = 0.0000015, lrate = 0.0000382, angle = 30.3
[ Info: Infomax step 170, change = 0.0000011, lrate = 0.0000382, angle = 28.9
[ Info: Infomax step 180, change = 0.0000010, lrate = 0.0000382, angle = 42.6
[ Warning: No samples remaining after applying exclude criteria. Cannot identify eye components.
[ Warning: No samples remaining after applying exclude criteria.
[ Warning: No samples remaining after applying exclude criteria. Cannot identify line noise components.
[ Info: Starting jackknife averaging
[ Info: Creating jackknife averages for 4 participants
[ Info:   Participant 1: averaging 3 other participants
[ Info:   Participant 2: averaging 3 other participants
[ Info:   Participant 3: averaging 3 other participants
[ Info:   Participant 4: averaging 3 other participants
[ Info: Created 4 jackknife averages
[ Info: Jackknife averaging complete
[ Info: Starting jackknife averaging
[ Info: Creating jackknife averages for 3 participants
[ Info:   Participant 1: averaging 2 other participants
[ Info:   Participant 2: averaging 2 other participants
[ Info:   Participant 3: averaging 2 other participants
[ Info: Created 3 jackknife averages
[ Info: Jackknife averaging complete
[ Info: Starting jackknife averaging
[ Info: Creating jackknife averages for 3 participants
[ Info:   Participant 1: averaging 2 other participants
[ Info:   Participant 2: averaging 2 other participants
[ Info:   Participant 3: averaging 2 other participants
[ Info: Created 3 jackknife averages
[ Info: Jackknife averaging complete
[ Info: Starting jackknife averaging
[ Error: Error: Need at least 2 participants for jackknife averaging
[ Info: Starting jackknife averaging
[ Error: Error: Sample rates do not match: test_data/1 vs. test_data/1
[ Info: Starting jackknife averaging
[ Error: Error: Sample rates do not match: test_data/1 vs. test_data/1
[ Info: Starting jackknife averaging
[ Info: Creating jackknife averages for 3 participants
[ Info:   Participant 1: averaging 2 other participants
[ Info:   Participant 2: averaging 2 other participants
[ Info:   Participant 3: averaging 2 other participants
[ Info: Created 3 jackknife averages
[ Info: Jackknife averaging complete
[ Info: Starting jackknife averaging
[ Info: Creating jackknife averages for 4 participants
[ Info:   Participant 1: averaging 3 other participants
[ Info:   Participant 2: averaging 3 other participants
[ Info:   Participant 3: averaging 3 other participants
[ Info:   Participant 4: averaging 3 other participants
[ Info: Created 4 jackknife averages
[ Info: Jackknife averaging complete
[ Info: Reading layout from /home/ian/Documents/Julia/EegFun.jl/test/automatic/../../data/layouts/biosemi/biosemi64.csv
[ Error: Error: Cannot open file: nonexistent_file.csv
[ Info: Calculating 2D neighbours with distance criterion 50.0
[ Info: Calculating 3D neighbours with distance criterion 50.0
[ Error: Error: Distance criterion must be positive
[ Info: Reading layout from /home/ian/Documents/Julia/EegFun.jl/test/automatic/../../data/layouts/biosemi/biosemi64.csv
[ Error: Error: Cannot open file: nonexistent.csv
[ Info: Calculating 2D neighbours with distance criterion 100.0
[ Error: Error: Distance criterion must be positive
[ Info: Calculating 3D neighbours with distance criterion 100.0
[ Error: Error: Distance criterion must be positive
[ Info: rename!: Renamed 1 channels
[ Info: rename!: Renamed 3 channels
[ Error: Error: Cannot rename channels to duplicate names: Fpz
[ Info: rename!: No channels found to rename
[ Info: rename!: No channels found to rename
[ Info: rename!: Renamed 1 channels
[ Info: Calculating 2D neighbours with distance criterion 100.0
[ Info: rename!: Clearing neighbours since channel names have changed
[ Info: rename!: Renamed 1 channels
[ Info: rename!: Renamed 1 channels
[ Info: rename!: Renamed 1 channels
[ Info: rename!: Renamed 5 channels
[ Info: rename!: Renamed 2 channels
[ Info: rename!: Renamed 2 channels
[ Warning: Grid size (1×1) is too small for 4 items. Using optimal grid dimensions instead.
[ Info: subset_layout!: Subset layout from 3 to 3 channels
[ Info: plot_erp (single): Ch1, Ch2, Ch3
[ Info: subset_layout!: Subset layout from 3 to 3 channels
[ Info: plot_erp (grid): Ch1
[ Info: plot_erp (grid): Ch2
[ Info: plot_erp (grid): Ch3
[ Info: subset_layout!: Subset layout from 3 to 3 channels
[ Info: plot_erp (topo): Ch1
[ Info: plot_erp (topo): Ch2
[ Info: plot_erp (topo): Ch3
[ Info: subset_layout!: Subset layout from 3 to 3 channels
[ Info: plot_erp (grid): Ch1
[ Info: plot_erp (grid): Ch2
[ Info: plot_erp (grid): Ch3
[ Info: Calculating lateralized readiness potential (LRP)
[ Info: Using 3 channel pair(s): [(:C3, :C4), (:C1, :C2), (:Fp1, :Fp2)]
[ Info: LRP calculation complete
[ Info: Calculating lateralized readiness potential (LRP)
[ Info: Using 1 channel pair(s): [(:C3, :C4)]
[ Info: LRP calculation complete
[ Info: Calculating lateralized readiness potential (LRP)
[ Info: Using 2 channel pair(s): [(:C3, :C4), (:C1, :C2)]
[ Info: LRP calculation complete
[ Info: Calculating lateralized readiness potential (LRP)
[ Info: Using 3 channel pair(s): [(:C3, :C4), (:C1, :C2), (:Fp1, :Fp2)]
[ Info: LRP calculation complete
[ Info: Calculating lateralized readiness potential (LRP)
[ Error: Error: Sample rates do not match: test_data/1 vs. test_data/2
[ Info: Calculating lateralized readiness potential (LRP)
[ Error: Error: Number of samples do not match: test_data/1 vs. test_data/2
[ Info: Calculating lateralized readiness potential (LRP)
[ Warning: Channel NonExistent1 not found in data!
[ Warning: Channel NonExistent2 not found in data!
[ Error: Error: No valid lateral channel pairs found. Check that selected channels have odd numbers and their even counterparts exist.
[ Info: Calculating lateralized readiness potential (LRP)
[ Warning: Channel C4 is even-numbered (expected odd). Skipping.
[ Error: Error: No valid lateral channel pairs found. Check that selected channels have odd numbers and their even counterparts exist.
[ Info: Calculating lateralized readiness potential (LRP)
[ Error: Error: No valid lateral channel pairs found. Check that selected channels have odd numbers and their even counterparts exist.
[ Info: Calculating lateralized readiness potential (LRP)
[ Info: Using 2 channel pair(s): [(:CP3, :CP4), (:PO7, :PO8)]
[ Info: LRP calculation complete
[ Info: Calculating lateralized readiness potential (LRP)
[ Info: Using 3 channel pair(s): [(:C3, :C4), (:C1, :C2), (:Fp1, :Fp2)]
[ Info: LRP calculation complete
[ Info: Calculating lateralized readiness potential (LRP)
[ Info: Using 3 channel pair(s): [(:C3, :C4), (:C1, :C2), (:Fp1, :Fp2)]
[ Info: LRP calculation complete
[ Info: Calculating lateralized readiness potential (LRP)
[ Info: Using 1 channel pair(s): [(:C3, :C4)]
[ Info: LRP calculation complete
[ Info: Calculating LRP for 8 condition pair(s) from 16 condition(s)
[ Info:   Processing pair 1: condition 1 (left) vs 2 (right)
[ Info: Calculating lateralized readiness potential (LRP)
[ Info: Using 3 channel pair(s): [(:C3, :C4), (:C1, :C2), (:Fp1, :Fp2)]
[ Info: LRP calculation complete
[ Info:   Processing pair 2: condition 3 (left) vs 4 (right)
[ Info: Calculating lateralized readiness potential (LRP)
[ Info: Using 3 channel pair(s): [(:C3, :C4), (:C1, :C2), (:Fp1, :Fp2)]
[ Info: LRP calculation complete
[ Info:   Processing pair 3: condition 5 (left) vs 6 (right)
[ Info: Calculating lateralized readiness potential (LRP)
[ Info: Using 3 channel pair(s): [(:C3, :C4), (:C1, :C2), (:Fp1, :Fp2)]
[ Info: LRP calculation complete
[ Info:   Processing pair 4: condition 7 (left) vs 8 (right)
[ Info: Calculating lateralized readiness potential (LRP)
[ Info: Using 3 channel pair(s): [(:C3, :C4), (:C1, :C2), (:Fp1, :Fp2)]
[ Info: LRP calculation complete
[ Info:   Processing pair 5: condition 9 (left) vs 10 (right)
[ Info: Calculating lateralized readiness potential (LRP)
[ Info: Using 3 channel pair(s): [(:C3, :C4), (:C1, :C2), (:Fp1, :Fp2)]
[ Info: LRP calculation complete
[ Info:   Processing pair 6: condition 11 (left) vs 12 (right)
[ Info: Calculating lateralized readiness potential (LRP)
[ Info: Using 3 channel pair(s): [(:C3, :C4), (:C1, :C2), (:Fp1, :Fp2)]
[ Info: LRP calculation complete
[ Info:   Processing pair 7: condition 13 (left) vs 14 (right)
[ Info: Calculating lateralized readiness potential (LRP)
[ Info: Using 3 channel pair(s): [(:C3, :C4), (:C1, :C2), (:Fp1, :Fp2)]
[ Info: LRP calculation complete
[ Info:   Processing pair 8: condition 15 (left) vs 16 (right)
[ Info: Calculating lateralized readiness potential (LRP)
[ Info: Using 3 channel pair(s): [(:C3, :C4), (:C1, :C2), (:Fp1, :Fp2)]
[ Info: LRP calculation complete
[ Info: LRP calculation complete for all 8 pair(s)
[ Info: Calculating LRP for 3 condition pair(s) from 8 condition(s)
[ Info:   Processing pair 1: condition 1 (left) vs 2 (right)
[ Info: Calculating lateralized readiness potential (LRP)
[ Info: Using 3 channel pair(s): [(:C3, :C4), (:C1, :C2), (:Fp1, :Fp2)]
[ Info: LRP calculation complete
[ Info:   Processing pair 2: condition 3 (left) vs 4 (right)
[ Info: Calculating lateralized readiness potential (LRP)
[ Info: Using 3 channel pair(s): [(:C3, :C4), (:C1, :C2), (:Fp1, :Fp2)]
[ Info: LRP calculation complete
[ Info:   Processing pair 3: condition 7 (left) vs 8 (right)
[ Info: Calculating lateralized readiness potential (LRP)
[ Info: Using 3 channel pair(s): [(:C3, :C4), (:C1, :C2), (:Fp1, :Fp2)]
[ Info: LRP calculation complete
[ Info: LRP calculation complete for all 3 pair(s)
[ Info: Calculating LRP for 2 condition pair(s) from 4 condition(s)
[ Info:   Processing pair 1: condition 1 (left) vs 2 (right)
[ Info: Calculating lateralized readiness potential (LRP)
[ Info: Using 1 channel pair(s): [(:C3, :C4)]
[ Info: LRP calculation complete
[ Info:   Processing pair 2: condition 3 (left) vs 4 (right)
[ Info: Calculating lateralized readiness potential (LRP)
[ Info: Using 1 channel pair(s): [(:C3, :C4)]
[ Info: LRP calculation complete
[ Info: LRP calculation complete for all 2 pair(s)
[ Info: Mirroring epoched data on side: pre
[ Info: Unmirroring epoched data on side: pre
[ Info: Mirroring epoched data on side: post
[ Info: Unmirroring epoched data on side: post
[ Info: Mirroring epoched data on side: both
[ Info: Unmirroring epoched data on side: both
[ Info: Mirroring epoched data on side: both
[ Info: Unmirroring epoched data on side: both
[ Info: Mirroring ERP data on side: both
[ Info: Unmirroring ERP data on side: both
[ Info: Mirroring ERP data on side: both
[ Info: Unmirroring ERP data on side: both
[ Info: Mirroring epoched data on side: both
[ Info: Unmirroring epoched data on side: both
[ Info: Mirroring epoched data on side: both
[ Info: Unmirroring epoched data on side: both
[ Info: Mirroring epoched data on side: pre
[ Info: Unmirroring epoched data on side: pre
[ Info: Mirroring epoched data on side: post
[ Info: Unmirroring epoched data on side: post
[ Info: Mirroring epoched data on side: both
[ Info: Mirroring epoched data on side: both
[ Info: Unmirroring epoched data on side: both
[ Info: Mirroring epoched data on side: both
[ Info: Unmirroring epoched data on side: both
[ Warning: Skipping invalid integer selection part: 'abc'
[ Info: combine_boolean_columns!: Combined 2 columns using :and operation into column :combined_flags
[ Info: combine_boolean_columns!: Combined 2 columns using :or operation into column :any_flag
[ Info: combine_boolean_columns!: Combined 2 columns using :nand operation into column :nand_flags
[ Info: combine_boolean_columns!: Combined 2 columns using :nor operation into column :nor_flags
[ Error: Error: DataFrame must contain :channel and :std columns.
[ Error: Error: DataFrame must contain :channel and :nonexistent columns.
[ Error: Error: Column :nonexistent not found in DataFrame for averaging.
[ Warning: Layout has no neighbours data. Set neighbours=false or calculate neighbours first.
[ Warning: Layout has no neighbours data. Set neighbours=false or calculate neighbours first.
[ Warning: Layout has no neighbours data. Set neighbours=false or calculate neighbours first.
[ Warning: Layout has no neighbours data. Set neighbours=false or calculate neighbours first.
[ Warning: No electrodes found for ROI 1
[ Error: Error: No triggers column found in data. Expected column name: triggers
[ Warning: No triggers found in the data
[ Info: Plotting trigger (cleaned) overview for ContinuousData
[ Info: Plotting trigger (cleaned) overview for ContinuousData
[ Info: Plotting trigger (cleaned) overview for ContinuousData
[ Warning: No triggers found in the data
[ Info: Plotting trigger (cleaned) overview for ContinuousData
[ Warning: No triggers found in the data
[ Info: Plotting trigger (cleaned) overview for ContinuousData
[ Info: Plotting trigger (cleaned) overview for ContinuousData
[ Info: Plotting trigger (cleaned) overview for ContinuousData
[ Info: Plotting trigger (cleaned) overview for ContinuousData
[ Info: Plotting trigger (cleaned) overview for ContinuousData
[ Info: Plotting trigger (cleaned) overview for ContinuousData
[ Info: Plotting trigger (cleaned) overview for ContinuousData
[ Info: Plotting trigger (cleaned) overview for ContinuousData
[ Info: Plotting trigger (cleaned) overview for ContinuousData
[ Info: Plotting trigger (cleaned) overview for ContinuousData
[ Info: Plotting trigger (cleaned) overview for ContinuousData
[ Info: Plotting trigger (cleaned) overview for ContinuousData
[ Info: Plotting trigger (cleaned) overview for ContinuousData
[ Info: Plotting trigger (cleaned) overview for ContinuousData
[ Info: Plotting trigger (cleaned) overview for ContinuousData
[ Info: Plotting trigger (cleaned) overview for ContinuousData
[ Info: Plotting trigger (cleaned) overview for ContinuousData
[ Info: Plotting trigger (cleaned) overview for ContinuousData
[ Info: Plotting trigger (cleaned) overview for ContinuousData
[ Info: Plotting trigger (cleaned) overview for ContinuousData
[ Info: Plotting trigger (cleaned) overview for ContinuousData
[ Info: Plotting trigger (cleaned) overview for ContinuousData
[ Info: Plotting trigger (cleaned) overview for ContinuousData
[ Info: Plotting trigger (cleaned) overview for ContinuousData
[ Warning: No triggers found in the data
[ Info: Plotting trigger (cleaned) overview for ContinuousData
[ Info: Plotting trigger (cleaned) overview for ContinuousData
[ Info: Configuration written to: test_config.toml
[ Info: Rereference channels: avg (Ch1, Ch2)
[ Info: Rereference channels: Ch1 (Ch1)
[ Info: Resampling data from 512 Hz to 256 Hz (factor: 2)
[ Info: Resampling complete. New sample rate: 256 Hz, 500 samples
[ Info: Resampling data from 512 Hz to 256 Hz (factor: 2)
[ Info: Resampling complete. New sample rate: 256 Hz, 500 samples
[ Info: Resampling data from 1024 Hz to 256 Hz (factor: 4)
[ Info: Resampling complete. New sample rate: 256 Hz, 256 samples
[ Info: Downsampling factor is 1, no resampling needed
[ Info: Resampling data from 500 Hz to 100 Hz (factor: 5)
[ Info: Resampling complete. New sample rate: 100 Hz, 100 samples
[ Info: Resampling 3 epochs from 512 Hz to 256 Hz (factor: 2)
[ Info: Resampling complete. New sample rate: 256 Hz, 128 samples per epoch
[ Info: Resampling 2 epochs from 512 Hz to 128 Hz (factor: 4)
[ Info: Resampling complete. New sample rate: 128 Hz, 128 samples per epoch
[ Info: Resampling 2 epochs from 256 Hz to 128 Hz (factor: 2)
[ Info: Resampling complete. New sample rate: 128 Hz, 128 samples per epoch
[ Info: Resampling data from 512 Hz to 256 Hz (factor: 2)
[ Info: Resampling complete. New sample rate: 256 Hz, 256 samples
[ Info: Resampling data from 512 Hz to 128 Hz (factor: 4)
[ Info: Resampling complete. New sample rate: 128 Hz, 128 samples
[ Error: Error: Downsampling factor must be positive, got 0
[ Error: Error: Downsampling factor must be positive, got -1
[ Error: Error: Sample rate 500 Hz is not evenly divisible by factor 3. New sample rate would be 166.66666666666666 Hz. Choose a factor that results in an integer sample rate.
[ Info: Resampling data from 512 Hz to 256 Hz (factor: 2)
[ Info: Resampling complete. New sample rate: 256 Hz, 256 samples
[ Error: Error: DataFrame must have a triggers column
┌ Warning: Opening file with JLD2.MmapIO failed, falling back to IOStream
└ @ JLD2 ~/.julia/packages/JLD2/SgtOb/src/JLD2.jl:154
[ Warning: Channel group 1 has only 1 channel(s): [:Fz]. Consider using more channels for meaningful averaging.
[ Warning: Group 1 contains duplicate conditions: [1, 1]. Only unique conditions will be used.
[ Info:   Group 1: [1, 1, 2] → [1, 2] (removed duplicates)
[ Warning: Condition(s) [2] appear in multiple groups. This may not be intended.
[ Warning: Condition pair 1: (1, 1) has identical conditions. Difference will be zero.
ERROR: LoadError: Some tests did not pass: 3750 passed, 49 failed, 120 errored, 0 broken.
in expression starting at /home/ian/Documents/Julia/EegFun.jl/test/runtests.jl:20
    1     0.0s
    Batch logging                                       |    2     2             4     0.0s
  rereference                                           |    5            1      6     0.2s
  Batch Rereference                                     |   73            1     74     1.3s
    Basic rereferencing                                 |   18                  18     0.3s
    Different reference types                           |    9                   9     0.4s
    Epoch data processing                               |                 1      1     0.0s
    Participant and condition filtering                 |    6                   6     0.1s
    Error handling                                      |    7                   7     0.1s
    Edge cases                                          |    5                   5     0.0s
    Data integrity verification                         |    9                   9     0.1s
    Output directory handling                           |    3                   3     0.1s
    Logging and return values                           |    5                   5     0.0s
    Reference calculation verification                  |    3                   3     0.2s
    Different file patterns                             |    8                   8     0.0s
  Resample tests                                        |   71                  71     1.3s
  triggers                                              |  186                 186     2.8s
  Type Definitions and Display Functions                |  108                 108     1.2s
  Batch Utils                                           |   75            1     76     0.6s
    BatchResult struct                                  |    4                   4     0.0s
    BatchConfig struct                                  |    7                   7     0.0s
    _find_batch_files                                   |                 1      1     0.0s
    load_data                                           |    8                   8     0.0s
    _condition_select                                   |    8                   8     0.1s
    _validate_input_dir                                 |    5                   5     0.0s
    _validate_channel_groups                            |    6                   6     0.0s
    _validate_condition_groups                          |    6                   6     0.0s
    _validate_condition_pairs                           |    5                   5     0.0s
    _run_batch_operation                                |    7                   7     0.2s
    _log_batch_summary                                  |    2                   2     0.0s
    _cleanup_logging                                    |    2                   2     0.0s
    Edge cases and error handling                       |    9                   9     0.1s
    Integration tests                                   |    6                   6     0.1s
RNG of the outermost testset: Xoshiro(0x7b2598e54b52122a, 0xbd803de42da919e9, 0x0e5b8721c41547fc, 0x1d75f112fb15de72, 0xc9a98dbf8650dcef)

[1753539] signal 11 (1): Segmentation fault
in expression starting at none:0
