julia version: 1.12.5
EegFun version: 0.1.0
Start time: 05-03-2026 07:32:42
ERP measurement analysis started at 2026-03-05T07:32:42.331
Function call: EegFun.viewer(diff_waves)
Analysis type: max_peak_latency
Found 12 JLD2 files
Processing: example10_erps_good.jld2 (1/12)
Applying baseline correction to 74 channels using interval: (-0.2, 0.0)
Applying baseline correction to 74 channels using interval: (-0.2, 0.0)
  ✓ Extracted 2 measurement(s)
Processing: example11_erps_good.jld2 (2/12)
Applying baseline correction to 74 channels using interval: (-0.2, 0.0)
Applying baseline correction to 74 channels using interval: (-0.2, 0.0)
  ✓ Extracted 2 measurement(s)
Processing: example12_erps_good.jld2 (3/12)
Applying baseline correction to 74 channels using interval: (-0.2, 0.0)
Applying baseline correction to 74 channels using interval: (-0.2, 0.0)
  ✓ Extracted 2 measurement(s)
Processing: example1_erps_good.jld2 (4/12)
Applying baseline correction to 74 channels using interval: (-0.2, 0.0)
Applying baseline correction to 74 channels using interval: (-0.2, 0.0)
  ✓ Extracted 2 measurement(s)
Processing: example2_erps_good.jld2 (5/12)
Applying baseline correction to 74 channels using interval: (-0.2, 0.0)
Applying baseline correction to 74 channels using interval: (-0.2, 0.0)
  ✓ Extracted 2 measurement(s)
Processing: example3_erps_good.jld2 (6/12)
Applying baseline correction to 74 channels using interval: (-0.2, 0.0)
Applying baseline correction to 74 channels using interval: (-0.2, 0.0)
  ✓ Extracted 2 measurement(s)
Processing: example4_erps_good.jld2 (7/12)
Applying baseline correction to 74 channels using interval: (-0.2, 0.0)
Applying baseline correction to 74 channels using interval: (-0.2, 0.0)
  ✓ Extracted 2 measurement(s)
Processing: example5_erps_good.jld2 (8/12)
Applying baseline correction to 74 channels using interval: (-0.2, 0.0)
Applying baseline correction to 74 channels using interval: (-0.2, 0.0)
  ✓ Extracted 2 measurement(s)
Processing: example6_erps_good.jld2 (9/12)
Applying baseline correction to 74 channels using interval: (-0.2, 0.0)
Applying baseline correction to 74 channels using interval: (-0.2, 0.0)
  ✓ Extracted 2 measurement(s)
Processing: example7_erps_good.jld2 (10/12)
Applying baseline correction to 74 channels using interval: (-0.2, 0.0)
Applying baseline correction to 74 channels using interval: (-0.2, 0.0)
  ✓ Extracted 2 measurement(s)
Processing: example8_erps_good.jld2 (11/12)
Applying baseline correction to 74 channels using interval: (-0.2, 0.0)
Applying baseline correction to 74 channels using interval: (-0.2, 0.0)
  ✓ Extracted 2 measurement(s)
Processing: example9_erps_good.jld2 (12/12)
Applying baseline correction to 74 channels using interval: (-0.2, 0.0)
Applying baseline correction to 74 channels using interval: (-0.2, 0.0)
  ✓ Extracted 2 measurement(s)
Saved 24 measurement(s) to: ./resources/data/julia/erps/measurements_max_peak_latency/erp_measurements.csv
Analysis complete! Processed 12 files successfully, 0 errors

Global session duration: 0 seconds
